/project/peilab/why/CLIP/src/samclip/evaluate.py:184: UserWarning: The given NumPy array is not writable, and PyTorch does not support non-writable tensors. This means writing to this tensor will result in undefined behavior. You may want to copy the array to protect its data or make it writable before converting it to a tensor. This type of warning will be suppressed for the rest of this program. (Triggered internally at ../torch/csrc/utils/tensor_numpy.cpp:206.)
  x = torch.as_tensor(flat[i:i + batch], dtype=torch.float32, device=device)
[eval] device=cpu target=sub-08
[eval] g3/sub08_k20_seed2025: outputs/stage1/g3/sub08_k20_seed2025/last.pt

============================================================================================
LOSO retrieval | target sub-08 | 200-way | reference: 22.00/50.00  (SAMGA official code run on our data, THIS fold, final epoch (best epoch 25.00/51.00). NOT the 26.22/57.98 that SCORE re-measured on a SAMGA encoder, and NOT the 34.4 10-fold average -- see the comment above REF_TOP1.)
============================================================================================

[g3/sub08_k20_seed2025]  outputs/stage1/g3/sub08_k20_seed2025/last.pt  (epoch 49)
  arch=v4  objective=v4  d_align=64  smn_gate=0.4982  offset_ratio=0.520
  fusion=routed  layer weights=[0.174, 0.181, 0.197, 0.232, 0.216]
  row                             Top-1    Top-5  mean rank  ΔTop-1 vs ref
  raw cosine                      25.50    60.00        9.1          +3.50
  + CSLS                          34.50    66.00        7.9         +12.50
  + centre                        25.50    61.50        9.4          +3.50
  + centre + CSLS                 32.50    65.00        8.1         +10.50
  + SAW whiten                    28.50    61.50       10.2          +6.50
  + whiten + CSLS                 30.00    61.50       10.0          +8.00
  + whiten + CSLS + recovery      32.00    65.00        8.1         +10.00
  + CSLS + recovery               35.50    72.00        5.9         +13.50
  + T2 reps                       34.50    74.00        5.9         +12.50
  + T1(whiten + CSLS + recovery) + T2 reps    38.50    74.00        6.0         +16.50
  + T1(CSLS + recovery) + T2 reps    40.50    78.00        4.9         +18.50

============================================================================================
[eval] wrote outputs/eval/hardcheck/sub08_seed2025.json
