/project/peilab/why/CLIP/src/samclip/evaluate.py:184: UserWarning: The given NumPy array is not writable, and PyTorch does not support non-writable tensors. This means writing to this tensor will result in undefined behavior. You may want to copy the array to protect its data or make it writable before converting it to a tensor. This type of warning will be suppressed for the rest of this program. (Triggered internally at ../torch/csrc/utils/tensor_numpy.cpp:206.)
  x = torch.as_tensor(flat[i:i + batch], dtype=torch.float32, device=device)
[eval] recovery operator: fgw_recovery(tau=0.01,alpha=0.25)
[eval] reference: NOT MEASURED for sub-01; deltas will print as n/a. Compare the 10-fold MEAN to 26.22/53.23.
[eval] device=cuda target=sub-01
[eval] g3/sub01_k20_seed2026: /project/peilab/why/CLIP/outputs/stage1/g3/sub01_k20_seed2026/last.pt

============================================================================================
LOSO retrieval | target sub-01 | 200-way | reference: NOT MEASURED for this fold (NOT MEASURED for this fold -- the SAMGA official baseline was only run on sub-08. No per-fold reference exists, so no delta is printed; compare the 10-fold MEAN against 26.22 (SAMGA encoder, final epoch) and 53.23 (SCORE).)
============================================================================================

[g3/sub01_k20_seed2026]  /project/peilab/why/CLIP/outputs/stage1/g3/sub01_k20_seed2026/last.pt  (epoch 49)
  arch=v4  objective=v4  d_align=64  smn_gate=0.5093  offset_ratio=0.648
  fusion=routed  layer weights=[0.172, 0.177, 0.193, 0.235, 0.223]
  row                             Top-1    Top-5  mean rank  ΔTop-1 vs ref
  raw cosine                      26.50    65.00        7.8            n/a
  + CSLS                          35.50    71.50        6.3            n/a
  + centre                        25.50    63.50        7.9            n/a
  + centre + CSLS                 33.50    70.00        6.4            n/a
  + SAW whiten                    33.00    74.50        5.6            n/a
  + whiten + CSLS                 34.50    74.50        5.5            n/a
  + whiten + CSLS + recovery      52.00    83.00        3.8            n/a
  + CSLS + recovery               45.50    80.00        4.5            n/a
  + T2 reps                       57.50    87.00        3.1            n/a
  + T1(whiten + CSLS + recovery) + T2 reps    58.00    89.50        2.8            n/a
  + T1(CSLS + recovery) + T2 reps    57.50    89.00        3.0            n/a

============================================================================================
[eval] wrote /project/peilab/why/CLIP/outputs/eval/fgw_a0.25/sub01_seed2026.json
