/project/peilab/why/CLIP/src/samclip/evaluate.py:184: UserWarning: The given NumPy array is not writable, and PyTorch does not support non-writable tensors. This means writing to this tensor will result in undefined behavior. You may want to copy the array to protect its data or make it writable before converting it to a tensor. This type of warning will be suppressed for the rest of this program. (Triggered internally at ../torch/csrc/utils/tensor_numpy.cpp:206.)
  x = torch.as_tensor(flat[i:i + batch], dtype=torch.float32, device=device)
[eval] recovery operator: fgw_recovery(tau=0.01,alpha=0.1)
[eval] reference: NOT MEASURED for sub-06; deltas will print as n/a. Compare the 10-fold MEAN to 26.22/53.23.
[eval] device=cuda target=sub-06
[eval] g3/sub06_k20_seed2027: /project/peilab/why/CLIP/outputs/stage1/g3/sub06_k20_seed2027/last.pt

============================================================================================
LOSO retrieval | target sub-06 | 200-way | reference: NOT MEASURED for this fold (NOT MEASURED for this fold -- the SAMGA official baseline was only run on sub-08. No per-fold reference exists, so no delta is printed; compare the 10-fold MEAN against 26.22 (SAMGA encoder, final epoch) and 53.23 (SCORE).)
============================================================================================

[g3/sub06_k20_seed2027]  /project/peilab/why/CLIP/outputs/stage1/g3/sub06_k20_seed2027/last.pt  (epoch 49)
  arch=v4  objective=v4  d_align=64  smn_gate=0.506  offset_ratio=0.615
  fusion=routed  layer weights=[0.173, 0.178, 0.191, 0.233, 0.225]
  row                             Top-1    Top-5  mean rank  ΔTop-1 vs ref
  raw cosine                      33.00    66.50        7.3            n/a
  + CSLS                          38.50    70.00        6.2            n/a
  + centre                        32.50    64.00        7.6            n/a
  + centre + CSLS                 38.00    68.50        6.4            n/a
  + SAW whiten                    32.00    65.50        8.5            n/a
  + whiten + CSLS                 34.00    65.50        8.1            n/a
  + whiten + CSLS + recovery      41.00    71.50        6.3            n/a
  + CSLS + recovery               44.00    77.00        5.2            n/a
  + T2 reps                       56.50    84.00        3.2            n/a
  + T1(whiten + CSLS + recovery) + T2 reps    49.50    82.00        3.6            n/a
  + T1(CSLS + recovery) + T2 reps    56.50    85.50        3.3            n/a

============================================================================================
[eval] wrote /project/peilab/why/CLIP/outputs/eval/fgw_a0.1/sub06_seed2027.json
