/project/peilab/why/CLIP/src/samclip/evaluate.py:184: UserWarning: The given NumPy array is not writable, and PyTorch does not support non-writable tensors. This means writing to this tensor will result in undefined behavior. You may want to copy the array to protect its data or make it writable before converting it to a tensor. This type of warning will be suppressed for the rest of this program. (Triggered internally at ../torch/csrc/utils/tensor_numpy.cpp:206.)
  x = torch.as_tensor(flat[i:i + batch], dtype=torch.float32, device=device)
[eval] recovery operator: fgw_recovery(tau=0.01,alpha=0.25)
[eval] reference: NOT MEASURED for sub-06; deltas will print as n/a. Compare the 10-fold MEAN to 26.22/53.23.
[eval] device=cuda target=sub-06
[eval] g3/sub06_k20_seed2025: /project/peilab/why/CLIP/outputs/stage1/g3/sub06_k20_seed2025/last.pt

============================================================================================
LOSO retrieval | target sub-06 | 200-way | reference: NOT MEASURED for this fold (NOT MEASURED for this fold -- the SAMGA official baseline was only run on sub-08. No per-fold reference exists, so no delta is printed; compare the 10-fold MEAN against 26.22 (SAMGA encoder, final epoch) and 53.23 (SCORE).)
============================================================================================

[g3/sub06_k20_seed2025]  /project/peilab/why/CLIP/outputs/stage1/g3/sub06_k20_seed2025/last.pt  (epoch 49)
  arch=v4  objective=v4  d_align=64  smn_gate=0.4843  offset_ratio=0.651
  fusion=routed  layer weights=[0.174, 0.181, 0.196, 0.232, 0.216]
  row                             Top-1    Top-5  mean rank  ΔTop-1 vs ref
  raw cosine                      30.50    63.00        8.8            n/a
  + CSLS                          36.00    68.50        7.2            n/a
  + centre                        29.50    62.50        8.9            n/a
  + centre + CSLS                 35.00    68.50        7.3            n/a
  + SAW whiten                    31.50    63.50        9.4            n/a
  + whiten + CSLS                 32.00    65.50        9.1            n/a
  + whiten + CSLS + recovery      37.00    71.00        8.1            n/a
  + CSLS + recovery               44.00    74.50        6.5            n/a
  + T2 reps                       55.50    84.50        3.6            n/a
  + T1(whiten + CSLS + recovery) + T2 reps    51.00    81.00        4.4            n/a
  + T1(CSLS + recovery) + T2 reps    54.50    82.50        3.8            n/a

============================================================================================
[eval] wrote /project/peilab/why/CLIP/outputs/eval/fgw_a0.25/sub06_seed2025.json
