/project/peilab/why/CLIP/src/samclip/evaluate.py:184: UserWarning: The given NumPy array is not writable, and PyTorch does not support non-writable tensors. This means writing to this tensor will result in undefined behavior. You may want to copy the array to protect its data or make it writable before converting it to a tensor. This type of warning will be suppressed for the rest of this program. (Triggered internally at ../torch/csrc/utils/tensor_numpy.cpp:206.)
  x = torch.as_tensor(flat[i:i + batch], dtype=torch.float32, device=device)
[eval] recovery operator: fgw_recovery(tau=0.01,alpha=0.5)
[eval] reference: NOT MEASURED for sub-05; deltas will print as n/a. Compare the 10-fold MEAN to 26.22/53.23.
[eval] device=cuda target=sub-05
[eval] g3/sub05_k20_seed2027: /project/peilab/why/CLIP/outputs/stage1/g3/sub05_k20_seed2027/last.pt

============================================================================================
LOSO retrieval | target sub-05 | 200-way | reference: NOT MEASURED for this fold (NOT MEASURED for this fold -- the SAMGA official baseline was only run on sub-08. No per-fold reference exists, so no delta is printed; compare the 10-fold MEAN against 26.22 (SAMGA encoder, final epoch) and 53.23 (SCORE).)
============================================================================================

[g3/sub05_k20_seed2027]  /project/peilab/why/CLIP/outputs/stage1/g3/sub05_k20_seed2027/last.pt  (epoch 49)
  arch=v4  objective=v4  d_align=64  smn_gate=0.513  offset_ratio=0.741
  fusion=routed  layer weights=[0.173, 0.178, 0.192, 0.233, 0.223]
  row                             Top-1    Top-5  mean rank  ΔTop-1 vs ref
  raw cosine                      21.50    50.50       12.1            n/a
  + CSLS                          24.50    59.00       10.5            n/a
  + centre                        22.00    50.50       12.4            n/a
  + centre + CSLS                 27.00    59.50       10.7            n/a
  + SAW whiten                    23.50    57.00       12.1            n/a
  + whiten + CSLS                 24.50    59.50       11.7            n/a
  + whiten + CSLS + recovery      27.50    60.00       10.1            n/a
  + CSLS + recovery               31.50    67.00        8.4            n/a
  + T2 reps                       54.50    83.00        4.1            n/a
  + T1(whiten + CSLS + recovery) + T2 reps    42.50    77.00        5.3            n/a
  + T1(CSLS + recovery) + T2 reps    47.50    79.00        4.8            n/a

============================================================================================
[eval] wrote /project/peilab/why/CLIP/outputs/eval/fgw_a0.5/sub05_seed2027.json
