/project/peilab/why/CLIP/src/samclip/evaluate.py:184: UserWarning: The given NumPy array is not writable, and PyTorch does not support non-writable tensors. This means writing to this tensor will result in undefined behavior. You may want to copy the array to protect its data or make it writable before converting it to a tensor. This type of warning will be suppressed for the rest of this program. (Triggered internally at ../torch/csrc/utils/tensor_numpy.cpp:206.)
  x = torch.as_tensor(flat[i:i + batch], dtype=torch.float32, device=device)
[eval] recovery operator: fgw_recovery(tau=0.01,alpha=0.75)
[eval] reference: NOT MEASURED for sub-03; deltas will print as n/a. Compare the 10-fold MEAN to 26.22/53.23.
[eval] device=cuda target=sub-03
[eval] g3/sub03_k20_seed2026: /project/peilab/why/CLIP/outputs/stage1/g3/sub03_k20_seed2026/last.pt

============================================================================================
LOSO retrieval | target sub-03 | 200-way | reference: NOT MEASURED for this fold (NOT MEASURED for this fold -- the SAMGA official baseline was only run on sub-08. No per-fold reference exists, so no delta is printed; compare the 10-fold MEAN against 26.22 (SAMGA encoder, final epoch) and 53.23 (SCORE).)
============================================================================================

[g3/sub03_k20_seed2026]  /project/peilab/why/CLIP/outputs/stage1/g3/sub03_k20_seed2026/last.pt  (epoch 49)
  arch=v4  objective=v4  d_align=64  smn_gate=0.5259  offset_ratio=0.742
  fusion=routed  layer weights=[0.173, 0.178, 0.194, 0.233, 0.223]
  row                             Top-1    Top-5  mean rank  ΔTop-1 vs ref
  raw cosine                      19.50    56.00        9.9            n/a
  + CSLS                          24.50    61.00        8.9            n/a
  + centre                        21.00    55.50       10.0            n/a
  + centre + CSLS                 24.00    62.00        9.0            n/a
  + SAW whiten                    19.50    54.50       11.9            n/a
  + whiten + CSLS                 21.00    53.50       11.9            n/a
  + whiten + CSLS + recovery      27.50    60.00        8.5            n/a
  + CSLS + recovery               27.00    62.50        7.2            n/a
  + T2 reps                       47.00    81.00        4.3            n/a
  + T1(whiten + CSLS + recovery) + T2 reps    39.50    74.00        4.6            n/a
  + T1(CSLS + recovery) + T2 reps    41.50    80.00        4.1            n/a

============================================================================================
[eval] wrote /project/peilab/why/CLIP/outputs/eval/fgw_a0.75/sub03_seed2026.json
