/project/peilab/why/CLIP/src/samclip/evaluate.py:184: UserWarning: The given NumPy array is not writable, and PyTorch does not support non-writable tensors. This means writing to this tensor will result in undefined behavior. You may want to copy the array to protect its data or make it writable before converting it to a tensor. This type of warning will be suppressed for the rest of this program. (Triggered internally at ../torch/csrc/utils/tensor_numpy.cpp:206.)
  x = torch.as_tensor(flat[i:i + batch], dtype=torch.float32, device=device)
[eval] recovery operator: fgw_recovery(tau=0.01,alpha=0.5)
[eval] reference: NOT MEASURED for sub-09; deltas will print as n/a. Compare the 10-fold MEAN to 26.22/53.23.
[eval] device=cuda target=sub-09
[eval] g3/sub09_k20_seed2027: /project/peilab/why/CLIP/outputs/stage1/g3/sub09_k20_seed2027/last.pt

============================================================================================
LOSO retrieval | target sub-09 | 200-way | reference: NOT MEASURED for this fold (NOT MEASURED for this fold -- the SAMGA official baseline was only run on sub-08. No per-fold reference exists, so no delta is printed; compare the 10-fold MEAN against 26.22 (SAMGA encoder, final epoch) and 53.23 (SCORE).)
============================================================================================

[g3/sub09_k20_seed2027]  /project/peilab/why/CLIP/outputs/stage1/g3/sub09_k20_seed2027/last.pt  (epoch 49)
  arch=v4  objective=v4  d_align=64  smn_gate=0.5161  offset_ratio=0.527
  fusion=routed  layer weights=[0.173, 0.178, 0.193, 0.233, 0.223]
  row                             Top-1    Top-5  mean rank  ΔTop-1 vs ref
  raw cosine                      35.50    66.50        6.7            n/a
  + CSLS                          40.50    72.00        5.6            n/a
  + centre                        34.50    65.50        6.9            n/a
  + centre + CSLS                 40.50    71.50        5.7            n/a
  + SAW whiten                    38.00    71.00        6.8            n/a
  + whiten + CSLS                 36.00    73.00        6.6            n/a
  + whiten + CSLS + recovery      40.00    72.00        5.9            n/a
  + CSLS + recovery               47.00    76.50        5.4            n/a
  + T2 reps                       51.00    78.50        4.8            n/a
  + T1(whiten + CSLS + recovery) + T2 reps    51.00    82.50        3.8            n/a
  + T1(CSLS + recovery) + T2 reps    51.00    85.00        3.8            n/a

============================================================================================
[eval] wrote /project/peilab/why/CLIP/outputs/eval/fgw_a0.5/sub09_seed2027.json
