/project/peilab/why/CLIP/src/samclip/evaluate.py:184: UserWarning: The given NumPy array is not writable, and PyTorch does not support non-writable tensors. This means writing to this tensor will result in undefined behavior. You may want to copy the array to protect its data or make it writable before converting it to a tensor. This type of warning will be suppressed for the rest of this program. (Triggered internally at ../torch/csrc/utils/tensor_numpy.cpp:206.)
  x = torch.as_tensor(flat[i:i + batch], dtype=torch.float32, device=device)
[eval] recovery operator: fgw_recovery(tau=0.01,alpha=0.1)
[eval] reference: NOT MEASURED for sub-04; deltas will print as n/a. Compare the 10-fold MEAN to 26.22/53.23.
[eval] device=cuda target=sub-04
[eval] g3/sub04_k20_seed2025: /project/peilab/why/CLIP/outputs/stage1/g3/sub04_k20_seed2025/last.pt

============================================================================================
LOSO retrieval | target sub-04 | 200-way | reference: NOT MEASURED for this fold (NOT MEASURED for this fold -- the SAMGA official baseline was only run on sub-08. No per-fold reference exists, so no delta is printed; compare the 10-fold MEAN against 26.22 (SAMGA encoder, final epoch) and 53.23 (SCORE).)
============================================================================================

[g3/sub04_k20_seed2025]  /project/peilab/why/CLIP/outputs/stage1/g3/sub04_k20_seed2025/last.pt  (epoch 49)
  arch=v4  objective=v4  d_align=64  smn_gate=0.5071  offset_ratio=0.474
  fusion=routed  layer weights=[0.175, 0.179, 0.195, 0.232, 0.218]
  row                             Top-1    Top-5  mean rank  ΔTop-1 vs ref
  raw cosine                      18.50    46.00       12.1            n/a
  + CSLS                          22.00    51.50       10.6            n/a
  + centre                        19.50    44.50       12.3            n/a
  + centre + CSLS                 21.50    51.00       10.9            n/a
  + SAW whiten                    16.50    46.50       13.7            n/a
  + whiten + CSLS                 18.00    47.00       13.5            n/a
  + whiten + CSLS + recovery      19.50    55.00       12.3            n/a
  + CSLS + recovery               25.00    58.50        9.2            n/a
  + T2 reps                       29.00    66.50        6.7            n/a
  + T1(whiten + CSLS + recovery) + T2 reps    25.00    63.00        7.9            n/a
  + T1(CSLS + recovery) + T2 reps    29.50    67.00        6.9            n/a

============================================================================================
[eval] wrote /project/peilab/why/CLIP/outputs/eval/fgw_a0.1/sub04_seed2025.json
