/project/peilab/why/CLIP/src/samclip/evaluate.py:184: UserWarning: The given NumPy array is not writable, and PyTorch does not support non-writable tensors. This means writing to this tensor will result in undefined behavior. You may want to copy the array to protect its data or make it writable before converting it to a tensor. This type of warning will be suppressed for the rest of this program. (Triggered internally at ../torch/csrc/utils/tensor_numpy.cpp:206.)
  x = torch.as_tensor(flat[i:i + batch], dtype=torch.float32, device=device)
[eval] recovery operator: fgw_recovery(tau=0.01,alpha=0.1)
[eval] reference: NOT MEASURED for sub-10; deltas will print as n/a. Compare the 10-fold MEAN to 26.22/53.23.
[eval] device=cuda target=sub-10
[eval] g3/sub10_k20_seed2027: /project/peilab/why/CLIP/outputs/stage1/g3/sub10_k20_seed2027/last.pt

============================================================================================
LOSO retrieval | target sub-10 | 200-way | reference: NOT MEASURED for this fold (NOT MEASURED for this fold -- the SAMGA official baseline was only run on sub-08. No per-fold reference exists, so no delta is printed; compare the 10-fold MEAN against 26.22 (SAMGA encoder, final epoch) and 53.23 (SCORE).)
============================================================================================

[g3/sub10_k20_seed2027]  /project/peilab/why/CLIP/outputs/stage1/g3/sub10_k20_seed2027/last.pt  (epoch 49)
  arch=v4  objective=v4  d_align=64  smn_gate=0.5348  offset_ratio=0.529
  fusion=routed  layer weights=[0.174, 0.178, 0.193, 0.231, 0.224]
  row                             Top-1    Top-5  mean rank  ΔTop-1 vs ref
  raw cosine                      32.50    66.50        5.5            n/a
  + CSLS                          40.50    76.50        4.3            n/a
  + centre                        30.00    65.00        5.7            n/a
  + centre + CSLS                 40.50    76.50        4.4            n/a
  + SAW whiten                    39.00    72.00        5.6            n/a
  + whiten + CSLS                 43.50    77.50        5.3            n/a
  + whiten + CSLS + recovery      43.00    79.00        4.7            n/a
  + CSLS + recovery               47.00    81.00        3.9            n/a
  + T2 reps                       64.00    89.00        2.6            n/a
  + T1(whiten + CSLS + recovery) + T2 reps    54.00    88.00        2.9            n/a
  + T1(CSLS + recovery) + T2 reps    61.00    89.00        2.6            n/a

============================================================================================
[eval] wrote /project/peilab/why/CLIP/outputs/eval/fgw_a0.1/sub10_seed2027.json
