/project/peilab/why/CLIP/src/samclip/evaluate.py:184: UserWarning: The given NumPy array is not writable, and PyTorch does not support non-writable tensors. This means writing to this tensor will result in undefined behavior. You may want to copy the array to protect its data or make it writable before converting it to a tensor. This type of warning will be suppressed for the rest of this program. (Triggered internally at ../torch/csrc/utils/tensor_numpy.cpp:206.)
  x = torch.as_tensor(flat[i:i + batch], dtype=torch.float32, device=device)
[eval] recovery operator: fgw_recovery(tau=0.01,alpha=0.75)
[eval] reference: NOT MEASURED for sub-10; deltas will print as n/a. Compare the 10-fold MEAN to 26.22/53.23.
[eval] device=cuda target=sub-10
[eval] g3/sub10_k20_seed2025: /project/peilab/why/CLIP/outputs/stage1/g3/sub10_k20_seed2025/last.pt

============================================================================================
LOSO retrieval | target sub-10 | 200-way | reference: NOT MEASURED for this fold (NOT MEASURED for this fold -- the SAMGA official baseline was only run on sub-08. No per-fold reference exists, so no delta is printed; compare the 10-fold MEAN against 26.22 (SAMGA encoder, final epoch) and 53.23 (SCORE).)
============================================================================================

[g3/sub10_k20_seed2025]  /project/peilab/why/CLIP/outputs/stage1/g3/sub10_k20_seed2025/last.pt  (epoch 49)
  arch=v4  objective=v4  d_align=64  smn_gate=0.4721  offset_ratio=0.475
  fusion=routed  layer weights=[0.174, 0.181, 0.196, 0.231, 0.218]
  row                             Top-1    Top-5  mean rank  ΔTop-1 vs ref
  raw cosine                      37.50    68.00        6.7            n/a
  + CSLS                          45.00    72.00        5.3            n/a
  + centre                        35.50    66.00        7.0            n/a
  + centre + CSLS                 45.00    72.00        5.4            n/a
  + SAW whiten                    39.00    70.50        5.9            n/a
  + whiten + CSLS                 41.50    73.50        5.6            n/a
  + whiten + CSLS + recovery      49.50    76.00        5.4            n/a
  + CSLS + recovery               44.50    74.50        5.5            n/a
  + T2 reps                       66.00    86.00        3.3            n/a
  + T1(whiten + CSLS + recovery) + T2 reps    63.50    85.00        3.3            n/a
  + T1(CSLS + recovery) + T2 reps    66.00    86.00        3.2            n/a

============================================================================================
[eval] wrote /project/peilab/why/CLIP/outputs/eval/fgw_a0.75/sub10_seed2025.json
