/project/peilab/why/CLIP/src/samclip/evaluate.py:184: UserWarning: The given NumPy array is not writable, and PyTorch does not support non-writable tensors. This means writing to this tensor will result in undefined behavior. You may want to copy the array to protect its data or make it writable before converting it to a tensor. This type of warning will be suppressed for the rest of this program. (Triggered internally at ../torch/csrc/utils/tensor_numpy.cpp:206.)
  x = torch.as_tensor(flat[i:i + batch], dtype=torch.float32, device=device)
[eval] recovery operator: fgw_recovery(tau=0.01,alpha=0.75)
[eval] reference: NOT MEASURED for sub-02; deltas will print as n/a. Compare the 10-fold MEAN to 26.22/53.23.
[eval] device=cuda target=sub-02
[eval] v9/sub02_k20_seed2025: /project/peilab/why/CLIP/outputs/stage1/v9/sub02_k20_seed2025/last.pt

============================================================================================
LOSO retrieval | target sub-02 | 200-way | reference: NOT MEASURED for this fold (NOT MEASURED for this fold -- the SAMGA official baseline was only run on sub-08. No per-fold reference exists, so no delta is printed; compare the 10-fold MEAN against 26.22 (SAMGA encoder, final epoch) and 53.23 (SCORE).)
============================================================================================

[v9/sub02_k20_seed2025]  /project/peilab/why/CLIP/outputs/stage1/v9/sub02_k20_seed2025/last.pt  (epoch 49)
  arch=v4  objective=v4  d_align=64  smn_gate=0.0  offset_ratio=0.640
  fusion=routed  layer weights=[0.155, 0.156, 0.175, 0.25, 0.265]
  row                             Top-1    Top-5  mean rank  ΔTop-1 vs ref
  raw cosine                      29.00    53.00       10.5            n/a
  + CSLS                          29.50    58.00        9.6            n/a
  + centre                        27.50    53.50       10.7            n/a
  + centre + CSLS                 29.50    58.00        9.8            n/a
  + SAW whiten                    26.00    53.00       12.0            n/a
  + whiten + CSLS                 27.50    56.50       11.8            n/a
  + whiten + CSLS + recovery      25.50    55.00       11.4            n/a
  + CSLS + recovery               37.50    69.50        7.6            n/a
  + T2 reps                       50.00    79.50        4.5            n/a
  + T1(whiten + CSLS + recovery) + T2 reps    42.50    75.50        6.0            n/a
  + T1(CSLS + recovery) + T2 reps    51.50    80.50        4.9            n/a

============================================================================================
[eval] wrote /project/peilab/why/CLIP/outputs/eval/v9_fgw/sub02_seed2025.json
