/project/peilab/why/CLIP/src/samclip/evaluate.py:184: UserWarning: The given NumPy array is not writable, and PyTorch does not support non-writable tensors. This means writing to this tensor will result in undefined behavior. You may want to copy the array to protect its data or make it writable before converting it to a tensor. This type of warning will be suppressed for the rest of this program. (Triggered internally at ../torch/csrc/utils/tensor_numpy.cpp:206.)
  x = torch.as_tensor(flat[i:i + batch], dtype=torch.float32, device=device)
[eval] recovery operator: fgw_recovery(tau=0.01,alpha=0.5)
[eval] reference: NOT MEASURED for sub-03; deltas will print as n/a. Compare the 10-fold MEAN to 26.22/53.23.
[eval] device=cuda target=sub-03
[eval] v9/sub03_k20_seed2026: /project/peilab/why/CLIP/outputs/stage1/v9/sub03_k20_seed2026/last.pt

============================================================================================
LOSO retrieval | target sub-03 | 200-way | reference: NOT MEASURED for this fold (NOT MEASURED for this fold -- the SAMGA official baseline was only run on sub-08. No per-fold reference exists, so no delta is printed; compare the 10-fold MEAN against 26.22 (SAMGA encoder, final epoch) and 53.23 (SCORE).)
============================================================================================

[v9/sub03_k20_seed2026]  /project/peilab/why/CLIP/outputs/stage1/v9/sub03_k20_seed2026/last.pt  (epoch 49)
  arch=v4  objective=v4  d_align=64  smn_gate=0.8917  offset_ratio=0.884
  fusion=routed  layer weights=[0.174, 0.177, 0.187, 0.223, 0.239]
  row                             Top-1    Top-5  mean rank  ΔTop-1 vs ref
  raw cosine                       4.50    15.00       37.8            n/a
  + CSLS                           6.00    15.00       34.6            n/a
  + centre                         5.00    14.50       38.1            n/a
  + centre + CSLS                  5.50    14.00       34.9            n/a
  + SAW whiten                     4.00    16.00       37.8            n/a
  + whiten + CSLS                  3.00    14.00       35.2            n/a
  + whiten + CSLS + recovery       2.00    13.50       31.0            n/a
  + CSLS + recovery                2.50    18.50       28.1            n/a
  + T2 reps                        5.00    22.00       28.2            n/a
  + T1(whiten + CSLS + recovery) + T2 reps     4.00    18.00       28.1            n/a
  + T1(CSLS + recovery) + T2 reps     3.50    22.00       26.6            n/a

============================================================================================
[eval] wrote /project/peilab/why/CLIP/outputs/eval/v9_fgw/sub03_seed2026.json
