[2026-10-05T11:40:39+08:00] === v9 PIPELINE job=645268 host=dgx-29 cfg=/project/peilab/why/CLIP/configs/v9_loso_k20.yaml ===
[2026-10-05T11:40:39+08:00] shared-node co-tenants:
645261_6 chaojian exp18-p2
[2026-10-05T11:40:42+08:00] --- preflight ---
[2026-10-05T11:40:44+08:00] --- Stage A: alpha sweep on banked G3 encoders (alphas: 0.1 0.25 0.5 0.75) ---
[2026-10-05T11:40:44+08:00]   -> A a=0.1 sub01/seed2025
[2026-10-05T11:40:51+08:00]      OK   A a=0.1 sub01/seed2025
[2026-10-05T11:40:51+08:00]   -> A a=0.1 sub01/seed2026
[2026-10-05T11:40:56+08:00]      OK   A a=0.1 sub01/seed2026
[2026-10-05T11:40:56+08:00]   -> A a=0.1 sub01/seed2027
[2026-10-05T11:41:01+08:00]      OK   A a=0.1 sub01/seed2027
[2026-10-05T11:41:01+08:00]   -> A a=0.1 sub02/seed2025
[2026-10-05T11:41:07+08:00]      OK   A a=0.1 sub02/seed2025
[2026-10-05T11:41:07+08:00]   -> A a=0.1 sub02/seed2026
[2026-10-05T11:41:12+08:00]      OK   A a=0.1 sub02/seed2026
[2026-10-05T11:41:12+08:00]   -> A a=0.1 sub02/seed2027
[2026-10-05T11:41:17+08:00]      OK   A a=0.1 sub02/seed2027
[2026-10-05T11:41:17+08:00]   -> A a=0.1 sub03/seed2025
[2026-10-05T11:41:24+08:00]      OK   A a=0.1 sub03/seed2025
[2026-10-05T11:41:24+08:00]   -> A a=0.1 sub03/seed2026
[2026-10-05T11:41:29+08:00]      OK   A a=0.1 sub03/seed2026
[2026-10-05T11:41:29+08:00]   -> A a=0.1 sub03/seed2027
[2026-10-05T11:41:34+08:00]      OK   A a=0.1 sub03/seed2027
[2026-10-05T11:41:34+08:00]   -> A a=0.1 sub04/seed2025
[2026-10-05T11:41:40+08:00]      OK   A a=0.1 sub04/seed2025
[2026-10-05T11:41:40+08:00]   -> A a=0.1 sub04/seed2026
[2026-10-05T11:41:46+08:00]      OK   A a=0.1 sub04/seed2026
[2026-10-05T11:41:46+08:00]   -> A a=0.1 sub04/seed2027
[2026-10-05T11:41:51+08:00]      OK   A a=0.1 sub04/seed2027
[2026-10-05T11:41:51+08:00]   -> A a=0.1 sub05/seed2025
[2026-10-05T11:41:57+08:00]      OK   A a=0.1 sub05/seed2025
[2026-10-05T11:41:57+08:00]   -> A a=0.1 sub05/seed2026
[2026-10-05T11:42:02+08:00]      OK   A a=0.1 sub05/seed2026
[2026-10-05T11:42:02+08:00]   -> A a=0.1 sub05/seed2027
[2026-10-05T11:42:07+08:00]      OK   A a=0.1 sub05/seed2027
[2026-10-05T11:42:07+08:00]   -> A a=0.1 sub06/seed2025
[2026-10-05T11:42:13+08:00]      OK   A a=0.1 sub06/seed2025
[2026-10-05T11:42:13+08:00]   -> A a=0.1 sub06/seed2026
[2026-10-05T11:42:18+08:00]      OK   A a=0.1 sub06/seed2026
[2026-10-05T11:42:18+08:00]   -> A a=0.1 sub06/seed2027
[2026-10-05T11:42:23+08:00]      OK   A a=0.1 sub06/seed2027
[2026-10-05T11:42:23+08:00]   -> A a=0.1 sub07/seed2025
[2026-10-05T11:42:30+08:00]      OK   A a=0.1 sub07/seed2025
[2026-10-05T11:42:30+08:00]   -> A a=0.1 sub07/seed2026
[2026-10-05T11:42:35+08:00]      OK   A a=0.1 sub07/seed2026
[2026-10-05T11:42:35+08:00]   -> A a=0.1 sub07/seed2027
[2026-10-05T11:42:40+08:00]      OK   A a=0.1 sub07/seed2027
[2026-10-05T11:42:40+08:00]   -> A a=0.1 sub08/seed2025
[2026-10-05T11:42:46+08:00]      OK   A a=0.1 sub08/seed2025
[2026-10-05T11:42:46+08:00]   -> A a=0.1 sub08/seed2026
[2026-10-05T11:42:52+08:00]      OK   A a=0.1 sub08/seed2026
[2026-10-05T11:42:52+08:00]   -> A a=0.1 sub08/seed2027
[2026-10-05T11:42:57+08:00]      OK   A a=0.1 sub08/seed2027
[2026-10-05T11:42:57+08:00]   -> A a=0.1 sub09/seed2025
[2026-10-05T11:43:03+08:00]      OK   A a=0.1 sub09/seed2025
[2026-10-05T11:43:03+08:00]   -> A a=0.1 sub09/seed2026
[2026-10-05T11:43:08+08:00]      OK   A a=0.1 sub09/seed2026
[2026-10-05T11:43:08+08:00]   -> A a=0.1 sub09/seed2027
[2026-10-05T11:43:13+08:00]      OK   A a=0.1 sub09/seed2027
[2026-10-05T11:43:13+08:00]   -> A a=0.1 sub10/seed2025
[2026-10-05T11:43:20+08:00]      OK   A a=0.1 sub10/seed2025
[2026-10-05T11:43:20+08:00]   -> A a=0.1 sub10/seed2026
[2026-10-05T11:43:25+08:00]      OK   A a=0.1 sub10/seed2026
[2026-10-05T11:43:25+08:00]   -> A a=0.1 sub10/seed2027
[2026-10-05T11:43:30+08:00]      OK   A a=0.1 sub10/seed2027
[2026-10-05T11:43:30+08:00]   -> A a=0.25 sub01/seed2025
[2026-10-05T11:43:35+08:00]      OK   A a=0.25 sub01/seed2025
[2026-10-05T11:43:35+08:00]   -> A a=0.25 sub01/seed2026
[2026-10-05T11:43:40+08:00]      OK   A a=0.25 sub01/seed2026
[2026-10-05T11:43:40+08:00]   -> A a=0.25 sub01/seed2027
[2026-10-05T11:43:45+08:00]      OK   A a=0.25 sub01/seed2027
[2026-10-05T11:43:45+08:00]   -> A a=0.25 sub02/seed2025
[2026-10-05T11:43:50+08:00]      OK   A a=0.25 sub02/seed2025
[2026-10-05T11:43:50+08:00]   -> A a=0.25 sub02/seed2026
[2026-10-05T11:43:55+08:00]      OK   A a=0.25 sub02/seed2026
[2026-10-05T11:43:55+08:00]   -> A a=0.25 sub02/seed2027
[2026-10-05T11:44:00+08:00]      OK   A a=0.25 sub02/seed2027
[2026-10-05T11:44:00+08:00]   -> A a=0.25 sub03/seed2025
[2026-10-05T11:44:05+08:00]      OK   A a=0.25 sub03/seed2025
[2026-10-05T11:44:05+08:00]   -> A a=0.25 sub03/seed2026
[2026-10-05T11:44:10+08:00]      OK   A a=0.25 sub03/seed2026
[2026-10-05T11:44:10+08:00]   -> A a=0.25 sub03/seed2027
[2026-10-05T11:44:14+08:00]      OK   A a=0.25 sub03/seed2027
[2026-10-05T11:44:14+08:00]   -> A a=0.25 sub04/seed2025
[2026-10-05T11:44:19+08:00]      OK   A a=0.25 sub04/seed2025
[2026-10-05T11:44:19+08:00]   -> A a=0.25 sub04/seed2026
[2026-10-05T11:44:24+08:00]      OK   A a=0.25 sub04/seed2026
[2026-10-05T11:44:24+08:00]   -> A a=0.25 sub04/seed2027
[2026-10-05T11:44:29+08:00]      OK   A a=0.25 sub04/seed2027
[2026-10-05T11:44:29+08:00]   -> A a=0.25 sub05/seed2025
[2026-10-05T11:44:34+08:00]      OK   A a=0.25 sub05/seed2025
[2026-10-05T11:44:34+08:00]   -> A a=0.25 sub05/seed2026
[2026-10-05T11:44:39+08:00]      OK   A a=0.25 sub05/seed2026
[2026-10-05T11:44:39+08:00]   -> A a=0.25 sub05/seed2027
[2026-10-05T11:44:44+08:00]      OK   A a=0.25 sub05/seed2027
[2026-10-05T11:44:44+08:00]   -> A a=0.25 sub06/seed2025
[2026-10-05T11:44:49+08:00]      OK   A a=0.25 sub06/seed2025
[2026-10-05T11:44:49+08:00]   -> A a=0.25 sub06/seed2026
[2026-10-05T11:44:54+08:00]      OK   A a=0.25 sub06/seed2026
[2026-10-05T11:44:54+08:00]   -> A a=0.25 sub06/seed2027
[2026-10-05T11:44:59+08:00]      OK   A a=0.25 sub06/seed2027
[2026-10-05T11:44:59+08:00]   -> A a=0.25 sub07/seed2025
[2026-10-05T11:45:04+08:00]      OK   A a=0.25 sub07/seed2025
[2026-10-05T11:45:04+08:00]   -> A a=0.25 sub07/seed2026
[2026-10-05T11:45:08+08:00]      OK   A a=0.25 sub07/seed2026
[2026-10-05T11:45:08+08:00]   -> A a=0.25 sub07/seed2027
[2026-10-05T11:45:13+08:00]      OK   A a=0.25 sub07/seed2027
[2026-10-05T11:45:13+08:00]   -> A a=0.25 sub08/seed2025
[2026-10-05T11:45:18+08:00]      OK   A a=0.25 sub08/seed2025
[2026-10-05T11:45:18+08:00]   -> A a=0.25 sub08/seed2026
[2026-10-05T11:45:23+08:00]      OK   A a=0.25 sub08/seed2026
[2026-10-05T11:45:23+08:00]   -> A a=0.25 sub08/seed2027
[2026-10-05T11:45:28+08:00]      OK   A a=0.25 sub08/seed2027
[2026-10-05T11:45:28+08:00]   -> A a=0.25 sub09/seed2025
[2026-10-05T11:45:33+08:00]      OK   A a=0.25 sub09/seed2025
[2026-10-05T11:45:33+08:00]   -> A a=0.25 sub09/seed2026
[2026-10-05T11:45:38+08:00]      OK   A a=0.25 sub09/seed2026
[2026-10-05T11:45:38+08:00]   -> A a=0.25 sub09/seed2027
[2026-10-05T11:45:43+08:00]      OK   A a=0.25 sub09/seed2027
[2026-10-05T11:45:43+08:00]   -> A a=0.25 sub10/seed2025
[2026-10-05T11:45:48+08:00]      OK   A a=0.25 sub10/seed2025
[2026-10-05T11:45:48+08:00]   -> A a=0.25 sub10/seed2026
[2026-10-05T11:45:52+08:00]      OK   A a=0.25 sub10/seed2026
[2026-10-05T11:45:52+08:00]   -> A a=0.25 sub10/seed2027
[2026-10-05T11:45:57+08:00]      OK   A a=0.25 sub10/seed2027
[2026-10-05T11:45:57+08:00]   -> A a=0.5 sub01/seed2025
[2026-10-05T11:46:02+08:00]      OK   A a=0.5 sub01/seed2025
[2026-10-05T11:46:02+08:00]   -> A a=0.5 sub01/seed2026
[2026-10-05T11:46:07+08:00]      OK   A a=0.5 sub01/seed2026
[2026-10-05T11:46:07+08:00]   -> A a=0.5 sub01/seed2027
[2026-10-05T11:46:12+08:00]      OK   A a=0.5 sub01/seed2027
[2026-10-05T11:46:12+08:00]   -> A a=0.5 sub02/seed2025
[2026-10-05T11:46:17+08:00]      OK   A a=0.5 sub02/seed2025
[2026-10-05T11:46:17+08:00]   -> A a=0.5 sub02/seed2026
[2026-10-05T11:46:22+08:00]      OK   A a=0.5 sub02/seed2026
[2026-10-05T11:46:22+08:00]   -> A a=0.5 sub02/seed2027
[2026-10-05T11:46:27+08:00]      OK   A a=0.5 sub02/seed2027
[2026-10-05T11:46:27+08:00]   -> A a=0.5 sub03/seed2025
[2026-10-05T11:46:32+08:00]      OK   A a=0.5 sub03/seed2025
[2026-10-05T11:46:32+08:00]   -> A a=0.5 sub03/seed2026
[2026-10-05T11:46:37+08:00]      OK   A a=0.5 sub03/seed2026
[2026-10-05T11:46:37+08:00]   -> A a=0.5 sub03/seed2027
[2026-10-05T11:46:41+08:00]      OK   A a=0.5 sub03/seed2027
[2026-10-05T11:46:41+08:00]   -> A a=0.5 sub04/seed2025
[2026-10-05T11:46:46+08:00]      OK   A a=0.5 sub04/seed2025
[2026-10-05T11:46:46+08:00]   -> A a=0.5 sub04/seed2026
[2026-10-05T11:46:51+08:00]      OK   A a=0.5 sub04/seed2026
[2026-10-05T11:46:51+08:00]   -> A a=0.5 sub04/seed2027
[2026-10-05T11:46:56+08:00]      OK   A a=0.5 sub04/seed2027
[2026-10-05T11:46:56+08:00]   -> A a=0.5 sub05/seed2025
[2026-10-05T11:47:01+08:00]      OK   A a=0.5 sub05/seed2025
[2026-10-05T11:47:01+08:00]   -> A a=0.5 sub05/seed2026
[2026-10-05T11:47:06+08:00]      OK   A a=0.5 sub05/seed2026
[2026-10-05T11:47:06+08:00]   -> A a=0.5 sub05/seed2027
[2026-10-05T11:47:11+08:00]      OK   A a=0.5 sub05/seed2027
[2026-10-05T11:47:11+08:00]   -> A a=0.5 sub06/seed2025
[2026-10-05T11:47:16+08:00]      OK   A a=0.5 sub06/seed2025
[2026-10-05T11:47:16+08:00]   -> A a=0.5 sub06/seed2026
[2026-10-05T11:47:21+08:00]      OK   A a=0.5 sub06/seed2026
[2026-10-05T11:47:21+08:00]   -> A a=0.5 sub06/seed2027
[2026-10-05T11:47:26+08:00]      OK   A a=0.5 sub06/seed2027
[2026-10-05T11:47:26+08:00]   -> A a=0.5 sub07/seed2025
[2026-10-05T11:47:31+08:00]      OK   A a=0.5 sub07/seed2025
[2026-10-05T11:47:31+08:00]   -> A a=0.5 sub07/seed2026
[2026-10-05T11:47:36+08:00]      OK   A a=0.5 sub07/seed2026
[2026-10-05T11:47:36+08:00]   -> A a=0.5 sub07/seed2027
[2026-10-05T11:47:41+08:00]      OK   A a=0.5 sub07/seed2027
[2026-10-05T11:47:41+08:00]   -> A a=0.5 sub08/seed2025
[2026-10-05T11:47:46+08:00]      OK   A a=0.5 sub08/seed2025
[2026-10-05T11:47:46+08:00]   -> A a=0.5 sub08/seed2026
[2026-10-05T11:47:51+08:00]      OK   A a=0.5 sub08/seed2026
[2026-10-05T11:47:51+08:00]   -> A a=0.5 sub08/seed2027
[2026-10-05T11:47:56+08:00]      OK   A a=0.5 sub08/seed2027
[2026-10-05T11:47:56+08:00]   -> A a=0.5 sub09/seed2025
[2026-10-05T11:48:01+08:00]      OK   A a=0.5 sub09/seed2025
[2026-10-05T11:48:01+08:00]   -> A a=0.5 sub09/seed2026
[2026-10-05T11:48:07+08:00]      OK   A a=0.5 sub09/seed2026
[2026-10-05T11:48:07+08:00]   -> A a=0.5 sub09/seed2027
[2026-10-05T11:48:12+08:00]      OK   A a=0.5 sub09/seed2027
[2026-10-05T11:48:12+08:00]   -> A a=0.5 sub10/seed2025
[2026-10-05T11:48:17+08:00]      OK   A a=0.5 sub10/seed2025
[2026-10-05T11:48:17+08:00]   -> A a=0.5 sub10/seed2026
[2026-10-05T11:48:22+08:00]      OK   A a=0.5 sub10/seed2026
[2026-10-05T11:48:22+08:00]   -> A a=0.5 sub10/seed2027
[2026-10-05T11:48:27+08:00]      OK   A a=0.5 sub10/seed2027
[2026-10-05T11:48:27+08:00]   -> A a=0.75 sub01/seed2025
[2026-10-05T11:48:32+08:00]      OK   A a=0.75 sub01/seed2025
[2026-10-05T11:48:32+08:00]   -> A a=0.75 sub01/seed2026
[2026-10-05T11:48:37+08:00]      OK   A a=0.75 sub01/seed2026
[2026-10-05T11:48:37+08:00]   -> A a=0.75 sub01/seed2027
[2026-10-05T11:48:41+08:00]      OK   A a=0.75 sub01/seed2027
[2026-10-05T11:48:41+08:00]   -> A a=0.75 sub02/seed2025
[2026-10-05T11:48:46+08:00]      OK   A a=0.75 sub02/seed2025
[2026-10-05T11:48:46+08:00]   -> A a=0.75 sub02/seed2026
[2026-10-05T11:48:51+08:00]      OK   A a=0.75 sub02/seed2026
[2026-10-05T11:48:51+08:00]   -> A a=0.75 sub02/seed2027
[2026-10-05T11:48:56+08:00]      OK   A a=0.75 sub02/seed2027
[2026-10-05T11:48:56+08:00]   -> A a=0.75 sub03/seed2025
[2026-10-05T11:49:01+08:00]      OK   A a=0.75 sub03/seed2025
[2026-10-05T11:49:01+08:00]   -> A a=0.75 sub03/seed2026
[2026-10-05T11:49:06+08:00]      OK   A a=0.75 sub03/seed2026
[2026-10-05T11:49:06+08:00]   -> A a=0.75 sub03/seed2027
[2026-10-05T11:49:11+08:00]      OK   A a=0.75 sub03/seed2027
[2026-10-05T11:49:11+08:00]   -> A a=0.75 sub04/seed2025
[2026-10-05T11:49:16+08:00]      OK   A a=0.75 sub04/seed2025
[2026-10-05T11:49:16+08:00]   -> A a=0.75 sub04/seed2026
[2026-10-05T11:49:21+08:00]      OK   A a=0.75 sub04/seed2026
[2026-10-05T11:49:21+08:00]   -> A a=0.75 sub04/seed2027
[2026-10-05T11:49:26+08:00]      OK   A a=0.75 sub04/seed2027
[2026-10-05T11:49:26+08:00]   -> A a=0.75 sub05/seed2025
[2026-10-05T11:49:31+08:00]      OK   A a=0.75 sub05/seed2025
[2026-10-05T11:49:31+08:00]   -> A a=0.75 sub05/seed2026
[2026-10-05T11:49:36+08:00]      OK   A a=0.75 sub05/seed2026
[2026-10-05T11:49:36+08:00]   -> A a=0.75 sub05/seed2027
[2026-10-05T11:49:40+08:00]      OK   A a=0.75 sub05/seed2027
[2026-10-05T11:49:40+08:00]   -> A a=0.75 sub06/seed2025
[2026-10-05T11:49:45+08:00]      OK   A a=0.75 sub06/seed2025
[2026-10-05T11:49:45+08:00]   -> A a=0.75 sub06/seed2026
[2026-10-05T11:49:50+08:00]      OK   A a=0.75 sub06/seed2026
[2026-10-05T11:49:50+08:00]   -> A a=0.75 sub06/seed2027
[2026-10-05T11:49:55+08:00]      OK   A a=0.75 sub06/seed2027
[2026-10-05T11:49:55+08:00]   -> A a=0.75 sub07/seed2025
[2026-10-05T11:50:00+08:00]      OK   A a=0.75 sub07/seed2025
[2026-10-05T11:50:00+08:00]   -> A a=0.75 sub07/seed2026
[2026-10-05T11:50:05+08:00]      OK   A a=0.75 sub07/seed2026
[2026-10-05T11:50:05+08:00]   -> A a=0.75 sub07/seed2027
[2026-10-05T11:50:10+08:00]      OK   A a=0.75 sub07/seed2027
[2026-10-05T11:50:10+08:00]   -> A a=0.75 sub08/seed2025
[2026-10-05T11:50:15+08:00]      OK   A a=0.75 sub08/seed2025
[2026-10-05T11:50:15+08:00]   -> A a=0.75 sub08/seed2026
[2026-10-05T11:50:20+08:00]      OK   A a=0.75 sub08/seed2026
[2026-10-05T11:50:20+08:00]   -> A a=0.75 sub08/seed2027
[2026-10-05T11:50:25+08:00]      OK   A a=0.75 sub08/seed2027
[2026-10-05T11:50:25+08:00]   -> A a=0.75 sub09/seed2025
[2026-10-05T11:50:30+08:00]      OK   A a=0.75 sub09/seed2025
[2026-10-05T11:50:30+08:00]   -> A a=0.75 sub09/seed2026
[2026-10-05T11:50:35+08:00]      OK   A a=0.75 sub09/seed2026
[2026-10-05T11:50:35+08:00]   -> A a=0.75 sub09/seed2027
[2026-10-05T11:50:40+08:00]      OK   A a=0.75 sub09/seed2027
[2026-10-05T11:50:40+08:00]   -> A a=0.75 sub10/seed2025
[2026-10-05T11:50:44+08:00]      OK   A a=0.75 sub10/seed2025
[2026-10-05T11:50:44+08:00]   -> A a=0.75 sub10/seed2026
[2026-10-05T11:50:49+08:00]      OK   A a=0.75 sub10/seed2026
[2026-10-05T11:50:49+08:00]   -> A a=0.75 sub10/seed2027
[2026-10-05T11:50:54+08:00]      OK   A a=0.75 sub10/seed2027
[2026-10-05T11:50:54+08:00] --- Stage A selection (leave-one-subject-out) ---
[2026-10-05T11:50:54+08:00]   -> select-alpha
[2026-10-05T11:50:55+08:00]      OK   select-alpha
[alpha] alpha=0.1: 30 reports from outputs/eval/fgw_a0.1
[alpha] alpha=0.25: 30 reports from outputs/eval/fgw_a0.25
[alpha] alpha=0.5: 30 reports from outputs/eval/fgw_a0.5
[alpha] alpha=0.75: 30 reports from outputs/eval/fgw_a0.75
[alpha] 30 folds present in EVERY alpha: 30 runs

FULL GRID (mean over all shared runs) -- the shape is the robust evidence
   alpha     mean      sd     n
     0.1    47.97    9.12    30
    0.25    48.60    9.16    30
     0.5    49.80    9.12    30
    0.75    50.53    8.67    30

LEAVE-ONE-SUBJECT-OUT SELECTION over 10 subjects (criterion: accuracy)
  held-out  selected alpha   held-out value
     sub01            0.75            58.33   (other-subject means: 0.1:46.96, 0.25:47.65, 0.5:48.93, 0.75:49.67)
     sub02            0.75            53.33   (other-subject means: 0.1:47.76, 0.25:48.35, 0.5:49.37, 0.75:50.22)
     sub03            0.75            51.33   (other-subject means: 0.1:48.09, 0.25:48.50, 0.5:49.76, 0.75:50.44)
     sub04            0.75            34.00   (other-subject means: 0.1:49.63, 0.25:50.35, 0.5:51.48, 0.75:52.37)
     sub05            0.75            46.50   (other-subject means: 0.1:48.61, 0.25:49.24, 0.5:50.43, 0.75:50.98)
     sub06            0.75            55.67   (other-subject means: 0.1:47.26, 0.25:47.87, 0.5:49.15, 0.75:49.96)
     sub07            0.75            43.50   (other-subject means: 0.1:48.70, 0.25:49.37, 0.5:50.59, 0.75:51.31)
     sub08            0.75            44.67   (other-subject means: 0.1:48.89, 0.25:49.54, 0.5:50.74, 0.75:51.19)
     sub09            0.75            52.50   (other-subject means: 0.1:47.54, 0.25:48.26, 0.5:49.61, 0.75:50.31)
     sub10            0.75            65.50   (other-subject means: 0.1:46.22, 0.25:46.87, 0.5:47.94, 0.75:48.87)

============================================================================
NESTED-LOSO HEADLINE (each run scored by its subject's held-out-selected alpha)
  nested-LOSO mean        50.53  (n=30 runs)
  best fixed alpha        50.53  <- for reference; this one IS selected on the reported runs
  alpha chosen per-subject: {'0.75': 10}
============================================================================
[alpha] selected_alpha = 0.75  (mode of the per-subject choices)
[alpha] wrote /project/peilab/why/CLIP/outputs/fgw_alpha.json
[2026-10-05T11:50:55+08:00] alpha SELECTED by nested LOSO: 0.75
[2026-10-05T11:50:55+08:00] --- Stage B: v9 training, 10 folds x 3 seeds, soft_plan.alpha=0.75 ---
[2026-10-05T11:50:55+08:00] --- sub01/seed2025 : sources 2 3 4 5 6 7 8 9 10 ---
[2026-10-05T11:50:55+08:00]   -> train sub01/seed2025
[2026-10-05T11:58:28+08:00]      OK   train sub01/seed2025
[2026-10-05T11:58:28+08:00]   -> eval sub01/seed2025
[2026-10-05T11:58:34+08:00]      OK   eval sub01/seed2025
[2026-10-05T11:58:34+08:00]   -> eval-s3r sub01/seed2025
[2026-10-05T11:58:39+08:00]      OK   eval-s3r sub01/seed2025
[2026-10-05T11:58:39+08:00]   -> eval-fgw sub01/seed2025
[2026-10-05T11:58:44+08:00]      OK   eval-fgw sub01/seed2025
[2026-10-05T11:58:44+08:00] --- sub01/seed2026 : sources 2 3 4 5 6 7 8 9 10 ---
[2026-10-05T11:58:44+08:00]   -> train sub01/seed2026
[2026-10-05T12:06:08+08:00]      OK   train sub01/seed2026
[2026-10-05T12:06:08+08:00]   -> eval sub01/seed2026
[2026-10-05T12:06:14+08:00]      OK   eval sub01/seed2026
[2026-10-05T12:06:14+08:00]   -> eval-s3r sub01/seed2026
[2026-10-05T12:06:19+08:00]      OK   eval-s3r sub01/seed2026
[2026-10-05T12:06:19+08:00]   -> eval-fgw sub01/seed2026
[2026-10-05T12:06:24+08:00]      OK   eval-fgw sub01/seed2026
[2026-10-05T12:06:24+08:00] --- sub01/seed2027 : sources 2 3 4 5 6 7 8 9 10 ---
[2026-10-05T12:06:24+08:00]   -> train sub01/seed2027
[2026-10-05T12:13:46+08:00]      OK   train sub01/seed2027
[2026-10-05T12:13:46+08:00]   -> eval sub01/seed2027
[2026-10-05T12:13:52+08:00]      OK   eval sub01/seed2027
[2026-10-05T12:13:52+08:00]   -> eval-s3r sub01/seed2027
[2026-10-05T12:13:57+08:00]      OK   eval-s3r sub01/seed2027
[2026-10-05T12:13:57+08:00]   -> eval-fgw sub01/seed2027
[2026-10-05T12:14:02+08:00]      OK   eval-fgw sub01/seed2027
[2026-10-05T12:14:02+08:00] --- sub02/seed2025 : sources 1 3 4 5 6 7 8 9 10 ---
[2026-10-05T12:14:02+08:00]   -> train sub02/seed2025
[2026-10-05T12:21:30+08:00]      OK   train sub02/seed2025
[2026-10-05T12:21:30+08:00]   -> eval sub02/seed2025
[2026-10-05T12:21:35+08:00]      OK   eval sub02/seed2025
[2026-10-05T12:21:35+08:00]   -> eval-s3r sub02/seed2025
[2026-10-05T12:21:40+08:00]      OK   eval-s3r sub02/seed2025
[2026-10-05T12:21:40+08:00]   -> eval-fgw sub02/seed2025
[2026-10-05T12:21:45+08:00]      OK   eval-fgw sub02/seed2025
[2026-10-05T12:21:45+08:00] --- sub02/seed2026 : sources 1 3 4 5 6 7 8 9 10 ---
[2026-10-05T12:21:45+08:00]   -> train sub02/seed2026
[2026-10-05T12:29:09+08:00]      OK   train sub02/seed2026
[2026-10-05T12:29:09+08:00]   -> eval sub02/seed2026
[2026-10-05T12:29:15+08:00]      OK   eval sub02/seed2026
[2026-10-05T12:29:15+08:00]   -> eval-s3r sub02/seed2026
[2026-10-05T12:29:20+08:00]      OK   eval-s3r sub02/seed2026
[2026-10-05T12:29:20+08:00]   -> eval-fgw sub02/seed2026
[2026-10-05T12:29:25+08:00]      OK   eval-fgw sub02/seed2026
[2026-10-05T12:29:25+08:00] --- sub02/seed2027 : sources 1 3 4 5 6 7 8 9 10 ---
[2026-10-05T12:29:25+08:00]   -> train sub02/seed2027
[2026-10-05T12:36:51+08:00]      OK   train sub02/seed2027
[2026-10-05T12:36:51+08:00]   -> eval sub02/seed2027
[2026-10-05T12:36:56+08:00]      OK   eval sub02/seed2027
[2026-10-05T12:36:56+08:00]   -> eval-s3r sub02/seed2027
[2026-10-05T12:37:01+08:00]      OK   eval-s3r sub02/seed2027
[2026-10-05T12:37:01+08:00]   -> eval-fgw sub02/seed2027
[2026-10-05T12:37:06+08:00]      OK   eval-fgw sub02/seed2027
[2026-10-05T12:37:06+08:00] --- sub03/seed2025 : sources 1 2 4 5 6 7 8 9 10 ---
[2026-10-05T12:37:06+08:00]   -> train sub03/seed2025
