[2026-10-05T09:43:22+08:00] === v9 PIPELINE job=645154 host=dgx-10 cfg=/project/peilab/why/CLIP/configs/v9_loso_k20.yaml ===
[2026-10-05T09:43:23+08:00] shared-node co-tenants:
637691 jihuapeng pose-vggt-jointfusion
645153 spongestu hk-t1c-C4
645152 spongestu hk-t1c-C3
[2026-10-05T09:43:25+08:00] --- preflight ---
[2026-10-05T09:43:27+08:00] --- Stage A: alpha sweep on banked G3 encoders (alphas: 0.1 0.25 0.5 0.75) ---
[2026-10-05T09:43:27+08:00]   -> A a=0.1 sub01/seed2025
[2026-10-05T09:43:32+08:00]      OK   A a=0.1 sub01/seed2025
[2026-10-05T09:43:32+08:00]   -> A a=0.1 sub01/seed2026
[2026-10-05T09:43:37+08:00]      OK   A a=0.1 sub01/seed2026
[2026-10-05T09:43:37+08:00]   -> A a=0.1 sub01/seed2027
[2026-10-05T09:43:42+08:00]      OK   A a=0.1 sub01/seed2027
[2026-10-05T09:43:42+08:00]   -> A a=0.1 sub02/seed2025
[2026-10-05T09:43:47+08:00]      OK   A a=0.1 sub02/seed2025
[2026-10-05T09:43:47+08:00]   -> A a=0.1 sub02/seed2026
[2026-10-05T09:43:52+08:00]      OK   A a=0.1 sub02/seed2026
[2026-10-05T09:43:52+08:00]   -> A a=0.1 sub02/seed2027
[2026-10-05T09:43:56+08:00]      OK   A a=0.1 sub02/seed2027
[2026-10-05T09:43:56+08:00]   -> A a=0.1 sub03/seed2025
[2026-10-05T09:44:01+08:00]      OK   A a=0.1 sub03/seed2025
[2026-10-05T09:44:01+08:00]   -> A a=0.1 sub03/seed2026
[2026-10-05T09:44:06+08:00]      OK   A a=0.1 sub03/seed2026
[2026-10-05T09:44:06+08:00]   -> A a=0.1 sub03/seed2027
[2026-10-05T09:44:11+08:00]      OK   A a=0.1 sub03/seed2027
[2026-10-05T09:44:11+08:00]   -> A a=0.1 sub04/seed2025
[2026-10-05T09:44:16+08:00]      OK   A a=0.1 sub04/seed2025
[2026-10-05T09:44:16+08:00]   -> A a=0.1 sub04/seed2026
[2026-10-05T09:44:21+08:00]      OK   A a=0.1 sub04/seed2026
[2026-10-05T09:44:21+08:00]   -> A a=0.1 sub04/seed2027
[2026-10-05T09:44:26+08:00]      OK   A a=0.1 sub04/seed2027
[2026-10-05T09:44:26+08:00]   -> A a=0.1 sub05/seed2025
[2026-10-05T09:44:32+08:00]      OK   A a=0.1 sub05/seed2025
[2026-10-05T09:44:32+08:00]   -> A a=0.1 sub05/seed2026
[2026-10-05T09:44:37+08:00]      OK   A a=0.1 sub05/seed2026
[2026-10-05T09:44:37+08:00]   -> A a=0.1 sub05/seed2027
[2026-10-05T09:44:42+08:00]      OK   A a=0.1 sub05/seed2027
[2026-10-05T09:44:42+08:00]   -> A a=0.1 sub06/seed2025
[2026-10-05T09:44:47+08:00]      OK   A a=0.1 sub06/seed2025
[2026-10-05T09:44:47+08:00]   -> A a=0.1 sub06/seed2026
[2026-10-05T09:44:52+08:00]      OK   A a=0.1 sub06/seed2026
[2026-10-05T09:44:52+08:00]   -> A a=0.1 sub06/seed2027
[2026-10-05T09:44:58+08:00]      OK   A a=0.1 sub06/seed2027
[2026-10-05T09:44:58+08:00]   -> A a=0.1 sub07/seed2025
[2026-10-05T09:45:03+08:00]      OK   A a=0.1 sub07/seed2025
[2026-10-05T09:45:03+08:00]   -> A a=0.1 sub07/seed2026
[2026-10-05T09:45:08+08:00]      OK   A a=0.1 sub07/seed2026
[2026-10-05T09:45:08+08:00]   -> A a=0.1 sub07/seed2027
[2026-10-05T09:45:13+08:00]      OK   A a=0.1 sub07/seed2027
[2026-10-05T09:45:13+08:00]   -> A a=0.1 sub08/seed2025
[2026-10-05T09:45:18+08:00]      OK   A a=0.1 sub08/seed2025
[2026-10-05T09:45:18+08:00]   -> A a=0.1 sub08/seed2026
[2026-10-05T09:45:23+08:00]      OK   A a=0.1 sub08/seed2026
[2026-10-05T09:45:23+08:00]   -> A a=0.1 sub08/seed2027
[2026-10-05T09:45:28+08:00]      OK   A a=0.1 sub08/seed2027
[2026-10-05T09:45:28+08:00]   -> A a=0.1 sub09/seed2025
[2026-10-05T09:45:33+08:00]      OK   A a=0.1 sub09/seed2025
[2026-10-05T09:45:33+08:00]   -> A a=0.1 sub09/seed2026
[2026-10-05T09:45:38+08:00]      OK   A a=0.1 sub09/seed2026
[2026-10-05T09:45:38+08:00]   -> A a=0.1 sub09/seed2027
[2026-10-05T09:45:44+08:00]      OK   A a=0.1 sub09/seed2027
[2026-10-05T09:45:44+08:00]   -> A a=0.1 sub10/seed2025
[2026-10-05T09:45:49+08:00]      OK   A a=0.1 sub10/seed2025
[2026-10-05T09:45:49+08:00]   -> A a=0.1 sub10/seed2026
[2026-10-05T09:45:54+08:00]      OK   A a=0.1 sub10/seed2026
[2026-10-05T09:45:54+08:00]   -> A a=0.1 sub10/seed2027
[2026-10-05T09:45:59+08:00]      OK   A a=0.1 sub10/seed2027
[2026-10-05T09:45:59+08:00]   -> A a=0.25 sub01/seed2025
[2026-10-05T09:46:04+08:00]      OK   A a=0.25 sub01/seed2025
[2026-10-05T09:46:04+08:00]   -> A a=0.25 sub01/seed2026
[2026-10-05T09:46:09+08:00]      OK   A a=0.25 sub01/seed2026
[2026-10-05T09:46:09+08:00]   -> A a=0.25 sub01/seed2027
[2026-10-05T09:46:14+08:00]      OK   A a=0.25 sub01/seed2027
[2026-10-05T09:46:14+08:00]   -> A a=0.25 sub02/seed2025
[2026-10-05T09:46:19+08:00]      OK   A a=0.25 sub02/seed2025
[2026-10-05T09:46:19+08:00]   -> A a=0.25 sub02/seed2026
[2026-10-05T09:46:24+08:00]      OK   A a=0.25 sub02/seed2026
[2026-10-05T09:46:24+08:00]   -> A a=0.25 sub02/seed2027
[2026-10-05T09:46:29+08:00]      OK   A a=0.25 sub02/seed2027
[2026-10-05T09:46:29+08:00]   -> A a=0.25 sub03/seed2025
[2026-10-05T09:46:34+08:00]      OK   A a=0.25 sub03/seed2025
[2026-10-05T09:46:34+08:00]   -> A a=0.25 sub03/seed2026
[2026-10-05T09:46:39+08:00]      OK   A a=0.25 sub03/seed2026
[2026-10-05T09:46:39+08:00]   -> A a=0.25 sub03/seed2027
[2026-10-05T09:46:44+08:00]      OK   A a=0.25 sub03/seed2027
[2026-10-05T09:46:44+08:00]   -> A a=0.25 sub04/seed2025
[2026-10-05T09:46:49+08:00]      OK   A a=0.25 sub04/seed2025
[2026-10-05T09:46:49+08:00]   -> A a=0.25 sub04/seed2026
[2026-10-05T09:46:54+08:00]      OK   A a=0.25 sub04/seed2026
[2026-10-05T09:46:54+08:00]   -> A a=0.25 sub04/seed2027
[2026-10-05T09:46:59+08:00]      OK   A a=0.25 sub04/seed2027
[2026-10-05T09:46:59+08:00]   -> A a=0.25 sub05/seed2025
[2026-10-05T09:47:04+08:00]      OK   A a=0.25 sub05/seed2025
[2026-10-05T09:47:04+08:00]   -> A a=0.25 sub05/seed2026
[2026-10-05T09:47:09+08:00]      OK   A a=0.25 sub05/seed2026
[2026-10-05T09:47:09+08:00]   -> A a=0.25 sub05/seed2027
[2026-10-05T09:47:14+08:00]      OK   A a=0.25 sub05/seed2027
[2026-10-05T09:47:14+08:00]   -> A a=0.25 sub06/seed2025
[2026-10-05T09:47:19+08:00]      OK   A a=0.25 sub06/seed2025
[2026-10-05T09:47:19+08:00]   -> A a=0.25 sub06/seed2026
[2026-10-05T09:47:24+08:00]      OK   A a=0.25 sub06/seed2026
[2026-10-05T09:47:24+08:00]   -> A a=0.25 sub06/seed2027
[2026-10-05T09:47:29+08:00]      OK   A a=0.25 sub06/seed2027
[2026-10-05T09:47:29+08:00]   -> A a=0.25 sub07/seed2025
[2026-10-05T09:47:34+08:00]      OK   A a=0.25 sub07/seed2025
[2026-10-05T09:47:34+08:00]   -> A a=0.25 sub07/seed2026
[2026-10-05T09:47:39+08:00]      OK   A a=0.25 sub07/seed2026
[2026-10-05T09:47:39+08:00]   -> A a=0.25 sub07/seed2027
[2026-10-05T09:47:44+08:00]      OK   A a=0.25 sub07/seed2027
[2026-10-05T09:47:44+08:00]   -> A a=0.25 sub08/seed2025
[2026-10-05T09:47:49+08:00]      OK   A a=0.25 sub08/seed2025
[2026-10-05T09:47:49+08:00]   -> A a=0.25 sub08/seed2026
[2026-10-05T09:47:54+08:00]      OK   A a=0.25 sub08/seed2026
[2026-10-05T09:47:54+08:00]   -> A a=0.25 sub08/seed2027
[2026-10-05T09:47:59+08:00]      OK   A a=0.25 sub08/seed2027
[2026-10-05T09:47:59+08:00]   -> A a=0.25 sub09/seed2025
[2026-10-05T09:48:04+08:00]      OK   A a=0.25 sub09/seed2025
[2026-10-05T09:48:04+08:00]   -> A a=0.25 sub09/seed2026
[2026-10-05T09:48:09+08:00]      OK   A a=0.25 sub09/seed2026
[2026-10-05T09:48:09+08:00]   -> A a=0.25 sub09/seed2027
[2026-10-05T09:48:14+08:00]      OK   A a=0.25 sub09/seed2027
[2026-10-05T09:48:14+08:00]   -> A a=0.25 sub10/seed2025
[2026-10-05T09:48:19+08:00]      OK   A a=0.25 sub10/seed2025
[2026-10-05T09:48:19+08:00]   -> A a=0.25 sub10/seed2026
[2026-10-05T09:48:24+08:00]      OK   A a=0.25 sub10/seed2026
[2026-10-05T09:48:24+08:00]   -> A a=0.25 sub10/seed2027
[2026-10-05T09:48:29+08:00]      OK   A a=0.25 sub10/seed2027
[2026-10-05T09:48:29+08:00]   -> A a=0.5 sub01/seed2025
[2026-10-05T09:48:34+08:00]      OK   A a=0.5 sub01/seed2025
[2026-10-05T09:48:35+08:00]   -> A a=0.5 sub01/seed2026
[2026-10-05T09:48:40+08:00]      OK   A a=0.5 sub01/seed2026
[2026-10-05T09:48:40+08:00]   -> A a=0.5 sub01/seed2027
[2026-10-05T09:48:45+08:00]      OK   A a=0.5 sub01/seed2027
[2026-10-05T09:48:45+08:00]   -> A a=0.5 sub02/seed2025
[2026-10-05T09:48:50+08:00]      OK   A a=0.5 sub02/seed2025
[2026-10-05T09:48:50+08:00]   -> A a=0.5 sub02/seed2026
[2026-10-05T09:48:55+08:00]      OK   A a=0.5 sub02/seed2026
[2026-10-05T09:48:55+08:00]   -> A a=0.5 sub02/seed2027
[2026-10-05T09:49:00+08:00]      OK   A a=0.5 sub02/seed2027
[2026-10-05T09:49:00+08:00]   -> A a=0.5 sub03/seed2025
[2026-10-05T09:49:05+08:00]      OK   A a=0.5 sub03/seed2025
[2026-10-05T09:49:05+08:00]   -> A a=0.5 sub03/seed2026
[2026-10-05T09:49:10+08:00]      OK   A a=0.5 sub03/seed2026
[2026-10-05T09:49:10+08:00]   -> A a=0.5 sub03/seed2027
[2026-10-05T09:49:15+08:00]      OK   A a=0.5 sub03/seed2027
[2026-10-05T09:49:15+08:00]   -> A a=0.5 sub04/seed2025
[2026-10-05T09:49:20+08:00]      OK   A a=0.5 sub04/seed2025
[2026-10-05T09:49:20+08:00]   -> A a=0.5 sub04/seed2026
[2026-10-05T09:49:25+08:00]      OK   A a=0.5 sub04/seed2026
[2026-10-05T09:49:25+08:00]   -> A a=0.5 sub04/seed2027
[2026-10-05T09:49:30+08:00]      OK   A a=0.5 sub04/seed2027
[2026-10-05T09:49:30+08:00]   -> A a=0.5 sub05/seed2025
[2026-10-05T09:49:35+08:00]      OK   A a=0.5 sub05/seed2025
[2026-10-05T09:49:35+08:00]   -> A a=0.5 sub05/seed2026
[2026-10-05T09:49:40+08:00]      OK   A a=0.5 sub05/seed2026
[2026-10-05T09:49:40+08:00]   -> A a=0.5 sub05/seed2027
[2026-10-05T09:49:45+08:00]      OK   A a=0.5 sub05/seed2027
[2026-10-05T09:49:45+08:00]   -> A a=0.5 sub06/seed2025
[2026-10-05T09:49:50+08:00]      OK   A a=0.5 sub06/seed2025
[2026-10-05T09:49:50+08:00]   -> A a=0.5 sub06/seed2026
[2026-10-05T09:49:55+08:00]      OK   A a=0.5 sub06/seed2026
[2026-10-05T09:49:55+08:00]   -> A a=0.5 sub06/seed2027
[2026-10-05T09:50:00+08:00]      OK   A a=0.5 sub06/seed2027
[2026-10-05T09:50:00+08:00]   -> A a=0.5 sub07/seed2025
[2026-10-05T09:50:05+08:00]      OK   A a=0.5 sub07/seed2025
[2026-10-05T09:50:05+08:00]   -> A a=0.5 sub07/seed2026
[2026-10-05T09:50:11+08:00]      OK   A a=0.5 sub07/seed2026
[2026-10-05T09:50:11+08:00]   -> A a=0.5 sub07/seed2027
[2026-10-05T09:50:16+08:00]      OK   A a=0.5 sub07/seed2027
[2026-10-05T09:50:16+08:00]   -> A a=0.5 sub08/seed2025
[2026-10-05T09:50:21+08:00]      OK   A a=0.5 sub08/seed2025
[2026-10-05T09:50:21+08:00]   -> A a=0.5 sub08/seed2026
[2026-10-05T09:50:26+08:00]      OK   A a=0.5 sub08/seed2026
[2026-10-05T09:50:26+08:00]   -> A a=0.5 sub08/seed2027
[2026-10-05T09:50:31+08:00]      OK   A a=0.5 sub08/seed2027
[2026-10-05T09:50:31+08:00]   -> A a=0.5 sub09/seed2025
[2026-10-05T09:50:36+08:00]      OK   A a=0.5 sub09/seed2025
[2026-10-05T09:50:36+08:00]   -> A a=0.5 sub09/seed2026
[2026-10-05T09:50:41+08:00]      OK   A a=0.5 sub09/seed2026
[2026-10-05T09:50:41+08:00]   -> A a=0.5 sub09/seed2027
[2026-10-05T09:50:46+08:00]      OK   A a=0.5 sub09/seed2027
[2026-10-05T09:50:46+08:00]   -> A a=0.5 sub10/seed2025
[2026-10-05T09:50:51+08:00]      OK   A a=0.5 sub10/seed2025
[2026-10-05T09:50:51+08:00]   -> A a=0.5 sub10/seed2026
[2026-10-05T09:50:56+08:00]      OK   A a=0.5 sub10/seed2026
[2026-10-05T09:50:56+08:00]   -> A a=0.5 sub10/seed2027
[2026-10-05T09:51:01+08:00]      OK   A a=0.5 sub10/seed2027
[2026-10-05T09:51:01+08:00]   -> A a=0.75 sub01/seed2025
[2026-10-05T09:51:07+08:00]      OK   A a=0.75 sub01/seed2025
[2026-10-05T09:51:07+08:00]   -> A a=0.75 sub01/seed2026
[2026-10-05T09:51:12+08:00]      OK   A a=0.75 sub01/seed2026
[2026-10-05T09:51:12+08:00]   -> A a=0.75 sub01/seed2027
[2026-10-05T09:51:17+08:00]      OK   A a=0.75 sub01/seed2027
[2026-10-05T09:51:17+08:00]   -> A a=0.75 sub02/seed2025
[2026-10-05T09:51:22+08:00]      OK   A a=0.75 sub02/seed2025
[2026-10-05T09:51:22+08:00]   -> A a=0.75 sub02/seed2026
[2026-10-05T09:51:27+08:00]      OK   A a=0.75 sub02/seed2026
[2026-10-05T09:51:27+08:00]   -> A a=0.75 sub02/seed2027
[2026-10-05T09:51:32+08:00]      OK   A a=0.75 sub02/seed2027
[2026-10-05T09:51:32+08:00]   -> A a=0.75 sub03/seed2025
[2026-10-05T09:51:37+08:00]      OK   A a=0.75 sub03/seed2025
[2026-10-05T09:51:37+08:00]   -> A a=0.75 sub03/seed2026
[2026-10-05T09:51:42+08:00]      OK   A a=0.75 sub03/seed2026
[2026-10-05T09:51:42+08:00]   -> A a=0.75 sub03/seed2027
[2026-10-05T09:51:47+08:00]      OK   A a=0.75 sub03/seed2027
[2026-10-05T09:51:47+08:00]   -> A a=0.75 sub04/seed2025
[2026-10-05T09:51:52+08:00]      OK   A a=0.75 sub04/seed2025
[2026-10-05T09:51:52+08:00]   -> A a=0.75 sub04/seed2026
[2026-10-05T09:51:57+08:00]      OK   A a=0.75 sub04/seed2026
[2026-10-05T09:51:57+08:00]   -> A a=0.75 sub04/seed2027
[2026-10-05T09:52:02+08:00]      OK   A a=0.75 sub04/seed2027
[2026-10-05T09:52:02+08:00]   -> A a=0.75 sub05/seed2025
[2026-10-05T09:52:07+08:00]      OK   A a=0.75 sub05/seed2025
[2026-10-05T09:52:07+08:00]   -> A a=0.75 sub05/seed2026
[2026-10-05T09:52:12+08:00]      OK   A a=0.75 sub05/seed2026
[2026-10-05T09:52:12+08:00]   -> A a=0.75 sub05/seed2027
[2026-10-05T09:52:17+08:00]      OK   A a=0.75 sub05/seed2027
[2026-10-05T09:52:17+08:00]   -> A a=0.75 sub06/seed2025
[2026-10-05T09:52:22+08:00]      OK   A a=0.75 sub06/seed2025
[2026-10-05T09:52:22+08:00]   -> A a=0.75 sub06/seed2026
[2026-10-05T09:52:27+08:00]      OK   A a=0.75 sub06/seed2026
[2026-10-05T09:52:27+08:00]   -> A a=0.75 sub06/seed2027
[2026-10-05T09:52:32+08:00]      OK   A a=0.75 sub06/seed2027
[2026-10-05T09:52:32+08:00]   -> A a=0.75 sub07/seed2025
[2026-10-05T09:52:37+08:00]      OK   A a=0.75 sub07/seed2025
[2026-10-05T09:52:37+08:00]   -> A a=0.75 sub07/seed2026
[2026-10-05T09:52:42+08:00]      OK   A a=0.75 sub07/seed2026
[2026-10-05T09:52:42+08:00]   -> A a=0.75 sub07/seed2027
[2026-10-05T09:52:47+08:00]      OK   A a=0.75 sub07/seed2027
[2026-10-05T09:52:47+08:00]   -> A a=0.75 sub08/seed2025
[2026-10-05T09:52:52+08:00]      OK   A a=0.75 sub08/seed2025
[2026-10-05T09:52:52+08:00]   -> A a=0.75 sub08/seed2026
[2026-10-05T09:52:57+08:00]      OK   A a=0.75 sub08/seed2026
[2026-10-05T09:52:57+08:00]   -> A a=0.75 sub08/seed2027
[2026-10-05T09:53:02+08:00]      OK   A a=0.75 sub08/seed2027
[2026-10-05T09:53:03+08:00]   -> A a=0.75 sub09/seed2025
[2026-10-05T09:53:08+08:00]      OK   A a=0.75 sub09/seed2025
[2026-10-05T09:53:08+08:00]   -> A a=0.75 sub09/seed2026
[2026-10-05T09:53:13+08:00]      OK   A a=0.75 sub09/seed2026
[2026-10-05T09:53:13+08:00]   -> A a=0.75 sub09/seed2027
[2026-10-05T09:53:18+08:00]      OK   A a=0.75 sub09/seed2027
[2026-10-05T09:53:18+08:00]   -> A a=0.75 sub10/seed2025
[2026-10-05T09:53:23+08:00]      OK   A a=0.75 sub10/seed2025
[2026-10-05T09:53:23+08:00]   -> A a=0.75 sub10/seed2026
[2026-10-05T09:53:28+08:00]      OK   A a=0.75 sub10/seed2026
[2026-10-05T09:53:28+08:00]   -> A a=0.75 sub10/seed2027
[2026-10-05T09:53:33+08:00]      OK   A a=0.75 sub10/seed2027
[2026-10-05T09:53:33+08:00] --- Stage A selection (leave-one-subject-out) ---
[2026-10-05T09:53:33+08:00]   -> select-alpha
[2026-10-05T09:53:33+08:00]      OK   select-alpha
[alpha] alpha=0.1: 30 reports from outputs/eval/fgw_a0.1
[alpha] alpha=0.25: 30 reports from outputs/eval/fgw_a0.25
[alpha] alpha=0.5: 30 reports from outputs/eval/fgw_a0.5
[alpha] alpha=0.75: 30 reports from outputs/eval/fgw_a0.75
[alpha] 30 folds present in EVERY alpha: 30 runs

FULL GRID (mean over all shared runs) -- the shape is the robust evidence
   alpha     mean      sd     n
     0.1    47.63    9.14    30
    0.25    48.30    9.34    30
     0.5    48.77    9.02    30
    0.75    46.70    9.31    30

LEAVE-ONE-SUBJECT-OUT SELECTION over 10 subjects (criterion: accuracy)
  held-out  selected alpha   held-out value
     sub01             0.5            56.83   (other-subject means: 0.1:46.61, 0.25:47.31, 0.5:47.87, 0.75:45.46)
     sub02             0.5            51.00   (other-subject means: 0.1:47.39, 0.25:48.00, 0.5:48.52, 0.75:46.46)
     sub03             0.5            48.50   (other-subject means: 0.1:47.57, 0.25:48.11, 0.5:48.80, 0.75:46.80)
     sub04             0.5            33.50   (other-subject means: 0.1:49.30, 0.25:49.98, 0.5:50.46, 0.75:48.44)
     sub05             0.5            43.17   (other-subject means: 0.1:48.35, 0.25:49.09, 0.5:49.39, 0.75:47.24)
     sub06             0.5            54.67   (other-subject means: 0.1:46.91, 0.25:47.54, 0.5:48.11, 0.75:46.06)
     sub07             0.5            42.33   (other-subject means: 0.1:48.46, 0.25:49.15, 0.5:49.48, 0.75:47.59)
     sub08             0.5            40.50   (other-subject means: 0.1:48.54, 0.25:49.24, 0.5:49.69, 0.75:47.57)
     sub09             0.5            51.83   (other-subject means: 0.1:47.24, 0.25:48.00, 0.5:48.43, 0.75:46.24)
     sub10             0.5            65.33   (other-subject means: 0.1:45.96, 0.25:46.57, 0.5:46.93, 0.75:45.13)

============================================================================
NESTED-LOSO HEADLINE (each run scored by its subject's held-out-selected alpha)
  nested-LOSO mean        48.77  (n=30 runs)
  best fixed alpha        48.77  <- for reference; this one IS selected on the reported runs
  alpha chosen per-subject: {'0.5': 10}
============================================================================
[alpha] selected_alpha = 0.5  (mode of the per-subject choices)
[alpha] wrote /project/peilab/why/CLIP/outputs/fgw_alpha.json
[2026-10-05T09:53:33+08:00] alpha SELECTED by nested LOSO: 0.5
[2026-10-05T09:53:33+08:00] --- Stage B: v9 training, 10 folds x 3 seeds, soft_plan.alpha=0.5 ---
[2026-10-05T09:53:33+08:00] --- sub01/seed2025 : sources 2 3 4 5 6 7 8 9 10 ---
[2026-10-05T09:53:33+08:00]   -> train sub01/seed2025
[2026-10-05T10:00:35+08:00]      OK   train sub01/seed2025
[2026-10-05T10:00:35+08:00]   -> eval sub01/seed2025
[2026-10-05T10:00:41+08:00]      OK   eval sub01/seed2025
[2026-10-05T10:00:41+08:00]   -> eval-s3r sub01/seed2025
[2026-10-05T10:00:46+08:00]      OK   eval-s3r sub01/seed2025
[2026-10-05T10:00:46+08:00]   -> eval-fgw sub01/seed2025
[2026-10-05T10:00:51+08:00]      OK   eval-fgw sub01/seed2025
[2026-10-05T10:00:51+08:00] --- sub01/seed2026 : sources 2 3 4 5 6 7 8 9 10 ---
[2026-10-05T10:00:51+08:00]   -> train sub01/seed2026
[2026-10-05T10:08:04+08:00]      OK   train sub01/seed2026
[2026-10-05T10:08:04+08:00]   -> eval sub01/seed2026
[2026-10-05T10:08:10+08:00]      OK   eval sub01/seed2026
[2026-10-05T10:08:10+08:00]   -> eval-s3r sub01/seed2026
[2026-10-05T10:08:15+08:00]      OK   eval-s3r sub01/seed2026
[2026-10-05T10:08:15+08:00]   -> eval-fgw sub01/seed2026
[2026-10-05T10:08:20+08:00]      OK   eval-fgw sub01/seed2026
[2026-10-05T10:08:20+08:00] --- sub01/seed2027 : sources 2 3 4 5 6 7 8 9 10 ---
[2026-10-05T10:08:20+08:00]   -> train sub01/seed2027
[2026-10-05T10:15:50+08:00]      OK   train sub01/seed2027
[2026-10-05T10:15:50+08:00]   -> eval sub01/seed2027
[2026-10-05T10:15:56+08:00]      OK   eval sub01/seed2027
[2026-10-05T10:15:56+08:00]   -> eval-s3r sub01/seed2027
[2026-10-05T10:16:01+08:00]      OK   eval-s3r sub01/seed2027
[2026-10-05T10:16:01+08:00]   -> eval-fgw sub01/seed2027
[2026-10-05T10:16:07+08:00]      OK   eval-fgw sub01/seed2027
[2026-10-05T10:16:07+08:00] --- sub02/seed2025 : sources 1 3 4 5 6 7 8 9 10 ---
[2026-10-05T10:16:07+08:00]   -> train sub02/seed2025
[2026-10-05T10:23:33+08:00]      OK   train sub02/seed2025
[2026-10-05T10:23:33+08:00]   -> eval sub02/seed2025
[2026-10-05T10:23:39+08:00]      OK   eval sub02/seed2025
[2026-10-05T10:23:39+08:00]   -> eval-s3r sub02/seed2025
[2026-10-05T10:23:45+08:00]      OK   eval-s3r sub02/seed2025
[2026-10-05T10:23:45+08:00]   -> eval-fgw sub02/seed2025
[2026-10-05T10:23:50+08:00]      OK   eval-fgw sub02/seed2025
[2026-10-05T10:23:50+08:00] --- sub02/seed2026 : sources 1 3 4 5 6 7 8 9 10 ---
[2026-10-05T10:23:50+08:00]   -> train sub02/seed2026
[2026-10-05T10:31:02+08:00]      OK   train sub02/seed2026
[2026-10-05T10:31:02+08:00]   -> eval sub02/seed2026
[2026-10-05T10:31:08+08:00]      OK   eval sub02/seed2026
[2026-10-05T10:31:08+08:00]   -> eval-s3r sub02/seed2026
[2026-10-05T10:31:13+08:00]      OK   eval-s3r sub02/seed2026
[2026-10-05T10:31:13+08:00]   -> eval-fgw sub02/seed2026
[2026-10-05T10:31:19+08:00]      OK   eval-fgw sub02/seed2026
[2026-10-05T10:31:19+08:00] --- sub02/seed2027 : sources 1 3 4 5 6 7 8 9 10 ---
[2026-10-05T10:31:19+08:00]   -> train sub02/seed2027
[2026-10-05T10:38:25+08:00]      OK   train sub02/seed2027
[2026-10-05T10:38:25+08:00]   -> eval sub02/seed2027
[2026-10-05T10:38:32+08:00]      OK   eval sub02/seed2027
[2026-10-05T10:38:32+08:00]   -> eval-s3r sub02/seed2027
[2026-10-05T10:38:37+08:00]      OK   eval-s3r sub02/seed2027
[2026-10-05T10:38:37+08:00]   -> eval-fgw sub02/seed2027
[2026-10-05T10:38:42+08:00]      OK   eval-fgw sub02/seed2027
[2026-10-05T10:38:42+08:00] --- sub03/seed2025 : sources 1 2 4 5 6 7 8 9 10 ---
[2026-10-05T10:38:42+08:00]   -> train sub03/seed2025
[2026-10-05T10:45:51+08:00]      OK   train sub03/seed2025
[2026-10-05T10:45:51+08:00]   -> eval sub03/seed2025
[2026-10-05T10:45:57+08:00]      OK   eval sub03/seed2025
[2026-10-05T10:45:57+08:00]   -> eval-s3r sub03/seed2025
[2026-10-05T10:46:02+08:00]      OK   eval-s3r sub03/seed2025
[2026-10-05T10:46:02+08:00]   -> eval-fgw sub03/seed2025
[2026-10-05T10:46:07+08:00]      OK   eval-fgw sub03/seed2025
[2026-10-05T10:46:07+08:00] --- sub03/seed2026 : sources 1 2 4 5 6 7 8 9 10 ---
[2026-10-05T10:46:07+08:00]   -> train sub03/seed2026
[2026-10-05T10:53:15+08:00]      OK   train sub03/seed2026
[2026-10-05T10:53:15+08:00]   -> eval sub03/seed2026
[2026-10-05T10:53:21+08:00]      OK   eval sub03/seed2026
[2026-10-05T10:53:21+08:00]   -> eval-s3r sub03/seed2026
[2026-10-05T10:53:26+08:00]      OK   eval-s3r sub03/seed2026
[2026-10-05T10:53:26+08:00]   -> eval-fgw sub03/seed2026
[2026-10-05T10:53:31+08:00]      OK   eval-fgw sub03/seed2026
[2026-10-05T10:53:31+08:00] --- sub03/seed2027 : sources 1 2 4 5 6 7 8 9 10 ---
[2026-10-05T10:53:31+08:00]   -> train sub03/seed2027
[2026-10-05T11:00:31+08:00]      OK   train sub03/seed2027
[2026-10-05T11:00:31+08:00]   -> eval sub03/seed2027
[2026-10-05T11:00:37+08:00]      OK   eval sub03/seed2027
[2026-10-05T11:00:37+08:00]   -> eval-s3r sub03/seed2027
[2026-10-05T11:00:42+08:00]      OK   eval-s3r sub03/seed2027
[2026-10-05T11:00:42+08:00]   -> eval-fgw sub03/seed2027
[2026-10-05T11:00:47+08:00]      OK   eval-fgw sub03/seed2027
[2026-10-05T11:00:47+08:00] --- sub04/seed2025 : sources 1 2 3 5 6 7 8 9 10 ---
[2026-10-05T11:00:47+08:00]   -> train sub04/seed2025
[2026-10-05T11:07:48+08:00]      OK   train sub04/seed2025
[2026-10-05T11:07:48+08:00]   -> eval sub04/seed2025
[2026-10-05T11:07:54+08:00]      OK   eval sub04/seed2025
[2026-10-05T11:07:54+08:00]   -> eval-s3r sub04/seed2025
[2026-10-05T11:07:59+08:00]      OK   eval-s3r sub04/seed2025
[2026-10-05T11:07:59+08:00]   -> eval-fgw sub04/seed2025
[2026-10-05T11:08:04+08:00]      OK   eval-fgw sub04/seed2025
[2026-10-05T11:08:04+08:00] --- sub04/seed2026 : sources 1 2 3 5 6 7 8 9 10 ---
[2026-10-05T11:08:04+08:00]   -> train sub04/seed2026
