[alpha] alpha=0.1: 30 reports from outputs/eval/fgw_a0.1
[alpha] alpha=0.25: 30 reports from outputs/eval/fgw_a0.25
[alpha] alpha=0.5: 30 reports from outputs/eval/fgw_a0.5
[alpha] alpha=0.75: 30 reports from outputs/eval/fgw_a0.75
[alpha] 30 folds present in EVERY alpha: 30 runs

FULL GRID (mean over all shared runs) -- the shape is the robust evidence
   alpha     mean      sd     n
     0.1    47.63    9.14    30
    0.25    48.30    9.34    30
     0.5    48.77    9.02    30
    0.75    46.70    9.31    30

LEAVE-ONE-SUBJECT-OUT SELECTION over 10 subjects (criterion: accuracy)
  held-out  selected alpha   held-out value
     sub01             0.5            56.83   (other-subject means: 0.1:46.61, 0.25:47.31, 0.5:47.87, 0.75:45.46)
     sub02             0.5            51.00   (other-subject means: 0.1:47.39, 0.25:48.00, 0.5:48.52, 0.75:46.46)
     sub03             0.5            48.50   (other-subject means: 0.1:47.57, 0.25:48.11, 0.5:48.80, 0.75:46.80)
     sub04             0.5            33.50   (other-subject means: 0.1:49.30, 0.25:49.98, 0.5:50.46, 0.75:48.44)
     sub05             0.5            43.17   (other-subject means: 0.1:48.35, 0.25:49.09, 0.5:49.39, 0.75:47.24)
     sub06             0.5            54.67   (other-subject means: 0.1:46.91, 0.25:47.54, 0.5:48.11, 0.75:46.06)
     sub07             0.5            42.33   (other-subject means: 0.1:48.46, 0.25:49.15, 0.5:49.48, 0.75:47.59)
     sub08             0.5            40.50   (other-subject means: 0.1:48.54, 0.25:49.24, 0.5:49.69, 0.75:47.57)
     sub09             0.5            51.83   (other-subject means: 0.1:47.24, 0.25:48.00, 0.5:48.43, 0.75:46.24)
     sub10             0.5            65.33   (other-subject means: 0.1:45.96, 0.25:46.57, 0.5:46.93, 0.75:45.13)

============================================================================
NESTED-LOSO HEADLINE (each run scored by its subject's held-out-selected alpha)
  nested-LOSO mean        48.77  (n=30 runs)
  best fixed alpha        48.77  <- for reference; this one IS selected on the reported runs
  alpha chosen per-subject: {'0.5': 10}
============================================================================
[alpha] selected_alpha = 0.5  (mode of the per-subject choices)
[alpha] wrote /project/peilab/why/CLIP/outputs/fgw_alpha.json
