[stageA] config:
{
  "arch": "v4",
  "objective": "v4",
  "d_latent": 64,
  "d_align": 64,
  "d_embed": 64,
  "share_head_hidden": 0,
  "smn": {
    "enabled": true,
    "gate_scale": true,
    "init_gate": 0.0,
    "min_rows": 4
  },
  "n_channels": 63,
  "n_timepoints": 250,
  "n_subjects": 9,
  "d_model": 200,
  "n_heads": 4,
  "n_blocks": 2,
  "dim_ff": 512,
  "dropout": 0.5,
  "head_dropout": 0.1,
  "agg_width": 16,
  "agg_pool": 8,
  "img_head": "linear",
  "eeg_head": "mlp",
  "vicreg_cov_weight": 0.04,
  "target_fusion": "routed",
  "target_subject_dropout": 0.3,
  "router_temperature": 2.0,
  "router_layer_dropout": 0.1,
  "image": {
    "feature_set": "internvit_multilevel",
    "layers": [
      20,
      24,
      28,
      32,
      36
    ],
    "l2norm": true
  },
  "loss_weights": {
    "img": 1.0,
    "cross": 0.7,
    "mmd": 1.0,
    "spec": 0.0,
    "reg": 0.0,
    "dec": 0.0,
    "proto": 0.0,
    "rkd": 0.0,
    "adv": 0.0,
    "router": 0.05
  },
  "spec_r0": 16,
  "spec_mode": "rank",
  "keep_last_epochs": 2,
  "temp_img": 0.07,
  "temp_cross": 0.1,
  "recovery_aware": {
    "enabled": true,
    "block_per_subject": false,
    "csls_k": 20,
    "terms": [
      "img",
      "cross"
    ]
  },
  "temp_proto": 0.07,
  "softplus": true,
  "prototype_level": "concept",
  "mmd_kernel": "linear",
  "schedule": {
    "coarse_to_fine": true,
    "stage1_epochs": 20,
    "mmd_start": 0.9,
    "mmd_end": 0.5,
    "stage2_mmd": 0.0,
    "cross_start": 0.1,
    "cross_end": 0.5,
    "stage2_cross": 1.0,
    "stage2_lr": 5e-05,
    "freeze_encoder_stage2": false
  },
  "epochs": 50,
  "lr": 0.001,
  "weight_decay": 0.0001,
  "grad_clip": 1.0,
  "batch_stimuli": 128,
  "subjects_per_stimulus": 3,
  "images_per_pair": 1,
  "num_workers": 4,
  "eval_batch": 200,
  "log_every": 50,
  "seed": 2025,
  "debug_steps": null,
  "target_subject": 2,
  "source_subjects": [
    1,
    3,
    4,
    5,
    6,
    7,
    8,
    9,
    10
  ],
  "channel_set": "all63",
  "mvnn": "train",
  "calibration": {
    "center": true,
    "whiten": false,
    "csls": true,
    "recovery": false,
    "csls_k": 10,
    "rho": 0.1
  },
  "out_dir": "/project/peilab/why/CLIP/outputs/stage1/v9/sub02_k20_seed2025",
  "soft_plan": {
    "enabled": true,
    "tau": 0.1,
    "iters": 20,
    "csls_k": 20,
    "weight": 0.5,
    "block_per_subject": true,
    "alpha": 0.5,
    "fgw_outer": 10
  }
}
[loso ] sources [1, 3, 4, 5, 6, 7, 8, 9, 10] -> hold out sub-02; 9 subjects x 1654 concepts x 10 images = 148860 rows; test (200, 1, 63, 250)
[10:16:36 INFO samclip.train] Stage A | augmentation OFF (raw epochs)
[10:16:36 INFO samclip.train] Stage A | fold sub-02 held out | 1.13M params | 50 epochs | 129 batches/epoch
[10:16:36 INFO samclip.train] Stage A | schedule coarse-to-fine | stage1 20 epochs coarse 0.9->0.5, fine 0.1->0.5 @ lr 0.001 | stage2 coarse=0, fine=1 @ lr 5e-05
[10:16:36 INFO samclip.train] Stage A | arch=v4 objective=v4 | d_align=64 d_latent=64 | smn=on (gate_scale=True, init_gate=0.000, min_rows=4)
[10:16:36 INFO samclip.train] Stage A | target_fusion=routed (init weights [0.2, 0.2, 0.2, 0.2, 0.2]) | loss weights {'img': 1.0, 'cross': 0.7, 'dec': 0.0, 'mmd': 1.0, 'reg': 0.0, 'proto': 0.0, 'rkd': 0.0, 'adv': 0.0, 'spec': 0.0, 'router': 0.05}
[10:16:36 INFO samclip.train] Stage A | prototype_level=concept
[10:16:36 INFO samclip.train] epoch -1 (init) | test top1 0.50 top5 2.00 meanrank 108.6 | offset 0.982 spec_top 0.830
[10:16:37 INFO samclip.train] epoch 0 step 0/129 loss 3.3040 {'img': 5.9759, 'sc_img': 2.7269, 'sc_x': 2.3979, 'cross': 4.9039, 'mmd': 0.5778, 'router': -1.6094, 'soft_plan': 3.8473, 'sp_diag_mass': 0.0229, 'sp_entropy': 3.7126, 'total': 3.304}
[10:16:41 INFO samclip.train] epoch 0 step 50/129 loss 2.9091 {'img': 6.0116, 'sc_img': 2.68, 'sc_x': 2.3642, 'cross': 5.1544, 'mmd': 0.0852, 'router': -1.6094, 'soft_plan': 3.7886, 'sp_diag_mass': 0.0234, 'sp_entropy': 3.7347, 'total': 2.8525}
[10:16:44 INFO samclip.train] epoch 0 step 100/129 loss 2.8831 {'img': 5.9689, 'sc_img': 2.6382, 'sc_x': 2.3093, 'cross': 5.2494, 'mmd': 0.0923, 'router': -1.6094, 'soft_plan': 3.8162, 'sp_diag_mass': 0.024, 'sp_entropy': 3.708, 'total': 2.875}
[10:16:45 INFO samclip.train] epoch 0 [stage1] | lr 1.00e-03 | coarse 0.900 fine 0.100 | loss 2.8744 | test top1 0.50 top5 4.00 meanrank 97.6 | offset 0.997 spec_top 0.993 | smn_gate 0.124 | layer_w [0.199, 0.198, 0.198, 0.203, 0.203]
[10:16:46 INFO samclip.train] epoch 1 step 0/129 loss 3.0361 {'img': 6.0042, 'sc_img': 2.6151, 'sc_x': 2.2818, 'cross': 5.1317, 'mmd': 0.0593, 'router': -1.6094, 'soft_plan': 3.8055, 'sp_diag_mass': 0.0235, 'sp_entropy': 3.7311, 'total': 3.0361}
[10:16:49 INFO samclip.train] epoch 1 step 50/129 loss 3.0273 {'img': 5.9771, 'sc_img': 2.565, 'sc_x': 2.273, 'cross': 5.1442, 'mmd': 0.0637, 'router': -1.6093, 'soft_plan': 3.7839, 'sp_diag_mass': 0.0234, 'sp_entropy': 3.7336, 'total': 3.027}
[10:16:52 INFO samclip.train] epoch 1 step 100/129 loss 3.0215 {'img': 5.9867, 'sc_img': 2.5163, 'sc_x': 2.2933, 'cross': 5.0845, 'mmd': 0.0512, 'router': -1.6092, 'soft_plan': 3.78, 'sp_diag_mass': 0.0236, 'sp_entropy': 3.7411, 'total': 3.0101}
[10:16:55 INFO samclip.train] epoch 1 [stage1] | lr 1.00e-03 | coarse 0.879 fine 0.121 | loss 3.0189 | test top1 0.50 top5 3.50 meanrank 103.1 | offset 1.000 spec_top 0.988 | smn_gate 0.229 | layer_w [0.197, 0.196, 0.196, 0.204, 0.207]
[10:16:55 INFO samclip.train] epoch 2 step 0/129 loss 3.2008 {'img': 5.9974, 'sc_img': 2.4916, 'sc_x': 2.3043, 'cross': 5.0659, 'mmd': 0.0339, 'router': -1.6092, 'soft_plan': 3.792, 'sp_diag_mass': 0.0235, 'sp_entropy': 3.7227, 'total': 3.2008}
[10:16:58 INFO samclip.train] epoch 2 step 50/129 loss 3.2011 {'img': 5.975, 'sc_img': 2.4395, 'sc_x': 2.3521, 'cross': 5.0116, 'mmd': 0.0547, 'router': -1.6091, 'soft_plan': 3.7794, 'sp_diag_mass': 0.0234, 'sp_entropy': 3.7368, 'total': 3.2038}
[10:17:01 INFO samclip.train] epoch 2 step 100/129 loss 3.1979 {'img': 5.9735, 'sc_img': 2.3952, 'sc_x': 2.3918, 'cross': 4.9799, 'mmd': 0.0296, 'router': -1.609, 'soft_plan': 3.7879, 'sp_diag_mass': 0.0234, 'sp_entropy': 3.726, 'total': 3.1832}
[10:17:03 INFO samclip.train] epoch 2 [stage1] | lr 1.00e-03 | coarse 0.858 fine 0.142 | loss 3.1964 | test top1 0.50 top5 2.50 meanrank 107.5 | offset 1.000 spec_top 0.991 | smn_gate 0.328 | layer_w [0.196, 0.194, 0.195, 0.206, 0.209]
[10:17:03 INFO samclip.train] epoch 3 step 0/129 loss 3.3840 {'img': 5.9847, 'sc_img': 2.3689, 'sc_x': 2.4105, 'cross': 5.0149, 'mmd': 0.0209, 'router': -1.6089, 'soft_plan': 3.7956, 'sp_diag_mass': 0.0235, 'sp_entropy': 3.7301, 'total': 3.384}
[10:17:06 INFO samclip.train] epoch 3 step 50/129 loss 3.3806 {'img': 5.9724, 'sc_img': 2.3149, 'sc_x': 2.4404, 'cross': 4.9951, 'mmd': 0.0293, 'router': -1.6088, 'soft_plan': 3.7765, 'sp_diag_mass': 0.0236, 'sp_entropy': 3.7563, 'total': 3.3772}
[10:17:10 INFO samclip.train] epoch 3 step 100/129 loss 3.3794 {'img': 5.9729, 'sc_img': 2.2645, 'sc_x': 2.46, 'cross': 4.9372, 'mmd': 0.0317, 'router': -1.6087, 'soft_plan': 3.7754, 'sp_diag_mass': 0.0235, 'sp_entropy': 3.7505, 'total': 3.3722}
[10:17:11 INFO samclip.train] epoch 3 [stage1] | lr 1.00e-03 | coarse 0.837 fine 0.163 | loss 3.3783 | test top1 0.50 top5 3.00 meanrank 100.2 | offset 1.000 spec_top 0.973 | smn_gate 0.419 | layer_w [0.194, 0.193, 0.193, 0.208, 0.211]
[10:17:12 INFO samclip.train] epoch 4 step 0/129 loss 3.5664 {'img': 5.9667, 'sc_img': 2.2401, 'sc_x': 2.4735, 'cross': 4.9512, 'mmd': 0.0324, 'router': -1.6086, 'soft_plan': 3.7655, 'sp_diag_mass': 0.0236, 'sp_entropy': 3.748, 'total': 3.5664}
[10:17:15 INFO samclip.train] epoch 4 step 50/129 loss 3.5681 {'img': 5.9607, 'sc_img': 2.1892, 'sc_x': 2.4909, 'cross': 5.0192, 'mmd': 0.0327, 'router': -1.6086, 'soft_plan': 3.7806, 'sp_diag_mass': 0.0233, 'sp_entropy': 3.7529, 'total': 3.5818}
[10:17:18 INFO samclip.train] epoch 4 step 100/129 loss 3.5670 {'img': 5.9671, 'sc_img': 2.1424, 'sc_x': 2.4971, 'cross': 4.8533, 'mmd': 0.027, 'router': -1.6084, 'soft_plan': 3.7744, 'sp_diag_mass': 0.0234, 'sp_entropy': 3.7503, 'total': 3.5538}
[10:17:20 INFO samclip.train] epoch 4 [stage1] | lr 1.00e-03 | coarse 0.816 fine 0.184 | loss 3.5664 | test top1 0.50 top5 3.00 meanrank 101.4 | offset 1.000 spec_top 0.964 | smn_gate 0.490 | layer_w [0.194, 0.192, 0.192, 0.209, 0.213]
[10:17:20 INFO samclip.train] epoch 5 step 0/129 loss 3.7931 {'img': 5.9681, 'sc_img': 2.1151, 'sc_x': 2.503, 'cross': 4.8961, 'mmd': 0.0146, 'router': -1.6084, 'soft_plan': 3.8667, 'sp_diag_mass': 0.0236, 'sp_entropy': 3.6575, 'total': 3.7931}
[10:17:23 INFO samclip.train] epoch 5 step 50/129 loss 3.7626 {'img': 5.9759, 'sc_img': 2.0713, 'sc_x': 2.5039, 'cross': 4.8685, 'mmd': 0.0248, 'router': -1.6084, 'soft_plan': 3.7853, 'sp_diag_mass': 0.0232, 'sp_entropy': 3.739, 'total': 3.7581}
[10:17:27 INFO samclip.train] epoch 5 step 100/129 loss 3.7612 {'img': 5.9688, 'sc_img': 2.0276, 'sc_x': 2.5055, 'cross': 4.9128, 'mmd': 0.02, 'router': -1.6084, 'soft_plan': 3.8334, 'sp_diag_mass': 0.0232, 'sp_entropy': 3.7076, 'total': 3.7833}
[10:17:28 INFO samclip.train] epoch 5 [stage1] | lr 1.00e-03 | coarse 0.795 fine 0.205 | loss 3.7604 | test top1 1.00 top5 3.00 meanrank 97.8 | offset 1.000 spec_top 0.970 | smn_gate 0.559 | layer_w [0.194, 0.191, 0.192, 0.209, 0.214]
[10:17:29 INFO samclip.train] epoch 6 step 0/129 loss 3.9527 {'img': 5.9606, 'sc_img': 2.0027, 'sc_x': 2.5082, 'cross': 4.8686, 'mmd': 0.0245, 'router': -1.6083, 'soft_plan': 3.7879, 'sp_diag_mass': 0.0234, 'sp_entropy': 3.7376, 'total': 3.9527}
[10:17:32 INFO samclip.train] epoch 6 step 50/129 loss 3.9552 {'img': 5.9707, 'sc_img': 1.9535, 'sc_x': 2.508, 'cross': 4.8591, 'mmd': 0.0297, 'router': -1.6083, 'soft_plan': 3.7807, 'sp_diag_mass': 0.0235, 'sp_entropy': 3.7583, 'total': 3.954}
[10:17:35 INFO samclip.train] epoch 6 step 100/129 loss 3.9543 {'img': 5.9687, 'sc_img': 1.9071, 'sc_x': 2.5187, 'cross': 4.8895, 'mmd': 0.0241, 'router': -1.6083, 'soft_plan': 3.7976, 'sp_diag_mass': 0.0231, 'sp_entropy': 3.7413, 'total': 3.9624}
[10:17:37 INFO samclip.train] epoch 6 [stage1] | lr 1.00e-03 | coarse 0.774 fine 0.226 | loss 3.9536 | test top1 0.50 top5 2.50 meanrank 106.9 | offset 1.000 spec_top 0.985 | smn_gate 0.626 | layer_w [0.193, 0.191, 0.192, 0.209, 0.214]
[10:17:38 INFO samclip.train] epoch 7 step 0/129 loss 4.1441 {'img': 5.9636, 'sc_img': 1.8825, 'sc_x': 2.5162, 'cross': 4.8776, 'mmd': 0.0278, 'router': -1.6083, 'soft_plan': 3.7677, 'sp_diag_mass': 0.0234, 'sp_entropy': 3.7506, 'total': 4.1441}
[10:17:41 INFO samclip.train] epoch 7 step 50/129 loss 4.1509 {'img': 5.957, 'sc_img': 1.8417, 'sc_x': 2.5219, 'cross': 4.897, 'mmd': 0.033, 'router': -1.6082, 'soft_plan': 3.7645, 'sp_diag_mass': 0.0236, 'sp_entropy': 3.7564, 'total': 4.1482}
[10:17:44 INFO samclip.train] epoch 7 step 100/129 loss 4.1484 {'img': 5.9716, 'sc_img': 1.7982, 'sc_x': 2.5255, 'cross': 4.8544, 'mmd': 0.0198, 'router': -1.6082, 'soft_plan': 3.7799, 'sp_diag_mass': 0.0233, 'sp_entropy': 3.7397, 'total': 4.1422}
[10:17:45 INFO samclip.train] epoch 7 [stage1] | lr 1.00e-03 | coarse 0.753 fine 0.247 | loss 4.1478 | test top1 0.50 top5 3.00 meanrank 100.3 | offset 1.000 spec_top 0.989 | smn_gate 0.683 | layer_w [0.193, 0.191, 0.192, 0.209, 0.215]
[10:17:46 INFO samclip.train] epoch 8 step 0/129 loss 4.3417 {'img': 5.9548, 'sc_img': 1.7745, 'sc_x': 2.5256, 'cross': 4.8559, 'mmd': 0.0338, 'router': -1.6082, 'soft_plan': 3.7732, 'sp_diag_mass': 0.0235, 'sp_entropy': 3.7557, 'total': 4.3417}
[10:17:49 INFO samclip.train] epoch 8 step 50/129 loss 4.3405 {'img': 5.9644, 'sc_img': 1.7285, 'sc_x': 2.5314, 'cross': 4.8195, 'mmd': 0.0229, 'router': -1.6082, 'soft_plan': 3.814, 'sp_diag_mass': 0.0231, 'sp_entropy': 3.7395, 'total': 4.3498}
[10:17:52 INFO samclip.train] epoch 8 step 100/129 loss 4.3214 {'img': 5.7604, 'sc_img': 1.7051, 'sc_x': 2.5499, 'cross': 4.6563, 'mmd': 0.0227, 'router': -1.6081, 'soft_plan': 3.5152, 'sp_diag_mass': 0.0391, 'sp_entropy': 3.4064, 'total': 4.1149}
[10:17:53 INFO samclip.train] epoch 8 [stage1] | lr 1.00e-03 | coarse 0.732 fine 0.268 | loss 4.2788 | test top1 1.00 top5 5.50 meanrank 59.3 | offset 0.920 spec_top 1.000 | smn_gate 0.750 | layer_w [0.193, 0.191, 0.192, 0.209, 0.216]
[10:17:54 INFO samclip.train] epoch 9 step 0/129 loss 4.3045 {'img': 5.6865, 'sc_img': 1.7478, 'sc_x': 2.5888, 'cross': 4.7617, 'mmd': 0.0128, 'router': -1.6081, 'soft_plan': 3.5297, 'sp_diag_mass': 0.0412, 'sp_entropy': 3.274, 'total': 4.3045}
[10:17:57 INFO samclip.train] epoch 9 step 50/129 loss 4.3436 {'img': 5.572, 'sc_img': 1.8554, 'sc_x': 2.6475, 'cross': 4.6778, 'mmd': 0.0699, 'router': -1.6081, 'soft_plan': 5.735, 'sp_diag_mass': 0.0149, 'sp_entropy': 3.215, 'total': 5.3976}
[10:18:00 INFO samclip.train] epoch 9 step 100/129 loss 4.4335 {'img': 5.6059, 'sc_img': 1.9221, 'sc_x': 2.6552, 'cross': 4.6702, 'mmd': 0.0354, 'router': -1.6078, 'soft_plan': 3.3707, 'sp_diag_mass': 0.0438, 'sp_entropy': 3.3312, 'total': 4.1992}
[10:18:02 INFO samclip.train] epoch 9 [stage1] | lr 1.00e-03 | coarse 0.711 fine 0.289 | loss 4.4829 | test top1 1.00 top5 5.50 meanrank 56.6 | offset 0.838 spec_top 1.000 | smn_gate 0.868 | layer_w [0.191, 0.189, 0.191, 0.21, 0.219]
[10:18:03 INFO samclip.train] epoch 10 step 0/129 loss 4.4352 {'img': 5.5284, 'sc_img': 1.953, 'sc_x': 2.6636, 'cross': 4.7633, 'mmd': 0.0835, 'router': -1.6077, 'soft_plan': 3.4118, 'sp_diag_mass': 0.0468, 'sp_entropy': 3.2208, 'total': 4.4352}
[10:18:06 INFO samclip.train] epoch 10 step 50/129 loss 4.6131 {'img': 5.5445, 'sc_img': 2.0241, 'sc_x': 2.672, 'cross': 4.6888, 'mmd': 0.053, 'router': -1.6075, 'soft_plan': 3.2861, 'sp_diag_mass': 0.0518, 'sp_entropy': 3.2387, 'total': 4.3401}
[10:18:09 INFO samclip.train] epoch 10 step 100/129 loss 4.6832 {'img': 5.6179, 'sc_img': 2.0716, 'sc_x': 2.6014, 'cross': 4.6955, 'mmd': 0.1374, 'router': -1.6072, 'soft_plan': 3.3462, 'sp_diag_mass': 0.0439, 'sp_entropy': 3.4352, 'total': 4.4527}
[10:18:11 INFO samclip.train] epoch 10 [stage1] | lr 1.00e-03 | coarse 0.689 fine 0.311 | loss 4.7127 | test top1 1.00 top5 5.50 meanrank 58.1 | offset 0.675 spec_top 1.000 | smn_gate 0.977 | layer_w [0.189, 0.188, 0.19, 0.211, 0.222]
[10:18:11 INFO samclip.train] epoch 11 step 0/129 loss 4.5239 {'img': 5.5085, 'sc_img': 2.114, 'sc_x': 2.624, 'cross': 4.6165, 'mmd': 0.0567, 'router': -1.607, 'soft_plan': 3.3367, 'sp_diag_mass': 0.0496, 'sp_entropy': 3.2447, 'total': 4.5239}
[10:18:15 INFO samclip.train] epoch 11 step 50/129 loss 4.7395 {'img': 5.612, 'sc_img': 2.1862, 'sc_x': 2.663, 'cross': 4.6501, 'mmd': 0.099, 'router': -1.607, 'soft_plan': 3.3538, 'sp_diag_mass': 0.0465, 'sp_entropy': 3.3905, 'total': 4.6028}
[10:18:18 INFO samclip.train] epoch 11 step 100/129 loss 4.7733 {'img': 5.5217, 'sc_img': 2.2366, 'sc_x': 2.6751, 'cross': 4.6764, 'mmd': 0.0612, 'router': -1.6068, 'soft_plan': 3.2785, 'sp_diag_mass': 0.0521, 'sp_entropy': 3.2475, 'total': 4.5161}
[10:18:20 INFO samclip.train] epoch 11 [stage1] | lr 1.00e-03 | coarse 0.668 fine 0.332 | loss 4.7569 | test top1 1.00 top5 8.00 meanrank 50.4 | offset 0.817 spec_top 1.000 | smn_gate 1.000 | layer_w [0.188, 0.187, 0.19, 0.212, 0.224]
[10:18:20 INFO samclip.train] epoch 12 step 0/129 loss 4.8457 {'img': 5.426, 'sc_img': 2.2682, 'sc_x': 2.6859, 'cross': 4.6566, 'mmd': 0.0582, 'router': -1.6067, 'soft_plan': 3.6511, 'sp_diag_mass': 0.0515, 'sp_entropy': 3.1445, 'total': 4.8457}
[10:18:23 INFO samclip.train] epoch 12 step 50/129 loss 5.1025 {'img': 5.5352, 'sc_img': 2.3139, 'sc_x': 2.6777, 'cross': 4.7352, 'mmd': 0.0667, 'router': -1.6065, 'soft_plan': 5.5651, 'sp_diag_mass': 0.0225, 'sp_entropy': 3.1481, 'total': 5.8662}
[10:18:26 INFO samclip.train] epoch 12 step 100/129 loss 5.0685 {'img': 5.4798, 'sc_img': 2.3375, 'sc_x': 2.6799, 'cross': 4.7239, 'mmd': 0.1071, 'router': -1.6061, 'soft_plan': 3.2789, 'sp_diag_mass': 0.0491, 'sp_entropy': 3.2814, 'total': 4.7269}
[10:18:28 INFO samclip.train] epoch 12 [stage1] | lr 1.00e-03 | coarse 0.647 fine 0.353 | loss 5.0223 | test top1 1.50 top5 7.50 meanrank 52.2 | offset 0.740 spec_top 1.000 | smn_gate 1.000 | layer_w [0.186, 0.185, 0.189, 0.213, 0.228]
[10:18:29 INFO samclip.train] epoch 13 step 0/129 loss 5.2615 {'img': 5.4958, 'sc_img': 2.3609, 'sc_x': 2.6939, 'cross': 4.6993, 'mmd': 0.0832, 'router': -1.6057, 'soft_plan': 4.0134, 'sp_diag_mass': 0.0388, 'sp_entropy': 3.2368, 'total': 5.2615}
[10:18:31 INFO samclip.train] epoch 13 step 50/129 loss 5.1447 {'img': 5.5044, 'sc_img': 2.4027, 'sc_x': 2.7189, 'cross': 4.6266, 'mmd': 0.0863, 'router': -1.6055, 'soft_plan': 3.2263, 'sp_diag_mass': 0.0529, 'sp_entropy': 3.272, 'total': 4.8541}
[10:18:35 INFO samclip.train] epoch 13 step 100/129 loss 5.1147 {'img': 5.5385, 'sc_img': 2.4476, 'sc_x': 2.7224, 'cross': 4.6111, 'mmd': 0.0445, 'router': -1.6054, 'soft_plan': 4.7802, 'sp_diag_mass': 0.0272, 'sp_entropy': 3.2684, 'total': 5.6135}
[10:18:36 INFO samclip.train] epoch 13 [stage1] | lr 1.00e-03 | coarse 0.626 fine 0.374 | loss 5.1127 | test top1 2.00 top5 7.50 meanrank 46.8 | offset 0.843 spec_top 1.000 | smn_gate 1.000 | layer_w [0.184, 0.184, 0.188, 0.214, 0.23]
[10:18:37 INFO samclip.train] epoch 14 step 0/129 loss 5.0885 {'img': 5.4923, 'sc_img': 2.4689, 'sc_x': 2.7268, 'cross': 4.5499, 'mmd': 0.0689, 'router': -1.6052, 'soft_plan': 3.4037, 'sp_diag_mass': 0.0508, 'sp_entropy': 3.2055, 'total': 5.0885}
[10:18:40 INFO samclip.train] epoch 14 step 50/129 loss 5.1606 {'img': 5.3916, 'sc_img': 2.5231, 'sc_x': 2.7439, 'cross': 4.5638, 'mmd': 0.0453, 'router': -1.6052, 'soft_plan': 4.0108, 'sp_diag_mass': 0.0451, 'sp_entropy': 3.0825, 'total': 5.3418}
[10:18:43 INFO samclip.train] epoch 14 step 100/129 loss 5.1790 {'img': 5.4634, 'sc_img': 2.5567, 'sc_x': 2.763, 'cross': 4.5317, 'mmd': 0.0746, 'router': -1.605, 'soft_plan': 3.1504, 'sp_diag_mass': 0.0563, 'sp_entropy': 3.2315, 'total': 4.9489}
[10:18:45 INFO samclip.train] epoch 14 [stage1] | lr 1.00e-03 | coarse 0.605 fine 0.395 | loss 5.2330 | test top1 0.50 top5 5.50 meanrank 52.7 | offset 0.793 spec_top 1.000 | smn_gate 1.000 | layer_w [0.183, 0.184, 0.188, 0.215, 0.23]
[10:18:46 INFO samclip.train] epoch 15 step 0/129 loss 5.3577 {'img': 5.5525, 'sc_img': 2.5647, 'sc_x': 2.7689, 'cross': 4.667, 'mmd': 0.055, 'router': -1.6049, 'soft_plan': 3.4774, 'sp_diag_mass': 0.047, 'sp_entropy': 3.2415, 'total': 5.3577}
[10:18:49 INFO samclip.train] epoch 15 step 50/129 loss 5.4167 {'img': 5.4551, 'sc_img': 2.5913, 'sc_x': 2.7765, 'cross': 4.6212, 'mmd': 0.048, 'router': -1.6045, 'soft_plan': 6.2215, 'sp_diag_mass': 0.0138, 'sp_entropy': 3.1107, 'total': 6.6718}
[10:18:52 INFO samclip.train] epoch 15 step 100/129 loss 5.4166 {'img': 5.3717, 'sc_img': 2.6168, 'sc_x': 2.7676, 'cross': 4.4729, 'mmd': 0.057, 'router': -1.6043, 'soft_plan': 3.1717, 'sp_diag_mass': 0.054, 'sp_entropy': 3.1605, 'total': 5.0743}
[10:18:54 INFO samclip.train] epoch 15 [stage1] | lr 1.00e-03 | coarse 0.584 fine 0.416 | loss 5.4202 | test top1 1.50 top5 7.00 meanrank 54.4 | offset 0.975 spec_top 1.000 | smn_gate 1.000 | layer_w [0.182, 0.182, 0.187, 0.216, 0.233]
[10:18:54 INFO samclip.train] epoch 16 step 0/129 loss 5.4090 {'img': 5.447, 'sc_img': 2.6372, 'sc_x': 2.7655, 'cross': 4.5832, 'mmd': 0.0805, 'router': -1.6042, 'soft_plan': 3.3257, 'sp_diag_mass': 0.0479, 'sp_entropy': 3.3284, 'total': 5.409}
[10:18:58 INFO samclip.train] epoch 16 step 50/129 loss 5.7343 {'img': 5.5532, 'sc_img': 2.6645, 'sc_x': 2.7576, 'cross': 4.6537, 'mmd': 0.1558, 'router': -1.6042, 'soft_plan': 3.9577, 'sp_diag_mass': 0.0362, 'sp_entropy': 3.3427, 'total': 5.8353}
[10:19:01 INFO samclip.train] epoch 16 step 100/129 loss 5.6992 {'img': 5.4504, 'sc_img': 2.7018, 'sc_x': 2.7752, 'cross': 4.5714, 'mmd': 0.0687, 'router': -1.6037, 'soft_plan': 3.2024, 'sp_diag_mass': 0.0538, 'sp_entropy': 3.1447, 'total': 5.3386}
[10:19:03 INFO samclip.train] epoch 16 [stage1] | lr 1.00e-03 | coarse 0.563 fine 0.437 | loss 5.6567 | test top1 2.00 top5 7.50 meanrank 49.5 | offset 0.785 spec_top 1.000 | smn_gate 1.000 | layer_w [0.181, 0.182, 0.187, 0.216, 0.234]
[10:19:03 INFO samclip.train] epoch 17 step 0/129 loss 6.8223 {'img': 5.5224, 'sc_img': 2.7267, 'sc_x': 2.783, 'cross': 4.6052, 'mmd': 0.051, 'router': -1.6038, 'soft_plan': 5.7402, 'sp_diag_mass': 0.0146, 'sp_entropy': 3.1639, 'total': 6.8223}
[10:19:06 INFO samclip.train] epoch 17 step 50/129 loss 5.8564 {'img': 5.5533, 'sc_img': 2.7337, 'sc_x': 2.7786, 'cross': 4.6374, 'mmd': 0.1327, 'router': -1.6035, 'soft_plan': 3.4559, 'sp_diag_mass': 0.0445, 'sp_entropy': 3.3423, 'total': 5.7489}
[10:19:10 INFO samclip.train] epoch 17 step 100/129 loss 5.8424 {'img': 5.3931, 'sc_img': 2.7542, 'sc_x': 2.7899, 'cross': 4.5269, 'mmd': 0.0538, 'router': -1.6033, 'soft_plan': 3.4336, 'sp_diag_mass': 0.0537, 'sp_entropy': 3.0367, 'total': 5.5863}
[10:19:12 INFO samclip.train] epoch 17 [stage1] | lr 1.00e-03 | coarse 0.542 fine 0.458 | loss 5.8106 | test top1 1.00 top5 7.50 meanrank 47.5 | offset 0.698 spec_top 1.000 | smn_gate 1.000 | layer_w [0.18, 0.181, 0.186, 0.216, 0.236]
[10:19:12 INFO samclip.train] epoch 18 step 0/129 loss 5.6600 {'img': 5.3948, 'sc_img': 2.7685, 'sc_x': 2.7924, 'cross': 4.5892, 'mmd': 0.064, 'router': -1.6032, 'soft_plan': 3.1688, 'sp_diag_mass': 0.058, 'sp_entropy': 3.18, 'total': 5.66}
[10:19:15 INFO samclip.train] epoch 18 step 50/129 loss 5.8497 {'img': 5.3876, 'sc_img': 2.7927, 'sc_x': 2.7964, 'cross': 4.559, 'mmd': 0.0546, 'router': -1.6031, 'soft_plan': 4.8901, 'sp_diag_mass': 0.0276, 'sp_entropy': 3.0851, 'total': 6.5022}
[10:19:18 INFO samclip.train] epoch 18 step 100/129 loss 5.8611 {'img': 5.391, 'sc_img': 2.809, 'sc_x': 2.7971, 'cross': 4.5432, 'mmd': 0.0434, 'router': -1.6028, 'soft_plan': 3.1535, 'sp_diag_mass': 0.059, 'sp_entropy': 3.0473, 'total': 5.6244}
[10:19:20 INFO samclip.train] epoch 18 [stage1] | lr 1.00e-03 | coarse 0.521 fine 0.479 | loss 5.8642 | test top1 2.00 top5 8.00 meanrank 46.6 | offset 0.759 spec_top 1.000 | smn_gate 1.000 | layer_w [0.179, 0.18, 0.186, 0.217, 0.237]
[10:19:21 INFO samclip.train] epoch 19 step 0/129 loss 5.9149 {'img': 5.451, 'sc_img': 2.827, 'sc_x': 2.8078, 'cross': 4.647, 'mmd': 0.0545, 'router': -1.6029, 'soft_plan': 3.2318, 'sp_diag_mass': 0.0541, 'sp_entropy': 3.3115, 'total': 5.9149}
[10:19:24 INFO samclip.train] epoch 19 step 50/129 loss 6.1103 {'img': 5.4217, 'sc_img': 2.8492, 'sc_x': 2.7991, 'cross': 4.5969, 'mmd': 0.0652, 'router': -1.6027, 'soft_plan': 3.1593, 'sp_diag_mass': 0.0591, 'sp_entropy': 3.156, 'total': 5.8519}
[10:19:27 INFO samclip.train] epoch 19 step 100/129 loss 6.1278 {'img': 5.4621, 'sc_img': 2.8652, 'sc_x': 2.8044, 'cross': 4.5986, 'mmd': 0.0881, 'router': -1.6023, 'soft_plan': 3.6688, 'sp_diag_mass': 0.0468, 'sp_entropy': 3.2549, 'total': 6.1389}
[10:19:29 INFO samclip.train] epoch 19 [stage1] | lr 1.00e-03 | coarse 0.500 fine 0.500 | loss 6.1426 | test top1 1.00 top5 4.00 meanrank 54.6 | offset 0.834 spec_top 1.000 | smn_gate 1.000 | layer_w [0.178, 0.179, 0.186, 0.218, 0.239]
[10:19:29 INFO samclip.train] epoch 20 step 0/129 loss 10.1411 {'img': 5.4477, 'sc_img': 2.878, 'sc_x': 2.8019, 'cross': 4.492, 'router': -1.6023, 'soft_plan': 3.2583, 'sp_diag_mass': 0.0537, 'sp_entropy': 3.2775, 'total': 10.1411}
[10:19:32 INFO samclip.train] epoch 20 step 50/129 loss 10.2448 {'img': 5.4204, 'sc_img': 2.88, 'sc_x': 2.8004, 'cross': 4.536, 'router': -1.6023, 'soft_plan': 3.1464, 'sp_diag_mass': 0.0585, 'sp_entropy': 3.2263, 'total': 10.0887}
[10:19:36 INFO samclip.train] epoch 20 step 100/129 loss 10.2108 {'img': 5.335, 'sc_img': 2.8848, 'sc_x': 2.8009, 'cross': 4.5179, 'router': -1.6023, 'soft_plan': 3.0721, 'sp_diag_mass': 0.0597, 'sp_entropy': 3.1675, 'total': 9.9535}
[10:19:37 INFO samclip.train] epoch 20 [stage2] | lr 5.00e-05 | coarse 0.000 fine 1.000 | loss 10.2160 | test top1 0.50 top5 4.50 meanrank 52.8 | offset 0.837 spec_top 1.000 | smn_gate 1.000 | layer_w [0.178, 0.179, 0.186, 0.218, 0.239]
[10:19:38 INFO samclip.train] epoch 21 step 0/129 loss 9.9667 {'img': 5.3618, 'sc_img': 2.8872, 'sc_x': 2.8017, 'cross': 4.4764, 'router': -1.6023, 'soft_plan': 3.1031, 'sp_diag_mass': 0.0593, 'sp_entropy': 3.1911, 'total': 9.9667}
[10:19:41 INFO samclip.train] epoch 21 step 50/129 loss 10.1989 {'img': 5.4125, 'sc_img': 2.8902, 'sc_x': 2.803, 'cross': 4.515, 'router': -1.6024, 'soft_plan': 3.8526, 'sp_diag_mass': 0.0397, 'sp_entropy': 3.2331, 'total': 10.4192}
[10:19:44 INFO samclip.train] epoch 21 step 100/129 loss 10.1598 {'img': 5.4347, 'sc_img': 2.894, 'sc_x': 2.8047, 'cross': 4.6132, 'router': -1.6024, 'soft_plan': 3.2898, 'sp_diag_mass': 0.0537, 'sp_entropy': 3.2363, 'total': 10.2287}
[10:19:45 INFO samclip.train] epoch 21 [stage2] | lr 5.00e-05 | coarse 0.000 fine 1.000 | loss 10.1568 | test top1 0.50 top5 5.00 meanrank 51.6 | offset 0.843 spec_top 1.000 | smn_gate 1.000 | layer_w [0.178, 0.179, 0.186, 0.218, 0.238]
[10:19:46 INFO samclip.train] epoch 22 step 0/129 loss 10.2251 {'img': 5.3166, 'sc_img': 2.896, 'sc_x': 2.8053, 'cross': 4.4426, 'router': -1.6024, 'soft_plan': 3.7575, 'sp_diag_mass': 0.0452, 'sp_entropy': 3.1412, 'total': 10.2251}
[10:19:49 INFO samclip.train] epoch 22 step 50/129 loss 10.1873 {'img': 5.3405, 'sc_img': 2.8992, 'sc_x': 2.8067, 'cross': 4.5023, 'router': -1.6024, 'soft_plan': 3.1203, 'sp_diag_mass': 0.0593, 'sp_entropy': 3.1735, 'total': 9.9722}
[10:19:52 INFO samclip.train] epoch 22 step 100/129 loss 10.1466 {'img': 5.3408, 'sc_img': 2.9023, 'sc_x': 2.8084, 'cross': 4.5119, 'router': -1.6024, 'soft_plan': 3.0922, 'sp_diag_mass': 0.0591, 'sp_entropy': 3.2206, 'total': 9.9651}
[10:19:54 INFO samclip.train] epoch 22 [stage2] | lr 5.00e-05 | coarse 0.000 fine 1.000 | loss 10.1557 | test top1 0.50 top5 6.00 meanrank 51.1 | offset 0.848 spec_top 1.000 | smn_gate 1.000 | layer_w [0.178, 0.18, 0.186, 0.218, 0.238]
[10:19:54 INFO samclip.train] epoch 23 step 0/129 loss 10.2820 {'img': 5.3825, 'sc_img': 2.9042, 'sc_x': 2.8094, 'cross': 4.5092, 'router': -1.6025, 'soft_plan': 3.6463, 'sp_diag_mass': 0.0513, 'sp_entropy': 3.1746, 'total': 10.282}
[10:19:57 INFO samclip.train] epoch 23 step 50/129 loss 10.1984 {'img': 5.3778, 'sc_img': 2.9067, 'sc_x': 2.81, 'cross': 4.5089, 'router': -1.6025, 'soft_plan': 3.3242, 'sp_diag_mass': 0.0522, 'sp_entropy': 3.2123, 'total': 10.116}
[10:20:00 INFO samclip.train] epoch 23 step 100/129 loss 10.1881 {'img': 5.3174, 'sc_img': 2.9092, 'sc_x': 2.8113, 'cross': 4.4788, 'router': -1.6025, 'soft_plan': 3.0529, 'sp_diag_mass': 0.0634, 'sp_entropy': 3.145, 'total': 9.8989}
[10:20:02 INFO samclip.train] epoch 23 [stage2] | lr 5.00e-05 | coarse 0.000 fine 1.000 | loss 10.1755 | test top1 0.50 top5 6.00 meanrank 51.8 | offset 0.843 spec_top 1.000 | smn_gate 1.000 | layer_w [0.178, 0.18, 0.186, 0.218, 0.238]
[10:20:02 INFO samclip.train] epoch 24 step 0/129 loss 10.3535 {'img': 5.3904, 'sc_img': 2.9109, 'sc_x': 2.8126, 'cross': 4.5643, 'router': -1.6025, 'soft_plan': 3.6965, 'sp_diag_mass': 0.0505, 'sp_entropy': 3.156, 'total': 10.3535}
[10:20:05 INFO samclip.train] epoch 24 step 50/129 loss 10.1299 {'img': 5.3912, 'sc_img': 2.9132, 'sc_x': 2.8135, 'cross': 4.5179, 'router': -1.6026, 'soft_plan': 3.1625, 'sp_diag_mass': 0.0581, 'sp_entropy': 3.1621, 'total': 10.0549}
[10:20:08 INFO samclip.train] epoch 24 step 100/129 loss 10.1127 {'img': 5.3704, 'sc_img': 2.916, 'sc_x': 2.8154, 'cross': 4.5123, 'router': -1.6026, 'soft_plan': 3.1499, 'sp_diag_mass': 0.0565, 'sp_entropy': 3.1567, 'total': 10.0238}
[10:20:10 INFO samclip.train] epoch 24 [stage2] | lr 5.00e-05 | coarse 0.000 fine 1.000 | loss 10.1196 | test top1 0.50 top5 6.50 meanrank 50.5 | offset 0.843 spec_top 1.000 | smn_gate 1.000 | layer_w [0.179, 0.18, 0.186, 0.218, 0.238]
[10:20:10 INFO samclip.train] epoch 25 step 0/129 loss 10.2502 {'img': 5.3053, 'sc_img': 2.9174, 'sc_x': 2.8163, 'cross': 4.4759, 'router': -1.6026, 'soft_plan': 3.7837, 'sp_diag_mass': 0.0446, 'sp_entropy': 3.2033, 'total': 10.2502}
[10:20:13 INFO samclip.train] epoch 25 step 50/129 loss 10.1152 {'img': 5.3055, 'sc_img': 2.9192, 'sc_x': 2.8175, 'cross': 4.5128, 'router': -1.6026, 'soft_plan': 3.1683, 'sp_diag_mass': 0.0572, 'sp_entropy': 3.1449, 'total': 9.9685}
[10:20:16 INFO samclip.train] epoch 25 step 100/129 loss 10.1246 {'img': 5.3438, 'sc_img': 2.9216, 'sc_x': 2.8185, 'cross': 4.4401, 'router': -1.6027, 'soft_plan': 3.7145, 'sp_diag_mass': 0.0431, 'sp_entropy': 3.1558, 'total': 10.229}
[10:20:18 INFO samclip.train] epoch 25 [stage2] | lr 5.00e-05 | coarse 0.000 fine 1.000 | loss 10.1309 | test top1 1.00 top5 5.50 meanrank 50.5 | offset 0.851 spec_top 1.000 | smn_gate 1.000 | layer_w [0.179, 0.18, 0.187, 0.218, 0.237]
[10:20:19 INFO samclip.train] epoch 26 step 0/129 loss 10.0368 {'img': 5.3895, 'sc_img': 2.9228, 'sc_x': 2.8187, 'cross': 4.5128, 'router': -1.6027, 'soft_plan': 3.1371, 'sp_diag_mass': 0.0579, 'sp_entropy': 3.19, 'total': 10.0368}
[10:20:21 INFO samclip.train] epoch 26 step 50/129 loss 10.1212 {'img': 5.3052, 'sc_img': 2.9252, 'sc_x': 2.82, 'cross': 4.4603, 'router': -1.6027, 'soft_plan': 3.0666, 'sp_diag_mass': 0.0608, 'sp_entropy': 3.1465, 'total': 9.8805}
[10:20:24 INFO samclip.train] epoch 26 step 100/129 loss 10.1124 {'img': 5.3445, 'sc_img': 2.9278, 'sc_x': 2.8216, 'cross': 4.4712, 'router': -1.6028, 'soft_plan': 3.4816, 'sp_diag_mass': 0.0515, 'sp_entropy': 3.1442, 'total': 10.135}
[10:20:26 INFO samclip.train] epoch 26 [stage2] | lr 5.00e-05 | coarse 0.000 fine 1.000 | loss 10.1176 | test top1 0.50 top5 6.00 meanrank 50.6 | offset 0.849 spec_top 1.000 | smn_gate 1.000 | layer_w [0.179, 0.18, 0.187, 0.218, 0.237]
[10:20:26 INFO samclip.train] epoch 27 step 0/129 loss 10.6173 {'img': 5.31, 'sc_img': 2.9292, 'sc_x': 2.8225, 'cross': 4.5326, 'router': -1.6028, 'soft_plan': 4.4292, 'sp_diag_mass': 0.0379, 'sp_entropy': 3.1543, 'total': 10.6173}
[10:20:29 INFO samclip.train] epoch 27 step 50/129 loss 10.1347 {'img': 5.3625, 'sc_img': 2.9312, 'sc_x': 2.8234, 'cross': 4.4963, 'router': -1.6028, 'soft_plan': 3.5282, 'sp_diag_mass': 0.0489, 'sp_entropy': 3.1376, 'total': 10.1938}
[10:20:33 INFO samclip.train] epoch 27 step 100/129 loss 10.1195 {'img': 5.3721, 'sc_img': 2.9335, 'sc_x': 2.8247, 'cross': 4.5554, 'router': -1.6029, 'soft_plan': 3.8469, 'sp_diag_mass': 0.0437, 'sp_entropy': 3.1431, 'total': 10.4041}
[10:20:35 INFO samclip.train] epoch 27 [stage2] | lr 5.00e-05 | coarse 0.000 fine 1.000 | loss 10.1528 | test top1 1.00 top5 5.50 meanrank 51.2 | offset 0.855 spec_top 1.000 | smn_gate 1.000 | layer_w [0.179, 0.18, 0.187, 0.217, 0.237]
[10:20:35 INFO samclip.train] epoch 28 step 0/129 loss 10.0851 {'img': 5.4335, 'sc_img': 2.9344, 'sc_x': 2.8248, 'cross': 4.4773, 'router': -1.6029, 'soft_plan': 3.1952, 'sp_diag_mass': 0.0583, 'sp_entropy': 3.1641, 'total': 10.0851}
[10:20:38 INFO samclip.train] epoch 28 step 50/129 loss 10.0985 {'img': 5.3146, 'sc_img': 2.9365, 'sc_x': 2.8254, 'cross': 4.4522, 'router': -1.6029, 'soft_plan': 3.2773, 'sp_diag_mass': 0.0569, 'sp_entropy': 3.1396, 'total': 9.9897}
[10:20:41 INFO samclip.train] epoch 28 step 100/129 loss 10.1009 {'img': 5.3639, 'sc_img': 2.9388, 'sc_x': 2.8263, 'cross': 4.4875, 'router': -1.603, 'soft_plan': 3.7704, 'sp_diag_mass': 0.0477, 'sp_entropy': 3.1407, 'total': 10.3103}
[10:20:43 INFO samclip.train] epoch 28 [stage2] | lr 5.00e-05 | coarse 0.000 fine 1.000 | loss 10.1169 | test top1 0.50 top5 5.00 meanrank 51.2 | offset 0.852 spec_top 1.000 | smn_gate 1.000 | layer_w [0.179, 0.18, 0.187, 0.217, 0.236]
[10:20:43 INFO samclip.train] epoch 29 step 0/129 loss 10.0031 {'img': 5.348, 'sc_img': 2.9399, 'sc_x': 2.827, 'cross': 4.5155, 'router': -1.603, 'soft_plan': 3.1489, 'sp_diag_mass': 0.0568, 'sp_entropy': 3.2026, 'total': 10.0031}
[10:20:46 INFO samclip.train] epoch 29 step 50/129 loss 10.0523 {'img': 5.4216, 'sc_img': 2.9423, 'sc_x': 2.8284, 'cross': 4.6079, 'router': -1.603, 'soft_plan': 3.6828, 'sp_diag_mass': 0.0502, 'sp_entropy': 3.1831, 'total': 10.4084}
[10:20:49 INFO samclip.train] epoch 29 step 100/129 loss 10.0815 {'img': 5.3816, 'sc_img': 2.9442, 'sc_x': 2.829, 'cross': 4.524, 'router': -1.603, 'soft_plan': 3.1166, 'sp_diag_mass': 0.0598, 'sp_entropy': 3.1729, 'total': 10.0266}
[10:20:51 INFO samclip.train] epoch 29 [stage2] | lr 5.00e-05 | coarse 0.000 fine 1.000 | loss 10.0943 | test top1 0.50 top5 4.50 meanrank 51.1 | offset 0.850 spec_top 1.000 | smn_gate 1.000 | layer_w [0.179, 0.18, 0.187, 0.217, 0.236]
[10:20:51 INFO samclip.train] epoch 30 step 0/129 loss 9.9820 {'img': 5.3098, 'sc_img': 2.9455, 'sc_x': 2.8297, 'cross': 4.5292, 'router': -1.603, 'soft_plan': 3.1639, 'sp_diag_mass': 0.0562, 'sp_entropy': 3.1937, 'total': 9.982}
[10:20:54 INFO samclip.train] epoch 30 step 50/129 loss 10.0616 {'img': 5.3182, 'sc_img': 2.9477, 'sc_x': 2.8307, 'cross': 4.5141, 'router': -1.6031, 'soft_plan': 3.3549, 'sp_diag_mass': 0.0547, 'sp_entropy': 3.1745, 'total': 10.0754}
[10:20:57 INFO samclip.train] epoch 30 step 100/129 loss 10.0940 {'img': 5.3556, 'sc_img': 2.9497, 'sc_x': 2.8312, 'cross': 4.5254, 'router': -1.6031, 'soft_plan': 3.8865, 'sp_diag_mass': 0.0431, 'sp_entropy': 3.1575, 'total': 10.3865}
[10:20:59 INFO samclip.train] epoch 30 [stage2] | lr 5.00e-05 | coarse 0.000 fine 1.000 | loss 10.1030 | test top1 1.00 top5 5.50 meanrank 50.6 | offset 0.846 spec_top 1.000 | smn_gate 1.000 | layer_w [0.179, 0.181, 0.187, 0.217, 0.236]
[10:20:59 INFO samclip.train] epoch 31 step 0/129 loss 9.8697 {'img': 5.3232, 'sc_img': 2.9507, 'sc_x': 2.8314, 'cross': 4.4235, 'router': -1.6032, 'soft_plan': 3.0604, 'sp_diag_mass': 0.0596, 'sp_entropy': 3.154, 'total': 9.8697}
[10:21:02 INFO samclip.train] epoch 31 step 50/129 loss 10.1596 {'img': 5.3441, 'sc_img': 2.9524, 'sc_x': 2.8318, 'cross': 4.4626, 'router': -1.6032, 'soft_plan': 3.1358, 'sp_diag_mass': 0.0589, 'sp_entropy': 3.2094, 'total': 9.9556}
[10:21:05 INFO samclip.train] epoch 31 step 100/129 loss 10.1246 {'img': 5.26, 'sc_img': 2.9541, 'sc_x': 2.8325, 'cross': 4.4366, 'router': -1.6032, 'soft_plan': 3.0104, 'sp_diag_mass': 0.061, 'sp_entropy': 3.1374, 'total': 9.7907}
[10:21:07 INFO samclip.train] epoch 31 [stage2] | lr 5.00e-05 | coarse 0.000 fine 1.000 | loss 10.1209 | test top1 1.00 top5 5.50 meanrank 50.2 | offset 0.855 spec_top 1.000 | smn_gate 1.000 | layer_w [0.179, 0.181, 0.187, 0.217, 0.236]
[10:21:07 INFO samclip.train] epoch 32 step 0/129 loss 10.2227 {'img': 5.2968, 'sc_img': 2.9554, 'sc_x': 2.8331, 'cross': 4.4793, 'router': -1.6032, 'soft_plan': 3.7411, 'sp_diag_mass': 0.0429, 'sp_entropy': 3.1515, 'total': 10.2227}
[10:21:10 INFO samclip.train] epoch 32 step 50/129 loss 10.1380 {'img': 5.3694, 'sc_img': 2.9571, 'sc_x': 2.834, 'cross': 4.4912, 'router': -1.6033, 'soft_plan': 3.6408, 'sp_diag_mass': 0.047, 'sp_entropy': 3.211, 'total': 10.2534}
[10:21:13 INFO samclip.train] epoch 32 step 100/129 loss 10.1135 {'img': 5.2611, 'sc_img': 2.959, 'sc_x': 2.8347, 'cross': 4.4099, 'router': -1.6033, 'soft_plan': 4.7633, 'sp_diag_mass': 0.0241, 'sp_entropy': 3.1966, 'total': 10.6495}
[10:21:15 INFO samclip.train] epoch 32 [stage2] | lr 5.00e-05 | coarse 0.000 fine 1.000 | loss 10.1078 | test top1 0.50 top5 5.50 meanrank 50.2 | offset 0.852 spec_top 1.000 | smn_gate 1.000 | layer_w [0.179, 0.181, 0.188, 0.217, 0.235]
[10:21:15 INFO samclip.train] epoch 33 step 0/129 loss 10.0674 {'img': 5.3922, 'sc_img': 2.9601, 'sc_x': 2.8352, 'cross': 4.5523, 'router': -1.6033, 'soft_plan': 3.1375, 'sp_diag_mass': 0.0602, 'sp_entropy': 3.2189, 'total': 10.0674}
[10:21:18 INFO samclip.train] epoch 33 step 50/129 loss 10.0652 {'img': 5.2697, 'sc_img': 2.9623, 'sc_x': 2.8362, 'cross': 4.3979, 'router': -1.6034, 'soft_plan': 3.4181, 'sp_diag_mass': 0.0512, 'sp_entropy': 3.1785, 'total': 9.9772}
[10:21:21 INFO samclip.train] epoch 33 step 100/129 loss 10.1228 {'img': 5.3086, 'sc_img': 2.9639, 'sc_x': 2.8365, 'cross': 4.4897, 'router': -1.6034, 'soft_plan': 3.7218, 'sp_diag_mass': 0.0479, 'sp_entropy': 3.2001, 'total': 10.2322}
[10:21:23 INFO samclip.train] epoch 33 [stage2] | lr 5.00e-05 | coarse 0.000 fine 1.000 | loss 10.1190 | test top1 1.00 top5 6.00 meanrank 50.6 | offset 0.839 spec_top 1.000 | smn_gate 1.000 | layer_w [0.179, 0.181, 0.188, 0.217, 0.235]
[10:21:23 INFO samclip.train] epoch 34 step 0/129 loss 10.2223 {'img': 5.417, 'sc_img': 2.9647, 'sc_x': 2.8368, 'cross': 4.5644, 'router': -1.6034, 'soft_plan': 3.3807, 'sp_diag_mass': 0.0493, 'sp_entropy': 3.1987, 'total': 10.2223}
[10:21:26 INFO samclip.train] epoch 34 step 50/129 loss 10.0690 {'img': 5.2851, 'sc_img': 2.9663, 'sc_x': 2.8376, 'cross': 4.4123, 'router': -1.6035, 'soft_plan': 4.4467, 'sp_diag_mass': 0.0386, 'sp_entropy': 3.1026, 'total': 10.5169}
[10:21:29 INFO samclip.train] epoch 34 step 100/129 loss 10.0931 {'img': 5.373, 'sc_img': 2.968, 'sc_x': 2.8381, 'cross': 4.4454, 'router': -1.6035, 'soft_plan': 3.1797, 'sp_diag_mass': 0.0563, 'sp_entropy': 3.1423, 'total': 9.9944}
[10:21:30 INFO samclip.train] epoch 34 [stage2] | lr 5.00e-05 | coarse 0.000 fine 1.000 | loss 10.0981 | test top1 1.00 top5 6.00 meanrank 50.7 | offset 0.843 spec_top 1.000 | smn_gate 1.000 | layer_w [0.179, 0.181, 0.188, 0.217, 0.235]
[10:21:31 INFO samclip.train] epoch 35 step 0/129 loss 9.8921 {'img': 5.2896, 'sc_img': 2.9691, 'sc_x': 2.8386, 'cross': 4.4508, 'router': -1.6035, 'soft_plan': 3.1341, 'sp_diag_mass': 0.0592, 'sp_entropy': 3.1359, 'total': 9.8921}
[10:21:34 INFO samclip.train] epoch 35 step 50/129 loss 10.0621 {'img': 5.3751, 'sc_img': 2.971, 'sc_x': 2.839, 'cross': 4.5224, 'router': -1.6035, 'soft_plan': 3.2705, 'sp_diag_mass': 0.0532, 'sp_entropy': 3.2047, 'total': 10.0959}
[10:21:37 INFO samclip.train] epoch 35 step 100/129 loss 10.0974 {'img': 5.3324, 'sc_img': 2.9731, 'sc_x': 2.8398, 'cross': 4.4382, 'router': -1.6035, 'soft_plan': 4.1859, 'sp_diag_mass': 0.0397, 'sp_entropy': 3.2136, 'total': 10.4519}
[10:21:39 INFO samclip.train] epoch 35 [stage2] | lr 5.00e-05 | coarse 0.000 fine 1.000 | loss 10.0876 | test top1 0.50 top5 5.50 meanrank 50.5 | offset 0.849 spec_top 1.000 | smn_gate 1.000 | layer_w [0.179, 0.181, 0.188, 0.217, 0.234]
[10:21:39 INFO samclip.train] epoch 36 step 0/129 loss 9.9143 {'img': 5.3156, 'sc_img': 2.9744, 'sc_x': 2.8401, 'cross': 4.4588, 'router': -1.6036, 'soft_plan': 3.1155, 'sp_diag_mass': 0.0564, 'sp_entropy': 3.2145, 'total': 9.9143}
[10:21:42 INFO samclip.train] epoch 36 step 50/129 loss 10.0307 {'img': 5.2705, 'sc_img': 2.9763, 'sc_x': 2.8409, 'cross': 4.4605, 'router': -1.6036, 'soft_plan': 3.4536, 'sp_diag_mass': 0.0501, 'sp_entropy': 3.1411, 'total': 10.0394}
[10:21:45 INFO samclip.train] epoch 36 step 100/129 loss 10.0534 {'img': 5.3501, 'sc_img': 2.978, 'sc_x': 2.8417, 'cross': 4.4793, 'router': -1.6037, 'soft_plan': 3.4445, 'sp_diag_mass': 0.0518, 'sp_entropy': 3.1894, 'total': 10.1277}
[10:21:47 INFO samclip.train] epoch 36 [stage2] | lr 5.00e-05 | coarse 0.000 fine 1.000 | loss 10.0582 | test top1 0.50 top5 5.00 meanrank 51.0 | offset 0.853 spec_top 1.000 | smn_gate 1.000 | layer_w [0.18, 0.181, 0.188, 0.217, 0.234]
[10:21:47 INFO samclip.train] epoch 37 step 0/129 loss 10.0706 {'img': 5.3762, 'sc_img': 2.9791, 'sc_x': 2.842, 'cross': 4.5842, 'router': -1.6037, 'soft_plan': 3.1312, 'sp_diag_mass': 0.0609, 'sp_entropy': 3.1662, 'total': 10.0706}
[10:21:50 INFO samclip.train] epoch 37 step 50/129 loss 10.1109 {'img': 5.3943, 'sc_img': 2.9807, 'sc_x': 2.842, 'cross': 4.5678, 'router': -1.6037, 'soft_plan': 3.778, 'sp_diag_mass': 0.0441, 'sp_entropy': 3.181, 'total': 10.4006}
[10:21:53 INFO samclip.train] epoch 37 step 100/129 loss 10.1352 {'img': 5.3943, 'sc_img': 2.9822, 'sc_x': 2.8427, 'cross': 4.5101, 'router': -1.6037, 'soft_plan': 3.3328, 'sp_diag_mass': 0.0501, 'sp_entropy': 3.2493, 'total': 10.1376}
[10:21:55 INFO samclip.train] epoch 37 [stage2] | lr 5.00e-05 | coarse 0.000 fine 1.000 | loss 10.1235 | test top1 0.50 top5 5.50 meanrank 50.3 | offset 0.848 spec_top 1.000 | smn_gate 1.000 | layer_w [0.18, 0.181, 0.188, 0.217, 0.234]
[10:21:55 INFO samclip.train] epoch 38 step 0/129 loss 9.8630 {'img': 5.2935, 'sc_img': 2.9832, 'sc_x': 2.843, 'cross': 4.4432, 'router': -1.6038, 'soft_plan': 3.0789, 'sp_diag_mass': 0.0626, 'sp_entropy': 3.257, 'total': 9.863}
[10:21:58 INFO samclip.train] epoch 38 step 50/129 loss 10.0199 {'img': 5.3379, 'sc_img': 2.9849, 'sc_x': 2.844, 'cross': 4.482, 'router': -1.6038, 'soft_plan': 3.8952, 'sp_diag_mass': 0.0433, 'sp_entropy': 3.1546, 'total': 10.3427}
[10:22:01 INFO samclip.train] epoch 38 step 100/129 loss 10.0536 {'img': 5.3546, 'sc_img': 2.9867, 'sc_x': 2.8445, 'cross': 4.4245, 'router': -1.6038, 'soft_plan': 4.4568, 'sp_diag_mass': 0.0287, 'sp_entropy': 3.2038, 'total': 10.6}
[10:22:03 INFO samclip.train] epoch 38 [stage2] | lr 5.00e-05 | coarse 0.000 fine 1.000 | loss 10.0491 | test top1 0.50 top5 6.00 meanrank 50.5 | offset 0.850 spec_top 1.000 | smn_gate 1.000 | layer_w [0.18, 0.182, 0.189, 0.217, 0.234]
[10:22:03 INFO samclip.train] epoch 39 step 0/129 loss 9.8376 {'img': 5.2713, 'sc_img': 2.9876, 'sc_x': 2.8447, 'cross': 4.4804, 'router': -1.6038, 'soft_plan': 3.0204, 'sp_diag_mass': 0.0622, 'sp_entropy': 3.1491, 'total': 9.8376}
[10:22:06 INFO samclip.train] epoch 39 step 50/129 loss 10.0630 {'img': 5.3207, 'sc_img': 2.9896, 'sc_x': 2.8451, 'cross': 4.4232, 'router': -1.6038, 'soft_plan': 3.3682, 'sp_diag_mass': 0.0563, 'sp_entropy': 3.1648, 'total': 10.0209}
[10:22:09 INFO samclip.train] epoch 39 step 100/129 loss 10.0599 {'img': 5.2472, 'sc_img': 2.9914, 'sc_x': 2.8462, 'cross': 4.4385, 'router': -1.6039, 'soft_plan': 3.0556, 'sp_diag_mass': 0.0572, 'sp_entropy': 3.2444, 'total': 9.8018}
[10:22:11 INFO samclip.train] epoch 39 [stage2] | lr 5.00e-05 | coarse 0.000 fine 1.000 | loss 10.0744 | test top1 0.50 top5 5.50 meanrank 50.4 | offset 0.854 spec_top 1.000 | smn_gate 1.000 | layer_w [0.18, 0.182, 0.189, 0.217, 0.233]
[10:22:11 INFO samclip.train] epoch 40 step 0/129 loss 10.0163 {'img': 5.2881, 'sc_img': 2.9924, 'sc_x': 2.8466, 'cross': 4.4312, 'router': -1.6039, 'soft_plan': 3.4129, 'sp_diag_mass': 0.0513, 'sp_entropy': 3.1961, 'total': 10.0163}
[10:22:14 INFO samclip.train] epoch 40 step 50/129 loss 10.0742 {'img': 5.3867, 'sc_img': 2.9942, 'sc_x': 2.847, 'cross': 4.4612, 'router': -1.6039, 'soft_plan': 3.2373, 'sp_diag_mass': 0.056, 'sp_entropy': 3.2311, 'total': 10.048}
[10:22:17 INFO samclip.train] epoch 40 step 100/129 loss 10.0735 {'img': 5.3532, 'sc_img': 2.9959, 'sc_x': 2.8477, 'cross': 4.4685, 'router': -1.6039, 'soft_plan': 3.7577, 'sp_diag_mass': 0.0459, 'sp_entropy': 3.168, 'total': 10.2797}
[10:22:19 INFO samclip.train] epoch 40 [stage2] | lr 5.00e-05 | coarse 0.000 fine 1.000 | loss 10.0909 | test top1 0.50 top5 6.00 meanrank 49.9 | offset 0.845 spec_top 1.000 | smn_gate 1.000 | layer_w [0.18, 0.182, 0.189, 0.217, 0.233]
[10:22:20 INFO samclip.train] epoch 41 step 0/129 loss 10.0462 {'img': 5.3164, 'sc_img': 2.9969, 'sc_x': 2.8482, 'cross': 4.4667, 'router': -1.604, 'soft_plan': 3.3666, 'sp_diag_mass': 0.051, 'sp_entropy': 3.1438, 'total': 10.0462}
[10:22:23 INFO samclip.train] epoch 41 step 50/129 loss 10.0508 {'img': 5.4069, 'sc_img': 2.9987, 'sc_x': 2.8486, 'cross': 4.5171, 'router': -1.604, 'soft_plan': 3.1232, 'sp_diag_mass': 0.0618, 'sp_entropy': 3.2164, 'total': 10.0503}
[10:22:26 INFO samclip.train] epoch 41 step 100/129 loss 10.0743 {'img': 5.2849, 'sc_img': 3.0002, 'sc_x': 2.8488, 'cross': 4.4223, 'router': -1.604, 'soft_plan': 3.3297, 'sp_diag_mass': 0.054, 'sp_entropy': 3.1679, 'total': 9.9651}
[10:22:27 INFO samclip.train] epoch 41 [stage2] | lr 5.00e-05 | coarse 0.000 fine 1.000 | loss 10.0718 | test top1 1.00 top5 5.50 meanrank 50.7 | offset 0.847 spec_top 1.000 | smn_gate 1.000 | layer_w [0.18, 0.182, 0.189, 0.216, 0.233]
[10:22:28 INFO samclip.train] epoch 42 step 0/129 loss 10.2397 {'img': 5.3337, 'sc_img': 3.0009, 'sc_x': 2.8492, 'cross': 4.4516, 'router': -1.604, 'soft_plan': 3.7403, 'sp_diag_mass': 0.0484, 'sp_entropy': 3.1448, 'total': 10.2397}
[10:22:31 INFO samclip.train] epoch 42 step 50/129 loss 10.0704 {'img': 5.2945, 'sc_img': 3.0024, 'sc_x': 2.85, 'cross': 4.421, 'router': -1.6041, 'soft_plan': 3.5701, 'sp_diag_mass': 0.0508, 'sp_entropy': 3.1163, 'total': 10.094}
[10:22:34 INFO samclip.train] epoch 42 step 100/129 loss 10.0719 {'img': 5.3392, 'sc_img': 3.0044, 'sc_x': 2.8505, 'cross': 4.5155, 'router': -1.6041, 'soft_plan': 3.1114, 'sp_diag_mass': 0.0581, 'sp_entropy': 3.2363, 'total': 9.9756}
[10:22:36 INFO samclip.train] epoch 42 [stage2] | lr 5.00e-05 | coarse 0.000 fine 1.000 | loss 10.0585 | test top1 1.00 top5 5.00 meanrank 50.9 | offset 0.846 spec_top 1.000 | smn_gate 1.000 | layer_w [0.18, 0.182, 0.189, 0.216, 0.233]
[10:22:36 INFO samclip.train] epoch 43 step 0/129 loss 9.8520 {'img': 5.268, 'sc_img': 3.0056, 'sc_x': 2.8506, 'cross': 4.4845, 'router': -1.6041, 'soft_plan': 3.0501, 'sp_diag_mass': 0.062, 'sp_entropy': 3.1442, 'total': 9.852}
[10:22:39 INFO samclip.train] epoch 43 step 50/129 loss 10.1062 {'img': 5.4369, 'sc_img': 3.0073, 'sc_x': 2.8511, 'cross': 4.4863, 'router': -1.6041, 'soft_plan': 3.4306, 'sp_diag_mass': 0.0509, 'sp_entropy': 3.2923, 'total': 10.2125}
[10:22:42 INFO samclip.train] epoch 43 step 100/129 loss 10.0956 {'img': 5.3086, 'sc_img': 3.0092, 'sc_x': 2.8516, 'cross': 4.4634, 'router': -1.6042, 'soft_plan': 3.3755, 'sp_diag_mass': 0.0522, 'sp_entropy': 3.143, 'total': 10.0404}
[10:22:44 INFO samclip.train] epoch 43 [stage2] | lr 5.00e-05 | coarse 0.000 fine 1.000 | loss 10.0788 | test top1 1.00 top5 6.00 meanrank 50.1 | offset 0.849 spec_top 1.000 | smn_gate 1.000 | layer_w [0.18, 0.182, 0.189, 0.216, 0.232]
[10:22:44 INFO samclip.train] epoch 44 step 0/129 loss 10.1737 {'img': 5.325, 'sc_img': 3.0104, 'sc_x': 2.8522, 'cross': 4.46, 'router': -1.6042, 'soft_plan': 3.6139, 'sp_diag_mass': 0.0519, 'sp_entropy': 3.1288, 'total': 10.1737}
[10:22:47 INFO samclip.train] epoch 44 step 50/129 loss 10.0561 {'img': 5.339, 'sc_img': 3.012, 'sc_x': 2.8527, 'cross': 4.5159, 'router': -1.6042, 'soft_plan': 3.0584, 'sp_diag_mass': 0.0605, 'sp_entropy': 3.1428, 'total': 9.9492}
[10:22:50 INFO samclip.train] epoch 44 step 100/129 loss 10.1276 {'img': 5.4763, 'sc_img': 3.0136, 'sc_x': 2.8534, 'cross': 4.541, 'router': -1.6042, 'soft_plan': 4.176, 'sp_diag_mass': 0.0436, 'sp_entropy': 3.2466, 'total': 10.6628}
[10:22:52 INFO samclip.train] epoch 44 [stage2] | lr 5.00e-05 | coarse 0.000 fine 1.000 | loss 10.1209 | test top1 1.00 top5 6.00 meanrank 49.7 | offset 0.848 spec_top 1.000 | smn_gate 1.000 | layer_w [0.18, 0.182, 0.189, 0.216, 0.232]
[10:22:53 INFO samclip.train] epoch 45 step 0/129 loss 9.9973 {'img': 5.3649, 'sc_img': 3.0147, 'sc_x': 2.8536, 'cross': 4.4934, 'router': -1.6042, 'soft_plan': 3.1344, 'sp_diag_mass': 0.0584, 'sp_entropy': 3.1715, 'total': 9.9973}
[10:22:55 INFO samclip.train] epoch 45 step 50/129 loss 10.0573 {'img': 5.2892, 'sc_img': 3.016, 'sc_x': 2.8537, 'cross': 4.4385, 'router': -1.6043, 'soft_plan': 3.0188, 'sp_diag_mass': 0.0621, 'sp_entropy': 3.1685, 'total': 9.8254}
[10:22:58 INFO samclip.train] epoch 45 step 100/129 loss 10.0611 {'img': 5.3857, 'sc_img': 3.0178, 'sc_x': 2.854, 'cross': 4.5667, 'router': -1.6043, 'soft_plan': 3.4752, 'sp_diag_mass': 0.0515, 'sp_entropy': 3.178, 'total': 10.2398}
[10:23:00 INFO samclip.train] epoch 45 [stage2] | lr 5.00e-05 | coarse 0.000 fine 1.000 | loss 10.0617 | test top1 0.50 top5 5.50 meanrank 50.7 | offset 0.844 spec_top 1.000 | smn_gate 1.000 | layer_w [0.18, 0.182, 0.19, 0.216, 0.232]
[10:23:00 INFO samclip.train] epoch 46 step 0/129 loss 9.8994 {'img': 5.3127, 'sc_img': 3.0189, 'sc_x': 2.8541, 'cross': 4.4961, 'router': -1.6043, 'soft_plan': 3.0393, 'sp_diag_mass': 0.0592, 'sp_entropy': 3.1744, 'total': 9.8994}
[10:23:03 INFO samclip.train] epoch 46 step 50/129 loss 10.0777 {'img': 5.378, 'sc_img': 3.0206, 'sc_x': 2.8546, 'cross': 4.5206, 'router': -1.6044, 'soft_plan': 3.9463, 'sp_diag_mass': 0.0398, 'sp_entropy': 3.1688, 'total': 10.4354}
[10:23:06 INFO samclip.train] epoch 46 step 100/129 loss 10.0722 {'img': 5.2543, 'sc_img': 3.022, 'sc_x': 2.8547, 'cross': 4.4049, 'router': -1.6044, 'soft_plan': 3.0039, 'sp_diag_mass': 0.0619, 'sp_entropy': 3.1871, 'total': 9.7594}
[10:23:08 INFO samclip.train] epoch 46 [stage2] | lr 5.00e-05 | coarse 0.000 fine 1.000 | loss 10.0653 | test top1 1.00 top5 6.00 meanrank 50.2 | offset 0.850 spec_top 1.000 | smn_gate 1.000 | layer_w [0.18, 0.182, 0.19, 0.216, 0.231]
[10:23:08 INFO samclip.train] epoch 47 step 0/129 loss 10.0362 {'img': 5.318, 'sc_img': 3.0231, 'sc_x': 2.8553, 'cross': 4.4962, 'router': -1.6044, 'soft_plan': 3.3021, 'sp_diag_mass': 0.056, 'sp_entropy': 3.1218, 'total': 10.0362}
[10:23:11 INFO samclip.train] epoch 47 step 50/129 loss 10.0293 {'img': 5.3282, 'sc_img': 3.0248, 'sc_x': 2.8558, 'cross': 4.501, 'router': -1.6044, 'soft_plan': 4.3065, 'sp_diag_mass': 0.0409, 'sp_entropy': 3.1156, 'total': 10.552}
[10:23:14 INFO samclip.train] epoch 47 step 100/129 loss 10.0595 {'img': 5.3797, 'sc_img': 3.0266, 'sc_x': 2.856, 'cross': 4.5197, 'router': -1.6045, 'soft_plan': 3.199, 'sp_diag_mass': 0.0548, 'sp_entropy': 3.278, 'total': 10.0627}
[10:23:16 INFO samclip.train] epoch 47 [stage2] | lr 5.00e-05 | coarse 0.000 fine 1.000 | loss 10.0714 | test top1 0.50 top5 5.50 meanrank 50.1 | offset 0.847 spec_top 1.000 | smn_gate 1.000 | layer_w [0.18, 0.183, 0.19, 0.216, 0.231]
[10:23:16 INFO samclip.train] epoch 48 step 0/129 loss 9.9919 {'img': 5.39, 'sc_img': 3.0274, 'sc_x': 2.8564, 'cross': 4.4569, 'router': -1.6045, 'soft_plan': 3.1246, 'sp_diag_mass': 0.0586, 'sp_entropy': 3.125, 'total': 9.9919}
[10:23:19 INFO samclip.train] epoch 48 step 50/129 loss 10.0885 {'img': 5.2753, 'sc_img': 3.029, 'sc_x': 2.8565, 'cross': 4.4441, 'router': -1.6045, 'soft_plan': 3.4126, 'sp_diag_mass': 0.0526, 'sp_entropy': 3.1494, 'total': 10.0122}
[10:23:22 INFO samclip.train] epoch 48 step 100/129 loss 10.1173 {'img': 5.3298, 'sc_img': 3.0306, 'sc_x': 2.8565, 'cross': 4.4514, 'router': -1.6045, 'soft_plan': 3.1111, 'sp_diag_mass': 0.0575, 'sp_entropy': 3.1766, 'total': 9.9211}
[10:23:24 INFO samclip.train] epoch 48 [stage2] | lr 5.00e-05 | coarse 0.000 fine 1.000 | loss 10.0931 | test top1 0.50 top5 5.00 meanrank 50.4 | offset 0.842 spec_top 1.000 | smn_gate 1.000 | layer_w [0.181, 0.183, 0.19, 0.216, 0.231]
[10:23:24 INFO samclip.train] epoch 49 step 0/129 loss 10.0994 {'img': 5.3737, 'sc_img': 3.0314, 'sc_x': 2.8568, 'cross': 4.5374, 'router': -1.6046, 'soft_plan': 3.2595, 'sp_diag_mass': 0.0546, 'sp_entropy': 3.2578, 'total': 10.0994}
[10:23:27 INFO samclip.train] epoch 49 step 50/129 loss 10.0169 {'img': 5.3161, 'sc_img': 3.0334, 'sc_x': 2.8571, 'cross': 4.4594, 'router': -1.6046, 'soft_plan': 3.1123, 'sp_diag_mass': 0.0555, 'sp_entropy': 3.1876, 'total': 9.9135}
[10:23:30 INFO samclip.train] epoch 49 step 100/129 loss 10.0771 {'img': 5.2694, 'sc_img': 3.0352, 'sc_x': 2.8578, 'cross': 4.4265, 'router': -1.6046, 'soft_plan': 3.2889, 'sp_diag_mass': 0.0606, 'sp_entropy': 3.1537, 'total': 9.9322}
[10:23:32 INFO samclip.train] epoch 49 [stage2] | lr 5.00e-05 | coarse 0.000 fine 1.000 | loss 10.0826 | test top1 0.50 top5 6.00 meanrank 49.7 | offset 0.853 spec_top 1.000 | smn_gate 1.000 | layer_w [0.181, 0.183, 0.19, 0.216, 0.231]
[10:23:32 INFO samclip.train] Stage A done. last-epoch top1 0.50 | best-seen (diagnostic only) 2.00
[stageA] result: {
  "last": {
    "top1": 0.5,
    "top5": 6.0,
    "mean_rank": 49.66,
    "n": 200,
    "offset_ratio": 0.8528688549995422,
    "spec_top_frac": 0.9999548196792603
  },
  "best_seen": 2.0,
  "out_dir": "/project/peilab/why/CLIP/outputs/stage1/v9/sub02_k20_seed2025"
}
