[stageA] config:
{
  "arch": "v4",
  "objective": "v4",
  "d_latent": 64,
  "d_align": 64,
  "d_embed": 64,
  "share_head_hidden": 0,
  "smn": {
    "enabled": true,
    "gate_scale": true,
    "init_gate": 0.0,
    "min_rows": 4
  },
  "n_channels": 63,
  "n_timepoints": 250,
  "n_subjects": 9,
  "d_model": 200,
  "n_heads": 4,
  "n_blocks": 2,
  "dim_ff": 512,
  "dropout": 0.5,
  "head_dropout": 0.1,
  "agg_width": 16,
  "agg_pool": 8,
  "img_head": "linear",
  "eeg_head": "mlp",
  "vicreg_cov_weight": 0.04,
  "target_fusion": "routed",
  "target_subject_dropout": 0.3,
  "router_temperature": 2.0,
  "router_layer_dropout": 0.1,
  "image": {
    "feature_set": "internvit_multilevel",
    "layers": [
      20,
      24,
      28,
      32,
      36
    ],
    "l2norm": true
  },
  "loss_weights": {
    "img": 1.0,
    "cross": 0.7,
    "mmd": 1.0,
    "spec": 0.0,
    "reg": 0.0,
    "dec": 0.0,
    "proto": 0.0,
    "rkd": 0.0,
    "adv": 0.0,
    "router": 0.05
  },
  "spec_r0": 16,
  "spec_mode": "rank",
  "keep_last_epochs": 2,
  "temp_img": 0.07,
  "temp_cross": 0.1,
  "recovery_aware": {
    "enabled": true,
    "block_per_subject": false,
    "csls_k": 20,
    "terms": [
      "img",
      "cross"
    ]
  },
  "temp_proto": 0.07,
  "softplus": true,
  "prototype_level": "concept",
  "mmd_kernel": "linear",
  "schedule": {
    "coarse_to_fine": true,
    "stage1_epochs": 20,
    "mmd_start": 0.9,
    "mmd_end": 0.5,
    "stage2_mmd": 0.0,
    "cross_start": 0.1,
    "cross_end": 0.5,
    "stage2_cross": 1.0,
    "stage2_lr": 5e-05,
    "freeze_encoder_stage2": false
  },
  "epochs": 50,
  "lr": 0.001,
  "weight_decay": 0.0001,
  "grad_clip": 1.0,
  "batch_stimuli": 128,
  "subjects_per_stimulus": 3,
  "images_per_pair": 1,
  "num_workers": 4,
  "eval_batch": 200,
  "log_every": 50,
  "seed": 2026,
  "debug_steps": null,
  "target_subject": 2,
  "source_subjects": [
    1,
    3,
    4,
    5,
    6,
    7,
    8,
    9,
    10
  ],
  "channel_set": "all63",
  "mvnn": "train",
  "calibration": {
    "center": true,
    "whiten": false,
    "csls": true,
    "recovery": false,
    "csls_k": 10,
    "rho": 0.1
  },
  "out_dir": "/project/peilab/why/CLIP/outputs/stage1/v9/sub02_k20_seed2026",
  "soft_plan": {
    "enabled": true,
    "tau": 0.1,
    "iters": 20,
    "csls_k": 20,
    "weight": 0.5,
    "block_per_subject": true,
    "alpha": 0.5,
    "fgw_outer": 10
  }
}
[loso ] sources [1, 3, 4, 5, 6, 7, 8, 9, 10] -> hold out sub-02; 9 subjects x 1654 concepts x 10 images = 148860 rows; test (200, 1, 63, 250)
[10:24:03 INFO samclip.train] Stage A | augmentation OFF (raw epochs)
[10:24:03 INFO samclip.train] Stage A | fold sub-02 held out | 1.13M params | 50 epochs | 129 batches/epoch
[10:24:03 INFO samclip.train] Stage A | schedule coarse-to-fine | stage1 20 epochs coarse 0.9->0.5, fine 0.1->0.5 @ lr 0.001 | stage2 coarse=0, fine=1 @ lr 5e-05
[10:24:03 INFO samclip.train] Stage A | arch=v4 objective=v4 | d_align=64 d_latent=64 | smn=on (gate_scale=True, init_gate=0.000, min_rows=4)
[10:24:03 INFO samclip.train] Stage A | target_fusion=routed (init weights [0.2, 0.2, 0.2, 0.2, 0.2]) | loss weights {'img': 1.0, 'cross': 0.7, 'dec': 0.0, 'mmd': 1.0, 'reg': 0.0, 'proto': 0.0, 'rkd': 0.0, 'adv': 0.0, 'spec': 0.0, 'router': 0.05}
[10:24:03 INFO samclip.train] Stage A | prototype_level=concept
[10:24:03 INFO samclip.train] epoch -1 (init) | test top1 1.50 top5 2.50 meanrank 99.6 | offset 0.985 spec_top 0.836
[10:24:04 INFO samclip.train] epoch 0 step 0/129 loss 3.2957 {'img': 5.984, 'sc_img': 2.7269, 'sc_x': 2.3979, 'cross': 4.922, 'mmd': 0.5871, 'router': -1.6094, 'soft_plan': 3.8096, 'sp_diag_mass': 0.0232, 'sp_entropy': 3.7294, 'total': 3.2957}
[10:24:07 INFO samclip.train] epoch 0 step 50/129 loss 2.8993 {'img': 5.9827, 'sc_img': 2.6793, 'sc_x': 2.3756, 'cross': 5.1495, 'mmd': 0.0497, 'router': -1.6094, 'soft_plan': 3.839, 'sp_diag_mass': 0.0229, 'sp_entropy': 3.7043, 'total': 2.8425}
[10:24:10 INFO samclip.train] epoch 0 step 100/129 loss 2.8760 {'img': 5.9666, 'sc_img': 2.6428, 'sc_x': 2.3258, 'cross': 5.1871, 'mmd': 0.0627, 'router': -1.6094, 'soft_plan': 3.8053, 'sp_diag_mass': 0.0237, 'sp_entropy': 3.7161, 'total': 2.8384}
[10:24:11 INFO samclip.train] epoch 0 [stage1] | lr 1.00e-03 | coarse 0.900 fine 0.100 | loss 2.8679 | test top1 0.00 top5 4.00 meanrank 98.5 | offset 0.833 spec_top 0.980 | smn_gate 0.123 | layer_w [0.198, 0.197, 0.198, 0.203, 0.204]
[10:24:12 INFO samclip.train] epoch 1 step 0/129 loss 3.0411 {'img': 6.0074, 'sc_img': 2.6216, 'sc_x': 2.3004, 'cross': 5.1638, 'mmd': 0.0495, 'router': -1.6093, 'soft_plan': 3.8266, 'sp_diag_mass': 0.0241, 'sp_entropy': 3.6879, 'total': 3.0411}
[10:24:15 INFO samclip.train] epoch 1 step 50/129 loss 3.0420 {'img': 5.9862, 'sc_img': 2.5762, 'sc_x': 2.2436, 'cross': 5.1267, 'mmd': 0.0602, 'router': -1.6093, 'soft_plan': 3.8717, 'sp_diag_mass': 0.0226, 'sp_entropy': 3.6891, 'total': 3.0673}
[10:24:18 INFO samclip.train] epoch 1 step 100/129 loss 3.0389 {'img': 5.9704, 'sc_img': 2.5358, 'sc_x': 2.233, 'cross': 5.1515, 'mmd': 0.0429, 'router': -1.6092, 'soft_plan': 3.8113, 'sp_diag_mass': 0.0232, 'sp_entropy': 3.7152, 'total': 3.0221}
[10:24:20 INFO samclip.train] epoch 1 [stage1] | lr 1.00e-03 | coarse 0.879 fine 0.121 | loss 3.0340 | test top1 1.00 top5 4.50 meanrank 96.0 | offset 0.988 spec_top 0.981 | smn_gate 0.253 | layer_w [0.196, 0.195, 0.197, 0.205, 0.207]
[10:24:20 INFO samclip.train] epoch 2 step 0/129 loss 3.2250 {'img': 5.955, 'sc_img': 2.5083, 'sc_x': 2.243, 'cross': 5.1558, 'mmd': 0.0623, 'router': -1.6091, 'soft_plan': 3.7859, 'sp_diag_mass': 0.0235, 'sp_entropy': 3.73, 'total': 3.225}
[10:24:24 INFO samclip.train] epoch 2 step 50/129 loss 3.2075 {'img': 5.9708, 'sc_img': 2.4545, 'sc_x': 2.2893, 'cross': 5.0758, 'mmd': 0.0314, 'router': -1.609, 'soft_plan': 3.7917, 'sp_diag_mass': 0.0233, 'sp_entropy': 3.7402, 'total': 3.1957}
[10:24:27 INFO samclip.train] epoch 2 step 100/129 loss 3.1850 {'img': 5.7231, 'sc_img': 2.4237, 'sc_x': 2.3371, 'cross': 4.8969, 'mmd': 0.0319, 'router': -1.6089, 'soft_plan': 3.7437, 'sp_diag_mass': 0.0316, 'sp_entropy': 3.4166, 'total': 3.1192}
[10:24:29 INFO samclip.train] epoch 2 [stage1] | lr 1.00e-03 | coarse 0.858 fine 0.142 | loss 3.1511 | test top1 1.00 top5 5.50 meanrank 59.0 | offset 0.848 spec_top 0.995 | smn_gate 0.357 | layer_w [0.195, 0.193, 0.195, 0.207, 0.21]
[10:24:29 INFO samclip.train] epoch 3 step 0/129 loss 3.1606 {'img': 5.6664, 'sc_img': 2.43, 'sc_x': 2.3745, 'cross': 4.8957, 'mmd': 0.0248, 'router': -1.6088, 'soft_plan': 3.4733, 'sp_diag_mass': 0.0393, 'sp_entropy': 3.4032, 'total': 3.1606}
[10:24:32 INFO samclip.train] epoch 3 step 50/129 loss 3.2522 {'img': 5.5915, 'sc_img': 2.4555, 'sc_x': 2.4359, 'cross': 4.7749, 'mmd': 0.042, 'router': -1.6088, 'soft_plan': 3.618, 'sp_diag_mass': 0.0458, 'sp_entropy': 3.2014, 'total': 3.2214}
[10:24:35 INFO samclip.train] epoch 3 step 100/129 loss 3.2882 {'img': 5.6286, 'sc_img': 2.4966, 'sc_x': 2.4976, 'cross': 4.7042, 'mmd': 0.1263, 'router': -1.6087, 'soft_plan': 3.4747, 'sp_diag_mass': 0.0411, 'sp_entropy': 3.3827, 'total': 3.2182}
[10:24:37 INFO samclip.train] epoch 3 [stage1] | lr 1.00e-03 | coarse 0.837 fine 0.163 | loss 3.2951 | test top1 1.00 top5 5.00 meanrank 58.9 | offset 0.897 spec_top 0.998 | smn_gate 0.441 | layer_w [0.193, 0.192, 0.194, 0.209, 0.212]
[10:24:37 INFO samclip.train] epoch 4 step 0/129 loss 3.3067 {'img': 5.5656, 'sc_img': 2.5168, 'sc_x': 2.521, 'cross': 4.7961, 'mmd': 0.0762, 'router': -1.6085, 'soft_plan': 3.3625, 'sp_diag_mass': 0.0456, 'sp_entropy': 3.3681, 'total': 3.3067}
[10:24:40 INFO samclip.train] epoch 4 step 50/129 loss 3.6595 {'img': 5.703, 'sc_img': 2.5501, 'sc_x': 2.552, 'cross': 5.181, 'mmd': 0.1172, 'router': -1.6083, 'soft_plan': 4.7013, 'sp_diag_mass': 0.0215, 'sp_entropy': 3.301, 'total': 4.0845}
[10:24:44 INFO samclip.train] epoch 4 step 100/129 loss 3.6675 {'img': 5.7411, 'sc_img': 2.5355, 'sc_x': 2.5293, 'cross': 4.8114, 'mmd': 0.1111, 'router': -1.6078, 'soft_plan': 3.536, 'sp_diag_mass': 0.0401, 'sp_entropy': 3.4433, 'total': 3.4562}
[10:24:45 INFO samclip.train] epoch 4 [stage1] | lr 1.00e-03 | coarse 0.816 fine 0.184 | loss 3.6557 | test top1 1.00 top5 5.00 meanrank 57.0 | offset 0.977 spec_top 0.997 | smn_gate 0.579 | layer_w [0.189, 0.189, 0.191, 0.212, 0.22]
[10:24:46 INFO samclip.train] epoch 5 step 0/129 loss 3.6522 {'img': 5.6261, 'sc_img': 2.5415, 'sc_x': 2.523, 'cross': 4.8489, 'mmd': 0.0683, 'router': -1.6073, 'soft_plan': 3.6535, 'sp_diag_mass': 0.0341, 'sp_entropy': 3.4868, 'total': 3.6522}
[10:24:49 INFO samclip.train] epoch 5 step 50/129 loss 3.6693 {'img': 5.527, 'sc_img': 2.5833, 'sc_x': 2.5273, 'cross': 4.7045, 'mmd': 0.035, 'router': -1.6071, 'soft_plan': 3.2183, 'sp_diag_mass': 0.0546, 'sp_entropy': 3.1597, 'total': 3.3671}
[10:24:52 INFO samclip.train] epoch 5 step 100/129 loss 3.7315 {'img': 5.5471, 'sc_img': 2.5999, 'sc_x': 2.5524, 'cross': 4.7972, 'mmd': 0.0897, 'router': -1.6068, 'soft_plan': 3.4447, 'sp_diag_mass': 0.0449, 'sp_entropy': 3.2704, 'total': 3.5412}
[10:24:54 INFO samclip.train] epoch 5 [stage1] | lr 1.00e-03 | coarse 0.795 fine 0.205 | loss 3.7210 | test top1 1.50 top5 5.50 meanrank 55.0 | offset 0.803 spec_top 0.998 | smn_gate 0.653 | layer_w [0.187, 0.186, 0.19, 0.214, 0.223]
[10:24:54 INFO samclip.train] epoch 6 step 0/129 loss 3.7706 {'img': 5.5041, 'sc_img': 2.6208, 'sc_x': 2.5737, 'cross': 4.7468, 'mmd': 0.0547, 'router': -1.6065, 'soft_plan': 3.6219, 'sp_diag_mass': 0.0486, 'sp_entropy': 3.1514, 'total': 3.7706}
[10:24:57 INFO samclip.train] epoch 6 step 50/129 loss 3.8389 {'img': 5.5421, 'sc_img': 2.6718, 'sc_x': 2.6084, 'cross': 4.6541, 'mmd': 0.0723, 'router': -1.6065, 'soft_plan': 3.2832, 'sp_diag_mass': 0.0527, 'sp_entropy': 3.3349, 'total': 3.6088}
[10:25:00 INFO samclip.train] epoch 6 step 100/129 loss 3.9386 {'img': 5.801, 'sc_img': 2.7011, 'sc_x': 2.6334, 'cross': 4.8333, 'mmd': 0.1334, 'router': -1.6061, 'soft_plan': 4.1675, 'sp_diag_mass': 0.0225, 'sp_entropy': 3.5615, 'total': 4.1852}
[10:25:02 INFO samclip.train] epoch 6 [stage1] | lr 1.00e-03 | coarse 0.774 fine 0.226 | loss 3.9195 | test top1 1.00 top5 5.50 meanrank 57.9 | offset 0.977 spec_top 0.998 | smn_gate 0.692 | layer_w [0.185, 0.184, 0.188, 0.216, 0.227]
[10:25:02 INFO samclip.train] epoch 7 step 0/129 loss 3.7696 {'img': 5.4999, 'sc_img': 2.7, 'sc_x': 2.6312, 'cross': 4.6646, 'mmd': 0.0488, 'router': -1.6055, 'soft_plan': 3.2898, 'sp_diag_mass': 0.0481, 'sp_entropy': 3.285, 'total': 3.7696}
[10:25:06 INFO samclip.train] epoch 7 step 50/129 loss 4.0967 {'img': 5.5647, 'sc_img': 2.7455, 'sc_x': 2.6574, 'cross': 4.7095, 'mmd': 0.1174, 'router': -1.6053, 'soft_plan': 3.5255, 'sp_diag_mass': 0.043, 'sp_entropy': 3.4184, 'total': 3.9629}
[10:25:09 INFO samclip.train] epoch 7 step 100/129 loss 4.0706 {'img': 5.6258, 'sc_img': 2.7854, 'sc_x': 2.6707, 'cross': 4.725, 'mmd': 0.1315, 'router': -1.6049, 'soft_plan': 3.444, 'sp_diag_mass': 0.04, 'sp_entropy': 3.4867, 'total': 3.9505}
[10:25:11 INFO samclip.train] epoch 7 [stage1] | lr 1.00e-03 | coarse 0.753 fine 0.247 | loss 4.0828 | test top1 1.00 top5 5.50 meanrank 54.8 | offset 0.938 spec_top 0.999 | smn_gate 0.730 | layer_w [0.184, 0.183, 0.188, 0.216, 0.229]
[10:25:11 INFO samclip.train] epoch 8 step 0/129 loss 4.2820 {'img': 5.558, 'sc_img': 2.8187, 'sc_x': 2.672, 'cross': 4.7863, 'mmd': 0.1529, 'router': -1.6051, 'soft_plan': 3.7184, 'sp_diag_mass': 0.0347, 'sp_entropy': 3.5544, 'total': 4.282}
[10:25:14 INFO samclip.train] epoch 8 step 50/129 loss 4.3711 {'img': 5.4791, 'sc_img': 2.8269, 'sc_x': 2.6421, 'cross': 4.709, 'mmd': 0.0561, 'router': -1.604, 'soft_plan': 3.8655, 'sp_diag_mass': 0.0436, 'sp_entropy': 3.1855, 'total': 4.2491}
[10:25:17 INFO samclip.train] epoch 8 step 100/129 loss 4.2939 {'img': 5.8313, 'sc_img': 2.8698, 'sc_x': 2.6611, 'cross': 5.0208, 'mmd': 0.1964, 'router': -1.6037, 'soft_plan': 3.7483, 'sp_diag_mass': 0.0242, 'sp_entropy': 3.7396, 'total': 4.4463}
[10:25:19 INFO samclip.train] epoch 8 [stage1] | lr 1.00e-03 | coarse 0.732 fine 0.268 | loss 4.2818 | test top1 1.50 top5 5.50 meanrank 61.3 | offset 0.931 spec_top 0.999 | smn_gate 0.803 | layer_w [0.181, 0.181, 0.186, 0.218, 0.235]
[10:25:19 INFO samclip.train] epoch 9 step 0/129 loss 4.1677 {'img': 5.5121, 'sc_img': 2.887, 'sc_x': 2.6347, 'cross': 4.793, 'mmd': 0.0422, 'router': -1.6034, 'soft_plan': 3.3022, 'sp_diag_mass': 0.0487, 'sp_entropy': 3.2603, 'total': 4.1677}
[10:25:23 INFO samclip.train] epoch 9 step 50/129 loss 4.5350 {'img': 5.4873, 'sc_img': 2.9078, 'sc_x': 2.6527, 'cross': 4.6839, 'mmd': 0.1291, 'router': -1.603, 'soft_plan': 3.3972, 'sp_diag_mass': 0.0494, 'sp_entropy': 3.3104, 'total': 4.2477}
[10:25:26 INFO samclip.train] epoch 9 step 100/129 loss 4.4832 {'img': 5.4614, 'sc_img': 2.9663, 'sc_x': 2.6648, 'cross': 4.7623, 'mmd': 0.0799, 'router': -1.6023, 'soft_plan': 3.3022, 'sp_diag_mass': 0.0484, 'sp_entropy': 3.3158, 'total': 4.1737}
[10:25:28 INFO samclip.train] epoch 9 [stage1] | lr 1.00e-03 | coarse 0.711 fine 0.289 | loss 4.4336 | test top1 1.00 top5 5.50 meanrank 53.0 | offset 0.826 spec_top 0.999 | smn_gate 0.820 | layer_w [0.179, 0.179, 0.185, 0.219, 0.239]
[10:25:28 INFO samclip.train] epoch 10 step 0/129 loss 4.2139 {'img': 5.3782, 'sc_img': 2.9885, 'sc_x': 2.6687, 'cross': 4.607, 'mmd': 0.067, 'router': -1.602, 'soft_plan': 3.1527, 'sp_diag_mass': 0.0556, 'sp_entropy': 3.1089, 'total': 4.2139}
[10:25:31 INFO samclip.train] epoch 10 step 50/129 loss 4.5346 {'img': 5.4812, 'sc_img': 3.047, 'sc_x': 2.7071, 'cross': 4.6151, 'mmd': 0.0829, 'router': -1.6024, 'soft_plan': 5.1804, 'sp_diag_mass': 0.0191, 'sp_entropy': 3.2504, 'total': 5.2724}
[10:25:34 INFO samclip.train] epoch 10 step 100/129 loss 4.5200 {'img': 5.3843, 'sc_img': 3.0793, 'sc_x': 2.7102, 'cross': 4.6005, 'mmd': 0.0415, 'router': -1.6021, 'soft_plan': 3.5707, 'sp_diag_mass': 0.0488, 'sp_entropy': 3.1681, 'total': 4.4058}
[10:25:36 INFO samclip.train] epoch 10 [stage1] | lr 1.00e-03 | coarse 0.689 fine 0.311 | loss 4.6179 | test top1 1.00 top5 6.00 meanrank 55.8 | offset 0.894 spec_top 1.000 | smn_gate 0.829 | layer_w [0.178, 0.179, 0.185, 0.22, 0.239]
[10:25:36 INFO samclip.train] epoch 11 step 0/129 loss 4.6271 {'img': 5.4561, 'sc_img': 3.0904, 'sc_x': 2.7014, 'cross': 4.6422, 'mmd': 0.0976, 'router': -1.602, 'soft_plan': 3.5107, 'sp_diag_mass': 0.0502, 'sp_entropy': 3.2424, 'total': 4.6271}
[10:25:39 INFO samclip.train] epoch 11 step 50/129 loss 4.5857 {'img': 5.3758, 'sc_img': 3.1391, 'sc_x': 2.7135, 'cross': 4.6209, 'mmd': 0.0655, 'router': -1.6017, 'soft_plan': 3.1433, 'sp_diag_mass': 0.058, 'sp_entropy': 3.181, 'total': 4.3904}
[10:25:42 INFO samclip.train] epoch 11 step 100/129 loss 4.6879 {'img': 5.439, 'sc_img': 3.1686, 'sc_x': 2.7109, 'cross': 4.6585, 'mmd': 0.0984, 'router': -1.6013, 'soft_plan': 3.3357, 'sp_diag_mass': 0.0525, 'sp_entropy': 3.2918, 'total': 4.5382}
[10:25:44 INFO samclip.train] epoch 11 [stage1] | lr 1.00e-03 | coarse 0.668 fine 0.332 | loss 4.6824 | test top1 1.50 top5 6.50 meanrank 53.8 | offset 0.780 spec_top 0.999 | smn_gate 0.849 | layer_w [0.177, 0.178, 0.185, 0.22, 0.24]
[10:25:44 INFO samclip.train] epoch 12 step 0/129 loss 4.6445 {'img': 5.4603, 'sc_img': 3.207, 'sc_x': 2.7239, 'cross': 4.5719, 'mmd': 0.1134, 'router': -1.6014, 'soft_plan': 3.1943, 'sp_diag_mass': 0.0557, 'sp_entropy': 3.3667, 'total': 4.6445}
[10:25:48 INFO samclip.train] epoch 12 step 50/129 loss 4.9473 {'img': 5.4948, 'sc_img': 3.2303, 'sc_x': 2.7236, 'cross': 4.6686, 'mmd': 0.0744, 'router': -1.6009, 'soft_plan': 3.35, 'sp_diag_mass': 0.046, 'sp_entropy': 3.3198, 'total': 4.7332}
[10:25:51 INFO samclip.train] epoch 12 step 100/129 loss 4.9075 {'img': 5.3462, 'sc_img': 3.2553, 'sc_x': 2.7326, 'cross': 4.5644, 'mmd': 0.0409, 'router': -1.6006, 'soft_plan': 5.428, 'sp_diag_mass': 0.0277, 'sp_entropy': 3.0929, 'total': 5.6723}
[10:25:53 INFO samclip.train] epoch 12 [stage1] | lr 1.00e-03 | coarse 0.647 fine 0.353 | loss 4.9089 | test top1 2.50 top5 9.00 meanrank 52.1 | offset 0.857 spec_top 0.999 | smn_gate 0.859 | layer_w [0.176, 0.177, 0.184, 0.22, 0.243]
[10:25:53 INFO samclip.train] epoch 13 step 0/129 loss 4.7652 {'img': 5.4092, 'sc_img': 3.2738, 'sc_x': 2.7369, 'cross': 4.6389, 'mmd': 0.0668, 'router': -1.6005, 'soft_plan': 3.1373, 'sp_diag_mass': 0.0592, 'sp_entropy': 3.2301, 'total': 4.7652}
[10:25:56 INFO samclip.train] epoch 13 step 50/129 loss 4.9941 {'img': 5.4031, 'sc_img': 3.3035, 'sc_x': 2.7388, 'cross': 4.5369, 'mmd': 0.0789, 'router': -1.6007, 'soft_plan': 3.9584, 'sp_diag_mass': 0.0432, 'sp_entropy': 3.2071, 'total': 5.1544}
[10:26:00 INFO samclip.train] epoch 13 step 100/129 loss 5.0076 {'img': 5.4586, 'sc_img': 3.3287, 'sc_x': 2.7588, 'cross': 4.6237, 'mmd': 0.0615, 'router': -1.6008, 'soft_plan': 3.2358, 'sp_diag_mass': 0.0527, 'sp_entropy': 3.2453, 'total': 4.8257}
[10:26:01 INFO samclip.train] epoch 13 [stage1] | lr 1.00e-03 | coarse 0.626 fine 0.374 | loss 5.0222 | test top1 1.50 top5 9.50 meanrank 51.6 | offset 0.850 spec_top 0.999 | smn_gate 0.885 | layer_w [0.176, 0.177, 0.184, 0.221, 0.243]
[10:26:02 INFO samclip.train] epoch 14 step 0/129 loss 5.4275 {'img': 5.4832, 'sc_img': 3.3357, 'sc_x': 2.7591, 'cross': 4.6022, 'mmd': 0.0528, 'router': -1.6006, 'soft_plan': 4.079, 'sp_diag_mass': 0.0376, 'sp_entropy': 3.2072, 'total': 5.4275}
[10:26:05 INFO samclip.train] epoch 14 step 50/129 loss 5.2654 {'img': 5.3331, 'sc_img': 3.3467, 'sc_x': 2.7634, 'cross': 4.5954, 'mmd': 0.0977, 'router': -1.6003, 'soft_plan': 3.2857, 'sp_diag_mass': 0.0537, 'sp_entropy': 3.2527, 'total': 4.997}
[10:26:08 INFO samclip.train] epoch 14 step 100/129 loss 5.2754 {'img': 5.3962, 'sc_img': 3.3752, 'sc_x': 2.7675, 'cross': 4.5617, 'mmd': 0.0498, 'router': -1.5998, 'soft_plan': 5.0459, 'sp_diag_mass': 0.0294, 'sp_entropy': 3.0839, 'total': 5.8636}
[10:26:10 INFO samclip.train] epoch 14 [stage1] | lr 1.00e-03 | coarse 0.605 fine 0.395 | loss 5.2895 | test top1 2.00 top5 10.50 meanrank 50.4 | offset 0.944 spec_top 0.999 | smn_gate 0.895 | layer_w [0.174, 0.175, 0.183, 0.222, 0.245]
[10:26:10 INFO samclip.train] epoch 15 step 0/129 loss 5.2171 {'img': 5.4766, 'sc_img': 3.3701, 'sc_x': 2.7724, 'cross': 4.6041, 'mmd': 0.0671, 'router': -1.5994, 'soft_plan': 3.2813, 'sp_diag_mass': 0.0534, 'sp_entropy': 3.2546, 'total': 5.2171}
[10:26:14 INFO samclip.train] epoch 15 step 50/129 loss 5.2819 {'img': 5.244, 'sc_img': 3.3883, 'sc_x': 2.7673, 'cross': 4.4823, 'mmd': 0.0421, 'router': -1.5993, 'soft_plan': 3.0654, 'sp_diag_mass': 0.0612, 'sp_entropy': 3.0684, 'total': 4.9623}
[10:26:17 INFO samclip.train] epoch 15 step 100/129 loss 5.4745 {'img': 5.613, 'sc_img': 3.3678, 'sc_x': 2.7772, 'cross': 4.5872, 'mmd': 0.0864, 'router': -1.5981, 'soft_plan': 5.9687, 'sp_diag_mass': 0.0147, 'sp_entropy': 3.1936, 'total': 6.6239}
[10:26:18 INFO samclip.train] epoch 15 [stage1] | lr 1.00e-03 | coarse 0.584 fine 0.416 | loss 5.4964 | test top1 2.00 top5 9.00 meanrank 51.6 | offset 0.933 spec_top 1.000 | smn_gate 0.967 | layer_w [0.172, 0.173, 0.182, 0.223, 0.251]
[10:26:19 INFO samclip.train] epoch 16 step 0/129 loss 5.4434 {'img': 5.3626, 'sc_img': 3.3466, 'sc_x': 2.7637, 'cross': 4.5284, 'mmd': 0.1286, 'router': -1.5973, 'soft_plan': 3.4468, 'sp_diag_mass': 0.0406, 'sp_entropy': 3.3597, 'total': 5.4434}
[10:26:22 INFO samclip.train] epoch 16 step 50/129 loss 5.4380 {'img': 5.3182, 'sc_img': 3.3844, 'sc_x': 2.8, 'cross': 4.5437, 'mmd': 0.0426, 'router': -1.5971, 'soft_plan': 3.7024, 'sp_diag_mass': 0.0452, 'sp_entropy': 3.1763, 'total': 5.508}
[10:26:25 INFO samclip.train] epoch 16 step 100/129 loss 5.4460 {'img': 5.2584, 'sc_img': 3.4031, 'sc_x': 2.8482, 'cross': 4.444, 'mmd': 0.0501, 'router': -1.5972, 'soft_plan': 3.5329, 'sp_diag_mass': 0.0492, 'sp_entropy': 3.2263, 'total': 5.3708}
[10:26:27 INFO samclip.train] epoch 16 [stage1] | lr 1.00e-03 | coarse 0.563 fine 0.437 | loss 5.4323 | test top1 3.50 top5 12.50 meanrank 38.9 | offset 0.779 spec_top 1.000 | smn_gate 0.979 | layer_w [0.171, 0.173, 0.182, 0.224, 0.25]
[10:26:27 INFO samclip.train] epoch 17 step 0/129 loss 5.3598 {'img': 5.1985, 'sc_img': 3.4194, 'sc_x': 2.8661, 'cross': 4.5251, 'mmd': 0.0696, 'router': -1.5974, 'soft_plan': 3.1424, 'sp_diag_mass': 0.0543, 'sp_entropy': 3.238, 'total': 5.3598}
[10:26:30 INFO samclip.train] epoch 17 step 50/129 loss 5.5959 {'img': 5.3993, 'sc_img': 3.4456, 'sc_x': 2.8823, 'cross': 4.5389, 'mmd': 0.0721, 'router': -1.5973, 'soft_plan': 3.7601, 'sp_diag_mass': 0.039, 'sp_entropy': 3.3223, 'total': 5.7664}
[10:26:34 INFO samclip.train] epoch 17 step 100/129 loss 5.5544 {'img': 5.1324, 'sc_img': 3.4757, 'sc_x': 2.8944, 'cross': 4.4171, 'mmd': 0.0505, 'router': -1.5972, 'soft_plan': 3.0809, 'sp_diag_mass': 0.0582, 'sp_entropy': 3.2324, 'total': 5.2538}
[10:26:35 INFO samclip.train] epoch 17 [stage1] | lr 1.00e-03 | coarse 0.542 fine 0.458 | loss 5.5819 | test top1 3.50 top5 12.00 meanrank 39.0 | offset 0.801 spec_top 0.999 | smn_gate 1.000 | layer_w [0.17, 0.173, 0.183, 0.225, 0.25]
[10:26:36 INFO samclip.train] epoch 18 step 0/129 loss 6.4744 {'img': 5.2592, 'sc_img': 3.4919, 'sc_x': 2.9069, 'cross': 4.4837, 'mmd': 0.0557, 'router': -1.5972, 'soft_plan': 5.0061, 'sp_diag_mass': 0.0286, 'sp_entropy': 3.1012, 'total': 6.4744}
[10:26:39 INFO samclip.train] epoch 18 step 50/129 loss 5.8035 {'img': 5.3253, 'sc_img': 3.5195, 'sc_x': 2.917, 'cross': 4.5252, 'mmd': 0.0849, 'router': -1.5962, 'soft_plan': 3.2845, 'sp_diag_mass': 0.0503, 'sp_entropy': 3.3576, 'total': 5.6744}
[10:26:42 INFO samclip.train] epoch 18 step 100/129 loss 5.7931 {'img': 5.3448, 'sc_img': 3.5366, 'sc_x': 2.9158, 'cross': 4.4643, 'mmd': 0.0734, 'router': -1.5964, 'soft_plan': 3.1906, 'sp_diag_mass': 0.0535, 'sp_entropy': 3.264, 'total': 5.6103}
[10:26:44 INFO samclip.train] epoch 18 [stage1] | lr 1.00e-03 | coarse 0.521 fine 0.479 | loss 5.7699 | test top1 2.50 top5 11.00 meanrank 39.2 | offset 0.841 spec_top 0.999 | smn_gate 1.000 | layer_w [0.169, 0.171, 0.182, 0.227, 0.251]
[10:26:45 INFO samclip.train] epoch 19 step 0/129 loss 6.7851 {'img': 5.1829, 'sc_img': 3.5521, 'sc_x': 2.9232, 'cross': 4.3468, 'mmd': 0.0604, 'router': -1.596, 'soft_plan': 5.4438, 'sp_diag_mass': 0.0159, 'sp_entropy': 3.1705, 'total': 6.7851}
[10:26:48 INFO samclip.train] epoch 19 step 50/129 loss 5.8925 {'img': 5.2435, 'sc_img': 3.5869, 'sc_x': 2.9553, 'cross': 4.3972, 'mmd': 0.0601, 'router': -1.5959, 'soft_plan': 3.196, 'sp_diag_mass': 0.0549, 'sp_entropy': 3.2441, 'total': 5.709}
[10:26:51 INFO samclip.train] epoch 19 step 100/129 loss 5.9047 {'img': 5.1477, 'sc_img': 3.5991, 'sc_x': 2.9518, 'cross': 4.4017, 'mmd': 0.0642, 'router': -1.5957, 'soft_plan': 3.1053, 'sp_diag_mass': 0.0582, 'sp_entropy': 3.2063, 'total': 5.6194}
[10:26:53 INFO samclip.train] epoch 19 [stage1] | lr 1.00e-03 | coarse 0.500 fine 0.500 | loss 5.9254 | test top1 1.50 top5 11.50 meanrank 37.2 | offset 0.831 spec_top 0.999 | smn_gate 1.000 | layer_w [0.167, 0.17, 0.182, 0.228, 0.253]
[10:26:54 INFO samclip.train] epoch 20 step 0/129 loss 10.0044 {'img': 5.3973, 'sc_img': 3.6133, 'sc_x': 2.9473, 'cross': 4.4175, 'router': -1.5952, 'soft_plan': 3.1892, 'sp_diag_mass': 0.0524, 'sp_entropy': 3.3061, 'total': 10.0044}
[10:26:57 INFO samclip.train] epoch 20 step 50/129 loss 9.8667 {'img': 5.0936, 'sc_img': 3.6149, 'sc_x': 2.9481, 'cross': 4.3005, 'router': -1.5952, 'soft_plan': 3.1476, 'sp_diag_mass': 0.0536, 'sp_entropy': 3.2123, 'total': 9.5979}
[10:26:59 INFO samclip.train] epoch 20 step 100/129 loss 9.8287 {'img': 4.9979, 'sc_img': 3.6198, 'sc_x': 2.9496, 'cross': 4.3757, 'router': -1.5953, 'soft_plan': 3.6346, 'sp_diag_mass': 0.0496, 'sp_entropy': 3.1063, 'total': 9.7984}
[10:27:01 INFO samclip.train] epoch 20 [stage2] | lr 5.00e-05 | coarse 0.000 fine 1.000 | loss 9.8187 | test top1 4.00 top5 15.00 meanrank 35.9 | offset 0.796 spec_top 0.999 | smn_gate 1.000 | layer_w [0.167, 0.171, 0.182, 0.228, 0.252]
[10:27:02 INFO samclip.train] epoch 21 step 0/129 loss 9.5575 {'img': 5.0919, 'sc_img': 3.6223, 'sc_x': 2.951, 'cross': 4.3467, 'router': -1.5954, 'soft_plan': 3.0055, 'sp_diag_mass': 0.0613, 'sp_entropy': 3.1651, 'total': 9.5575}
[10:27:05 INFO samclip.train] epoch 21 step 50/129 loss 9.7098 {'img': 5.0194, 'sc_img': 3.6256, 'sc_x': 2.9529, 'cross': 4.322, 'router': -1.5954, 'soft_plan': 3.0204, 'sp_diag_mass': 0.063, 'sp_entropy': 3.1385, 'total': 9.4752}
[10:27:07 INFO samclip.train] epoch 21 step 100/129 loss 9.7363 {'img': 5.0563, 'sc_img': 3.6289, 'sc_x': 2.9552, 'cross': 4.3359, 'router': -1.5955, 'soft_plan': 3.1558, 'sp_diag_mass': 0.0567, 'sp_entropy': 3.2304, 'total': 9.5896}
[10:27:09 INFO samclip.train] epoch 21 [stage2] | lr 5.00e-05 | coarse 0.000 fine 1.000 | loss 9.7371 | test top1 3.00 top5 16.50 meanrank 35.0 | offset 0.773 spec_top 0.999 | smn_gate 1.000 | layer_w [0.168, 0.171, 0.182, 0.227, 0.252]
[10:27:09 INFO samclip.train] epoch 22 step 0/129 loss 9.5869 {'img': 5.0906, 'sc_img': 3.6301, 'sc_x': 2.956, 'cross': 4.3192, 'router': -1.5955, 'soft_plan': 3.1053, 'sp_diag_mass': 0.0575, 'sp_entropy': 3.2188, 'total': 9.5869}
[10:27:12 INFO samclip.train] epoch 22 step 50/129 loss 9.7228 {'img': 5.0329, 'sc_img': 3.6334, 'sc_x': 2.9584, 'cross': 4.3449, 'router': -1.5956, 'soft_plan': 3.1075, 'sp_diag_mass': 0.0556, 'sp_entropy': 3.2428, 'total': 9.5483}
[10:27:15 INFO samclip.train] epoch 22 step 100/129 loss 9.7208 {'img': 5.0225, 'sc_img': 3.6365, 'sc_x': 2.9601, 'cross': 4.331, 'router': -1.5956, 'soft_plan': 2.973, 'sp_diag_mass': 0.0639, 'sp_entropy': 3.1271, 'total': 9.4609}
[10:27:17 INFO samclip.train] epoch 22 [stage2] | lr 5.00e-05 | coarse 0.000 fine 1.000 | loss 9.7312 | test top1 4.50 top5 16.00 meanrank 34.8 | offset 0.769 spec_top 0.999 | smn_gate 1.000 | layer_w [0.168, 0.171, 0.182, 0.227, 0.252]
[10:27:17 INFO samclip.train] epoch 23 step 0/129 loss 9.7191 {'img': 5.1527, 'sc_img': 3.6382, 'sc_x': 2.9612, 'cross': 4.3996, 'router': -1.5957, 'soft_plan': 3.1327, 'sp_diag_mass': 0.0558, 'sp_entropy': 3.2257, 'total': 9.7191}
[10:27:21 INFO samclip.train] epoch 23 step 50/129 loss 9.7668 {'img': 5.1014, 'sc_img': 3.6407, 'sc_x': 2.9632, 'cross': 4.3726, 'router': -1.5957, 'soft_plan': 3.5113, 'sp_diag_mass': 0.0499, 'sp_entropy': 3.2087, 'total': 9.838}
[10:27:24 INFO samclip.train] epoch 23 step 100/129 loss 9.7378 {'img': 5.092, 'sc_img': 3.6433, 'sc_x': 2.9653, 'cross': 4.3319, 'router': -1.5958, 'soft_plan': 3.1012, 'sp_diag_mass': 0.0578, 'sp_entropy': 3.2359, 'total': 9.5952}
[10:27:25 INFO samclip.train] epoch 23 [stage2] | lr 5.00e-05 | coarse 0.000 fine 1.000 | loss 9.7122 | test top1 3.50 top5 15.50 meanrank 34.8 | offset 0.754 spec_top 0.999 | smn_gate 1.000 | layer_w [0.168, 0.171, 0.183, 0.227, 0.251]
[10:27:26 INFO samclip.train] epoch 24 step 0/129 loss 9.5886 {'img': 5.0438, 'sc_img': 3.6447, 'sc_x': 2.9662, 'cross': 4.3508, 'router': -1.5958, 'soft_plan': 3.158, 'sp_diag_mass': 0.0574, 'sp_entropy': 3.2098, 'total': 9.5886}
[10:27:29 INFO samclip.train] epoch 24 step 50/129 loss 9.7229 {'img': 4.9774, 'sc_img': 3.6475, 'sc_x': 2.9682, 'cross': 4.2778, 'router': -1.5959, 'soft_plan': 2.9471, 'sp_diag_mass': 0.0664, 'sp_entropy': 3.181, 'total': 9.3656}
[10:27:32 INFO samclip.train] epoch 24 step 100/129 loss 9.7050 {'img': 5.0311, 'sc_img': 3.6501, 'sc_x': 2.9697, 'cross': 4.3061, 'router': -1.5959, 'soft_plan': 3.3661, 'sp_diag_mass': 0.0524, 'sp_entropy': 3.2252, 'total': 9.6487}
[10:27:34 INFO samclip.train] epoch 24 [stage2] | lr 5.00e-05 | coarse 0.000 fine 1.000 | loss 9.6953 | test top1 4.00 top5 15.50 meanrank 34.6 | offset 0.770 spec_top 0.999 | smn_gate 1.000 | layer_w [0.168, 0.171, 0.183, 0.227, 0.251]
[10:27:34 INFO samclip.train] epoch 25 step 0/129 loss 9.6187 {'img': 5.0741, 'sc_img': 3.6512, 'sc_x': 2.9705, 'cross': 4.4119, 'router': -1.5959, 'soft_plan': 3.0721, 'sp_diag_mass': 0.0603, 'sp_entropy': 3.1983, 'total': 9.6187}
[10:27:37 INFO samclip.train] epoch 25 step 50/129 loss 9.6846 {'img': 5.0321, 'sc_img': 3.6539, 'sc_x': 2.9719, 'cross': 4.3286, 'router': -1.596, 'soft_plan': 3.2414, 'sp_diag_mass': 0.0536, 'sp_entropy': 3.2568, 'total': 9.603}
[10:27:40 INFO samclip.train] epoch 25 step 100/129 loss 9.6985 {'img': 5.0319, 'sc_img': 3.6562, 'sc_x': 2.9731, 'cross': 4.3553, 'router': -1.596, 'soft_plan': 3.804, 'sp_diag_mass': 0.0436, 'sp_entropy': 3.2134, 'total': 9.9028}
[10:27:41 INFO samclip.train] epoch 25 [stage2] | lr 5.00e-05 | coarse 0.000 fine 1.000 | loss 9.6945 | test top1 3.50 top5 15.50 meanrank 34.1 | offset 0.752 spec_top 0.999 | smn_gate 1.000 | layer_w [0.168, 0.171, 0.183, 0.227, 0.251]
[10:27:42 INFO samclip.train] epoch 26 step 0/129 loss 9.6851 {'img': 5.0903, 'sc_img': 3.6577, 'sc_x': 2.9742, 'cross': 4.3767, 'router': -1.5961, 'soft_plan': 3.2218, 'sp_diag_mass': 0.0561, 'sp_entropy': 3.1436, 'total': 9.6851}
[10:27:45 INFO samclip.train] epoch 26 step 50/129 loss 9.6788 {'img': 5.0931, 'sc_img': 3.6596, 'sc_x': 2.9757, 'cross': 4.3758, 'router': -1.5961, 'soft_plan': 3.1233, 'sp_diag_mass': 0.0559, 'sp_entropy': 3.3008, 'total': 9.638}
[10:27:48 INFO samclip.train] epoch 26 step 100/129 loss 9.6929 {'img': 5.117, 'sc_img': 3.6615, 'sc_x': 2.9775, 'cross': 4.3689, 'router': -1.5961, 'soft_plan': 3.6887, 'sp_diag_mass': 0.0494, 'sp_entropy': 3.1336, 'total': 9.9398}
[10:27:50 INFO samclip.train] epoch 26 [stage2] | lr 5.00e-05 | coarse 0.000 fine 1.000 | loss 9.6689 | test top1 3.00 top5 16.00 meanrank 34.6 | offset 0.760 spec_top 0.999 | smn_gate 1.000 | layer_w [0.168, 0.171, 0.183, 0.227, 0.251]
[10:27:50 INFO samclip.train] epoch 27 step 0/129 loss 10.0310 {'img': 5.0917, 'sc_img': 3.6627, 'sc_x': 2.9785, 'cross': 4.4213, 'router': -1.5961, 'soft_plan': 3.8484, 'sp_diag_mass': 0.0452, 'sp_entropy': 3.2049, 'total': 10.031}
[10:27:53 INFO samclip.train] epoch 27 step 50/129 loss 9.6936 {'img': 5.0287, 'sc_img': 3.6649, 'sc_x': 2.9798, 'cross': 4.3386, 'router': -1.5962, 'soft_plan': 3.1966, 'sp_diag_mass': 0.0583, 'sp_entropy': 3.2121, 'total': 9.5842}
[10:27:56 INFO samclip.train] epoch 27 step 100/129 loss 9.6842 {'img': 5.0202, 'sc_img': 3.6671, 'sc_x': 2.9812, 'cross': 4.3071, 'router': -1.5962, 'soft_plan': 3.3392, 'sp_diag_mass': 0.054, 'sp_entropy': 3.1374, 'total': 9.625}
[10:27:58 INFO samclip.train] epoch 27 [stage2] | lr 5.00e-05 | coarse 0.000 fine 1.000 | loss 9.6713 | test top1 3.00 top5 16.00 meanrank 34.4 | offset 0.760 spec_top 0.999 | smn_gate 1.000 | layer_w [0.168, 0.171, 0.183, 0.227, 0.25]
[10:27:58 INFO samclip.train] epoch 28 step 0/129 loss 9.5557 {'img': 5.0612, 'sc_img': 3.6683, 'sc_x': 2.9821, 'cross': 4.3308, 'router': -1.5963, 'soft_plan': 3.0855, 'sp_diag_mass': 0.0595, 'sp_entropy': 3.2157, 'total': 9.5557}
[10:28:01 INFO samclip.train] epoch 28 step 50/129 loss 9.6946 {'img': 4.9681, 'sc_img': 3.6704, 'sc_x': 2.9836, 'cross': 4.3377, 'router': -1.5963, 'soft_plan': 3.2198, 'sp_diag_mass': 0.0576, 'sp_entropy': 3.1427, 'total': 9.5345}
[10:28:04 INFO samclip.train] epoch 28 step 100/129 loss 9.7188 {'img': 5.0067, 'sc_img': 3.6722, 'sc_x': 2.9846, 'cross': 4.3636, 'router': -1.5964, 'soft_plan': 3.0225, 'sp_diag_mass': 0.0636, 'sp_entropy': 3.1973, 'total': 9.4926}
[10:28:06 INFO samclip.train] epoch 28 [stage2] | lr 5.00e-05 | coarse 0.000 fine 1.000 | loss 9.7156 | test top1 3.00 top5 16.00 meanrank 34.3 | offset 0.741 spec_top 0.999 | smn_gate 1.000 | layer_w [0.168, 0.172, 0.183, 0.227, 0.25]
[10:28:06 INFO samclip.train] epoch 29 step 0/129 loss 9.4689 {'img': 5.0145, 'sc_img': 3.6733, 'sc_x': 2.9854, 'cross': 4.3159, 'router': -1.5964, 'soft_plan': 3.0262, 'sp_diag_mass': 0.0611, 'sp_entropy': 3.1286, 'total': 9.4689}
[10:28:09 INFO samclip.train] epoch 29 step 50/129 loss 9.7006 {'img': 5.0379, 'sc_img': 3.6754, 'sc_x': 2.9863, 'cross': 4.3358, 'router': -1.5964, 'soft_plan': 4.0536, 'sp_diag_mass': 0.0457, 'sp_entropy': 3.1698, 'total': 10.02}
[10:28:12 INFO samclip.train] epoch 29 step 100/129 loss 9.6710 {'img': 5.1149, 'sc_img': 3.6773, 'sc_x': 2.9875, 'cross': 4.3816, 'router': -1.5965, 'soft_plan': 3.3447, 'sp_diag_mass': 0.0512, 'sp_entropy': 3.2134, 'total': 9.7745}
[10:28:14 INFO samclip.train] epoch 29 [stage2] | lr 5.00e-05 | coarse 0.000 fine 1.000 | loss 9.6631 | test top1 3.00 top5 17.00 meanrank 34.0 | offset 0.742 spec_top 0.999 | smn_gate 1.000 | layer_w [0.168, 0.172, 0.183, 0.227, 0.25]
[10:28:14 INFO samclip.train] epoch 30 step 0/129 loss 9.5800 {'img': 5.0233, 'sc_img': 3.6787, 'sc_x': 2.9887, 'cross': 4.296, 'router': -1.5965, 'soft_plan': 3.2587, 'sp_diag_mass': 0.0544, 'sp_entropy': 3.1684, 'total': 9.58}
[10:28:17 INFO samclip.train] epoch 30 step 50/129 loss 9.6470 {'img': 5.02, 'sc_img': 3.6805, 'sc_x': 2.9898, 'cross': 4.2521, 'router': -1.5965, 'soft_plan': 3.022, 'sp_diag_mass': 0.0615, 'sp_entropy': 3.2299, 'total': 9.4276}
[10:28:21 INFO samclip.train] epoch 30 step 100/129 loss 9.6560 {'img': 5.1074, 'sc_img': 3.6822, 'sc_x': 2.9914, 'cross': 4.3523, 'router': -1.5966, 'soft_plan': 3.0623, 'sp_diag_mass': 0.0616, 'sp_entropy': 3.1221, 'total': 9.6054}
[10:28:23 INFO samclip.train] epoch 30 [stage2] | lr 5.00e-05 | coarse 0.000 fine 1.000 | loss 9.6484 | test top1 3.50 top5 16.00 meanrank 34.2 | offset 0.750 spec_top 0.999 | smn_gate 1.000 | layer_w [0.168, 0.172, 0.183, 0.227, 0.249]
[10:28:23 INFO samclip.train] epoch 31 step 0/129 loss 10.1343 {'img': 5.0905, 'sc_img': 3.6833, 'sc_x': 2.992, 'cross': 4.352, 'router': -1.5966, 'soft_plan': 4.1544, 'sp_diag_mass': 0.0412, 'sp_entropy': 3.1453, 'total': 10.1343}
[10:28:26 INFO samclip.train] epoch 31 step 50/129 loss 9.7240 {'img': 5.101, 'sc_img': 3.6856, 'sc_x': 2.9933, 'cross': 4.3375, 'router': -1.5967, 'soft_plan': 4.9752, 'sp_diag_mass': 0.0277, 'sp_entropy': 3.1766, 'total': 10.545}
[10:28:29 INFO samclip.train] epoch 31 step 100/129 loss 9.6952 {'img': 5.0475, 'sc_img': 3.6873, 'sc_x': 2.9943, 'cross': 4.3543, 'router': -1.5967, 'soft_plan': 3.2473, 'sp_diag_mass': 0.0553, 'sp_entropy': 3.1313, 'total': 9.6393}
[10:28:31 INFO samclip.train] epoch 31 [stage2] | lr 5.00e-05 | coarse 0.000 fine 1.000 | loss 9.6845 | test top1 3.50 top5 17.00 meanrank 34.4 | offset 0.741 spec_top 0.999 | smn_gate 1.000 | layer_w [0.168, 0.172, 0.184, 0.227, 0.249]
[10:28:31 INFO samclip.train] epoch 32 step 0/129 loss 9.6077 {'img': 4.9943, 'sc_img': 3.6884, 'sc_x': 2.995, 'cross': 4.2686, 'router': -1.5967, 'soft_plan': 3.4104, 'sp_diag_mass': 0.0574, 'sp_entropy': 3.0733, 'total': 9.6077}
[10:28:34 INFO samclip.train] epoch 32 step 50/129 loss 9.6583 {'img': 5.1044, 'sc_img': 3.6903, 'sc_x': 2.9962, 'cross': 4.4186, 'router': -1.5968, 'soft_plan': 3.5683, 'sp_diag_mass': 0.0469, 'sp_entropy': 3.2003, 'total': 9.9018}
[10:28:38 INFO samclip.train] epoch 32 step 100/129 loss 9.6648 {'img': 4.9453, 'sc_img': 3.6924, 'sc_x': 2.9971, 'cross': 4.3297, 'router': -1.5968, 'soft_plan': 3.2181, 'sp_diag_mass': 0.0578, 'sp_entropy': 3.1456, 'total': 9.5054}
[10:28:39 INFO samclip.train] epoch 32 [stage2] | lr 5.00e-05 | coarse 0.000 fine 1.000 | loss 9.6597 | test top1 4.50 top5 15.50 meanrank 34.3 | offset 0.755 spec_top 0.999 | smn_gate 1.000 | layer_w [0.169, 0.172, 0.184, 0.227, 0.249]
[10:28:40 INFO samclip.train] epoch 33 step 0/129 loss 9.5319 {'img': 4.9298, 'sc_img': 3.6934, 'sc_x': 2.9976, 'cross': 4.2768, 'router': -1.5969, 'soft_plan': 3.3762, 'sp_diag_mass': 0.0509, 'sp_entropy': 3.2202, 'total': 9.5319}
[10:28:43 INFO samclip.train] epoch 33 step 50/129 loss 9.6642 {'img': 5.1216, 'sc_img': 3.6954, 'sc_x': 2.9989, 'cross': 4.4598, 'router': -1.597, 'soft_plan': 3.7988, 'sp_diag_mass': 0.0431, 'sp_entropy': 3.2044, 'total': 10.063}
[10:28:46 INFO samclip.train] epoch 33 step 100/129 loss 9.6466 {'img': 4.969, 'sc_img': 3.6969, 'sc_x': 3.0, 'cross': 4.2916, 'router': -1.597, 'soft_plan': 3.1267, 'sp_diag_mass': 0.0592, 'sp_entropy': 3.2149, 'total': 9.4566}
[10:28:48 INFO samclip.train] epoch 33 [stage2] | lr 5.00e-05 | coarse 0.000 fine 1.000 | loss 9.6306 | test top1 4.00 top5 14.50 meanrank 34.5 | offset 0.756 spec_top 0.999 | smn_gate 1.000 | layer_w [0.169, 0.172, 0.184, 0.227, 0.248]
[10:28:48 INFO samclip.train] epoch 34 step 0/129 loss 9.4136 {'img': 4.9777, 'sc_img': 3.6981, 'sc_x': 3.0007, 'cross': 4.3167, 'router': -1.597, 'soft_plan': 2.9881, 'sp_diag_mass': 0.062, 'sp_entropy': 3.1343, 'total': 9.4136}
[10:28:51 INFO samclip.train] epoch 34 step 50/129 loss 9.5750 {'img': 5.0054, 'sc_img': 3.6999, 'sc_x': 3.0021, 'cross': 4.2565, 'router': -1.5971, 'soft_plan': 3.3422, 'sp_diag_mass': 0.058, 'sp_entropy': 3.1448, 'total': 9.5762}
[10:28:54 INFO samclip.train] epoch 34 step 100/129 loss 9.6004 {'img': 5.0354, 'sc_img': 3.7017, 'sc_x': 3.0032, 'cross': 4.2835, 'router': -1.5971, 'soft_plan': 3.3385, 'sp_diag_mass': 0.0542, 'sp_entropy': 3.1278, 'total': 9.6233}
[10:28:56 INFO samclip.train] epoch 34 [stage2] | lr 5.00e-05 | coarse 0.000 fine 1.000 | loss 9.6355 | test top1 4.00 top5 16.00 meanrank 33.7 | offset 0.745 spec_top 0.999 | smn_gate 1.000 | layer_w [0.169, 0.172, 0.184, 0.227, 0.248]
[10:28:56 INFO samclip.train] epoch 35 step 0/129 loss 9.3536 {'img': 4.9252, 'sc_img': 3.7028, 'sc_x': 3.0038, 'cross': 4.2868, 'router': -1.5971, 'soft_plan': 3.0151, 'sp_diag_mass': 0.0596, 'sp_entropy': 3.1709, 'total': 9.3536}
[10:28:59 INFO samclip.train] epoch 35 step 50/129 loss 9.6434 {'img': 5.0087, 'sc_img': 3.7043, 'sc_x': 3.005, 'cross': 4.2883, 'router': -1.5972, 'soft_plan': 3.0883, 'sp_diag_mass': 0.0603, 'sp_entropy': 3.2226, 'total': 9.4748}
[10:29:02 INFO samclip.train] epoch 35 step 100/129 loss 9.6246 {'img': 4.996, 'sc_img': 3.706, 'sc_x': 3.0067, 'cross': 4.2829, 'router': -1.5972, 'soft_plan': 2.9845, 'sp_diag_mass': 0.0614, 'sp_entropy': 3.1753, 'total': 9.4065}
[10:29:04 INFO samclip.train] epoch 35 [stage2] | lr 5.00e-05 | coarse 0.000 fine 1.000 | loss 9.6387 | test top1 4.00 top5 16.50 meanrank 34.2 | offset 0.748 spec_top 0.999 | smn_gate 1.000 | layer_w [0.169, 0.172, 0.184, 0.226, 0.248]
[10:29:04 INFO samclip.train] epoch 36 step 0/129 loss 9.4178 {'img': 5.002, 'sc_img': 3.7071, 'sc_x': 3.0073, 'cross': 4.2477, 'router': -1.5973, 'soft_plan': 3.0444, 'sp_diag_mass': 0.0619, 'sp_entropy': 3.1728, 'total': 9.4178}
[10:29:07 INFO samclip.train] epoch 36 step 50/129 loss 9.6676 {'img': 5.0938, 'sc_img': 3.7088, 'sc_x': 3.0084, 'cross': 4.403, 'router': -1.5973, 'soft_plan': 3.0901, 'sp_diag_mass': 0.0593, 'sp_entropy': 3.1807, 'total': 9.6411}
[10:29:10 INFO samclip.train] epoch 36 step 100/129 loss 9.6828 {'img': 4.9726, 'sc_img': 3.7101, 'sc_x': 3.009, 'cross': 4.3378, 'router': -1.5973, 'soft_plan': 3.0176, 'sp_diag_mass': 0.0631, 'sp_entropy': 3.1912, 'total': 9.438}
[10:29:12 INFO samclip.train] epoch 36 [stage2] | lr 5.00e-05 | coarse 0.000 fine 1.000 | loss 9.6519 | test top1 4.00 top5 15.50 meanrank 34.4 | offset 0.731 spec_top 0.999 | smn_gate 1.000 | layer_w [0.169, 0.173, 0.184, 0.226, 0.248]
[10:29:13 INFO samclip.train] epoch 37 step 0/129 loss 9.8046 {'img': 5.0223, 'sc_img': 3.7112, 'sc_x': 3.0096, 'cross': 4.3469, 'router': -1.5974, 'soft_plan': 3.6386, 'sp_diag_mass': 0.0496, 'sp_entropy': 3.1433, 'total': 9.8046}
[10:29:16 INFO samclip.train] epoch 37 step 50/129 loss 9.7281 {'img': 5.0074, 'sc_img': 3.7129, 'sc_x': 3.0109, 'cross': 4.3088, 'router': -1.5974, 'soft_plan': 3.2373, 'sp_diag_mass': 0.0595, 'sp_entropy': 3.1328, 'total': 9.5623}
[10:29:19 INFO samclip.train] epoch 37 step 100/129 loss 9.6851 {'img': 4.9721, 'sc_img': 3.7148, 'sc_x': 3.0119, 'cross': 4.274, 'router': -1.5975, 'soft_plan': 3.3484, 'sp_diag_mass': 0.0577, 'sp_entropy': 3.1162, 'total': 9.5583}
[10:29:21 INFO samclip.train] epoch 37 [stage2] | lr 5.00e-05 | coarse 0.000 fine 1.000 | loss 9.6644 | test top1 4.00 top5 16.50 meanrank 33.9 | offset 0.735 spec_top 0.999 | smn_gate 1.000 | layer_w [0.169, 0.173, 0.184, 0.226, 0.247]
[10:29:21 INFO samclip.train] epoch 38 step 0/129 loss 9.9582 {'img': 5.0903, 'sc_img': 3.7159, 'sc_x': 3.0123, 'cross': 4.3971, 'router': -1.5975, 'soft_plan': 3.7396, 'sp_diag_mass': 0.0502, 'sp_entropy': 3.1547, 'total': 9.9582}
[10:29:25 INFO samclip.train] epoch 38 step 50/129 loss 9.6299 {'img': 4.9709, 'sc_img': 3.7176, 'sc_x': 3.0132, 'cross': 4.2652, 'router': -1.5976, 'soft_plan': 3.3197, 'sp_diag_mass': 0.056, 'sp_entropy': 3.1784, 'total': 9.5365}
[10:29:28 INFO samclip.train] epoch 38 step 100/129 loss 9.6447 {'img': 5.09, 'sc_img': 3.7195, 'sc_x': 3.0143, 'cross': 4.3789, 'router': -1.5976, 'soft_plan': 3.2066, 'sp_diag_mass': 0.0531, 'sp_entropy': 3.2498, 'total': 9.6786}
[10:29:30 INFO samclip.train] epoch 38 [stage2] | lr 5.00e-05 | coarse 0.000 fine 1.000 | loss 9.6172 | test top1 4.00 top5 17.50 meanrank 34.1 | offset 0.736 spec_top 0.999 | smn_gate 1.000 | layer_w [0.169, 0.173, 0.185, 0.226, 0.247]
[10:29:30 INFO samclip.train] epoch 39 step 0/129 loss 9.5071 {'img': 5.0534, 'sc_img': 3.7204, 'sc_x': 3.0149, 'cross': 4.3018, 'router': -1.5976, 'soft_plan': 3.0446, 'sp_diag_mass': 0.06, 'sp_entropy': 3.1889, 'total': 9.5071}
[10:29:33 INFO samclip.train] epoch 39 step 50/129 loss 9.5960 {'img': 5.0216, 'sc_img': 3.7221, 'sc_x': 3.0161, 'cross': 4.3109, 'router': -1.5977, 'soft_plan': 3.0619, 'sp_diag_mass': 0.0598, 'sp_entropy': 3.1832, 'total': 9.4903}
[10:29:36 INFO samclip.train] epoch 39 step 100/129 loss 9.5836 {'img': 5.064, 'sc_img': 3.7242, 'sc_x': 3.0177, 'cross': 4.384, 'router': -1.5977, 'soft_plan': 3.686, 'sp_diag_mass': 0.0505, 'sp_entropy': 3.1762, 'total': 9.8959}
[10:29:38 INFO samclip.train] epoch 39 [stage2] | lr 5.00e-05 | coarse 0.000 fine 1.000 | loss 9.6201 | test top1 4.00 top5 18.00 meanrank 33.3 | offset 0.742 spec_top 0.999 | smn_gate 1.000 | layer_w [0.169, 0.173, 0.185, 0.226, 0.247]
[10:29:38 INFO samclip.train] epoch 40 step 0/129 loss 10.1887 {'img': 4.9593, 'sc_img': 3.7251, 'sc_x': 3.0183, 'cross': 4.2517, 'router': -1.5977, 'soft_plan': 4.6663, 'sp_diag_mass': 0.0294, 'sp_entropy': 3.1482, 'total': 10.1887}
[10:29:41 INFO samclip.train] epoch 40 step 50/129 loss 9.5989 {'img': 5.1503, 'sc_img': 3.7269, 'sc_x': 3.0192, 'cross': 4.3744, 'router': -1.5978, 'soft_plan': 3.0705, 'sp_diag_mass': 0.0606, 'sp_entropy': 3.1737, 'total': 9.6677}
[10:29:44 INFO samclip.train] epoch 40 step 100/129 loss 9.5857 {'img': 4.9771, 'sc_img': 3.7285, 'sc_x': 3.0202, 'cross': 4.2867, 'router': -1.5979, 'soft_plan': 3.0101, 'sp_diag_mass': 0.0634, 'sp_entropy': 3.1455, 'total': 9.4029}
[10:29:46 INFO samclip.train] epoch 40 [stage2] | lr 5.00e-05 | coarse 0.000 fine 1.000 | loss 9.6009 | test top1 4.00 top5 17.00 meanrank 33.4 | offset 0.738 spec_top 0.999 | smn_gate 1.000 | layer_w [0.17, 0.173, 0.185, 0.226, 0.246]
[10:29:46 INFO samclip.train] epoch 41 step 0/129 loss 9.6295 {'img': 5.0651, 'sc_img': 3.7294, 'sc_x': 3.0207, 'cross': 4.3438, 'router': -1.5979, 'soft_plan': 3.2073, 'sp_diag_mass': 0.0564, 'sp_entropy': 3.1888, 'total': 9.6295}
[10:29:49 INFO samclip.train] epoch 41 step 50/129 loss 9.6484 {'img': 4.9808, 'sc_img': 3.731, 'sc_x': 3.0216, 'cross': 4.3193, 'router': -1.5979, 'soft_plan': 2.9236, 'sp_diag_mass': 0.0654, 'sp_entropy': 3.1462, 'total': 9.3862}
[10:29:52 INFO samclip.train] epoch 41 step 100/129 loss 9.6279 {'img': 5.0332, 'sc_img': 3.7327, 'sc_x': 3.0226, 'cross': 4.3456, 'router': -1.598, 'soft_plan': 3.7387, 'sp_diag_mass': 0.0446, 'sp_entropy': 3.1963, 'total': 9.8645}
[10:29:53 INFO samclip.train] epoch 41 [stage2] | lr 5.00e-05 | coarse 0.000 fine 1.000 | loss 9.6179 | test top1 4.00 top5 18.00 meanrank 33.8 | offset 0.750 spec_top 0.998 | smn_gate 1.000 | layer_w [0.17, 0.173, 0.185, 0.226, 0.246]
[10:29:54 INFO samclip.train] epoch 42 step 0/129 loss 9.6357 {'img': 5.0176, 'sc_img': 3.7336, 'sc_x': 3.0233, 'cross': 4.348, 'router': -1.598, 'soft_plan': 3.3088, 'sp_diag_mass': 0.0594, 'sp_entropy': 3.155, 'total': 9.6357}
[10:29:57 INFO samclip.train] epoch 42 step 50/129 loss 9.5678 {'img': 4.973, 'sc_img': 3.7355, 'sc_x': 3.0239, 'cross': 4.2758, 'router': -1.598, 'soft_plan': 3.0054, 'sp_diag_mass': 0.0639, 'sp_entropy': 3.1871, 'total': 9.3889}
[10:30:00 INFO samclip.train] epoch 42 step 100/129 loss 9.5663 {'img': 5.029, 'sc_img': 3.7376, 'sc_x': 3.0255, 'cross': 4.2772, 'router': -1.598, 'soft_plan': 3.0355, 'sp_diag_mass': 0.0625, 'sp_entropy': 3.178, 'total': 9.4608}
[10:30:02 INFO samclip.train] epoch 42 [stage2] | lr 5.00e-05 | coarse 0.000 fine 1.000 | loss 9.5871 | test top1 3.50 top5 17.50 meanrank 33.6 | offset 0.753 spec_top 0.998 | smn_gate 1.000 | layer_w [0.17, 0.173, 0.185, 0.226, 0.246]
[10:30:02 INFO samclip.train] epoch 43 step 0/129 loss 9.5417 {'img': 4.9808, 'sc_img': 3.7388, 'sc_x': 3.0264, 'cross': 4.3045, 'router': -1.5981, 'soft_plan': 3.2554, 'sp_diag_mass': 0.0588, 'sp_entropy': 3.1177, 'total': 9.5417}
[10:30:05 INFO samclip.train] epoch 43 step 50/129 loss 9.5136 {'img': 4.9381, 'sc_img': 3.7406, 'sc_x': 3.0275, 'cross': 4.2504, 'router': -1.5981, 'soft_plan': 3.1265, 'sp_diag_mass': 0.0587, 'sp_entropy': 3.182, 'total': 9.3967}
[10:30:08 INFO samclip.train] epoch 43 step 100/129 loss 9.5704 {'img': 4.9935, 'sc_img': 3.7422, 'sc_x': 3.0282, 'cross': 4.2822, 'router': -1.5982, 'soft_plan': 3.027, 'sp_diag_mass': 0.0615, 'sp_entropy': 3.1564, 'total': 9.4246}
[10:30:10 INFO samclip.train] epoch 43 [stage2] | lr 5.00e-05 | coarse 0.000 fine 1.000 | loss 9.5739 | test top1 4.00 top5 18.00 meanrank 33.2 | offset 0.740 spec_top 0.998 | smn_gate 1.000 | layer_w [0.17, 0.174, 0.185, 0.226, 0.246]
[10:30:11 INFO samclip.train] epoch 44 step 0/129 loss 9.6816 {'img': 4.9788, 'sc_img': 3.7434, 'sc_x': 3.0293, 'cross': 4.29, 'router': -1.5982, 'soft_plan': 3.5595, 'sp_diag_mass': 0.0522, 'sp_entropy': 3.0942, 'total': 9.6816}
[10:30:14 INFO samclip.train] epoch 44 step 50/129 loss 9.5964 {'img': 4.9479, 'sc_img': 3.7452, 'sc_x': 3.0303, 'cross': 4.2755, 'router': -1.5982, 'soft_plan': 3.0695, 'sp_diag_mass': 0.056, 'sp_entropy': 3.2403, 'total': 9.3956}
[10:30:17 INFO samclip.train] epoch 44 step 100/129 loss 9.6088 {'img': 5.0403, 'sc_img': 3.747, 'sc_x': 3.0314, 'cross': 4.2763, 'router': -1.5983, 'soft_plan': 5.2238, 'sp_diag_mass': 0.0244, 'sp_entropy': 3.1292, 'total': 10.5657}
[10:30:19 INFO samclip.train] epoch 44 [stage2] | lr 5.00e-05 | coarse 0.000 fine 1.000 | loss 9.6090 | test top1 3.50 top5 19.00 meanrank 33.1 | offset 0.735 spec_top 0.998 | smn_gate 1.000 | layer_w [0.17, 0.174, 0.185, 0.226, 0.245]
[10:30:19 INFO samclip.train] epoch 45 step 0/129 loss 9.5353 {'img': 5.0384, 'sc_img': 3.7481, 'sc_x': 3.0318, 'cross': 4.337, 'router': -1.5983, 'soft_plan': 3.0817, 'sp_diag_mass': 0.0577, 'sp_entropy': 3.2379, 'total': 9.5353}
[10:30:22 INFO samclip.train] epoch 45 step 50/129 loss 9.5891 {'img': 5.0462, 'sc_img': 3.7498, 'sc_x': 3.033, 'cross': 4.3029, 'router': -1.5984, 'soft_plan': 3.0736, 'sp_diag_mass': 0.0586, 'sp_entropy': 3.2008, 'total': 9.5152}
[10:30:25 INFO samclip.train] epoch 45 step 100/129 loss 9.5512 {'img': 4.9136, 'sc_img': 3.7515, 'sc_x': 3.0342, 'cross': 4.2623, 'router': -1.5984, 'soft_plan': 2.9293, 'sp_diag_mass': 0.0652, 'sp_entropy': 3.1371, 'total': 9.2819}
[10:30:27 INFO samclip.train] epoch 45 [stage2] | lr 5.00e-05 | coarse 0.000 fine 1.000 | loss 9.5517 | test top1 3.50 top5 18.50 meanrank 33.1 | offset 0.745 spec_top 0.998 | smn_gate 1.000 | layer_w [0.17, 0.174, 0.186, 0.226, 0.245]
[10:30:28 INFO samclip.train] epoch 46 step 0/129 loss 9.2871 {'img': 4.9398, 'sc_img': 3.7526, 'sc_x': 3.0347, 'cross': 4.2219, 'router': -1.5984, 'soft_plan': 2.9439, 'sp_diag_mass': 0.0653, 'sp_entropy': 3.0937, 'total': 9.2871}
[10:30:31 INFO samclip.train] epoch 46 step 50/129 loss 9.5425 {'img': 4.9731, 'sc_img': 3.7545, 'sc_x': 3.0361, 'cross': 4.3621, 'router': -1.5984, 'soft_plan': 3.3154, 'sp_diag_mass': 0.0554, 'sp_entropy': 3.199, 'total': 9.6044}
[10:30:34 INFO samclip.train] epoch 46 step 100/129 loss 9.5735 {'img': 5.0824, 'sc_img': 3.7566, 'sc_x': 3.0368, 'cross': 4.3022, 'router': -1.5985, 'soft_plan': 3.3649, 'sp_diag_mass': 0.0555, 'sp_entropy': 3.22, 'total': 9.6965}
[10:30:36 INFO samclip.train] epoch 46 [stage2] | lr 5.00e-05 | coarse 0.000 fine 1.000 | loss 9.5683 | test top1 4.00 top5 19.00 meanrank 31.8 | offset 0.726 spec_top 0.998 | smn_gate 1.000 | layer_w [0.17, 0.174, 0.186, 0.226, 0.245]
[10:30:36 INFO samclip.train] epoch 47 step 0/129 loss 9.5231 {'img': 5.0209, 'sc_img': 3.7576, 'sc_x': 3.0372, 'cross': 4.3619, 'router': -1.5985, 'soft_plan': 3.0575, 'sp_diag_mass': 0.0622, 'sp_entropy': 3.2344, 'total': 9.5231}
[10:30:39 INFO samclip.train] epoch 47 step 50/129 loss 9.6001 {'img': 4.8917, 'sc_img': 3.7594, 'sc_x': 3.0377, 'cross': 4.2954, 'router': -1.5986, 'soft_plan': 3.7861, 'sp_diag_mass': 0.0481, 'sp_entropy': 3.1321, 'total': 9.7115}
[10:30:42 INFO samclip.train] epoch 47 step 100/129 loss 9.6010 {'img': 4.9573, 'sc_img': 3.7608, 'sc_x': 3.0384, 'cross': 4.3059, 'router': -1.5986, 'soft_plan': 3.1458, 'sp_diag_mass': 0.0566, 'sp_entropy': 3.2868, 'total': 9.4644}
[10:30:44 INFO samclip.train] epoch 47 [stage2] | lr 5.00e-05 | coarse 0.000 fine 1.000 | loss 9.5894 | test top1 4.00 top5 19.00 meanrank 32.1 | offset 0.731 spec_top 0.998 | smn_gate 1.000 | layer_w [0.17, 0.174, 0.186, 0.226, 0.244]
[10:30:45 INFO samclip.train] epoch 48 step 0/129 loss 9.7145 {'img': 5.0284, 'sc_img': 3.7618, 'sc_x': 3.0388, 'cross': 4.3156, 'router': -1.5986, 'soft_plan': 3.4902, 'sp_diag_mass': 0.0484, 'sp_entropy': 3.1984, 'total': 9.7145}
[10:30:48 INFO samclip.train] epoch 48 step 50/129 loss 9.5637 {'img': 4.9979, 'sc_img': 3.7636, 'sc_x': 3.0395, 'cross': 4.2985, 'router': -1.5987, 'soft_plan': 3.2381, 'sp_diag_mass': 0.0549, 'sp_entropy': 3.1767, 'total': 9.546}
[10:30:51 INFO samclip.train] epoch 48 step 100/129 loss 9.5509 {'img': 4.8965, 'sc_img': 3.7653, 'sc_x': 3.0405, 'cross': 4.2916, 'router': -1.5987, 'soft_plan': 3.2999, 'sp_diag_mass': 0.0553, 'sp_entropy': 3.1483, 'total': 9.4707}
[10:30:53 INFO samclip.train] epoch 48 [stage2] | lr 5.00e-05 | coarse 0.000 fine 1.000 | loss 9.5712 | test top1 3.50 top5 17.50 meanrank 31.7 | offset 0.721 spec_top 0.998 | smn_gate 1.000 | layer_w [0.17, 0.174, 0.186, 0.225, 0.244]
[10:30:53 INFO samclip.train] epoch 49 step 0/129 loss 9.3975 {'img': 4.9076, 'sc_img': 3.7664, 'sc_x': 3.0409, 'cross': 4.2933, 'router': -1.5987, 'soft_plan': 3.1292, 'sp_diag_mass': 0.0607, 'sp_entropy': 3.2088, 'total': 9.3975}
[10:30:56 INFO samclip.train] epoch 49 step 50/129 loss 9.5392 {'img': 4.933, 'sc_img': 3.7681, 'sc_x': 3.0419, 'cross': 4.264, 'router': -1.5987, 'soft_plan': 3.2887, 'sp_diag_mass': 0.0558, 'sp_entropy': 3.14, 'total': 9.4823}
[10:30:59 INFO samclip.train] epoch 49 step 100/129 loss 9.5421 {'img': 4.9215, 'sc_img': 3.7698, 'sc_x': 3.043, 'cross': 4.2047, 'router': -1.5988, 'soft_plan': 3.0238, 'sp_diag_mass': 0.0625, 'sp_entropy': 3.2347, 'total': 9.2967}
[10:31:01 INFO samclip.train] epoch 49 [stage2] | lr 5.00e-05 | coarse 0.000 fine 1.000 | loss 9.5523 | test top1 3.50 top5 18.50 meanrank 31.8 | offset 0.727 spec_top 0.998 | smn_gate 1.000 | layer_w [0.17, 0.174, 0.186, 0.225, 0.244]
[10:31:01 INFO samclip.train] Stage A done. last-epoch top1 3.50 | best-seen (diagnostic only) 4.50
[stageA] result: {
  "last": {
    "top1": 3.5000000000000004,
    "top5": 18.5,
    "mean_rank": 31.805,
    "n": 200,
    "offset_ratio": 0.7267435193061829,
    "spec_top_frac": 0.9976987242698669
  },
  "best_seen": 4.5,
  "out_dir": "/project/peilab/why/CLIP/outputs/stage1/v9/sub02_k20_seed2026"
}
