[stageA] config:
{
  "arch": "v4",
  "objective": "v4",
  "d_latent": 64,
  "d_align": 64,
  "d_embed": 64,
  "share_head_hidden": 0,
  "smn": {
    "enabled": true,
    "gate_scale": true,
    "init_gate": 0.0,
    "min_rows": 4
  },
  "n_channels": 63,
  "n_timepoints": 250,
  "n_subjects": 9,
  "d_model": 200,
  "n_heads": 4,
  "n_blocks": 2,
  "dim_ff": 512,
  "dropout": 0.5,
  "head_dropout": 0.1,
  "agg_width": 16,
  "agg_pool": 8,
  "img_head": "linear",
  "eeg_head": "mlp",
  "vicreg_cov_weight": 0.04,
  "target_fusion": "routed",
  "target_subject_dropout": 0.3,
  "router_temperature": 2.0,
  "router_layer_dropout": 0.1,
  "image": {
    "feature_set": "internvit_multilevel",
    "layers": [
      20,
      24,
      28,
      32,
      36
    ],
    "l2norm": true
  },
  "loss_weights": {
    "img": 1.0,
    "cross": 0.7,
    "mmd": 1.0,
    "spec": 0.0,
    "reg": 0.0,
    "dec": 0.0,
    "proto": 0.0,
    "rkd": 0.0,
    "adv": 0.0,
    "router": 0.05
  },
  "spec_r0": 16,
  "spec_mode": "rank",
  "keep_last_epochs": 2,
  "temp_img": 0.07,
  "temp_cross": 0.1,
  "recovery_aware": {
    "enabled": true,
    "block_per_subject": false,
    "csls_k": 20,
    "terms": [
      "img",
      "cross"
    ]
  },
  "temp_proto": 0.07,
  "softplus": true,
  "prototype_level": "concept",
  "mmd_kernel": "linear",
  "schedule": {
    "coarse_to_fine": true,
    "stage1_epochs": 20,
    "mmd_start": 0.9,
    "mmd_end": 0.5,
    "stage2_mmd": 0.0,
    "cross_start": 0.1,
    "cross_end": 0.5,
    "stage2_cross": 1.0,
    "stage2_lr": 5e-05,
    "freeze_encoder_stage2": false
  },
  "epochs": 50,
  "lr": 0.001,
  "weight_decay": 0.0001,
  "grad_clip": 1.0,
  "batch_stimuli": 128,
  "subjects_per_stimulus": 3,
  "images_per_pair": 1,
  "num_workers": 4,
  "eval_batch": 200,
  "log_every": 50,
  "seed": 2026,
  "debug_steps": null,
  "target_subject": 1,
  "source_subjects": [
    2,
    3,
    4,
    5,
    6,
    7,
    8,
    9,
    10
  ],
  "channel_set": "all63",
  "mvnn": "train",
  "calibration": {
    "center": true,
    "whiten": false,
    "csls": true,
    "recovery": false,
    "csls_k": 10,
    "rho": 0.1
  },
  "out_dir": "/project/peilab/why/CLIP/outputs/stage1/v9/sub01_k20_seed2026",
  "soft_plan": {
    "enabled": true,
    "tau": 0.1,
    "iters": 20,
    "csls_k": 20,
    "weight": 0.5,
    "block_per_subject": true,
    "alpha": 0.5,
    "fgw_outer": 10
  }
}
[loso ] sources [2, 3, 4, 5, 6, 7, 8, 9, 10] -> hold out sub-01; 9 subjects x 1654 concepts x 10 images = 148860 rows; test (200, 1, 63, 250)
[10:01:02 INFO samclip.train] Stage A | augmentation OFF (raw epochs)
[10:01:02 INFO samclip.train] Stage A | fold sub-01 held out | 1.13M params | 50 epochs | 129 batches/epoch
[10:01:02 INFO samclip.train] Stage A | schedule coarse-to-fine | stage1 20 epochs coarse 0.9->0.5, fine 0.1->0.5 @ lr 0.001 | stage2 coarse=0, fine=1 @ lr 5e-05
[10:01:02 INFO samclip.train] Stage A | arch=v4 objective=v4 | d_align=64 d_latent=64 | smn=on (gate_scale=True, init_gate=0.000, min_rows=4)
[10:01:02 INFO samclip.train] Stage A | target_fusion=routed (init weights [0.2, 0.2, 0.2, 0.2, 0.2]) | loss weights {'img': 1.0, 'cross': 0.7, 'dec': 0.0, 'mmd': 1.0, 'reg': 0.0, 'proto': 0.0, 'rkd': 0.0, 'adv': 0.0, 'spec': 0.0, 'router': 0.05}
[10:01:02 INFO samclip.train] Stage A | prototype_level=concept
[10:01:02 INFO samclip.train] epoch -1 (init) | test top1 0.00 top5 0.50 meanrank 95.8 | offset 0.985 spec_top 0.828
[10:01:03 INFO samclip.train] epoch 0 step 0/129 loss 3.2956 {'img': 5.9813, 'sc_img': 2.7269, 'sc_x': 2.3979, 'cross': 4.9253, 'mmd': 0.5872, 'router': -1.6094, 'soft_plan': 3.8093, 'sp_diag_mass': 0.0233, 'sp_entropy': 3.7279, 'total': 3.2956}
[10:01:06 INFO samclip.train] epoch 0 step 50/129 loss 2.9111 {'img': 6.0164, 'sc_img': 2.6809, 'sc_x': 2.3728, 'cross': 5.2559, 'mmd': 0.0635, 'router': -1.6094, 'soft_plan': 3.8384, 'sp_diag_mass': 0.023, 'sp_entropy': 3.7071, 'total': 2.8654}
[10:01:10 INFO samclip.train] epoch 0 step 100/129 loss 2.8830 {'img': 5.9917, 'sc_img': 2.6401, 'sc_x': 2.3223, 'cross': 5.2717, 'mmd': 0.0383, 'router': -1.6094, 'soft_plan': 3.8113, 'sp_diag_mass': 0.0238, 'sp_entropy': 3.6942, 'total': 2.8278}
[10:01:11 INFO samclip.train] epoch 0 [stage1] | lr 1.00e-03 | coarse 0.900 fine 0.100 | loss 2.8734 | test top1 1.50 top5 3.00 meanrank 99.3 | offset 0.989 spec_top 0.984 | smn_gate 0.121 | layer_w [0.198, 0.197, 0.198, 0.203, 0.204]
[10:01:12 INFO samclip.train] epoch 1 step 0/129 loss 3.0307 {'img': 5.9906, 'sc_img': 2.6174, 'sc_x': 2.297, 'cross': 5.1508, 'mmd': 0.0457, 'router': -1.6093, 'soft_plan': 3.8187, 'sp_diag_mass': 0.023, 'sp_entropy': 3.7239, 'total': 3.0307}
[10:01:15 INFO samclip.train] epoch 1 step 50/129 loss 3.0335 {'img': 6.0022, 'sc_img': 2.5712, 'sc_x': 2.2547, 'cross': 5.1007, 'mmd': 0.031, 'router': -1.6093, 'soft_plan': 3.8509, 'sp_diag_mass': 0.023, 'sp_entropy': 3.6959, 'total': 3.031}
[10:01:18 INFO samclip.train] epoch 1 step 100/129 loss 3.0276 {'img': 5.9727, 'sc_img': 2.5269, 'sc_x': 2.2529, 'cross': 5.0724, 'mmd': 0.0365, 'router': -1.6092, 'soft_plan': 3.7913, 'sp_diag_mass': 0.0232, 'sp_entropy': 3.7361, 'total': 3.0001}
[10:01:20 INFO samclip.train] epoch 1 [stage1] | lr 1.00e-03 | coarse 0.879 fine 0.121 | loss 3.0232 | test top1 0.50 top5 2.00 meanrank 101.6 | offset 1.000 spec_top 0.970 | smn_gate 0.243 | layer_w [0.197, 0.195, 0.197, 0.206, 0.205]
[10:01:20 INFO samclip.train] epoch 2 step 0/129 loss 3.2097 {'img': 5.9715, 'sc_img': 2.5002, 'sc_x': 2.2774, 'cross': 5.0579, 'mmd': 0.0235, 'router': -1.6092, 'soft_plan': 3.8367, 'sp_diag_mass': 0.0236, 'sp_entropy': 3.6918, 'total': 3.2097}
[10:01:23 INFO samclip.train] epoch 2 step 50/129 loss 3.2028 {'img': 5.9646, 'sc_img': 2.4542, 'sc_x': 2.3237, 'cross': 5.0126, 'mmd': 0.0374, 'router': -1.6091, 'soft_plan': 3.7937, 'sp_diag_mass': 0.0233, 'sp_entropy': 3.7416, 'total': 3.1947}
[10:01:27 INFO samclip.train] epoch 2 step 100/129 loss 3.2033 {'img': 5.9981, 'sc_img': 2.4071, 'sc_x': 2.3668, 'cross': 4.9408, 'mmd': 0.0342, 'router': -1.609, 'soft_plan': 3.8101, 'sp_diag_mass': 0.0231, 'sp_entropy': 3.7353, 'total': 3.1977}
[10:01:28 INFO samclip.train] epoch 2 [stage1] | lr 1.00e-03 | coarse 0.858 fine 0.142 | loss 3.2023 | test top1 0.00 top5 2.50 meanrank 95.7 | offset 1.000 spec_top 0.979 | smn_gate 0.349 | layer_w [0.196, 0.194, 0.195, 0.207, 0.209]
[10:01:29 INFO samclip.train] epoch 3 step 0/129 loss 3.3922 {'img': 5.9599, 'sc_img': 2.3799, 'sc_x': 2.3874, 'cross': 4.9825, 'mmd': 0.042, 'router': -1.6089, 'soft_plan': 3.792, 'sp_diag_mass': 0.0233, 'sp_entropy': 3.7296, 'total': 3.3922}
[10:01:32 INFO samclip.train] epoch 3 step 50/129 loss 3.3838 {'img': 5.9676, 'sc_img': 2.326, 'sc_x': 2.4215, 'cross': 4.9644, 'mmd': 0.0273, 'router': -1.6088, 'soft_plan': 3.8039, 'sp_diag_mass': 0.0232, 'sp_entropy': 3.7233, 'total': 3.385}
[10:01:35 INFO samclip.train] epoch 3 step 100/129 loss 3.3822 {'img': 5.9778, 'sc_img': 2.2765, 'sc_x': 2.4438, 'cross': 4.9337, 'mmd': 0.0332, 'router': -1.6088, 'soft_plan': 3.7791, 'sp_diag_mass': 0.0232, 'sp_entropy': 3.7438, 'total': 3.3757}
[10:01:37 INFO samclip.train] epoch 3 [stage1] | lr 1.00e-03 | coarse 0.837 fine 0.163 | loss 3.3806 | test top1 0.50 top5 4.00 meanrank 97.7 | offset 1.000 spec_top 0.957 | smn_gate 0.442 | layer_w [0.195, 0.193, 0.194, 0.208, 0.211]
[10:01:37 INFO samclip.train] epoch 4 step 0/129 loss 3.5671 {'img': 5.9705, 'sc_img': 2.2479, 'sc_x': 2.4636, 'cross': 4.9063, 'mmd': 0.0292, 'router': -1.6087, 'soft_plan': 3.7824, 'sp_diag_mass': 0.0237, 'sp_entropy': 3.7418, 'total': 3.5671}
[10:01:40 INFO samclip.train] epoch 4 step 50/129 loss 3.5694 {'img': 5.9768, 'sc_img': 2.199, 'sc_x': 2.4769, 'cross': 4.8709, 'mmd': 0.0305, 'router': -1.6087, 'soft_plan': 3.773, 'sp_diag_mass': 0.0233, 'sp_entropy': 3.743, 'total': 3.5601}
[10:01:43 INFO samclip.train] epoch 4 step 100/129 loss 3.5693 {'img': 5.966, 'sc_img': 2.1462, 'sc_x': 2.4794, 'cross': 4.944, 'mmd': 0.0204, 'router': -1.6086, 'soft_plan': 3.791, 'sp_diag_mass': 0.0233, 'sp_entropy': 3.7337, 'total': 3.5682}
[10:01:45 INFO samclip.train] epoch 4 [stage1] | lr 1.00e-03 | coarse 0.816 fine 0.184 | loss 3.5694 | test top1 0.50 top5 3.00 meanrank 90.8 | offset 1.000 spec_top 0.973 | smn_gate 0.526 | layer_w [0.194, 0.192, 0.193, 0.209, 0.212]
[10:01:45 INFO samclip.train] epoch 5 step 0/129 loss 3.7566 {'img': 5.9666, 'sc_img': 2.1188, 'sc_x': 2.4771, 'cross': 4.9515, 'mmd': 0.0225, 'router': -1.6085, 'soft_plan': 3.7661, 'sp_diag_mass': 0.0236, 'sp_entropy': 3.74, 'total': 3.7566}
[10:01:48 INFO samclip.train] epoch 5 step 50/129 loss 3.7626 {'img': 5.963, 'sc_img': 2.0689, 'sc_x': 2.4935, 'cross': 4.9225, 'mmd': 0.0213, 'router': -1.6085, 'soft_plan': 3.7902, 'sp_diag_mass': 0.0231, 'sp_entropy': 3.7388, 'total': 3.7628}
[10:01:52 INFO samclip.train] epoch 5 step 100/129 loss 3.7597 {'img': 5.9492, 'sc_img': 2.0203, 'sc_x': 2.5074, 'cross': 4.8658, 'mmd': 0.0295, 'router': -1.6084, 'soft_plan': 3.7649, 'sp_diag_mass': 0.0235, 'sp_entropy': 3.7497, 'total': 3.7457}
[10:01:53 INFO samclip.train] epoch 5 [stage1] | lr 1.00e-03 | coarse 0.795 fine 0.205 | loss 3.7599 | test top1 2.00 top5 4.50 meanrank 86.1 | offset 1.000 spec_top 0.975 | smn_gate 0.598 | layer_w [0.193, 0.191, 0.192, 0.209, 0.213]
[10:01:54 INFO samclip.train] epoch 6 step 0/129 loss 4.0197 {'img': 5.9642, 'sc_img': 1.9968, 'sc_x': 2.5126, 'cross': 4.8983, 'mmd': 0.0151, 'router': -1.6083, 'soft_plan': 3.9253, 'sp_diag_mass': 0.0229, 'sp_entropy': 3.6656, 'total': 4.0197}
[10:01:57 INFO samclip.train] epoch 6 step 50/129 loss 3.9258 {'img': 5.7619, 'sc_img': 1.971, 'sc_x': 2.5229, 'cross': 4.7273, 'mmd': 0.0262, 'router': -1.6082, 'soft_plan': 3.5844, 'sp_diag_mass': 0.0347, 'sp_entropy': 3.4274, 'total': 3.785}
[10:02:00 INFO samclip.train] epoch 6 step 100/129 loss 3.9398 {'img': 5.7311, 'sc_img': 2.0186, 'sc_x': 2.5844, 'cross': 4.7833, 'mmd': 0.0323, 'router': -1.6081, 'soft_plan': 5.7772, 'sp_diag_mass': 0.0148, 'sp_entropy': 3.318, 'total': 4.888}
[10:02:02 INFO samclip.train] epoch 6 [stage1] | lr 1.00e-03 | coarse 0.774 fine 0.226 | loss 3.9579 | test top1 0.00 top5 5.50 meanrank 69.6 | offset 1.000 spec_top 0.989 | smn_gate 0.700 | layer_w [0.192, 0.189, 0.19, 0.211, 0.217]
[10:02:02 INFO samclip.train] epoch 7 step 0/129 loss 4.1716 {'img': 5.9474, 'sc_img': 2.0095, 'sc_x': 2.5483, 'cross': 4.9269, 'mmd': 0.0223, 'router': -1.6077, 'soft_plan': 3.8217, 'sp_diag_mass': 0.0244, 'sp_entropy': 3.6703, 'total': 4.1716}
[10:02:05 INFO samclip.train] epoch 7 step 50/129 loss 3.9617 {'img': 5.5763, 'sc_img': 2.0615, 'sc_x': 2.5811, 'cross': 4.6409, 'mmd': 0.0313, 'router': -1.6077, 'soft_plan': 5.2626, 'sp_diag_mass': 0.0268, 'sp_entropy': 3.1214, 'total': 4.7575}
[10:02:09 INFO samclip.train] epoch 7 step 100/129 loss 4.0884 {'img': 5.6601, 'sc_img': 2.1127, 'sc_x': 2.5758, 'cross': 4.7674, 'mmd': 0.0809, 'router': -1.6073, 'soft_plan': 4.3533, 'sp_diag_mass': 0.0304, 'sp_entropy': 3.2732, 'total': 4.3828}
[10:02:10 INFO samclip.train] epoch 7 [stage1] | lr 1.00e-03 | coarse 0.753 fine 0.247 | loss 4.1831 | test top1 1.00 top5 5.50 meanrank 58.5 | offset 0.857 spec_top 0.999 | smn_gate 0.797 | layer_w [0.19, 0.189, 0.189, 0.211, 0.22]
[10:02:11 INFO samclip.train] epoch 8 step 0/129 loss 4.1357 {'img': 5.6469, 'sc_img': 2.1373, 'sc_x': 2.5964, 'cross': 4.6642, 'mmd': 0.1821, 'router': -1.6072, 'soft_plan': 3.3815, 'sp_diag_mass': 0.0419, 'sp_entropy': 3.432, 'total': 4.1357}
[10:02:14 INFO samclip.train] epoch 8 step 50/129 loss 4.5221 {'img': 5.9839, 'sc_img': 2.1558, 'sc_x': 2.6291, 'cross': 4.7688, 'mmd': 0.1292, 'router': -1.6064, 'soft_plan': 3.7919, 'sp_diag_mass': 0.0301, 'sp_entropy': 3.575, 'total': 4.4124}
[10:02:17 INFO samclip.train] epoch 8 step 100/129 loss 4.4099 {'img': 5.5191, 'sc_img': 2.1678, 'sc_x': 2.6483, 'cross': 4.6205, 'mmd': 0.0416, 'router': -1.6056, 'soft_plan': 4.4131, 'sp_diag_mass': 0.0389, 'sp_entropy': 3.1262, 'total': 4.5063}
[10:02:19 INFO samclip.train] epoch 8 [stage1] | lr 1.00e-03 | coarse 0.732 fine 0.268 | loss 4.3962 | test top1 1.00 top5 5.00 meanrank 58.7 | offset 0.992 spec_top 0.999 | smn_gate 0.863 | layer_w [0.186, 0.185, 0.187, 0.215, 0.227]
[10:02:19 INFO samclip.train] epoch 9 step 0/129 loss 4.3180 {'img': 5.7041, 'sc_img': 2.1964, 'sc_x': 2.6628, 'cross': 4.7649, 'mmd': 0.0682, 'router': -1.6055, 'soft_plan': 3.4662, 'sp_diag_mass': 0.0381, 'sp_entropy': 3.4938, 'total': 4.318}
[10:02:23 INFO samclip.train] epoch 9 step 50/129 loss 4.5265 {'img': 5.5087, 'sc_img': 2.2314, 'sc_x': 2.6698, 'cross': 4.7223, 'mmd': 0.0638, 'router': -1.605, 'soft_plan': 4.2764, 'sp_diag_mass': 0.0374, 'sp_entropy': 3.1434, 'total': 4.6548}
[10:02:26 INFO samclip.train] epoch 9 step 100/129 loss 4.5179 {'img': 5.5569, 'sc_img': 2.2989, 'sc_x': 2.6386, 'cross': 4.7485, 'mmd': 0.0863, 'router': -1.6049, 'soft_plan': 4.0216, 'sp_diag_mass': 0.0389, 'sp_entropy': 3.2199, 'total': 4.5626}
[10:02:28 INFO samclip.train] epoch 9 [stage1] | lr 1.00e-03 | coarse 0.711 fine 0.289 | loss 4.4617 | test top1 1.50 top5 6.00 meanrank 54.6 | offset 0.728 spec_top 1.000 | smn_gate 0.957 | layer_w [0.184, 0.183, 0.186, 0.216, 0.231]
[10:02:28 INFO samclip.train] epoch 10 step 0/129 loss 5.6328 {'img': 5.5115, 'sc_img': 2.3355, 'sc_x': 2.6401, 'cross': 4.6371, 'mmd': 0.0555, 'router': -1.6046, 'soft_plan': 5.9108, 'sp_diag_mass': 0.0251, 'sp_entropy': 3.0936, 'total': 5.6328}
[10:02:31 INFO samclip.train] epoch 10 step 50/129 loss 4.5511 {'img': 5.601, 'sc_img': 2.3984, 'sc_x': 2.6783, 'cross': 4.6904, 'mmd': 0.0864, 'router': -1.6047, 'soft_plan': 3.326, 'sp_diag_mass': 0.0473, 'sp_entropy': 3.2985, 'total': 4.4011}
[10:02:34 INFO samclip.train] epoch 10 step 100/129 loss 4.6167 {'img': 5.7677, 'sc_img': 2.4504, 'sc_x': 2.6913, 'cross': 4.6474, 'mmd': 0.1432, 'router': -1.6047, 'soft_plan': 4.4294, 'sp_diag_mass': 0.0185, 'sp_entropy': 3.5405, 'total': 5.0344}
[10:02:36 INFO samclip.train] epoch 10 [stage1] | lr 1.00e-03 | coarse 0.689 fine 0.311 | loss 4.6090 | test top1 1.50 top5 6.50 meanrank 56.7 | offset 0.916 spec_top 1.000 | smn_gate 0.993 | layer_w [0.183, 0.182, 0.186, 0.217, 0.233]
[10:02:36 INFO samclip.train] epoch 11 step 0/129 loss 4.4595 {'img': 5.5157, 'sc_img': 2.4609, 'sc_x': 2.6816, 'cross': 4.6176, 'mmd': 0.0415, 'router': -1.604, 'soft_plan': 3.2225, 'sp_diag_mass': 0.0543, 'sp_entropy': 3.1817, 'total': 4.4595}
[10:02:39 INFO samclip.train] epoch 11 step 50/129 loss 4.7599 {'img': 5.4426, 'sc_img': 2.5108, 'sc_x': 2.6967, 'cross': 4.5983, 'mmd': 0.0648, 'router': -1.6038, 'soft_plan': 3.2123, 'sp_diag_mass': 0.0535, 'sp_entropy': 3.1758, 'total': 4.4412}
[10:02:42 INFO samclip.train] epoch 11 step 100/129 loss 4.7623 {'img': 5.4848, 'sc_img': 2.5562, 'sc_x': 2.7137, 'cross': 4.6507, 'mmd': 0.1018, 'router': -1.6037, 'soft_plan': 3.2291, 'sp_diag_mass': 0.0549, 'sp_entropy': 3.2657, 'total': 4.5005}
[10:02:44 INFO samclip.train] epoch 11 [stage1] | lr 1.00e-03 | coarse 0.668 fine 0.332 | loss 4.7230 | test top1 1.00 top5 5.50 meanrank 53.1 | offset 0.724 spec_top 1.000 | smn_gate 1.000 | layer_w [0.182, 0.181, 0.186, 0.217, 0.234]
[10:02:44 INFO samclip.train] epoch 12 step 0/129 loss 4.5499 {'img': 5.4316, 'sc_img': 2.5925, 'sc_x': 2.7216, 'cross': 4.5762, 'mmd': 0.0589, 'router': -1.6037, 'soft_plan': 3.0941, 'sp_diag_mass': 0.0599, 'sp_entropy': 3.1769, 'total': 4.5499}
[10:02:48 INFO samclip.train] epoch 12 step 50/129 loss 4.8085 {'img': 5.4706, 'sc_img': 2.6469, 'sc_x': 2.741, 'cross': 4.5661, 'mmd': 0.0599, 'router': -1.6038, 'soft_plan': 3.2077, 'sp_diag_mass': 0.0557, 'sp_entropy': 3.1351, 'total': 4.6186}
[10:02:51 INFO samclip.train] epoch 12 step 100/129 loss 4.8188 {'img': 5.4386, 'sc_img': 2.676, 'sc_x': 2.7525, 'cross': 4.535, 'mmd': 0.0541, 'router': -1.6038, 'soft_plan': 3.4591, 'sp_diag_mass': 0.0518, 'sp_entropy': 3.1319, 'total': 4.7216}
[10:02:53 INFO samclip.train] epoch 12 [stage1] | lr 1.00e-03 | coarse 0.647 fine 0.353 | loss 4.8215 | test top1 1.00 top5 6.00 meanrank 53.7 | offset 0.828 spec_top 1.000 | smn_gate 1.000 | layer_w [0.182, 0.181, 0.186, 0.217, 0.234]
[10:02:53 INFO samclip.train] epoch 13 step 0/129 loss 4.7544 {'img': 5.3929, 'sc_img': 2.6931, 'sc_x': 2.7574, 'cross': 4.584, 'mmd': 0.0522, 'router': -1.6039, 'soft_plan': 3.1752, 'sp_diag_mass': 0.0566, 'sp_entropy': 3.2087, 'total': 4.7544}
[10:02:56 INFO samclip.train] epoch 13 step 50/129 loss 4.9869 {'img': 5.3986, 'sc_img': 2.7235, 'sc_x': 2.77, 'cross': 4.5738, 'mmd': 0.0474, 'router': -1.6038, 'soft_plan': 3.1957, 'sp_diag_mass': 0.0562, 'sp_entropy': 3.1156, 'total': 4.7612}
[10:03:00 INFO samclip.train] epoch 13 step 100/129 loss 5.0270 {'img': 5.431, 'sc_img': 2.7508, 'sc_x': 2.7729, 'cross': 4.6196, 'mmd': 0.0375, 'router': -1.6036, 'soft_plan': 5.2942, 'sp_diag_mass': 0.0317, 'sp_entropy': 3.0611, 'total': 5.8283}
[10:03:02 INFO samclip.train] epoch 13 [stage1] | lr 1.00e-03 | coarse 0.626 fine 0.374 | loss 5.0123 | test top1 1.00 top5 5.50 meanrank 50.9 | offset 0.830 spec_top 1.000 | smn_gate 1.000 | layer_w [0.181, 0.181, 0.186, 0.217, 0.234]
[10:03:02 INFO samclip.train] epoch 14 step 0/129 loss 4.9483 {'img': 5.422, 'sc_img': 2.7696, 'sc_x': 2.7718, 'cross': 4.5205, 'mmd': 0.0563, 'router': -1.6036, 'soft_plan': 3.2101, 'sp_diag_mass': 0.0529, 'sp_entropy': 3.2085, 'total': 4.9483}
[10:03:05 INFO samclip.train] epoch 14 step 50/129 loss 5.2962 {'img': 5.3692, 'sc_img': 2.7832, 'sc_x': 2.7753, 'cross': 4.5137, 'mmd': 0.0612, 'router': -1.6033, 'soft_plan': 3.6831, 'sp_diag_mass': 0.0524, 'sp_entropy': 3.2395, 'total': 5.1651}
[10:03:08 INFO samclip.train] epoch 14 step 100/129 loss 5.2488 {'img': 5.369, 'sc_img': 2.8121, 'sc_x': 2.784, 'cross': 4.5802, 'mmd': 0.0599, 'router': -1.6033, 'soft_plan': 4.4321, 'sp_diag_mass': 0.0318, 'sp_entropy': 3.1724, 'total': 5.5571}
[10:03:10 INFO samclip.train] epoch 14 [stage1] | lr 1.00e-03 | coarse 0.605 fine 0.395 | loss 5.2816 | test top1 1.00 top5 5.50 meanrank 53.3 | offset 0.847 spec_top 1.000 | smn_gate 1.000 | layer_w [0.18, 0.181, 0.186, 0.218, 0.235]
[10:03:10 INFO samclip.train] epoch 15 step 0/129 loss 5.2740 {'img': 5.5165, 'sc_img': 2.8187, 'sc_x': 2.7876, 'cross': 4.5878, 'mmd': 0.1233, 'router': -1.6032, 'soft_plan': 3.3063, 'sp_diag_mass': 0.0518, 'sp_entropy': 3.369, 'total': 5.274}
[10:03:13 INFO samclip.train] epoch 15 step 50/129 loss 5.3623 {'img': 5.3012, 'sc_img': 2.8385, 'sc_x': 2.7893, 'cross': 4.5451, 'mmd': 0.0491, 'router': -1.6028, 'soft_plan': 3.0734, 'sp_diag_mass': 0.0592, 'sp_entropy': 3.1076, 'total': 5.0123}
[10:03:16 INFO samclip.train] epoch 15 step 100/129 loss 5.3930 {'img': 5.4284, 'sc_img': 2.8569, 'sc_x': 2.7968, 'cross': 4.5535, 'mmd': 0.078, 'router': -1.6029, 'soft_plan': 3.1953, 'sp_diag_mass': 0.0564, 'sp_entropy': 3.2286, 'total': 5.1454}
[10:03:18 INFO samclip.train] epoch 15 [stage1] | lr 1.00e-03 | coarse 0.584 fine 0.416 | loss 5.4038 | test top1 1.00 top5 8.00 meanrank 57.4 | offset 0.809 spec_top 1.000 | smn_gate 1.000 | layer_w [0.179, 0.18, 0.186, 0.218, 0.237]
[10:03:18 INFO samclip.train] epoch 16 step 0/129 loss 5.8540 {'img': 5.3679, 'sc_img': 2.8677, 'sc_x': 2.8012, 'cross': 4.4806, 'mmd': 0.0525, 'router': -1.6028, 'soft_plan': 4.3791, 'sp_diag_mass': 0.04, 'sp_entropy': 3.1168, 'total': 5.854}
[10:03:21 INFO samclip.train] epoch 16 step 50/129 loss 5.5053 {'img': 5.447, 'sc_img': 2.8895, 'sc_x': 2.8017, 'cross': 4.6479, 'mmd': 0.0687, 'router': -1.6029, 'soft_plan': 3.3135, 'sp_diag_mass': 0.0511, 'sp_entropy': 3.1944, 'total': 5.416}
[10:03:24 INFO samclip.train] epoch 16 step 100/129 loss 5.5306 {'img': 5.3719, 'sc_img': 2.9118, 'sc_x': 2.7991, 'cross': 4.5178, 'mmd': 0.0554, 'router': -1.6026, 'soft_plan': 4.7721, 'sp_diag_mass': 0.029, 'sp_entropy': 3.1349, 'total': 6.0653}
[10:03:26 INFO samclip.train] epoch 16 [stage1] | lr 1.00e-03 | coarse 0.563 fine 0.437 | loss 5.5156 | test top1 1.00 top5 5.50 meanrank 50.9 | offset 0.814 spec_top 0.999 | smn_gate 1.000 | layer_w [0.178, 0.18, 0.186, 0.219, 0.237]
[10:03:27 INFO samclip.train] epoch 17 step 0/129 loss 6.6850 {'img': 5.3301, 'sc_img': 2.9273, 'sc_x': 2.8113, 'cross': 4.5269, 'mmd': 0.0608, 'router': -1.6025, 'soft_plan': 5.6812, 'sp_diag_mass': 0.0228, 'sp_entropy': 3.1005, 'total': 6.685}
[10:03:30 INFO samclip.train] epoch 17 step 50/129 loss 5.6910 {'img': 5.4818, 'sc_img': 2.9556, 'sc_x': 2.8242, 'cross': 4.5156, 'mmd': 0.0456, 'router': -1.6025, 'soft_plan': 5.4526, 'sp_diag_mass': 0.0223, 'sp_entropy': 3.1012, 'total': 6.6284}
[10:03:33 INFO samclip.train] epoch 17 step 100/129 loss 5.6513 {'img': 5.4107, 'sc_img': 2.9923, 'sc_x': 2.8166, 'cross': 4.5374, 'mmd': 0.0564, 'router': -1.6025, 'soft_plan': 3.1804, 'sp_diag_mass': 0.0551, 'sp_entropy': 3.2072, 'total': 5.4725}
[10:03:35 INFO samclip.train] epoch 17 [stage1] | lr 1.00e-03 | coarse 0.542 fine 0.458 | loss 5.7015 | test top1 1.00 top5 5.00 meanrank 49.4 | offset 0.746 spec_top 1.000 | smn_gate 1.000 | layer_w [0.178, 0.18, 0.186, 0.219, 0.237]
[10:03:35 INFO samclip.train] epoch 18 step 0/129 loss 5.7848 {'img': 5.4611, 'sc_img': 3.0032, 'sc_x': 2.823, 'cross': 4.5857, 'mmd': 0.0983, 'router': -1.6025, 'soft_plan': 3.3215, 'sp_diag_mass': 0.0531, 'sp_entropy': 3.2774, 'total': 5.7848}
[10:03:38 INFO samclip.train] epoch 18 step 50/129 loss 6.0159 {'img': 5.4752, 'sc_img': 2.9999, 'sc_x': 2.8161, 'cross': 4.5843, 'mmd': 0.1293, 'router': -1.6016, 'soft_plan': 3.5554, 'sp_diag_mass': 0.0404, 'sp_entropy': 3.3946, 'total': 5.9243}
[10:03:41 INFO samclip.train] epoch 18 step 100/129 loss 5.9864 {'img': 5.3923, 'sc_img': 3.0155, 'sc_x': 2.8162, 'cross': 4.5041, 'mmd': 0.067, 'router': -1.6011, 'soft_plan': 3.2888, 'sp_diag_mass': 0.0571, 'sp_entropy': 3.0551, 'total': 5.692}
[10:03:43 INFO samclip.train] epoch 18 [stage1] | lr 1.00e-03 | coarse 0.521 fine 0.479 | loss 6.0036 | test top1 1.50 top5 7.00 meanrank 47.2 | offset 0.720 spec_top 1.000 | smn_gate 1.000 | layer_w [0.176, 0.178, 0.184, 0.22, 0.241]
[10:03:43 INFO samclip.train] epoch 19 step 0/129 loss 5.9978 {'img': 5.4489, 'sc_img': 3.0282, 'sc_x': 2.8214, 'cross': 4.6444, 'mmd': 0.1058, 'router': -1.601, 'soft_plan': 3.3499, 'sp_diag_mass': 0.0486, 'sp_entropy': 3.3456, 'total': 5.9978}
[10:03:46 INFO samclip.train] epoch 19 step 50/129 loss 6.0030 {'img': 5.3933, 'sc_img': 3.0497, 'sc_x': 2.8289, 'cross': 4.5163, 'mmd': 0.0577, 'router': -1.601, 'soft_plan': 4.5101, 'sp_diag_mass': 0.038, 'sp_entropy': 3.1269, 'total': 6.4812}
[10:03:49 INFO samclip.train] epoch 19 step 100/129 loss 5.9926 {'img': 5.2976, 'sc_img': 3.0726, 'sc_x': 2.8449, 'cross': 4.4868, 'mmd': 0.0494, 'router': -1.601, 'soft_plan': 3.0964, 'sp_diag_mass': 0.0613, 'sp_entropy': 3.0964, 'total': 5.712}
[10:03:51 INFO samclip.train] epoch 19 [stage1] | lr 1.00e-03 | coarse 0.500 fine 0.500 | loss 5.9862 | test top1 1.50 top5 6.00 meanrank 48.5 | offset 0.805 spec_top 0.999 | smn_gate 1.000 | layer_w [0.175, 0.178, 0.185, 0.22, 0.242]
[10:03:51 INFO samclip.train] epoch 20 step 0/129 loss 11.2569 {'img': 5.4152, 'sc_img': 3.0886, 'sc_x': 2.8419, 'cross': 4.5037, 'router': -1.601, 'soft_plan': 5.5382, 'sp_diag_mass': 0.0161, 'sp_entropy': 3.1585, 'total': 11.2569}
[10:03:54 INFO samclip.train] epoch 20 step 50/129 loss 10.3579 {'img': 5.3735, 'sc_img': 3.0895, 'sc_x': 2.842, 'cross': 4.5602, 'router': -1.601, 'soft_plan': 3.8046, 'sp_diag_mass': 0.0442, 'sp_entropy': 3.1973, 'total': 10.3879}
[10:03:58 INFO samclip.train] epoch 20 step 100/129 loss 10.2477 {'img': 5.3313, 'sc_img': 3.092, 'sc_x': 2.8421, 'cross': 4.5272, 'router': -1.601, 'soft_plan': 3.0925, 'sp_diag_mass': 0.0597, 'sp_entropy': 3.1563, 'total': 9.9665}
[10:03:59 INFO samclip.train] epoch 20 [stage2] | lr 5.00e-05 | coarse 0.000 fine 1.000 | loss 10.2407 | test top1 1.00 top5 6.50 meanrank 47.2 | offset 0.823 spec_top 0.999 | smn_gate 1.000 | layer_w [0.176, 0.178, 0.185, 0.22, 0.241]
[10:04:00 INFO samclip.train] epoch 21 step 0/129 loss 9.8902 {'img': 5.3025, 'sc_img': 3.0938, 'sc_x': 2.8429, 'cross': 4.4154, 'router': -1.6011, 'soft_plan': 3.1539, 'sp_diag_mass': 0.0568, 'sp_entropy': 3.1447, 'total': 9.8902}
[10:04:03 INFO samclip.train] epoch 21 step 50/129 loss 10.0707 {'img': 5.2999, 'sc_img': 3.0969, 'sc_x': 2.8436, 'cross': 4.4991, 'router': -1.6011, 'soft_plan': 3.7718, 'sp_diag_mass': 0.0512, 'sp_entropy': 3.0942, 'total': 10.2551}
[10:04:06 INFO samclip.train] epoch 21 step 100/129 loss 10.1100 {'img': 5.3176, 'sc_img': 3.1003, 'sc_x': 2.8444, 'cross': 4.4861, 'router': -1.6012, 'soft_plan': 3.3032, 'sp_diag_mass': 0.0553, 'sp_entropy': 3.131, 'total': 10.0294}
[10:04:08 INFO samclip.train] epoch 21 [stage2] | lr 5.00e-05 | coarse 0.000 fine 1.000 | loss 10.0844 | test top1 1.50 top5 8.00 meanrank 47.9 | offset 0.834 spec_top 0.999 | smn_gate 1.000 | layer_w [0.176, 0.178, 0.185, 0.22, 0.241]
[10:04:08 INFO samclip.train] epoch 22 step 0/129 loss 10.0570 {'img': 5.3083, 'sc_img': 3.1025, 'sc_x': 2.8444, 'cross': 4.4833, 'router': -1.6012, 'soft_plan': 3.3809, 'sp_diag_mass': 0.0571, 'sp_entropy': 3.1247, 'total': 10.057}
[10:04:12 INFO samclip.train] epoch 22 step 50/129 loss 10.0116 {'img': 5.2392, 'sc_img': 3.1071, 'sc_x': 2.8464, 'cross': 4.4468, 'router': -1.6013, 'soft_plan': 4.6735, 'sp_diag_mass': 0.0327, 'sp_entropy': 3.093, 'total': 10.6087}
[10:04:14 INFO samclip.train] epoch 22 step 100/129 loss 10.0361 {'img': 5.2744, 'sc_img': 3.1102, 'sc_x': 2.8472, 'cross': 4.4398, 'router': -1.6013, 'soft_plan': 3.0394, 'sp_diag_mass': 0.062, 'sp_entropy': 3.1623, 'total': 9.8218}
[10:04:16 INFO samclip.train] epoch 22 [stage2] | lr 5.00e-05 | coarse 0.000 fine 1.000 | loss 10.0202 | test top1 1.00 top5 8.00 meanrank 47.9 | offset 0.841 spec_top 0.999 | smn_gate 1.000 | layer_w [0.176, 0.178, 0.185, 0.22, 0.241]
[10:04:17 INFO samclip.train] epoch 23 step 0/129 loss 9.9338 {'img': 5.3194, 'sc_img': 3.1122, 'sc_x': 2.8478, 'cross': 4.5099, 'router': -1.6013, 'soft_plan': 3.0751, 'sp_diag_mass': 0.0599, 'sp_entropy': 3.1878, 'total': 9.9338}
[10:04:20 INFO samclip.train] epoch 23 step 50/129 loss 10.0076 {'img': 5.296, 'sc_img': 3.1156, 'sc_x': 2.8491, 'cross': 4.4685, 'router': -1.6013, 'soft_plan': 3.1684, 'sp_diag_mass': 0.0595, 'sp_entropy': 3.1646, 'total': 9.9281}
[10:04:23 INFO samclip.train] epoch 23 step 100/129 loss 10.0038 {'img': 5.2936, 'sc_img': 3.1185, 'sc_x': 2.8505, 'cross': 4.4765, 'router': -1.6014, 'soft_plan': 3.0937, 'sp_diag_mass': 0.0606, 'sp_entropy': 3.1633, 'total': 9.894}
[10:04:25 INFO samclip.train] epoch 23 [stage2] | lr 5.00e-05 | coarse 0.000 fine 1.000 | loss 10.0344 | test top1 2.00 top5 8.00 meanrank 47.0 | offset 0.842 spec_top 0.999 | smn_gate 1.000 | layer_w [0.176, 0.178, 0.185, 0.22, 0.24]
[10:04:25 INFO samclip.train] epoch 24 step 0/129 loss 9.9197 {'img': 5.3166, 'sc_img': 3.12, 'sc_x': 2.8505, 'cross': 4.4887, 'router': -1.6014, 'soft_plan': 3.0821, 'sp_diag_mass': 0.0605, 'sp_entropy': 3.1598, 'total': 9.9197}
[10:04:28 INFO samclip.train] epoch 24 step 50/129 loss 10.0074 {'img': 5.2503, 'sc_img': 3.123, 'sc_x': 2.8515, 'cross': 4.4072, 'router': -1.6014, 'soft_plan': 2.9739, 'sp_diag_mass': 0.0663, 'sp_entropy': 3.1459, 'total': 9.7423}
[10:04:31 INFO samclip.train] epoch 24 step 100/129 loss 10.0271 {'img': 5.2549, 'sc_img': 3.1259, 'sc_x': 2.8526, 'cross': 4.4416, 'router': -1.6015, 'soft_plan': 2.9887, 'sp_diag_mass': 0.065, 'sp_entropy': 3.1336, 'total': 9.7783}
[10:04:33 INFO samclip.train] epoch 24 [stage2] | lr 5.00e-05 | coarse 0.000 fine 1.000 | loss 10.0443 | test top1 2.00 top5 9.00 meanrank 46.3 | offset 0.838 spec_top 0.999 | smn_gate 1.000 | layer_w [0.176, 0.179, 0.186, 0.22, 0.24]
[10:04:34 INFO samclip.train] epoch 25 step 0/129 loss 9.9483 {'img': 5.2827, 'sc_img': 3.1277, 'sc_x': 2.8533, 'cross': 4.4315, 'router': -1.6015, 'soft_plan': 3.2873, 'sp_diag_mass': 0.0586, 'sp_entropy': 3.114, 'total': 9.9483}
[10:04:37 INFO samclip.train] epoch 25 step 50/129 loss 10.0702 {'img': 5.2733, 'sc_img': 3.1305, 'sc_x': 2.8541, 'cross': 4.3987, 'router': -1.6015, 'soft_plan': 3.0591, 'sp_diag_mass': 0.0633, 'sp_entropy': 3.1369, 'total': 9.8018}
[10:04:40 INFO samclip.train] epoch 25 step 100/129 loss 10.0766 {'img': 5.2667, 'sc_img': 3.1325, 'sc_x': 2.8553, 'cross': 4.4483, 'router': -1.6016, 'soft_plan': 3.3023, 'sp_diag_mass': 0.0556, 'sp_entropy': 3.2001, 'total': 9.9516}
[10:04:42 INFO samclip.train] epoch 25 [stage2] | lr 5.00e-05 | coarse 0.000 fine 1.000 | loss 10.0554 | test top1 1.50 top5 9.00 meanrank 45.5 | offset 0.843 spec_top 0.999 | smn_gate 1.000 | layer_w [0.176, 0.179, 0.186, 0.22, 0.24]
[10:04:42 INFO samclip.train] epoch 26 step 0/129 loss 9.9586 {'img': 5.3503, 'sc_img': 3.1336, 'sc_x': 2.8559, 'cross': 4.4666, 'router': -1.6016, 'soft_plan': 3.1233, 'sp_diag_mass': 0.06, 'sp_entropy': 3.107, 'total': 9.9586}
[10:04:45 INFO samclip.train] epoch 26 step 50/129 loss 9.9837 {'img': 5.3063, 'sc_img': 3.1363, 'sc_x': 2.8575, 'cross': 4.4488, 'router': -1.6016, 'soft_plan': 4.391, 'sp_diag_mass': 0.0347, 'sp_entropy': 3.1214, 'total': 10.5359}
[10:04:48 INFO samclip.train] epoch 26 step 100/129 loss 10.0194 {'img': 5.3031, 'sc_img': 3.1385, 'sc_x': 2.8583, 'cross': 4.53, 'router': -1.6017, 'soft_plan': 3.0875, 'sp_diag_mass': 0.0586, 'sp_entropy': 3.125, 'total': 9.9377}
[10:04:50 INFO samclip.train] epoch 26 [stage2] | lr 5.00e-05 | coarse 0.000 fine 1.000 | loss 10.0232 | test top1 2.00 top5 9.00 meanrank 44.8 | offset 0.851 spec_top 0.999 | smn_gate 1.000 | layer_w [0.176, 0.179, 0.186, 0.22, 0.239]
[10:04:50 INFO samclip.train] epoch 27 step 0/129 loss 10.0515 {'img': 5.3548, 'sc_img': 3.1402, 'sc_x': 2.8591, 'cross': 4.5627, 'router': -1.6017, 'soft_plan': 3.1659, 'sp_diag_mass': 0.0593, 'sp_entropy': 3.1815, 'total': 10.0515}
[10:04:53 INFO samclip.train] epoch 27 step 50/129 loss 9.9426 {'img': 5.2702, 'sc_img': 3.1429, 'sc_x': 2.8598, 'cross': 4.4461, 'router': -1.6017, 'soft_plan': 3.05, 'sp_diag_mass': 0.063, 'sp_entropy': 3.1524, 'total': 9.8274}
[10:04:56 INFO samclip.train] epoch 27 step 100/129 loss 9.9372 {'img': 5.3019, 'sc_img': 3.1456, 'sc_x': 2.8608, 'cross': 4.4146, 'router': -1.6018, 'soft_plan': 3.0492, 'sp_diag_mass': 0.0614, 'sp_entropy': 3.136, 'total': 9.8366}
[10:04:58 INFO samclip.train] epoch 27 [stage2] | lr 5.00e-05 | coarse 0.000 fine 1.000 | loss 9.9531 | test top1 2.50 top5 10.50 meanrank 43.7 | offset 0.854 spec_top 0.999 | smn_gate 1.000 | layer_w [0.176, 0.179, 0.186, 0.22, 0.239]
[10:04:58 INFO samclip.train] epoch 28 step 0/129 loss 10.0699 {'img': 5.3353, 'sc_img': 3.1468, 'sc_x': 2.8614, 'cross': 4.5063, 'router': -1.6018, 'soft_plan': 3.3206, 'sp_diag_mass': 0.0562, 'sp_entropy': 3.1458, 'total': 10.0699}
[10:05:02 INFO samclip.train] epoch 28 step 50/129 loss 9.9804 {'img': 5.2033, 'sc_img': 3.1489, 'sc_x': 2.862, 'cross': 4.4564, 'router': -1.6018, 'soft_plan': 2.967, 'sp_diag_mass': 0.0647, 'sp_entropy': 3.0961, 'total': 9.7262}
[10:05:05 INFO samclip.train] epoch 28 step 100/129 loss 9.9975 {'img': 5.2742, 'sc_img': 3.1514, 'sc_x': 2.8625, 'cross': 4.4268, 'router': -1.6019, 'soft_plan': 3.0532, 'sp_diag_mass': 0.0623, 'sp_entropy': 3.158, 'total': 9.8194}
[10:05:06 INFO samclip.train] epoch 28 [stage2] | lr 5.00e-05 | coarse 0.000 fine 1.000 | loss 9.9967 | test top1 2.50 top5 9.00 meanrank 43.2 | offset 0.856 spec_top 0.999 | smn_gate 1.000 | layer_w [0.176, 0.179, 0.186, 0.22, 0.239]
[10:05:07 INFO samclip.train] epoch 29 step 0/129 loss 9.7718 {'img': 5.2234, 'sc_img': 3.1527, 'sc_x': 2.8632, 'cross': 4.4648, 'router': -1.6019, 'soft_plan': 3.0061, 'sp_diag_mass': 0.0626, 'sp_entropy': 3.1095, 'total': 9.7718}
[10:05:10 INFO samclip.train] epoch 29 step 50/129 loss 9.9844 {'img': 5.3214, 'sc_img': 3.1551, 'sc_x': 2.8642, 'cross': 4.4708, 'router': -1.6019, 'soft_plan': 3.0949, 'sp_diag_mass': 0.0611, 'sp_entropy': 3.1861, 'total': 9.9183}
[10:05:13 INFO samclip.train] epoch 29 step 100/129 loss 9.9917 {'img': 5.2426, 'sc_img': 3.1575, 'sc_x': 2.8653, 'cross': 4.4188, 'router': -1.602, 'soft_plan': 5.2752, 'sp_diag_mass': 0.0245, 'sp_entropy': 3.163, 'total': 10.8933}
[10:05:14 INFO samclip.train] epoch 29 [stage2] | lr 5.00e-05 | coarse 0.000 fine 1.000 | loss 9.9696 | test top1 2.50 top5 10.00 meanrank 42.0 | offset 0.856 spec_top 0.999 | smn_gate 1.000 | layer_w [0.176, 0.179, 0.186, 0.22, 0.238]
[10:05:15 INFO samclip.train] epoch 30 step 0/129 loss 9.7845 {'img': 5.2573, 'sc_img': 3.1587, 'sc_x': 2.8661, 'cross': 4.4147, 'router': -1.602, 'soft_plan': 3.034, 'sp_diag_mass': 0.0618, 'sp_entropy': 3.1206, 'total': 9.7845}
[10:05:18 INFO samclip.train] epoch 30 step 50/129 loss 9.9640 {'img': 5.1883, 'sc_img': 3.1611, 'sc_x': 2.8672, 'cross': 4.3929, 'router': -1.602, 'soft_plan': 4.1774, 'sp_diag_mass': 0.0358, 'sp_entropy': 3.183, 'total': 10.2718}
[10:05:21 INFO samclip.train] epoch 30 step 100/129 loss 10.0265 {'img': 5.3043, 'sc_img': 3.1629, 'sc_x': 2.8683, 'cross': 4.4903, 'router': -1.6021, 'soft_plan': 3.1058, 'sp_diag_mass': 0.0609, 'sp_entropy': 3.0989, 'total': 9.9203}
[10:05:23 INFO samclip.train] epoch 30 [stage2] | lr 5.00e-05 | coarse 0.000 fine 1.000 | loss 10.0054 | test top1 2.50 top5 12.00 meanrank 40.5 | offset 0.861 spec_top 0.999 | smn_gate 1.000 | layer_w [0.176, 0.179, 0.187, 0.22, 0.238]
[10:05:23 INFO samclip.train] epoch 31 step 0/129 loss 9.9103 {'img': 5.3211, 'sc_img': 3.1642, 'sc_x': 2.8692, 'cross': 4.4435, 'router': -1.6021, 'soft_plan': 3.1176, 'sp_diag_mass': 0.0584, 'sp_entropy': 3.1373, 'total': 9.9103}
[10:05:26 INFO samclip.train] epoch 31 step 50/129 loss 10.0331 {'img': 5.303, 'sc_img': 3.166, 'sc_x': 2.8702, 'cross': 4.466, 'router': -1.6021, 'soft_plan': 3.5159, 'sp_diag_mass': 0.0462, 'sp_entropy': 3.2428, 'total': 10.107}
[10:05:29 INFO samclip.train] epoch 31 step 100/129 loss 10.0072 {'img': 5.2666, 'sc_img': 3.1678, 'sc_x': 2.8713, 'cross': 4.4794, 'router': -1.6021, 'soft_plan': 3.0825, 'sp_diag_mass': 0.0587, 'sp_entropy': 3.1266, 'total': 9.8633}
[10:05:31 INFO samclip.train] epoch 31 [stage2] | lr 5.00e-05 | coarse 0.000 fine 1.000 | loss 9.9814 | test top1 3.50 top5 11.50 meanrank 39.8 | offset 0.865 spec_top 0.999 | smn_gate 1.000 | layer_w [0.177, 0.179, 0.187, 0.219, 0.238]
[10:05:32 INFO samclip.train] epoch 32 step 0/129 loss 9.6751 {'img': 5.2203, 'sc_img': 3.1691, 'sc_x': 2.8721, 'cross': 4.3582, 'router': -1.6022, 'soft_plan': 2.9683, 'sp_diag_mass': 0.0622, 'sp_entropy': 3.0663, 'total': 9.6751}
[10:05:35 INFO samclip.train] epoch 32 step 50/129 loss 10.0233 {'img': 5.3143, 'sc_img': 3.1713, 'sc_x': 2.8739, 'cross': 4.4997, 'router': -1.6022, 'soft_plan': 3.282, 'sp_diag_mass': 0.0532, 'sp_entropy': 3.1963, 'total': 10.0249}
[10:05:38 INFO samclip.train] epoch 32 step 100/129 loss 9.9759 {'img': 5.1689, 'sc_img': 3.1736, 'sc_x': 2.8752, 'cross': 4.4365, 'router': -1.6022, 'soft_plan': 2.9897, 'sp_diag_mass': 0.0631, 'sp_entropy': 3.1275, 'total': 9.6892}
[10:05:40 INFO samclip.train] epoch 32 [stage2] | lr 5.00e-05 | coarse 0.000 fine 1.000 | loss 9.9643 | test top1 3.00 top5 14.00 meanrank 38.7 | offset 0.872 spec_top 0.999 | smn_gate 1.000 | layer_w [0.177, 0.18, 0.187, 0.219, 0.238]
[10:05:40 INFO samclip.train] epoch 33 step 0/129 loss 9.7908 {'img': 5.2154, 'sc_img': 3.175, 'sc_x': 2.8762, 'cross': 4.4618, 'router': -1.6023, 'soft_plan': 3.0647, 'sp_diag_mass': 0.0582, 'sp_entropy': 3.2082, 'total': 9.7908}
[10:05:44 INFO samclip.train] epoch 33 step 50/129 loss 9.9893 {'img': 5.3218, 'sc_img': 3.1772, 'sc_x': 2.8777, 'cross': 4.4253, 'router': -1.6023, 'soft_plan': 3.1517, 'sp_diag_mass': 0.0588, 'sp_entropy': 3.144, 'total': 9.9152}
[10:05:47 INFO samclip.train] epoch 33 step 100/129 loss 9.9574 {'img': 5.2185, 'sc_img': 3.1791, 'sc_x': 2.8792, 'cross': 4.4431, 'router': -1.6024, 'soft_plan': 3.0442, 'sp_diag_mass': 0.0632, 'sp_entropy': 3.1238, 'total': 9.7706}
[10:05:48 INFO samclip.train] epoch 33 [stage2] | lr 5.00e-05 | coarse 0.000 fine 1.000 | loss 9.9411 | test top1 3.50 top5 14.50 meanrank 37.3 | offset 0.869 spec_top 0.999 | smn_gate 1.000 | layer_w [0.177, 0.18, 0.187, 0.219, 0.237]
[10:05:49 INFO samclip.train] epoch 34 step 0/129 loss 9.7078 {'img': 5.1984, 'sc_img': 3.1804, 'sc_x': 2.8804, 'cross': 4.3896, 'router': -1.6024, 'soft_plan': 3.0336, 'sp_diag_mass': 0.0598, 'sp_entropy': 3.1452, 'total': 9.7078}
[10:05:52 INFO samclip.train] epoch 34 step 50/129 loss 9.9103 {'img': 5.2008, 'sc_img': 3.1827, 'sc_x': 2.8821, 'cross': 4.41, 'router': -1.6024, 'soft_plan': 3.0073, 'sp_diag_mass': 0.0608, 'sp_entropy': 3.1558, 'total': 9.7113}
[10:05:55 INFO samclip.train] epoch 34 step 100/129 loss 9.9270 {'img': 5.2094, 'sc_img': 3.1849, 'sc_x': 2.8837, 'cross': 4.3688, 'router': -1.6025, 'soft_plan': 3.0741, 'sp_diag_mass': 0.0594, 'sp_entropy': 3.1524, 'total': 9.7244}
[10:05:57 INFO samclip.train] epoch 34 [stage2] | lr 5.00e-05 | coarse 0.000 fine 1.000 | loss 9.9260 | test top1 4.50 top5 16.50 meanrank 36.6 | offset 0.870 spec_top 0.999 | smn_gate 1.000 | layer_w [0.177, 0.18, 0.187, 0.219, 0.237]
[10:05:57 INFO samclip.train] epoch 35 step 0/129 loss 9.9136 {'img': 5.1809, 'sc_img': 3.186, 'sc_x': 2.8846, 'cross': 4.3953, 'router': -1.6025, 'soft_plan': 3.472, 'sp_diag_mass': 0.0521, 'sp_entropy': 3.1059, 'total': 9.9136}
[10:06:00 INFO samclip.train] epoch 35 step 50/129 loss 9.8679 {'img': 5.1829, 'sc_img': 3.188, 'sc_x': 2.8864, 'cross': 4.3531, 'router': -1.6025, 'soft_plan': 2.9943, 'sp_diag_mass': 0.0641, 'sp_entropy': 3.2101, 'total': 9.6471}
[10:06:04 INFO samclip.train] epoch 35 step 100/129 loss 9.9113 {'img': 5.2044, 'sc_img': 3.1902, 'sc_x': 2.8883, 'cross': 4.3603, 'router': -1.6026, 'soft_plan': 3.5876, 'sp_diag_mass': 0.0509, 'sp_entropy': 3.1488, 'total': 9.9703}
[10:06:05 INFO samclip.train] epoch 35 [stage2] | lr 5.00e-05 | coarse 0.000 fine 1.000 | loss 9.8981 | test top1 5.50 top5 15.00 meanrank 36.2 | offset 0.872 spec_top 0.999 | smn_gate 1.000 | layer_w [0.177, 0.18, 0.187, 0.219, 0.237]
[10:06:06 INFO samclip.train] epoch 36 step 0/129 loss 9.6848 {'img': 5.2029, 'sc_img': 3.1912, 'sc_x': 2.889, 'cross': 4.3488, 'router': -1.6026, 'soft_plan': 3.036, 'sp_diag_mass': 0.0628, 'sp_entropy': 3.1395, 'total': 9.6848}
[10:06:09 INFO samclip.train] epoch 36 step 50/129 loss 9.9166 {'img': 5.2268, 'sc_img': 3.1929, 'sc_x': 2.8905, 'cross': 4.4047, 'router': -1.6026, 'soft_plan': 3.165, 'sp_diag_mass': 0.0571, 'sp_entropy': 3.1708, 'total': 9.8125}
[10:06:12 INFO samclip.train] epoch 36 step 100/129 loss 9.9149 {'img': 5.176, 'sc_img': 3.1948, 'sc_x': 2.8917, 'cross': 4.4189, 'router': -1.6026, 'soft_plan': 3.0446, 'sp_diag_mass': 0.0636, 'sp_entropy': 3.1518, 'total': 9.7114}
[10:06:13 INFO samclip.train] epoch 36 [stage2] | lr 5.00e-05 | coarse 0.000 fine 1.000 | loss 9.9120 | test top1 6.00 top5 15.50 meanrank 35.7 | offset 0.869 spec_top 0.999 | smn_gate 1.000 | layer_w [0.177, 0.18, 0.188, 0.219, 0.236]
[10:06:14 INFO samclip.train] epoch 37 step 0/129 loss 9.8193 {'img': 5.2369, 'sc_img': 3.1959, 'sc_x': 2.8926, 'cross': 4.4326, 'router': -1.6026, 'soft_plan': 3.1194, 'sp_diag_mass': 0.0593, 'sp_entropy': 3.1226, 'total': 9.8193}
[10:06:17 INFO samclip.train] epoch 37 step 50/129 loss 9.9180 {'img': 5.1805, 'sc_img': 3.1979, 'sc_x': 2.8942, 'cross': 4.3763, 'router': -1.6027, 'soft_plan': 3.0033, 'sp_diag_mass': 0.0639, 'sp_entropy': 3.118, 'total': 9.6654}
[10:06:20 INFO samclip.train] epoch 37 step 100/129 loss 9.9085 {'img': 5.1951, 'sc_img': 3.2002, 'sc_x': 2.8961, 'cross': 4.3993, 'router': -1.6027, 'soft_plan': 3.0437, 'sp_diag_mass': 0.0612, 'sp_entropy': 3.1116, 'total': 9.7163}
[10:06:21 INFO samclip.train] epoch 37 [stage2] | lr 5.00e-05 | coarse 0.000 fine 1.000 | loss 9.9193 | test top1 5.50 top5 15.00 meanrank 35.2 | offset 0.870 spec_top 0.999 | smn_gate 1.000 | layer_w [0.177, 0.18, 0.188, 0.219, 0.236]
[10:06:22 INFO samclip.train] epoch 38 step 0/129 loss 10.3614 {'img': 5.2764, 'sc_img': 3.2013, 'sc_x': 2.8968, 'cross': 4.4577, 'router': -1.6027, 'soft_plan': 4.0894, 'sp_diag_mass': 0.0443, 'sp_entropy': 3.1023, 'total': 10.3614}
[10:06:25 INFO samclip.train] epoch 38 step 50/129 loss 9.9065 {'img': 5.1819, 'sc_img': 3.203, 'sc_x': 2.8985, 'cross': 4.3613, 'router': -1.6028, 'soft_plan': 3.0165, 'sp_diag_mass': 0.0615, 'sp_entropy': 3.1832, 'total': 9.6629}
[10:06:28 INFO samclip.train] epoch 38 step 100/129 loss 9.9038 {'img': 5.2308, 'sc_img': 3.2048, 'sc_x': 2.8998, 'cross': 4.4625, 'router': -1.6028, 'soft_plan': 4.4636, 'sp_diag_mass': 0.0386, 'sp_entropy': 3.1174, 'total': 10.5061}
[10:06:30 INFO samclip.train] epoch 38 [stage2] | lr 5.00e-05 | coarse 0.000 fine 1.000 | loss 9.8875 | test top1 4.50 top5 15.00 meanrank 34.9 | offset 0.873 spec_top 0.999 | smn_gate 1.000 | layer_w [0.177, 0.18, 0.188, 0.219, 0.236]
[10:06:31 INFO samclip.train] epoch 39 step 0/129 loss 10.0664 {'img': 5.297, 'sc_img': 3.2062, 'sc_x': 2.9009, 'cross': 4.4362, 'router': -1.6028, 'soft_plan': 3.4884, 'sp_diag_mass': 0.0522, 'sp_entropy': 3.1927, 'total': 10.0664}
[10:06:34 INFO samclip.train] epoch 39 step 50/129 loss 9.9115 {'img': 5.2312, 'sc_img': 3.2084, 'sc_x': 2.9027, 'cross': 4.3897, 'router': -1.6028, 'soft_plan': 5.4112, 'sp_diag_mass': 0.0195, 'sp_entropy': 3.0889, 'total': 10.9295}
[10:06:37 INFO samclip.train] epoch 39 step 100/129 loss 9.8799 {'img': 5.1983, 'sc_img': 3.2102, 'sc_x': 2.9039, 'cross': 4.3983, 'router': -1.6029, 'soft_plan': 3.0019, 'sp_diag_mass': 0.0618, 'sp_entropy': 3.1567, 'total': 9.6979}
[10:06:39 INFO samclip.train] epoch 39 [stage2] | lr 5.00e-05 | coarse 0.000 fine 1.000 | loss 9.8921 | test top1 5.50 top5 17.00 meanrank 35.1 | offset 0.874 spec_top 0.999 | smn_gate 1.000 | layer_w [0.177, 0.18, 0.188, 0.219, 0.236]
[10:06:39 INFO samclip.train] epoch 40 step 0/129 loss 9.6573 {'img': 5.1557, 'sc_img': 3.2114, 'sc_x': 2.9049, 'cross': 4.3663, 'router': -1.6029, 'soft_plan': 3.0507, 'sp_diag_mass': 0.0626, 'sp_entropy': 3.1668, 'total': 9.6573}
[10:06:42 INFO samclip.train] epoch 40 step 50/129 loss 9.9601 {'img': 5.2029, 'sc_img': 3.2132, 'sc_x': 2.9062, 'cross': 4.418, 'router': -1.6029, 'soft_plan': 3.1086, 'sp_diag_mass': 0.0591, 'sp_entropy': 3.1446, 'total': 9.7696}
[10:06:45 INFO samclip.train] epoch 40 step 100/129 loss 9.9038 {'img': 5.128, 'sc_img': 3.215, 'sc_x': 2.9075, 'cross': 4.3545, 'router': -1.6029, 'soft_plan': 3.0018, 'sp_diag_mass': 0.0628, 'sp_entropy': 3.13, 'total': 9.5969}
[10:06:47 INFO samclip.train] epoch 40 [stage2] | lr 5.00e-05 | coarse 0.000 fine 1.000 | loss 9.9163 | test top1 5.00 top5 16.00 meanrank 34.4 | offset 0.874 spec_top 0.999 | smn_gate 1.000 | layer_w [0.177, 0.181, 0.188, 0.219, 0.235]
[10:06:47 INFO samclip.train] epoch 41 step 0/129 loss 9.8241 {'img': 5.2174, 'sc_img': 3.2161, 'sc_x': 2.9081, 'cross': 4.3977, 'router': -1.603, 'soft_plan': 3.217, 'sp_diag_mass': 0.0572, 'sp_entropy': 3.1611, 'total': 9.8241}
[10:06:51 INFO samclip.train] epoch 41 step 50/129 loss 9.8600 {'img': 5.1218, 'sc_img': 3.218, 'sc_x': 2.9093, 'cross': 4.3624, 'router': -1.603, 'soft_plan': 3.0556, 'sp_diag_mass': 0.0597, 'sp_entropy': 3.1578, 'total': 9.6232}
[10:06:53 INFO samclip.train] epoch 41 step 100/129 loss 9.8716 {'img': 5.1988, 'sc_img': 3.2198, 'sc_x': 2.9105, 'cross': 4.4286, 'router': -1.603, 'soft_plan': 3.0994, 'sp_diag_mass': 0.0586, 'sp_entropy': 3.2216, 'total': 9.7684}
[10:06:55 INFO samclip.train] epoch 41 [stage2] | lr 5.00e-05 | coarse 0.000 fine 1.000 | loss 9.8647 | test top1 4.50 top5 15.50 meanrank 34.1 | offset 0.868 spec_top 0.999 | smn_gate 1.000 | layer_w [0.178, 0.181, 0.188, 0.219, 0.235]
[10:06:56 INFO samclip.train] epoch 42 step 0/129 loss 9.6573 {'img': 5.1658, 'sc_img': 3.2207, 'sc_x': 2.9113, 'cross': 4.3673, 'router': -1.603, 'soft_plan': 3.0289, 'sp_diag_mass': 0.063, 'sp_entropy': 3.1551, 'total': 9.6573}
[10:06:59 INFO samclip.train] epoch 42 step 50/129 loss 9.7963 {'img': 5.1348, 'sc_img': 3.2227, 'sc_x': 2.9127, 'cross': 4.3959, 'router': -1.603, 'soft_plan': 3.1774, 'sp_diag_mass': 0.0606, 'sp_entropy': 3.1032, 'total': 9.7205}
[10:07:02 INFO samclip.train] epoch 42 step 100/129 loss 9.7982 {'img': 5.1738, 'sc_img': 3.2249, 'sc_x': 2.9143, 'cross': 4.3797, 'router': -1.6031, 'soft_plan': 3.3256, 'sp_diag_mass': 0.0546, 'sp_entropy': 3.0939, 'total': 9.8222}
[10:07:04 INFO samclip.train] epoch 42 [stage2] | lr 5.00e-05 | coarse 0.000 fine 1.000 | loss 9.8114 | test top1 5.00 top5 15.50 meanrank 34.0 | offset 0.870 spec_top 0.999 | smn_gate 1.000 | layer_w [0.178, 0.181, 0.188, 0.219, 0.235]
[10:07:05 INFO samclip.train] epoch 43 step 0/129 loss 9.6633 {'img': 5.1467, 'sc_img': 3.2262, 'sc_x': 2.9154, 'cross': 4.4046, 'router': -1.6031, 'soft_plan': 3.0271, 'sp_diag_mass': 0.0614, 'sp_entropy': 3.0937, 'total': 9.6633}
[10:07:07 INFO samclip.train] epoch 43 step 50/129 loss 9.7744 {'img': 5.0892, 'sc_img': 3.2281, 'sc_x': 2.9165, 'cross': 4.3201, 'router': -1.6031, 'soft_plan': 3.4868, 'sp_diag_mass': 0.0533, 'sp_entropy': 3.1219, 'total': 9.7765}
[10:07:10 INFO samclip.train] epoch 43 step 100/129 loss 9.8386 {'img': 5.181, 'sc_img': 3.2302, 'sc_x': 2.9176, 'cross': 4.3661, 'router': -1.6032, 'soft_plan': 4.9665, 'sp_diag_mass': 0.0264, 'sp_entropy': 3.1116, 'total': 10.6404}
[10:07:12 INFO samclip.train] epoch 43 [stage2] | lr 5.00e-05 | coarse 0.000 fine 1.000 | loss 9.8359 | test top1 5.00 top5 16.00 meanrank 33.4 | offset 0.868 spec_top 0.999 | smn_gate 1.000 | layer_w [0.178, 0.181, 0.188, 0.219, 0.234]
[10:07:13 INFO samclip.train] epoch 44 step 0/129 loss 9.5821 {'img': 5.1341, 'sc_img': 3.2312, 'sc_x': 2.9183, 'cross': 4.3347, 'router': -1.6032, 'soft_plan': 2.9876, 'sp_diag_mass': 0.0613, 'sp_entropy': 3.1271, 'total': 9.5821}
[10:07:16 INFO samclip.train] epoch 44 step 50/129 loss 9.8860 {'img': 5.1144, 'sc_img': 3.2332, 'sc_x': 2.9192, 'cross': 4.3823, 'router': -1.6032, 'soft_plan': 4.9442, 'sp_diag_mass': 0.0266, 'sp_entropy': 3.1376, 'total': 10.5739}
[10:07:19 INFO samclip.train] epoch 44 step 100/129 loss 9.8770 {'img': 5.1828, 'sc_img': 3.2351, 'sc_x': 2.9205, 'cross': 4.3719, 'router': -1.6033, 'soft_plan': 3.5681, 'sp_diag_mass': 0.0498, 'sp_entropy': 3.1495, 'total': 9.947}
[10:07:21 INFO samclip.train] epoch 44 [stage2] | lr 5.00e-05 | coarse 0.000 fine 1.000 | loss 9.8643 | test top1 4.50 top5 17.50 meanrank 33.3 | offset 0.868 spec_top 0.999 | smn_gate 1.000 | layer_w [0.178, 0.181, 0.188, 0.218, 0.234]
[10:07:21 INFO samclip.train] epoch 45 step 0/129 loss 9.6427 {'img': 5.1398, 'sc_img': 3.236, 'sc_x': 2.9211, 'cross': 4.3988, 'router': -1.6033, 'soft_plan': 3.0077, 'sp_diag_mass': 0.0619, 'sp_entropy': 3.2008, 'total': 9.6427}
[10:07:25 INFO samclip.train] epoch 45 step 50/129 loss 9.8434 {'img': 5.2039, 'sc_img': 3.238, 'sc_x': 2.9223, 'cross': 4.4059, 'router': -1.6033, 'soft_plan': 3.6314, 'sp_diag_mass': 0.0501, 'sp_entropy': 3.1418, 'total': 10.0235}
[10:07:28 INFO samclip.train] epoch 45 step 100/129 loss 9.8309 {'img': 5.0418, 'sc_img': 3.24, 'sc_x': 2.9239, 'cross': 4.3872, 'router': -1.6034, 'soft_plan': 2.963, 'sp_diag_mass': 0.0643, 'sp_entropy': 3.1495, 'total': 9.5142}
[10:07:29 INFO samclip.train] epoch 45 [stage2] | lr 5.00e-05 | coarse 0.000 fine 1.000 | loss 9.8470 | test top1 5.00 top5 17.00 meanrank 33.1 | offset 0.871 spec_top 0.999 | smn_gate 1.000 | layer_w [0.178, 0.181, 0.189, 0.218, 0.234]
[10:07:30 INFO samclip.train] epoch 46 step 0/129 loss 9.5175 {'img': 5.0714, 'sc_img': 3.241, 'sc_x': 2.9246, 'cross': 4.3235, 'router': -1.6034, 'soft_plan': 2.9995, 'sp_diag_mass': 0.0633, 'sp_entropy': 3.1082, 'total': 9.5175}
[10:07:33 INFO samclip.train] epoch 46 step 50/129 loss 9.7942 {'img': 5.1445, 'sc_img': 3.2429, 'sc_x': 2.9262, 'cross': 4.3965, 'router': -1.6034, 'soft_plan': 3.0464, 'sp_diag_mass': 0.0633, 'sp_entropy': 3.1702, 'total': 9.6651}
[10:07:36 INFO samclip.train] epoch 46 step 100/129 loss 9.8084 {'img': 5.1878, 'sc_img': 3.2448, 'sc_x': 2.9274, 'cross': 4.3915, 'router': -1.6035, 'soft_plan': 3.0736, 'sp_diag_mass': 0.0626, 'sp_entropy': 3.1806, 'total': 9.7185}
[10:07:38 INFO samclip.train] epoch 46 [stage2] | lr 5.00e-05 | coarse 0.000 fine 1.000 | loss 9.8113 | test top1 5.00 top5 16.00 meanrank 33.1 | offset 0.866 spec_top 0.999 | smn_gate 1.000 | layer_w [0.178, 0.181, 0.189, 0.218, 0.234]
[10:07:38 INFO samclip.train] epoch 47 step 0/129 loss 9.8296 {'img': 5.1694, 'sc_img': 3.2458, 'sc_x': 2.928, 'cross': 4.3008, 'router': -1.6035, 'soft_plan': 3.4596, 'sp_diag_mass': 0.0539, 'sp_entropy': 3.1494, 'total': 9.8296}
[10:07:41 INFO samclip.train] epoch 47 step 50/129 loss 9.7879 {'img': 5.0293, 'sc_img': 3.2475, 'sc_x': 2.9292, 'cross': 4.3708, 'router': -1.6035, 'soft_plan': 2.9197, 'sp_diag_mass': 0.0628, 'sp_entropy': 3.1099, 'total': 9.4685}
[10:07:44 INFO samclip.train] epoch 47 step 100/129 loss 9.7824 {'img': 5.1048, 'sc_img': 3.2495, 'sc_x': 2.9305, 'cross': 4.3779, 'router': -1.6035, 'soft_plan': 3.861, 'sp_diag_mass': 0.0403, 'sp_entropy': 3.1592, 'total': 10.0197}
[10:07:46 INFO samclip.train] epoch 47 [stage2] | lr 5.00e-05 | coarse 0.000 fine 1.000 | loss 9.8167 | test top1 4.50 top5 18.00 meanrank 32.8 | offset 0.869 spec_top 0.999 | smn_gate 1.000 | layer_w [0.178, 0.181, 0.189, 0.218, 0.233]
[10:07:46 INFO samclip.train] epoch 48 step 0/129 loss 9.7740 {'img': 5.2225, 'sc_img': 3.2506, 'sc_x': 2.9312, 'cross': 4.4078, 'router': -1.6036, 'soft_plan': 3.0924, 'sp_diag_mass': 0.0587, 'sp_entropy': 3.248, 'total': 9.774}
[10:07:49 INFO samclip.train] epoch 48 step 50/129 loss 9.7581 {'img': 5.1431, 'sc_img': 3.2525, 'sc_x': 2.9326, 'cross': 4.3804, 'router': -1.6036, 'soft_plan': 3.0518, 'sp_diag_mass': 0.0602, 'sp_entropy': 3.1883, 'total': 9.6551}
[10:07:53 INFO samclip.train] epoch 48 step 100/129 loss 9.7744 {'img': 5.0771, 'sc_img': 3.2546, 'sc_x': 2.9342, 'cross': 4.2922, 'router': -1.6036, 'soft_plan': 3.0438, 'sp_diag_mass': 0.0632, 'sp_entropy': 3.1046, 'total': 9.5234}
[10:07:54 INFO samclip.train] epoch 48 [stage2] | lr 5.00e-05 | coarse 0.000 fine 1.000 | loss 9.7906 | test top1 5.00 top5 17.50 meanrank 32.6 | offset 0.867 spec_top 0.999 | smn_gate 1.000 | layer_w [0.178, 0.181, 0.189, 0.218, 0.233]
[10:07:55 INFO samclip.train] epoch 49 step 0/129 loss 9.5478 {'img': 5.1058, 'sc_img': 3.2555, 'sc_x': 2.9346, 'cross': 4.3113, 'router': -1.6036, 'soft_plan': 3.0086, 'sp_diag_mass': 0.0654, 'sp_entropy': 3.1635, 'total': 9.5478}
[10:07:58 INFO samclip.train] epoch 49 step 50/129 loss 9.7107 {'img': 5.1018, 'sc_img': 3.2576, 'sc_x': 2.9363, 'cross': 4.3689, 'router': -1.6037, 'soft_plan': 3.0265, 'sp_diag_mass': 0.0609, 'sp_entropy': 3.1228, 'total': 9.5931}
[10:08:01 INFO samclip.train] epoch 49 step 100/129 loss 9.7101 {'img': 5.0679, 'sc_img': 3.2596, 'sc_x': 2.9374, 'cross': 4.2901, 'router': -1.6037, 'soft_plan': 3.0869, 'sp_diag_mass': 0.0619, 'sp_entropy': 3.1435, 'total': 9.5343}
[10:08:03 INFO samclip.train] epoch 49 [stage2] | lr 5.00e-05 | coarse 0.000 fine 1.000 | loss 9.7291 | test top1 5.00 top5 19.00 meanrank 32.5 | offset 0.871 spec_top 0.999 | smn_gate 1.000 | layer_w [0.178, 0.182, 0.189, 0.218, 0.233]
[10:08:03 INFO samclip.train] Stage A done. last-epoch top1 5.00 | best-seen (diagnostic only) 6.00
[stageA] result: {
  "last": {
    "top1": 5.0,
    "top5": 19.0,
    "mean_rank": 32.47,
    "n": 200,
    "offset_ratio": 0.8714960217475891,
    "spec_top_frac": 0.9988117218017578
  },
  "best_seen": 6.0,
  "out_dir": "/project/peilab/why/CLIP/outputs/stage1/v9/sub01_k20_seed2026"
}
