[stageA] config:
{
  "arch": "v4",
  "objective": "v4",
  "d_latent": 64,
  "d_align": 64,
  "d_embed": 64,
  "share_head_hidden": 0,
  "smn": {
    "enabled": true,
    "gate_scale": true,
    "init_gate": 0.0,
    "min_rows": 4
  },
  "n_channels": 63,
  "n_timepoints": 250,
  "n_subjects": 9,
  "d_model": 200,
  "n_heads": 4,
  "n_blocks": 2,
  "dim_ff": 512,
  "dropout": 0.5,
  "head_dropout": 0.1,
  "agg_width": 16,
  "agg_pool": 8,
  "img_head": "linear",
  "eeg_head": "mlp",
  "vicreg_cov_weight": 0.04,
  "target_fusion": "routed",
  "target_subject_dropout": 0.3,
  "router_temperature": 2.0,
  "router_layer_dropout": 0.1,
  "image": {
    "feature_set": "internvit_multilevel",
    "layers": [
      20,
      24,
      28,
      32,
      36
    ],
    "l2norm": true
  },
  "loss_weights": {
    "img": 1.0,
    "cross": 0.7,
    "mmd": 1.0,
    "spec": 0.0,
    "reg": 0.0,
    "dec": 0.0,
    "proto": 0.0,
    "rkd": 0.0,
    "adv": 0.0,
    "router": 0.05
  },
  "spec_r0": 16,
  "spec_mode": "rank",
  "keep_last_epochs": 2,
  "temp_img": 0.07,
  "temp_cross": 0.1,
  "recovery_aware": {
    "enabled": true,
    "block_per_subject": false,
    "csls_k": 20,
    "terms": [
      "img",
      "cross"
    ]
  },
  "temp_proto": 0.07,
  "softplus": true,
  "prototype_level": "concept",
  "mmd_kernel": "linear",
  "schedule": {
    "coarse_to_fine": true,
    "stage1_epochs": 20,
    "mmd_start": 0.9,
    "mmd_end": 0.5,
    "stage2_mmd": 0.0,
    "cross_start": 0.1,
    "cross_end": 0.5,
    "stage2_cross": 1.0,
    "stage2_lr": 5e-05,
    "freeze_encoder_stage2": false
  },
  "epochs": 50,
  "lr": 0.001,
  "weight_decay": 0.0001,
  "grad_clip": 1.0,
  "batch_stimuli": 128,
  "subjects_per_stimulus": 3,
  "images_per_pair": 1,
  "num_workers": 4,
  "eval_batch": 200,
  "log_every": 50,
  "seed": 2025,
  "debug_steps": null,
  "target_subject": 2,
  "source_subjects": [
    1,
    3,
    4,
    5,
    6,
    7,
    8,
    9,
    10
  ],
  "channel_set": "all63",
  "mvnn": "train",
  "calibration": {
    "center": true,
    "whiten": false,
    "csls": true,
    "recovery": false,
    "csls_k": 10,
    "rho": 0.1
  },
  "out_dir": "/project/peilab/why/CLIP/outputs/stage1/v9/sub02_k20_seed2025",
  "soft_plan": {
    "enabled": true,
    "tau": 0.1,
    "iters": 20,
    "csls_k": 20,
    "weight": 0.5,
    "block_per_subject": true,
    "alpha": 0.75,
    "fgw_outer": 10
  }
}
[loso ] sources [1, 3, 4, 5, 6, 7, 8, 9, 10] -> hold out sub-02; 9 subjects x 1654 concepts x 10 images = 148860 rows; test (200, 1, 63, 250)
[12:14:13 INFO samclip.train] Stage A | augmentation OFF (raw epochs)
[12:14:13 INFO samclip.train] Stage A | fold sub-02 held out | 1.13M params | 50 epochs | 129 batches/epoch
[12:14:13 INFO samclip.train] Stage A | schedule coarse-to-fine | stage1 20 epochs coarse 0.9->0.5, fine 0.1->0.5 @ lr 0.001 | stage2 coarse=0, fine=1 @ lr 5e-05
[12:14:13 INFO samclip.train] Stage A | arch=v4 objective=v4 | d_align=64 d_latent=64 | smn=on (gate_scale=True, init_gate=0.000, min_rows=4)
[12:14:13 INFO samclip.train] Stage A | target_fusion=routed (init weights [0.2, 0.2, 0.2, 0.2, 0.2]) | loss weights {'img': 1.0, 'cross': 0.7, 'dec': 0.0, 'mmd': 1.0, 'reg': 0.0, 'proto': 0.0, 'rkd': 0.0, 'adv': 0.0, 'spec': 0.0, 'router': 0.05}
[12:14:13 INFO samclip.train] Stage A | prototype_level=concept
[12:14:13 INFO samclip.train] epoch -1 (init) | test top1 0.50 top5 2.00 meanrank 108.6 | offset 0.982 spec_top 0.830
[12:14:14 INFO samclip.train] epoch 0 step 0/129 loss 3.3534 {'img': 5.9759, 'sc_img': 2.7269, 'sc_x': 2.3979, 'cross': 4.9039, 'mmd': 0.5778, 'router': -1.6094, 'soft_plan': 3.946, 'sp_diag_mass': 0.0235, 'sp_entropy': 3.624, 'total': 3.3534}
[12:14:17 INFO samclip.train] epoch 0 step 50/129 loss 2.9591 {'img': 5.8152, 'sc_img': 2.6846, 'sc_x': 2.3746, 'cross': 4.9713, 'mmd': 0.1235, 'router': -1.6094, 'soft_plan': 3.5525, 'sp_diag_mass': 0.0485, 'sp_entropy': 3.0532, 'total': 2.7364}
[12:14:20 INFO samclip.train] epoch 0 step 100/129 loss 2.8023 {'img': 5.4433, 'sc_img': 2.6754, 'sc_x': 2.397, 'cross': 4.7632, 'mmd': 0.1497, 'router': -1.6093, 'soft_plan': 3.1442, 'sp_diag_mass': 0.0634, 'sp_entropy': 3.0552, 'total': 2.5041}
[12:14:22 INFO samclip.train] epoch 0 [stage1] | lr 1.00e-03 | coarse 0.900 fine 0.100 | loss 2.7347 | test top1 4.00 top5 12.50 meanrank 34.2 | offset 0.685 spec_top 0.988 | smn_gate 0.000 | layer_w [0.196, 0.196, 0.198, 0.205, 0.205]
[12:14:22 INFO samclip.train] epoch 1 step 0/129 loss 2.5436 {'img': 5.341, 'sc_img': 2.6844, 'sc_x': 2.4157, 'cross': 4.5735, 'mmd': 0.1242, 'router': -1.6092, 'soft_plan': 2.9616, 'sp_diag_mass': 0.0889, 'sp_entropy': 2.8665, 'total': 2.5436}
[12:14:26 INFO samclip.train] epoch 1 step 50/129 loss 2.5088 {'img': 5.1409, 'sc_img': 2.7225, 'sc_x': 2.4704, 'cross': 4.5175, 'mmd': 0.0828, 'router': -1.609, 'soft_plan': 2.7881, 'sp_diag_mass': 0.1029, 'sp_entropy': 2.6909, 'total': 2.3915}
[12:14:29 INFO samclip.train] epoch 1 step 100/129 loss 2.4690 {'img': 5.0143, 'sc_img': 2.7653, 'sc_x': 2.5221, 'cross': 4.4861, 'mmd': 0.0755, 'router': -1.6088, 'soft_plan': 2.6955, 'sp_diag_mass': 0.1347, 'sp_entropy': 2.4374, 'total': 2.3208}
[12:14:31 INFO samclip.train] epoch 1 [stage1] | lr 1.00e-03 | coarse 0.879 fine 0.121 | loss 2.4500 | test top1 5.50 top5 23.50 meanrank 24.4 | offset 0.601 spec_top 0.991 | smn_gate 0.000 | layer_w [0.195, 0.191, 0.195, 0.208, 0.21]
[12:14:31 INFO samclip.train] epoch 2 step 0/129 loss 2.5911 {'img': 5.2019, 'sc_img': 2.7884, 'sc_x': 2.5495, 'cross': 4.4569, 'mmd': 0.1136, 'router': -1.6087, 'soft_plan': 2.783, 'sp_diag_mass': 0.1082, 'sp_entropy': 2.7333, 'total': 2.5911}
[12:14:35 INFO samclip.train] epoch 2 step 50/129 loss 2.5655 {'img': 5.1919, 'sc_img': 2.8252, 'sc_x': 2.5982, 'cross': 4.4522, 'mmd': 0.1257, 'router': -1.6084, 'soft_plan': 2.7912, 'sp_diag_mass': 0.1291, 'sp_entropy': 2.479, 'total': 2.6037}
[12:14:38 INFO samclip.train] epoch 2 step 100/129 loss 2.5297 {'img': 4.9489, 'sc_img': 2.872, 'sc_x': 2.6466, 'cross': 4.3061, 'mmd': 0.0659, 'router': -1.6082, 'soft_plan': 2.4857, 'sp_diag_mass': 0.1482, 'sp_entropy': 2.4996, 'total': 2.3506}
[12:14:40 INFO samclip.train] epoch 2 [stage1] | lr 1.00e-03 | coarse 0.858 fine 0.142 | loss 2.5189 | test top1 9.50 top5 27.00 meanrank 21.4 | offset 0.565 spec_top 0.992 | smn_gate 0.000 | layer_w [0.192, 0.19, 0.193, 0.21, 0.215]
[12:14:40 INFO samclip.train] epoch 3 step 0/129 loss 2.4502 {'img': 4.8176, 'sc_img': 2.8922, 'sc_x': 2.6701, 'cross': 4.2319, 'mmd': 0.0682, 'router': -1.6081, 'soft_plan': 2.4084, 'sp_diag_mass': 0.1766, 'sp_entropy': 2.1979, 'total': 2.4502}
[12:14:44 INFO samclip.train] epoch 3 step 50/129 loss 2.5500 {'img': 4.8122, 'sc_img': 2.9448, 'sc_x': 2.7192, 'cross': 4.3183, 'mmd': 0.0612, 'router': -1.6078, 'soft_plan': 2.5287, 'sp_diag_mass': 0.1639, 'sp_entropy': 2.2063, 'total': 2.5135}
[12:14:47 INFO samclip.train] epoch 3 step 100/129 loss 2.5409 {'img': 4.8334, 'sc_img': 2.9931, 'sc_x': 2.7616, 'cross': 4.3372, 'mmd': 0.0778, 'router': -1.6075, 'soft_plan': 2.4854, 'sp_diag_mass': 0.1558, 'sp_entropy': 2.481, 'total': 2.5114}
[12:14:49 INFO samclip.train] epoch 3 [stage1] | lr 1.00e-03 | coarse 0.837 fine 0.163 | loss 2.5401 | test top1 10.50 top5 27.00 meanrank 20.5 | offset 0.625 spec_top 0.991 | smn_gate 0.000 | layer_w [0.19, 0.187, 0.192, 0.211, 0.22]
[12:14:49 INFO samclip.train] epoch 4 step 0/129 loss 2.7411 {'img': 4.9412, 'sc_img': 3.0163, 'sc_x': 2.7813, 'cross': 4.3161, 'mmd': 0.1081, 'router': -1.6073, 'soft_plan': 2.5331, 'sp_diag_mass': 0.1548, 'sp_entropy': 2.3984, 'total': 2.7411}
[12:14:53 INFO samclip.train] epoch 4 step 50/129 loss 2.6138 {'img': 4.6869, 'sc_img': 3.0646, 'sc_x': 2.8194, 'cross': 4.2736, 'mmd': 0.0547, 'router': -1.6069, 'soft_plan': 2.3743, 'sp_diag_mass': 0.2006, 'sp_entropy': 1.9961, 'total': 2.5658}
[12:14:56 INFO samclip.train] epoch 4 step 100/129 loss 2.6091 {'img': 4.6952, 'sc_img': 3.1167, 'sc_x': 2.8567, 'cross': 4.1439, 'mmd': 0.0526, 'router': -1.6065, 'soft_plan': 2.3062, 'sp_diag_mass': 0.1853, 'sp_entropy': 2.3028, 'total': 2.515}
[12:14:58 INFO samclip.train] epoch 4 [stage1] | lr 1.00e-03 | coarse 0.816 fine 0.184 | loss 2.6045 | test top1 11.50 top5 34.50 meanrank 17.8 | offset 0.596 spec_top 0.992 | smn_gate 0.000 | layer_w [0.187, 0.185, 0.19, 0.213, 0.225]
[12:14:58 INFO samclip.train] epoch 5 step 0/129 loss 2.6359 {'img': 4.5586, 'sc_img': 3.1482, 'sc_x': 2.8775, 'cross': 4.0837, 'mmd': 0.052, 'router': -1.6062, 'soft_plan': 2.3048, 'sp_diag_mass': 0.1825, 'sp_entropy': 2.2118, 'total': 2.6359}
[12:15:01 INFO samclip.train] epoch 5 step 50/129 loss 2.7075 {'img': 4.6466, 'sc_img': 3.2003, 'sc_x': 2.9146, 'cross': 4.1817, 'mmd': 0.0703, 'router': -1.6057, 'soft_plan': 2.2456, 'sp_diag_mass': 0.1897, 'sp_entropy': 2.3007, 'total': 2.653}
[12:15:05 INFO samclip.train] epoch 5 step 100/129 loss 2.6880 {'img': 4.5333, 'sc_img': 3.2513, 'sc_x': 2.9473, 'cross': 4.3069, 'mmd': 0.0287, 'router': -1.6052, 'soft_plan': 2.5049, 'sp_diag_mass': 0.2321, 'sp_entropy': 1.7628, 'total': 2.7444}
[12:15:06 INFO samclip.train] epoch 5 [stage1] | lr 1.00e-03 | coarse 0.795 fine 0.205 | loss 2.6812 | test top1 15.00 top5 38.50 meanrank 16.5 | offset 0.719 spec_top 0.990 | smn_gate 0.000 | layer_w [0.185, 0.182, 0.188, 0.215, 0.23]
[12:15:07 INFO samclip.train] epoch 6 step 0/129 loss 2.8501 {'img': 4.6808, 'sc_img': 3.2792, 'sc_x': 2.9667, 'cross': 4.3246, 'mmd': 0.0706, 'router': -1.6049, 'soft_plan': 2.2626, 'sp_diag_mass': 0.201, 'sp_entropy': 2.2186, 'total': 2.8501}
[12:15:10 INFO samclip.train] epoch 6 step 50/129 loss 2.7640 {'img': 4.5099, 'sc_img': 3.3407, 'sc_x': 3.0038, 'cross': 4.1391, 'mmd': 0.0455, 'router': -1.6042, 'soft_plan': 2.1107, 'sp_diag_mass': 0.2049, 'sp_entropy': 2.2443, 'total': 2.6867}
[12:15:13 INFO samclip.train] epoch 6 step 100/129 loss 2.7498 {'img': 4.3009, 'sc_img': 3.3902, 'sc_x': 3.0296, 'cross': 4.0045, 'mmd': 0.0364, 'router': -1.6038, 'soft_plan': 1.9208, 'sp_diag_mass': 0.2577, 'sp_entropy': 1.9269, 'total': 2.5161}
[12:15:15 INFO samclip.train] epoch 6 [stage1] | lr 1.00e-03 | coarse 0.774 fine 0.226 | loss 2.7446 | test top1 18.00 top5 38.50 meanrank 14.1 | offset 0.600 spec_top 0.990 | smn_gate 0.000 | layer_w [0.182, 0.18, 0.186, 0.217, 0.235]
[12:15:16 INFO samclip.train] epoch 7 step 0/129 loss 2.8455 {'img': 4.5466, 'sc_img': 3.4212, 'sc_x': 3.0464, 'cross': 4.0723, 'mmd': 0.0955, 'router': -1.6035, 'soft_plan': 2.0479, 'sp_diag_mass': 0.2316, 'sp_entropy': 2.1236, 'total': 2.8455}
[12:15:19 INFO samclip.train] epoch 7 step 50/129 loss 2.8387 {'img': 4.4503, 'sc_img': 3.4746, 'sc_x': 3.0755, 'cross': 4.1866, 'mmd': 0.0624, 'router': -1.6026, 'soft_plan': 2.1829, 'sp_diag_mass': 0.2199, 'sp_entropy': 2.2019, 'total': 2.8841}
[12:15:22 INFO samclip.train] epoch 7 step 100/129 loss 2.8344 {'img': 4.3348, 'sc_img': 3.5315, 'sc_x': 3.1001, 'cross': 4.1026, 'mmd': 0.0366, 'router': -1.6019, 'soft_plan': 2.11, 'sp_diag_mass': 0.2374, 'sp_entropy': 1.9321, 'total': 2.7851}
[12:15:24 INFO samclip.train] epoch 7 [stage1] | lr 1.00e-03 | coarse 0.753 fine 0.247 | loss 2.8225 | test top1 17.00 top5 41.50 meanrank 14.8 | offset 0.649 spec_top 0.991 | smn_gate 0.000 | layer_w [0.18, 0.177, 0.184, 0.219, 0.241]
[12:15:24 INFO samclip.train] epoch 8 step 0/129 loss 2.9546 {'img': 4.4022, 'sc_img': 3.5663, 'sc_x': 3.1124, 'cross': 4.1211, 'mmd': 0.0307, 'router': -1.6015, 'soft_plan': 2.1125, 'sp_diag_mass': 0.2649, 'sp_entropy': 1.8622, 'total': 2.9546}
[12:15:28 INFO samclip.train] epoch 8 step 50/129 loss 2.9096 {'img': 4.4172, 'sc_img': 3.6187, 'sc_x': 3.1362, 'cross': 4.1093, 'mmd': 0.0352, 'router': -1.6009, 'soft_plan': 2.0217, 'sp_diag_mass': 0.2261, 'sp_entropy': 2.0293, 'total': 2.9144}
[12:15:31 INFO samclip.train] epoch 8 step 100/129 loss 2.9004 {'img': 4.2108, 'sc_img': 3.6721, 'sc_x': 3.1568, 'cross': 4.0128, 'mmd': 0.0355, 'router': -1.6003, 'soft_plan': 1.8378, 'sp_diag_mass': 0.2843, 'sp_entropy': 1.8107, 'total': 2.7491}
[12:15:33 INFO samclip.train] epoch 8 [stage1] | lr 1.00e-03 | coarse 0.732 fine 0.268 | loss 2.9010 | test top1 19.50 top5 40.00 meanrank 14.7 | offset 0.586 spec_top 0.990 | smn_gate 0.000 | layer_w [0.178, 0.174, 0.182, 0.221, 0.245]
[12:15:33 INFO samclip.train] epoch 9 step 0/129 loss 2.9588 {'img': 4.284, 'sc_img': 3.7033, 'sc_x': 3.1646, 'cross': 3.9869, 'mmd': 0.0573, 'router': -1.5999, 'soft_plan': 1.9001, 'sp_diag_mass': 0.2549, 'sp_entropy': 2.082, 'total': 2.9588}
[12:15:37 INFO samclip.train] epoch 9 step 50/129 loss 3.0093 {'img': 4.2735, 'sc_img': 3.7538, 'sc_x': 3.1795, 'cross': 4.0593, 'mmd': 0.0315, 'router': -1.5991, 'soft_plan': 1.9068, 'sp_diag_mass': 0.26, 'sp_entropy': 2.0338, 'total': 2.9554}
[12:15:40 INFO samclip.train] epoch 9 step 100/129 loss 2.9791 {'img': 4.149, 'sc_img': 3.8083, 'sc_x': 3.1978, 'cross': 3.9226, 'mmd': 0.0476, 'router': -1.5983, 'soft_plan': 1.8383, 'sp_diag_mass': 0.2595, 'sp_entropy': 2.099, 'total': 2.8689}
[12:15:41 INFO samclip.train] epoch 9 [stage1] | lr 1.00e-03 | coarse 0.711 fine 0.289 | loss 2.9794 | test top1 19.50 top5 43.00 meanrank 12.6 | offset 0.613 spec_top 0.990 | smn_gate 0.000 | layer_w [0.175, 0.172, 0.181, 0.223, 0.249]
[12:15:42 INFO samclip.train] epoch 10 step 0/129 loss 2.9965 {'img': 4.2016, 'sc_img': 3.8384, 'sc_x': 3.2064, 'cross': 3.9407, 'mmd': 0.0393, 'router': -1.5979, 'soft_plan': 1.7759, 'sp_diag_mass': 0.2561, 'sp_entropy': 2.1079, 'total': 2.9965}
[12:15:45 INFO samclip.train] epoch 10 step 50/129 loss 3.1493 {'img': 4.2237, 'sc_img': 3.8933, 'sc_x': 3.2165, 'cross': 4.1188, 'mmd': 0.0391, 'router': -1.597, 'soft_plan': 1.9208, 'sp_diag_mass': 0.2577, 'sp_entropy': 1.8526, 'total': 3.1143}
[12:15:48 INFO samclip.train] epoch 10 step 100/129 loss 3.1320 {'img': 4.1876, 'sc_img': 3.9504, 'sc_x': 3.2281, 'cross': 3.9542, 'mmd': 0.0535, 'router': -1.5956, 'soft_plan': 1.9667, 'sp_diag_mass': 0.277, 'sp_entropy': 1.789, 'total': 3.1004}
[12:15:50 INFO samclip.train] epoch 10 [stage1] | lr 1.00e-03 | coarse 0.689 fine 0.311 | loss 3.1190 | test top1 25.00 top5 48.50 meanrank 13.3 | offset 0.588 spec_top 0.990 | smn_gate 0.000 | layer_w [0.171, 0.169, 0.179, 0.227, 0.255]
[12:15:51 INFO samclip.train] epoch 11 step 0/129 loss 3.3128 {'img': 4.1763, 'sc_img': 3.9824, 'sc_x': 3.2355, 'cross': 4.0474, 'mmd': 0.0209, 'router': -1.595, 'soft_plan': 2.1087, 'sp_diag_mass': 0.2813, 'sp_entropy': 1.6349, 'total': 3.3128}
[12:15:54 INFO samclip.train] epoch 11 step 50/129 loss 3.1784 {'img': 4.13, 'sc_img': 4.0408, 'sc_x': 3.2494, 'cross': 3.9936, 'mmd': 0.0306, 'router': -1.5942, 'soft_plan': 2.0502, 'sp_diag_mass': 0.2809, 'sp_entropy': 1.7291, 'total': 3.2622}
[12:15:57 INFO samclip.train] epoch 11 step 100/129 loss 3.1709 {'img': 4.1607, 'sc_img': 4.0937, 'sc_x': 3.2568, 'cross': 4.11, 'mmd': 0.0204, 'router': -1.5935, 'soft_plan': 1.956, 'sp_diag_mass': 0.3055, 'sp_entropy': 1.5282, 'total': 3.2455}
[12:15:59 INFO samclip.train] epoch 11 [stage1] | lr 1.00e-03 | coarse 0.668 fine 0.332 | loss 3.1738 | test top1 18.00 top5 45.50 meanrank 14.5 | offset 0.623 spec_top 0.987 | smn_gate 0.000 | layer_w [0.169, 0.167, 0.177, 0.229, 0.258]
[12:15:59 INFO samclip.train] epoch 12 step 0/129 loss 3.2128 {'img': 4.0888, 'sc_img': 4.1211, 'sc_x': 3.2652, 'cross': 3.972, 'mmd': 0.0417, 'router': -1.5929, 'soft_plan': 1.6864, 'sp_diag_mass': 0.2959, 'sp_entropy': 1.9045, 'total': 3.2128}
[12:16:03 INFO samclip.train] epoch 12 step 50/129 loss 3.3162 {'img': 3.956, 'sc_img': 4.1745, 'sc_x': 3.2738, 'cross': 3.8503, 'mmd': 0.0314, 'router': -1.5915, 'soft_plan': 1.7264, 'sp_diag_mass': 0.332, 'sp_entropy': 1.6088, 'total': 3.1494}
[12:16:06 INFO samclip.train] epoch 12 step 100/129 loss 3.2876 {'img': 4.1975, 'sc_img': 4.2316, 'sc_x': 3.2797, 'cross': 3.999, 'mmd': 0.0375, 'router': -1.5905, 'soft_plan': 1.9054, 'sp_diag_mass': 0.2598, 'sp_entropy': 1.9227, 'total': 3.3648}
[12:16:08 INFO samclip.train] epoch 12 [stage1] | lr 1.00e-03 | coarse 0.647 fine 0.353 | loss 3.2816 | test top1 25.50 top5 48.00 meanrank 12.2 | offset 0.653 spec_top 0.986 | smn_gate 0.000 | layer_w [0.165, 0.164, 0.176, 0.233, 0.262]
[12:16:08 INFO samclip.train] epoch 13 step 0/129 loss 3.2532 {'img': 3.9413, 'sc_img': 4.2603, 'sc_x': 3.2821, 'cross': 3.9693, 'mmd': 0.0333, 'router': -1.5899, 'soft_plan': 1.6015, 'sp_diag_mass': 0.3126, 'sp_entropy': 1.8582, 'total': 3.2532}
[12:16:12 INFO samclip.train] epoch 13 step 50/129 loss 3.3318 {'img': 4.0718, 'sc_img': 4.3101, 'sc_x': 3.2946, 'cross': 4.021, 'mmd': 0.0473, 'router': -1.5891, 'soft_plan': 1.7464, 'sp_diag_mass': 0.302, 'sp_entropy': 1.7934, 'total': 3.3967}
[12:16:15 INFO samclip.train] epoch 13 step 100/129 loss 3.3462 {'img': 4.0188, 'sc_img': 4.3579, 'sc_x': 3.2985, 'cross': 3.9262, 'mmd': 0.0295, 'router': -1.588, 'soft_plan': 1.9501, 'sp_diag_mass': 0.3205, 'sp_entropy': 1.5963, 'total': 3.4429}
[12:16:17 INFO samclip.train] epoch 13 [stage1] | lr 1.00e-03 | coarse 0.626 fine 0.374 | loss 3.3385 | test top1 23.00 top5 48.50 meanrank 12.7 | offset 0.661 spec_top 0.988 | smn_gate 0.000 | layer_w [0.163, 0.162, 0.174, 0.235, 0.266]
[12:16:18 INFO samclip.train] epoch 14 step 0/129 loss 3.3204 {'img': 3.8216, 'sc_img': 4.3863, 'sc_x': 3.308, 'cross': 3.8501, 'mmd': 0.0239, 'router': -1.5873, 'soft_plan': 1.6259, 'sp_diag_mass': 0.3799, 'sp_entropy': 1.4388, 'total': 3.3204}
[12:16:21 INFO samclip.train] epoch 14 step 50/129 loss 3.4054 {'img': 4.0241, 'sc_img': 4.4389, 'sc_x': 3.3169, 'cross': 3.8827, 'mmd': 0.0334, 'router': -1.5862, 'soft_plan': 1.6713, 'sp_diag_mass': 0.3009, 'sp_entropy': 1.7804, 'total': 3.4378}
[12:16:24 INFO samclip.train] epoch 14 step 100/129 loss 3.4183 {'img': 4.0286, 'sc_img': 4.4894, 'sc_x': 3.323, 'cross': 3.9243, 'mmd': 0.0288, 'router': -1.5851, 'soft_plan': 1.7145, 'sp_diag_mass': 0.3004, 'sp_entropy': 1.7312, 'total': 3.47}
[12:16:26 INFO samclip.train] epoch 14 [stage1] | lr 1.00e-03 | coarse 0.605 fine 0.395 | loss 3.4088 | test top1 21.00 top5 43.50 meanrank 13.1 | offset 0.594 spec_top 0.986 | smn_gate 0.000 | layer_w [0.161, 0.16, 0.172, 0.237, 0.27]
[12:16:26 INFO samclip.train] epoch 15 step 0/129 loss 3.4519 {'img': 3.8368, 'sc_img': 4.5184, 'sc_x': 3.3297, 'cross': 3.8076, 'mmd': 0.0349, 'router': -1.5845, 'soft_plan': 1.6145, 'sp_diag_mass': 0.3275, 'sp_entropy': 1.7792, 'total': 3.4519}
[12:16:29 INFO samclip.train] epoch 15 step 50/129 loss 3.5007 {'img': 3.989, 'sc_img': 4.5746, 'sc_x': 3.3373, 'cross': 3.9595, 'mmd': 0.0321, 'router': -1.5838, 'soft_plan': 1.8697, 'sp_diag_mass': 0.3237, 'sp_entropy': 1.5644, 'total': 3.6854}
[12:16:33 INFO samclip.train] epoch 15 step 100/129 loss 3.5090 {'img': 3.7736, 'sc_img': 4.6228, 'sc_x': 3.3378, 'cross': 3.8005, 'mmd': 0.0168, 'router': -1.5832, 'soft_plan': 1.526, 'sp_diag_mass': 0.3641, 'sp_entropy': 1.595, 'total': 3.3689}
[12:16:34 INFO samclip.train] epoch 15 [stage1] | lr 1.00e-03 | coarse 0.584 fine 0.416 | loss 3.5217 | test top1 24.00 top5 47.50 meanrank 12.2 | offset 0.669 spec_top 0.984 | smn_gate 0.000 | layer_w [0.158, 0.158, 0.172, 0.24, 0.271]
[12:16:35 INFO samclip.train] epoch 16 step 0/129 loss 3.4658 {'img': 3.736, 'sc_img': 4.647, 'sc_x': 3.3379, 'cross': 3.8285, 'mmd': 0.03, 'router': -1.5827, 'soft_plan': 1.4506, 'sp_diag_mass': 0.3559, 'sp_entropy': 1.7065, 'total': 3.4658}
[12:16:38 INFO samclip.train] epoch 16 step 50/129 loss 3.5874 {'img': 3.8672, 'sc_img': 4.6995, 'sc_x': 3.344, 'cross': 4.0034, 'mmd': 0.0266, 'router': -1.5822, 'soft_plan': 1.6259, 'sp_diag_mass': 0.3194, 'sp_entropy': 1.7504, 'total': 3.6624}
[12:16:41 INFO samclip.train] epoch 16 step 100/129 loss 3.6095 {'img': 3.8661, 'sc_img': 4.7451, 'sc_x': 3.3444, 'cross': 3.8665, 'mmd': 0.0374, 'router': -1.581, 'soft_plan': 1.6223, 'sp_diag_mass': 0.321, 'sp_entropy': 1.8249, 'total': 3.6244}
[12:16:43 INFO samclip.train] epoch 16 [stage1] | lr 1.00e-03 | coarse 0.563 fine 0.437 | loss 3.6060 | test top1 19.00 top5 46.00 meanrank 12.9 | offset 0.674 spec_top 0.985 | smn_gate 0.000 | layer_w [0.156, 0.156, 0.171, 0.243, 0.273]
[12:16:44 INFO samclip.train] epoch 17 step 0/129 loss 3.8571 {'img': 3.83, 'sc_img': 4.7727, 'sc_x': 3.3517, 'cross': 3.9787, 'mmd': 0.023, 'router': -1.5804, 'soft_plan': 1.7894, 'sp_diag_mass': 0.3764, 'sp_entropy': 1.3626, 'total': 3.8571}
[12:16:47 INFO samclip.train] epoch 17 step 50/129 loss 3.6870 {'img': 3.8647, 'sc_img': 4.8193, 'sc_x': 3.3636, 'cross': 3.8956, 'mmd': 0.0368, 'router': -1.5799, 'soft_plan': 1.5759, 'sp_diag_mass': 0.3585, 'sp_entropy': 1.6353, 'total': 3.7472}
[12:16:50 INFO samclip.train] epoch 17 step 100/129 loss 3.6907 {'img': 3.7104, 'sc_img': 4.8596, 'sc_x': 3.3699, 'cross': 3.7365, 'mmd': 0.0315, 'router': -1.5782, 'soft_plan': 1.5542, 'sp_diag_mass': 0.3587, 'sp_entropy': 1.5766, 'total': 3.6119}
[12:16:52 INFO samclip.train] epoch 17 [stage1] | lr 1.00e-03 | coarse 0.542 fine 0.458 | loss 3.6848 | test top1 25.50 top5 53.00 meanrank 10.8 | offset 0.557 spec_top 0.982 | smn_gate 0.000 | layer_w [0.154, 0.154, 0.17, 0.246, 0.277]
[12:16:52 INFO samclip.train] epoch 18 step 0/129 loss 3.6025 {'img': 3.6225, 'sc_img': 4.8889, 'sc_x': 3.3757, 'cross': 3.7072, 'mmd': 0.0247, 'router': -1.5774, 'soft_plan': 1.3811, 'sp_diag_mass': 0.3906, 'sp_entropy': 1.5494, 'total': 3.6025}
[12:16:56 INFO samclip.train] epoch 18 step 50/129 loss 3.7709 {'img': 3.8047, 'sc_img': 4.9391, 'sc_x': 3.3848, 'cross': 3.9113, 'mmd': 0.0197, 'router': -1.5771, 'soft_plan': 1.7398, 'sp_diag_mass': 0.3579, 'sp_entropy': 1.3987, 'total': 3.9349}
[12:16:59 INFO samclip.train] epoch 18 step 100/129 loss 3.7791 {'img': 3.6269, 'sc_img': 4.9847, 'sc_x': 3.3894, 'cross': 3.7937, 'mmd': 0.0324, 'router': -1.5766, 'soft_plan': 1.3997, 'sp_diag_mass': 0.3747, 'sp_entropy': 1.6021, 'total': 3.6469}
[12:17:01 INFO samclip.train] epoch 18 [stage1] | lr 1.00e-03 | coarse 0.521 fine 0.479 | loss 3.7791 | test top1 22.00 top5 49.50 meanrank 11.6 | offset 0.559 spec_top 0.983 | smn_gate 0.000 | layer_w [0.152, 0.153, 0.17, 0.249, 0.276]
[12:17:01 INFO samclip.train] epoch 19 step 0/129 loss 3.9264 {'img': 3.7303, 'sc_img': 5.0104, 'sc_x': 3.3881, 'cross': 3.7934, 'mmd': 0.0174, 'router': -1.5762, 'soft_plan': 1.6074, 'sp_diag_mass': 0.3602, 'sp_entropy': 1.5958, 'total': 3.9264}
[12:17:05 INFO samclip.train] epoch 19 step 50/129 loss 3.8647 {'img': 3.5677, 'sc_img': 5.0573, 'sc_x': 3.3889, 'cross': 3.73, 'mmd': 0.0177, 'router': -1.5751, 'soft_plan': 1.385, 'sp_diag_mass': 0.4286, 'sp_entropy': 1.3836, 'total': 3.712}
[12:17:08 INFO samclip.train] epoch 19 step 100/129 loss 3.8589 {'img': 3.7011, 'sc_img': 5.102, 'sc_x': 3.4005, 'cross': 3.821, 'mmd': 0.032, 'router': -1.5747, 'soft_plan': 1.5716, 'sp_diag_mass': 0.3552, 'sp_entropy': 1.5469, 'total': 3.9109}
[12:17:10 INFO samclip.train] epoch 19 [stage1] | lr 1.00e-03 | coarse 0.500 fine 0.500 | loss 3.8690 | test top1 26.00 top5 46.50 meanrank 12.1 | offset 0.606 spec_top 0.983 | smn_gate 0.000 | layer_w [0.15, 0.151, 0.169, 0.251, 0.278]
[12:17:10 INFO samclip.train] epoch 20 step 0/129 loss 7.0516 {'img': 3.715, 'sc_img': 5.1275, 'sc_x': 3.3975, 'cross': 3.8183, 'router': -1.5741, 'soft_plan': 1.4852, 'sp_diag_mass': 0.3692, 'sp_entropy': 1.4979, 'total': 7.0516}
[12:17:13 INFO samclip.train] epoch 20 step 50/129 loss 6.8399 {'img': 3.4007, 'sc_img': 5.1316, 'sc_x': 3.3999, 'cross': 3.6271, 'router': -1.5741, 'soft_plan': 1.1956, 'sp_diag_mass': 0.4385, 'sp_entropy': 1.3168, 'total': 6.4587}
[12:17:17 INFO samclip.train] epoch 20 step 100/129 loss 6.7712 {'img': 3.5168, 'sc_img': 5.1369, 'sc_x': 3.4039, 'cross': 3.7529, 'router': -1.5742, 'soft_plan': 1.2709, 'sp_diag_mass': 0.4312, 'sp_entropy': 1.382, 'total': 6.7005}
[12:17:19 INFO samclip.train] epoch 20 [stage2] | lr 5.00e-05 | coarse 0.000 fine 1.000 | loss 6.7589 | test top1 24.50 top5 51.50 meanrank 10.5 | offset 0.605 spec_top 0.982 | smn_gate 0.000 | layer_w [0.15, 0.151, 0.17, 0.251, 0.278]
[12:17:19 INFO samclip.train] epoch 21 step 0/129 loss 6.6225 {'img': 3.4923, 'sc_img': 5.1393, 'sc_x': 3.4057, 'cross': 3.6839, 'router': -1.5742, 'soft_plan': 1.2605, 'sp_diag_mass': 0.4192, 'sp_entropy': 1.462, 'total': 6.6225}
[12:17:22 INFO samclip.train] epoch 21 step 50/129 loss 6.6439 {'img': 3.527, 'sc_img': 5.1439, 'sc_x': 3.4093, 'cross': 3.8155, 'router': -1.5743, 'soft_plan': 1.2976, 'sp_diag_mass': 0.4424, 'sp_entropy': 1.334, 'total': 6.768}
[12:17:25 INFO samclip.train] epoch 21 step 100/129 loss 6.6297 {'img': 3.4867, 'sc_img': 5.1483, 'sc_x': 3.4132, 'cross': 3.7173, 'router': -1.5744, 'soft_plan': 1.3648, 'sp_diag_mass': 0.425, 'sp_entropy': 1.3482, 'total': 6.6925}
[12:17:27 INFO samclip.train] epoch 21 [stage2] | lr 5.00e-05 | coarse 0.000 fine 1.000 | loss 6.6399 | test top1 26.50 top5 47.50 meanrank 10.7 | offset 0.614 spec_top 0.982 | smn_gate 0.000 | layer_w [0.15, 0.151, 0.17, 0.251, 0.278]
[12:17:28 INFO samclip.train] epoch 22 step 0/129 loss 6.4300 {'img': 3.3703, 'sc_img': 5.1505, 'sc_x': 3.4149, 'cross': 3.6025, 'router': -1.5744, 'soft_plan': 1.2334, 'sp_diag_mass': 0.4013, 'sp_entropy': 1.574, 'total': 6.43}
[12:17:31 INFO samclip.train] epoch 22 step 50/129 loss 6.6050 {'img': 3.4565, 'sc_img': 5.1543, 'sc_x': 3.4179, 'cross': 3.6406, 'router': -1.5745, 'soft_plan': 1.2741, 'sp_diag_mass': 0.4361, 'sp_entropy': 1.3277, 'total': 6.5633}
[12:17:34 INFO samclip.train] epoch 22 step 100/129 loss 6.5930 {'img': 3.4999, 'sc_img': 5.158, 'sc_x': 3.4212, 'cross': 3.6808, 'router': -1.5746, 'soft_plan': 1.3013, 'sp_diag_mass': 0.4469, 'sp_entropy': 1.276, 'total': 6.6484}
[12:17:36 INFO samclip.train] epoch 22 [stage2] | lr 5.00e-05 | coarse 0.000 fine 1.000 | loss 6.5805 | test top1 27.50 top5 52.00 meanrank 10.3 | offset 0.614 spec_top 0.982 | smn_gate 0.000 | layer_w [0.151, 0.151, 0.17, 0.251, 0.277]
[12:17:36 INFO samclip.train] epoch 23 step 0/129 loss 6.7398 {'img': 3.506, 'sc_img': 5.1602, 'sc_x': 3.4231, 'cross': 3.7594, 'router': -1.5746, 'soft_plan': 1.3618, 'sp_diag_mass': 0.4186, 'sp_entropy': 1.3583, 'total': 6.7398}
[12:17:39 INFO samclip.train] epoch 23 step 50/129 loss 6.5805 {'img': 3.4501, 'sc_img': 5.1637, 'sc_x': 3.4258, 'cross': 3.7224, 'router': -1.5747, 'soft_plan': 1.3089, 'sp_diag_mass': 0.4296, 'sp_entropy': 1.3587, 'total': 6.6314}
[12:17:43 INFO samclip.train] epoch 23 step 100/129 loss 6.5707 {'img': 3.3641, 'sc_img': 5.1669, 'sc_x': 3.4287, 'cross': 3.6671, 'router': -1.5748, 'soft_plan': 1.2388, 'sp_diag_mass': 0.4338, 'sp_entropy': 1.4115, 'total': 6.4717}
[12:17:44 INFO samclip.train] epoch 23 [stage2] | lr 5.00e-05 | coarse 0.000 fine 1.000 | loss 6.5633 | test top1 29.00 top5 52.00 meanrank 10.7 | offset 0.627 spec_top 0.982 | smn_gate 0.000 | layer_w [0.151, 0.152, 0.17, 0.251, 0.277]
[12:17:45 INFO samclip.train] epoch 24 step 0/129 loss 6.8264 {'img': 3.5781, 'sc_img': 5.1688, 'sc_x': 3.4301, 'cross': 3.7786, 'router': -1.5748, 'soft_plan': 1.3639, 'sp_diag_mass': 0.4271, 'sp_entropy': 1.3761, 'total': 6.8264}
[12:17:48 INFO samclip.train] epoch 24 step 50/129 loss 6.5633 {'img': 3.4208, 'sc_img': 5.172, 'sc_x': 3.4321, 'cross': 3.6925, 'router': -1.5749, 'soft_plan': 1.242, 'sp_diag_mass': 0.4696, 'sp_entropy': 1.2153, 'total': 6.5478}
[12:17:51 INFO samclip.train] epoch 24 step 100/129 loss 6.5425 {'img': 3.4967, 'sc_img': 5.1752, 'sc_x': 3.4349, 'cross': 3.6159, 'router': -1.575, 'soft_plan': 1.2802, 'sp_diag_mass': 0.4587, 'sp_entropy': 1.2391, 'total': 6.5892}
[12:17:53 INFO samclip.train] epoch 24 [stage2] | lr 5.00e-05 | coarse 0.000 fine 1.000 | loss 6.5325 | test top1 29.50 top5 52.00 meanrank 10.5 | offset 0.621 spec_top 0.982 | smn_gate 0.000 | layer_w [0.151, 0.152, 0.17, 0.251, 0.276]
[12:17:53 INFO samclip.train] epoch 25 step 0/129 loss 6.6006 {'img': 3.4638, 'sc_img': 5.1771, 'sc_x': 3.4363, 'cross': 3.7213, 'router': -1.5751, 'soft_plan': 1.2214, 'sp_diag_mass': 0.4259, 'sp_entropy': 1.4012, 'total': 6.6006}
[12:17:57 INFO samclip.train] epoch 25 step 50/129 loss 6.4904 {'img': 3.3478, 'sc_img': 5.1802, 'sc_x': 3.4389, 'cross': 3.6165, 'router': -1.5752, 'soft_plan': 1.2296, 'sp_diag_mass': 0.4595, 'sp_entropy': 1.237, 'total': 6.4154}
[12:18:00 INFO samclip.train] epoch 25 step 100/129 loss 6.5119 {'img': 3.3814, 'sc_img': 5.1832, 'sc_x': 3.441, 'cross': 3.6244, 'router': -1.5753, 'soft_plan': 1.2413, 'sp_diag_mass': 0.4332, 'sp_entropy': 1.3397, 'total': 6.4604}
[12:18:02 INFO samclip.train] epoch 25 [stage2] | lr 5.00e-05 | coarse 0.000 fine 1.000 | loss 6.5225 | test top1 27.50 top5 51.50 meanrank 10.5 | offset 0.633 spec_top 0.982 | smn_gate 0.000 | layer_w [0.151, 0.152, 0.17, 0.251, 0.276]
[12:18:03 INFO samclip.train] epoch 26 step 0/129 loss 6.7718 {'img': 3.4996, 'sc_img': 5.1848, 'sc_x': 3.4417, 'cross': 3.818, 'router': -1.5753, 'soft_plan': 1.3566, 'sp_diag_mass': 0.4212, 'sp_entropy': 1.3268, 'total': 6.7718}
[12:18:06 INFO samclip.train] epoch 26 step 50/129 loss 6.5236 {'img': 3.2977, 'sc_img': 5.1876, 'sc_x': 3.4439, 'cross': 3.5097, 'router': -1.5754, 'soft_plan': 1.1785, 'sp_diag_mass': 0.4707, 'sp_entropy': 1.2569, 'total': 6.2649}
[12:18:09 INFO samclip.train] epoch 26 step 100/129 loss 6.5128 {'img': 3.3742, 'sc_img': 5.1906, 'sc_x': 3.4462, 'cross': 3.6357, 'router': -1.5755, 'soft_plan': 1.2128, 'sp_diag_mass': 0.4748, 'sp_entropy': 1.2844, 'total': 6.4468}
[12:18:11 INFO samclip.train] epoch 26 [stage2] | lr 5.00e-05 | coarse 0.000 fine 1.000 | loss 6.5142 | test top1 27.50 top5 52.50 meanrank 10.5 | offset 0.630 spec_top 0.982 | smn_gate 0.000 | layer_w [0.151, 0.152, 0.171, 0.251, 0.275]
[12:18:11 INFO samclip.train] epoch 27 step 0/129 loss 6.7686 {'img': 3.5629, 'sc_img': 5.1922, 'sc_x': 3.4474, 'cross': 3.7223, 'router': -1.5756, 'soft_plan': 1.3578, 'sp_diag_mass': 0.3923, 'sp_entropy': 1.5172, 'total': 6.7686}
[12:18:14 INFO samclip.train] epoch 27 step 50/129 loss 6.5233 {'img': 3.3111, 'sc_img': 5.1949, 'sc_x': 3.4494, 'cross': 3.6494, 'router': -1.5757, 'soft_plan': 1.1264, 'sp_diag_mass': 0.4558, 'sp_entropy': 1.4271, 'total': 6.3501}
[12:18:17 INFO samclip.train] epoch 27 step 100/129 loss 6.4913 {'img': 3.2944, 'sc_img': 5.1976, 'sc_x': 3.4511, 'cross': 3.597, 'router': -1.5758, 'soft_plan': 1.1512, 'sp_diag_mass': 0.4492, 'sp_entropy': 1.3492, 'total': 6.3091}
[12:18:19 INFO samclip.train] epoch 27 [stage2] | lr 5.00e-05 | coarse 0.000 fine 1.000 | loss 6.4867 | test top1 30.00 top5 53.00 meanrank 10.3 | offset 0.631 spec_top 0.982 | smn_gate 0.000 | layer_w [0.151, 0.152, 0.171, 0.251, 0.275]
[12:18:20 INFO samclip.train] epoch 28 step 0/129 loss 6.6096 {'img': 3.3962, 'sc_img': 5.1992, 'sc_x': 3.4521, 'cross': 3.7265, 'router': -1.5758, 'soft_plan': 1.3672, 'sp_diag_mass': 0.4578, 'sp_entropy': 1.2423, 'total': 6.6096}
[12:18:23 INFO samclip.train] epoch 28 step 50/129 loss 6.4728 {'img': 3.3747, 'sc_img': 5.2021, 'sc_x': 3.454, 'cross': 3.5706, 'router': -1.5759, 'soft_plan': 1.1821, 'sp_diag_mass': 0.4484, 'sp_entropy': 1.3667, 'total': 6.3865}
[12:18:26 INFO samclip.train] epoch 28 step 100/129 loss 6.4697 {'img': 3.3334, 'sc_img': 5.2048, 'sc_x': 3.4561, 'cross': 3.6047, 'router': -1.5761, 'soft_plan': 1.1909, 'sp_diag_mass': 0.4513, 'sp_entropy': 1.4188, 'total': 6.3733}
[12:18:28 INFO samclip.train] epoch 28 [stage2] | lr 5.00e-05 | coarse 0.000 fine 1.000 | loss 6.4830 | test top1 28.00 top5 51.50 meanrank 10.8 | offset 0.634 spec_top 0.982 | smn_gate 0.000 | layer_w [0.151, 0.152, 0.171, 0.251, 0.274]
[12:18:29 INFO samclip.train] epoch 29 step 0/129 loss 6.7391 {'img': 3.4929, 'sc_img': 5.2063, 'sc_x': 3.4572, 'cross': 3.7167, 'router': -1.5761, 'soft_plan': 1.4466, 'sp_diag_mass': 0.432, 'sp_entropy': 1.2771, 'total': 6.7391}
[12:18:32 INFO samclip.train] epoch 29 step 50/129 loss 6.4737 {'img': 3.4233, 'sc_img': 5.209, 'sc_x': 3.4589, 'cross': 3.6911, 'router': -1.5762, 'soft_plan': 1.2406, 'sp_diag_mass': 0.451, 'sp_entropy': 1.3271, 'total': 6.5486}
[12:18:35 INFO samclip.train] epoch 29 step 100/129 loss 6.4659 {'img': 3.3941, 'sc_img': 5.2117, 'sc_x': 3.4607, 'cross': 3.6531, 'router': -1.5763, 'soft_plan': 1.3848, 'sp_diag_mass': 0.455, 'sp_entropy': 1.2086, 'total': 6.5649}
[12:18:37 INFO samclip.train] epoch 29 [stage2] | lr 5.00e-05 | coarse 0.000 fine 1.000 | loss 6.4558 | test top1 27.50 top5 52.00 meanrank 10.6 | offset 0.643 spec_top 0.982 | smn_gate 0.000 | layer_w [0.151, 0.152, 0.171, 0.251, 0.274]
[12:18:37 INFO samclip.train] epoch 30 step 0/129 loss 6.4920 {'img': 3.3963, 'sc_img': 5.2132, 'sc_x': 3.4616, 'cross': 3.6566, 'router': -1.5764, 'soft_plan': 1.2298, 'sp_diag_mass': 0.4463, 'sp_entropy': 1.3221, 'total': 6.492}
[12:18:40 INFO samclip.train] epoch 30 step 50/129 loss 6.4764 {'img': 3.3104, 'sc_img': 5.2157, 'sc_x': 3.4632, 'cross': 3.6548, 'router': -1.5764, 'soft_plan': 1.1293, 'sp_diag_mass': 0.4566, 'sp_entropy': 1.401, 'total': 6.3546}
[12:18:44 INFO samclip.train] epoch 30 step 100/129 loss 6.4596 {'img': 3.3399, 'sc_img': 5.2183, 'sc_x': 3.4651, 'cross': 3.7153, 'router': -1.5766, 'soft_plan': 1.1042, 'sp_diag_mass': 0.4698, 'sp_entropy': 1.3568, 'total': 6.4139}
[12:18:45 INFO samclip.train] epoch 30 [stage2] | lr 5.00e-05 | coarse 0.000 fine 1.000 | loss 6.4512 | test top1 28.00 top5 51.00 meanrank 10.6 | offset 0.641 spec_top 0.982 | smn_gate 0.000 | layer_w [0.152, 0.153, 0.171, 0.251, 0.274]
[12:18:46 INFO samclip.train] epoch 31 step 0/129 loss 6.3329 {'img': 3.3384, 'sc_img': 5.2197, 'sc_x': 3.466, 'cross': 3.591, 'router': -1.5766, 'soft_plan': 1.1192, 'sp_diag_mass': 0.4606, 'sp_entropy': 1.3468, 'total': 6.3329}
[12:18:49 INFO samclip.train] epoch 31 step 50/129 loss 6.4470 {'img': 3.3446, 'sc_img': 5.2222, 'sc_x': 3.4677, 'cross': 3.707, 'router': -1.5767, 'soft_plan': 1.2975, 'sp_diag_mass': 0.4617, 'sp_entropy': 1.2596, 'total': 6.5094}
[12:18:52 INFO samclip.train] epoch 31 step 100/129 loss 6.4582 {'img': 3.3053, 'sc_img': 5.2246, 'sc_x': 3.4689, 'cross': 3.6186, 'router': -1.5768, 'soft_plan': 1.1648, 'sp_diag_mass': 0.4536, 'sp_entropy': 1.3308, 'total': 6.3419}
[12:18:54 INFO samclip.train] epoch 31 [stage2] | lr 5.00e-05 | coarse 0.000 fine 1.000 | loss 6.4511 | test top1 28.50 top5 52.00 meanrank 10.7 | offset 0.648 spec_top 0.982 | smn_gate 0.000 | layer_w [0.152, 0.153, 0.171, 0.251, 0.273]
[12:18:54 INFO samclip.train] epoch 32 step 0/129 loss 6.4824 {'img': 3.3832, 'sc_img': 5.2261, 'sc_x': 3.4698, 'cross': 3.669, 'router': -1.5769, 'soft_plan': 1.2196, 'sp_diag_mass': 0.4085, 'sp_entropy': 1.5515, 'total': 6.4824}
[12:18:57 INFO samclip.train] epoch 32 step 50/129 loss 6.4367 {'img': 3.315, 'sc_img': 5.2286, 'sc_x': 3.4716, 'cross': 3.6165, 'router': -1.577, 'soft_plan': 1.3047, 'sp_diag_mass': 0.4687, 'sp_entropy': 1.1542, 'total': 6.4201}
[12:19:00 INFO samclip.train] epoch 32 step 100/129 loss 6.4501 {'img': 3.3973, 'sc_img': 5.231, 'sc_x': 3.4726, 'cross': 3.6235, 'router': -1.5771, 'soft_plan': 1.2545, 'sp_diag_mass': 0.4266, 'sp_entropy': 1.5063, 'total': 6.4822}
[12:19:02 INFO samclip.train] epoch 32 [stage2] | lr 5.00e-05 | coarse 0.000 fine 1.000 | loss 6.4396 | test top1 30.50 top5 53.50 meanrank 10.7 | offset 0.649 spec_top 0.982 | smn_gate 0.000 | layer_w [0.152, 0.153, 0.172, 0.251, 0.273]
[12:19:03 INFO samclip.train] epoch 33 step 0/129 loss 6.5448 {'img': 3.4354, 'sc_img': 5.2326, 'sc_x': 3.4737, 'cross': 3.6706, 'router': -1.5772, 'soft_plan': 1.2377, 'sp_diag_mass': 0.4541, 'sp_entropy': 1.381, 'total': 6.5448}
[12:19:06 INFO samclip.train] epoch 33 step 50/129 loss 6.4314 {'img': 3.4608, 'sc_img': 5.235, 'sc_x': 3.4753, 'cross': 3.6596, 'router': -1.5773, 'soft_plan': 1.2952, 'sp_diag_mass': 0.4492, 'sp_entropy': 1.2524, 'total': 6.5912}
[12:19:09 INFO samclip.train] epoch 33 step 100/129 loss 6.4236 {'img': 3.2795, 'sc_img': 5.2374, 'sc_x': 3.4766, 'cross': 3.6527, 'router': -1.5774, 'soft_plan': 1.0997, 'sp_diag_mass': 0.4442, 'sp_entropy': 1.454, 'total': 6.3073}
[12:19:11 INFO samclip.train] epoch 33 [stage2] | lr 5.00e-05 | coarse 0.000 fine 1.000 | loss 6.4324 | test top1 30.00 top5 53.50 meanrank 10.5 | offset 0.637 spec_top 0.981 | smn_gate 0.000 | layer_w [0.152, 0.153, 0.172, 0.251, 0.272]
[12:19:11 INFO samclip.train] epoch 34 step 0/129 loss 6.4941 {'img': 3.402, 'sc_img': 5.2388, 'sc_x': 3.4773, 'cross': 3.7015, 'router': -1.5775, 'soft_plan': 1.16, 'sp_diag_mass': 0.4821, 'sp_entropy': 1.2337, 'total': 6.4941}
[12:19:15 INFO samclip.train] epoch 34 step 50/129 loss 6.4047 {'img': 3.2933, 'sc_img': 5.2413, 'sc_x': 3.4787, 'cross': 3.5734, 'router': -1.5776, 'soft_plan': 1.1371, 'sp_diag_mass': 0.4608, 'sp_entropy': 1.3349, 'total': 6.2844}
[12:19:18 INFO samclip.train] epoch 34 step 100/129 loss 6.4083 {'img': 3.3066, 'sc_img': 5.2437, 'sc_x': 3.48, 'cross': 3.583, 'router': -1.5777, 'soft_plan': 1.1357, 'sp_diag_mass': 0.4706, 'sp_entropy': 1.2504, 'total': 6.3037}
[12:19:20 INFO samclip.train] epoch 34 [stage2] | lr 5.00e-05 | coarse 0.000 fine 1.000 | loss 6.4158 | test top1 30.00 top5 52.00 meanrank 10.5 | offset 0.636 spec_top 0.981 | smn_gate 0.000 | layer_w [0.152, 0.153, 0.172, 0.251, 0.272]
[12:19:20 INFO samclip.train] epoch 35 step 0/129 loss 6.4030 {'img': 3.3692, 'sc_img': 5.2451, 'sc_x': 3.4807, 'cross': 3.581, 'router': -1.5778, 'soft_plan': 1.212, 'sp_diag_mass': 0.4538, 'sp_entropy': 1.3399, 'total': 6.403}
[12:19:24 INFO samclip.train] epoch 35 step 50/129 loss 6.3795 {'img': 3.2455, 'sc_img': 5.2476, 'sc_x': 3.4821, 'cross': 3.5698, 'router': -1.5779, 'soft_plan': 1.1644, 'sp_diag_mass': 0.4858, 'sp_entropy': 1.2009, 'total': 6.2477}
[12:19:27 INFO samclip.train] epoch 35 step 100/129 loss 6.3845 {'img': 3.3539, 'sc_img': 5.2501, 'sc_x': 3.4835, 'cross': 3.5746, 'router': -1.578, 'soft_plan': 1.1386, 'sp_diag_mass': 0.4511, 'sp_entropy': 1.4016, 'total': 6.3466}
[12:19:29 INFO samclip.train] epoch 35 [stage2] | lr 5.00e-05 | coarse 0.000 fine 1.000 | loss 6.3880 | test top1 29.50 top5 54.00 meanrank 10.5 | offset 0.643 spec_top 0.982 | smn_gate 0.000 | layer_w [0.152, 0.154, 0.172, 0.251, 0.271]
[12:19:29 INFO samclip.train] epoch 36 step 0/129 loss 6.6875 {'img': 3.4753, 'sc_img': 5.2515, 'sc_x': 3.4841, 'cross': 3.6766, 'router': -1.578, 'soft_plan': 1.435, 'sp_diag_mass': 0.4399, 'sp_entropy': 1.2702, 'total': 6.6875}
[12:19:32 INFO samclip.train] epoch 36 step 50/129 loss 6.3841 {'img': 3.3018, 'sc_img': 5.2541, 'sc_x': 3.4857, 'cross': 3.5997, 'router': -1.5781, 'soft_plan': 1.1545, 'sp_diag_mass': 0.4548, 'sp_entropy': 1.392, 'total': 6.3199}
[12:19:35 INFO samclip.train] epoch 36 step 100/129 loss 6.3788 {'img': 3.3683, 'sc_img': 5.2566, 'sc_x': 3.4872, 'cross': 3.6912, 'router': -1.5782, 'soft_plan': 1.1535, 'sp_diag_mass': 0.475, 'sp_entropy': 1.2456, 'total': 6.45}
[12:19:37 INFO samclip.train] epoch 36 [stage2] | lr 5.00e-05 | coarse 0.000 fine 1.000 | loss 6.3779 | test top1 27.50 top5 54.00 meanrank 10.7 | offset 0.628 spec_top 0.981 | smn_gate 0.000 | layer_w [0.153, 0.154, 0.172, 0.25, 0.271]
[12:19:38 INFO samclip.train] epoch 37 step 0/129 loss 6.5187 {'img': 3.4006, 'sc_img': 5.258, 'sc_x': 3.488, 'cross': 3.6829, 'router': -1.5783, 'soft_plan': 1.2378, 'sp_diag_mass': 0.4755, 'sp_entropy': 1.2095, 'total': 6.5187}
[12:19:41 INFO samclip.train] epoch 37 step 50/129 loss 6.4217 {'img': 3.2947, 'sc_img': 5.2603, 'sc_x': 3.4889, 'cross': 3.6619, 'router': -1.5784, 'soft_plan': 1.1015, 'sp_diag_mass': 0.4647, 'sp_entropy': 1.3477, 'total': 6.3299}
[12:19:44 INFO samclip.train] epoch 37 step 100/129 loss 6.4084 {'img': 3.4394, 'sc_img': 5.2626, 'sc_x': 3.4898, 'cross': 3.7336, 'router': -1.5785, 'soft_plan': 1.3827, 'sp_diag_mass': 0.4492, 'sp_entropy': 1.2285, 'total': 6.6653}
[12:19:46 INFO samclip.train] epoch 37 [stage2] | lr 5.00e-05 | coarse 0.000 fine 1.000 | loss 6.3963 | test top1 28.50 top5 55.00 meanrank 10.8 | offset 0.635 spec_top 0.981 | smn_gate 0.000 | layer_w [0.153, 0.154, 0.173, 0.25, 0.27]
[12:19:46 INFO samclip.train] epoch 38 step 0/129 loss 6.2646 {'img': 3.2769, 'sc_img': 5.264, 'sc_x': 3.4907, 'cross': 3.567, 'router': -1.5786, 'soft_plan': 1.1393, 'sp_diag_mass': 0.5295, 'sp_entropy': 1.0476, 'total': 6.2646}
[12:19:49 INFO samclip.train] epoch 38 step 50/129 loss 6.3796 {'img': 3.2726, 'sc_img': 5.2664, 'sc_x': 3.4919, 'cross': 3.5812, 'router': -1.5787, 'soft_plan': 1.1466, 'sp_diag_mass': 0.4808, 'sp_entropy': 1.2503, 'total': 6.2738}
[12:19:53 INFO samclip.train] epoch 38 step 100/129 loss 6.3711 {'img': 3.2313, 'sc_img': 5.2688, 'sc_x': 3.493, 'cross': 3.6173, 'router': -1.5788, 'soft_plan': 1.0464, 'sp_diag_mass': 0.4827, 'sp_entropy': 1.3843, 'total': 6.2077}
[12:19:54 INFO samclip.train] epoch 38 [stage2] | lr 5.00e-05 | coarse 0.000 fine 1.000 | loss 6.3703 | test top1 29.00 top5 54.00 meanrank 10.7 | offset 0.627 spec_top 0.981 | smn_gate 0.000 | layer_w [0.153, 0.154, 0.173, 0.25, 0.27]
[12:19:55 INFO samclip.train] epoch 39 step 0/129 loss 6.2296 {'img': 3.2816, 'sc_img': 5.2702, 'sc_x': 3.4936, 'cross': 3.5184, 'router': -1.5788, 'soft_plan': 1.1282, 'sp_diag_mass': 0.5049, 'sp_entropy': 1.1136, 'total': 6.2296}
[12:19:58 INFO samclip.train] epoch 39 step 50/129 loss 6.3494 {'img': 3.4225, 'sc_img': 5.2726, 'sc_x': 3.495, 'cross': 3.5887, 'router': -1.5789, 'soft_plan': 1.2445, 'sp_diag_mass': 0.4677, 'sp_entropy': 1.2402, 'total': 6.4778}
[12:20:01 INFO samclip.train] epoch 39 step 100/129 loss 6.3535 {'img': 3.2627, 'sc_img': 5.275, 'sc_x': 3.4965, 'cross': 3.5932, 'router': -1.579, 'soft_plan': 0.9737, 'sp_diag_mass': 0.4996, 'sp_entropy': 1.2339, 'total': 6.1858}
[12:20:03 INFO samclip.train] epoch 39 [stage2] | lr 5.00e-05 | coarse 0.000 fine 1.000 | loss 6.3697 | test top1 29.00 top5 52.50 meanrank 10.7 | offset 0.629 spec_top 0.980 | smn_gate 0.000 | layer_w [0.153, 0.154, 0.173, 0.25, 0.269]
[12:20:04 INFO samclip.train] epoch 40 step 0/129 loss 6.1608 {'img': 3.2108, 'sc_img': 5.2764, 'sc_x': 3.4969, 'cross': 3.6025, 'router': -1.5791, 'soft_plan': 1.0144, 'sp_diag_mass': 0.5067, 'sp_entropy': 1.2142, 'total': 6.1608}
[12:20:07 INFO samclip.train] epoch 40 step 50/129 loss 6.3440 {'img': 3.3028, 'sc_img': 5.2787, 'sc_x': 3.4982, 'cross': 3.6226, 'router': -1.5792, 'soft_plan': 1.3015, 'sp_diag_mass': 0.4512, 'sp_entropy': 1.2067, 'total': 6.4104}
[12:20:10 INFO samclip.train] epoch 40 step 100/129 loss 6.3555 {'img': 3.3545, 'sc_img': 5.281, 'sc_x': 3.4995, 'cross': 3.6239, 'router': -1.5793, 'soft_plan': 1.1616, 'sp_diag_mass': 0.4677, 'sp_entropy': 1.3406, 'total': 6.3931}
[12:20:12 INFO samclip.train] epoch 40 [stage2] | lr 5.00e-05 | coarse 0.000 fine 1.000 | loss 6.3587 | test top1 27.50 top5 52.50 meanrank 10.8 | offset 0.623 spec_top 0.980 | smn_gate 0.000 | layer_w [0.153, 0.154, 0.173, 0.251, 0.269]
[12:20:12 INFO samclip.train] epoch 41 step 0/129 loss 6.2131 {'img': 3.2579, 'sc_img': 5.2823, 'sc_x': 3.5001, 'cross': 3.589, 'router': -1.5793, 'soft_plan': 1.0438, 'sp_diag_mass': 0.4801, 'sp_entropy': 1.2967, 'total': 6.2131}
[12:20:15 INFO samclip.train] epoch 41 step 50/129 loss 6.3500 {'img': 3.4071, 'sc_img': 5.2846, 'sc_x': 3.5011, 'cross': 3.6376, 'router': -1.5794, 'soft_plan': 1.2627, 'sp_diag_mass': 0.4618, 'sp_entropy': 1.2293, 'total': 6.5058}
[12:20:18 INFO samclip.train] epoch 41 step 100/129 loss 6.3467 {'img': 3.3352, 'sc_img': 5.2871, 'sc_x': 3.5022, 'cross': 3.6414, 'router': -1.5795, 'soft_plan': 1.1626, 'sp_diag_mass': 0.4422, 'sp_entropy': 1.3445, 'total': 6.3865}
[12:20:20 INFO samclip.train] epoch 41 [stage2] | lr 5.00e-05 | coarse 0.000 fine 1.000 | loss 6.3426 | test top1 27.50 top5 54.00 meanrank 10.5 | offset 0.634 spec_top 0.980 | smn_gate 0.000 | layer_w [0.153, 0.154, 0.173, 0.25, 0.269]
[12:20:20 INFO samclip.train] epoch 42 step 0/129 loss 6.4649 {'img': 3.396, 'sc_img': 5.2884, 'sc_x': 3.5028, 'cross': 3.6343, 'router': -1.5795, 'soft_plan': 1.2078, 'sp_diag_mass': 0.4375, 'sp_entropy': 1.4277, 'total': 6.4649}
[12:20:23 INFO samclip.train] epoch 42 step 50/129 loss 6.3479 {'img': 3.3389, 'sc_img': 5.2907, 'sc_x': 3.5037, 'cross': 3.5479, 'router': -1.5796, 'soft_plan': 1.1451, 'sp_diag_mass': 0.4695, 'sp_entropy': 1.217, 'total': 6.316}
[12:20:26 INFO samclip.train] epoch 42 step 100/129 loss 6.3552 {'img': 3.3687, 'sc_img': 5.2929, 'sc_x': 3.5045, 'cross': 3.6464, 'router': -1.5798, 'soft_plan': 1.2272, 'sp_diag_mass': 0.4701, 'sp_entropy': 1.1408, 'total': 6.4558}
[12:20:28 INFO samclip.train] epoch 42 [stage2] | lr 5.00e-05 | coarse 0.000 fine 1.000 | loss 6.3444 | test top1 28.50 top5 53.00 meanrank 10.8 | offset 0.633 spec_top 0.980 | smn_gate 0.000 | layer_w [0.154, 0.155, 0.173, 0.25, 0.268]
[12:20:28 INFO samclip.train] epoch 43 step 0/129 loss 6.2617 {'img': 3.2911, 'sc_img': 5.2943, 'sc_x': 3.5051, 'cross': 3.553, 'router': -1.5798, 'soft_plan': 1.125, 'sp_diag_mass': 0.4699, 'sp_entropy': 1.3139, 'total': 6.2617}
[12:20:31 INFO samclip.train] epoch 43 step 50/129 loss 6.3339 {'img': 3.2464, 'sc_img': 5.2966, 'sc_x': 3.5062, 'cross': 3.6119, 'router': -1.5799, 'soft_plan': 1.1316, 'sp_diag_mass': 0.5295, 'sp_entropy': 1.0347, 'total': 6.2615}
[12:20:35 INFO samclip.train] epoch 43 step 100/129 loss 6.3516 {'img': 3.2351, 'sc_img': 5.299, 'sc_x': 3.5068, 'cross': 3.5004, 'router': -1.58, 'soft_plan': 1.0396, 'sp_diag_mass': 0.4892, 'sp_entropy': 1.2419, 'total': 6.1262}
[12:20:36 INFO samclip.train] epoch 43 [stage2] | lr 5.00e-05 | coarse 0.000 fine 1.000 | loss 6.3499 | test top1 28.50 top5 55.00 meanrank 11.0 | offset 0.631 spec_top 0.980 | smn_gate 0.000 | layer_w [0.154, 0.155, 0.174, 0.25, 0.268]
[12:20:37 INFO samclip.train] epoch 44 step 0/129 loss 6.4962 {'img': 3.3942, 'sc_img': 5.3003, 'sc_x': 3.5074, 'cross': 3.692, 'router': -1.58, 'soft_plan': 1.1933, 'sp_diag_mass': 0.4588, 'sp_entropy': 1.381, 'total': 6.4962}
[12:20:40 INFO samclip.train] epoch 44 step 50/129 loss 6.3341 {'img': 3.3964, 'sc_img': 5.3026, 'sc_x': 3.5081, 'cross': 3.5954, 'router': -1.5801, 'soft_plan': 1.1969, 'sp_diag_mass': 0.4656, 'sp_entropy': 1.2776, 'total': 6.4326}
[12:20:43 INFO samclip.train] epoch 44 step 100/129 loss 6.3198 {'img': 3.4102, 'sc_img': 5.305, 'sc_x': 3.5096, 'cross': 3.695, 'router': -1.5803, 'soft_plan': 1.2233, 'sp_diag_mass': 0.4615, 'sp_entropy': 1.3457, 'total': 6.5293}
[12:20:45 INFO samclip.train] epoch 44 [stage2] | lr 5.00e-05 | coarse 0.000 fine 1.000 | loss 6.3273 | test top1 28.50 top5 52.00 meanrank 10.9 | offset 0.640 spec_top 0.980 | smn_gate 0.000 | layer_w [0.154, 0.155, 0.174, 0.25, 0.267]
[12:20:45 INFO samclip.train] epoch 45 step 0/129 loss 6.3317 {'img': 3.3007, 'sc_img': 5.3063, 'sc_x': 3.5099, 'cross': 3.6343, 'router': -1.5803, 'soft_plan': 1.1321, 'sp_diag_mass': 0.4797, 'sp_entropy': 1.2426, 'total': 6.3317}
[12:20:49 INFO samclip.train] epoch 45 step 50/129 loss 6.2922 {'img': 3.3086, 'sc_img': 5.3087, 'sc_x': 3.5112, 'cross': 3.5559, 'router': -1.5805, 'soft_plan': 1.1049, 'sp_diag_mass': 0.493, 'sp_entropy': 1.2095, 'total': 6.2711}
[12:20:52 INFO samclip.train] epoch 45 step 100/129 loss 6.3191 {'img': 3.3976, 'sc_img': 5.3111, 'sc_x': 3.5121, 'cross': 3.6799, 'router': -1.5806, 'soft_plan': 1.247, 'sp_diag_mass': 0.4306, 'sp_entropy': 1.3968, 'total': 6.518}
[12:20:54 INFO samclip.train] epoch 45 [stage2] | lr 5.00e-05 | coarse 0.000 fine 1.000 | loss 6.3103 | test top1 27.50 top5 53.50 meanrank 10.8 | offset 0.629 spec_top 0.980 | smn_gate 0.000 | layer_w [0.154, 0.155, 0.174, 0.25, 0.267]
[12:20:54 INFO samclip.train] epoch 46 step 0/129 loss 6.3348 {'img': 3.2849, 'sc_img': 5.3124, 'sc_x': 3.5127, 'cross': 3.6476, 'router': -1.5806, 'soft_plan': 1.1512, 'sp_diag_mass': 0.4823, 'sp_entropy': 1.2412, 'total': 6.3348}
[12:20:57 INFO samclip.train] epoch 46 step 50/129 loss 6.3043 {'img': 3.3954, 'sc_img': 5.3149, 'sc_x': 3.5137, 'cross': 3.6232, 'router': -1.5807, 'soft_plan': 1.2926, 'sp_diag_mass': 0.4312, 'sp_entropy': 1.3715, 'total': 6.4989}
[12:21:01 INFO samclip.train] epoch 46 step 100/129 loss 6.3179 {'img': 3.2694, 'sc_img': 5.3171, 'sc_x': 3.5142, 'cross': 3.5476, 'router': -1.5808, 'soft_plan': 1.1581, 'sp_diag_mass': 0.4852, 'sp_entropy': 1.1847, 'total': 6.2528}
[12:21:02 INFO samclip.train] epoch 46 [stage2] | lr 5.00e-05 | coarse 0.000 fine 1.000 | loss 6.3148 | test top1 28.00 top5 53.50 meanrank 10.7 | offset 0.635 spec_top 0.980 | smn_gate 0.000 | layer_w [0.154, 0.155, 0.174, 0.25, 0.266]
[12:21:03 INFO samclip.train] epoch 47 step 0/129 loss 6.3685 {'img': 3.3398, 'sc_img': 5.3185, 'sc_x': 3.5149, 'cross': 3.6232, 'router': -1.5809, 'soft_plan': 1.1429, 'sp_diag_mass': 0.4573, 'sp_entropy': 1.313, 'total': 6.3685}
[12:21:06 INFO samclip.train] epoch 47 step 50/129 loss 6.2471 {'img': 3.3579, 'sc_img': 5.3208, 'sc_x': 3.5164, 'cross': 3.6522, 'router': -1.581, 'soft_plan': 1.2249, 'sp_diag_mass': 0.4586, 'sp_entropy': 1.3639, 'total': 6.4479}
[12:21:09 INFO samclip.train] epoch 47 step 100/129 loss 6.3034 {'img': 3.2928, 'sc_img': 5.3231, 'sc_x': 3.5168, 'cross': 3.5603, 'router': -1.5811, 'soft_plan': 1.3261, 'sp_diag_mass': 0.5143, 'sp_entropy': 1.0338, 'total': 6.369}
[12:21:11 INFO samclip.train] epoch 47 [stage2] | lr 5.00e-05 | coarse 0.000 fine 1.000 | loss 6.3031 | test top1 28.50 top5 54.50 meanrank 10.6 | offset 0.633 spec_top 0.980 | smn_gate 0.000 | layer_w [0.154, 0.155, 0.174, 0.25, 0.266]
[12:21:11 INFO samclip.train] epoch 48 step 0/129 loss 6.4729 {'img': 3.3806, 'sc_img': 5.3244, 'sc_x': 3.5172, 'cross': 3.678, 'router': -1.5811, 'soft_plan': 1.1937, 'sp_diag_mass': 0.4898, 'sp_entropy': 1.1689, 'total': 6.4729}
[12:21:15 INFO samclip.train] epoch 48 step 50/129 loss 6.2893 {'img': 3.2167, 'sc_img': 5.3267, 'sc_x': 3.5181, 'cross': 3.5031, 'router': -1.5812, 'soft_plan': 1.1041, 'sp_diag_mass': 0.4726, 'sp_entropy': 1.2965, 'total': 6.1419}
[12:21:18 INFO samclip.train] epoch 48 step 100/129 loss 6.2992 {'img': 3.3062, 'sc_img': 5.3289, 'sc_x': 3.5188, 'cross': 3.5355, 'router': -1.5813, 'soft_plan': 1.0689, 'sp_diag_mass': 0.5044, 'sp_entropy': 1.1792, 'total': 6.2365}
[12:21:20 INFO samclip.train] epoch 48 [stage2] | lr 5.00e-05 | coarse 0.000 fine 1.000 | loss 6.3044 | test top1 27.00 top5 53.50 meanrank 10.7 | offset 0.635 spec_top 0.980 | smn_gate 0.000 | layer_w [0.155, 0.156, 0.174, 0.25, 0.265]
[12:21:20 INFO samclip.train] epoch 49 step 0/129 loss 6.6365 {'img': 3.4454, 'sc_img': 5.3302, 'sc_x': 3.5194, 'cross': 3.6865, 'router': -1.5813, 'soft_plan': 1.3791, 'sp_diag_mass': 0.4579, 'sp_entropy': 1.1869, 'total': 6.6365}
[12:21:24 INFO samclip.train] epoch 49 step 50/129 loss 6.2778 {'img': 3.4155, 'sc_img': 5.3327, 'sc_x': 3.5203, 'cross': 3.6827, 'router': -1.5815, 'soft_plan': 1.2082, 'sp_diag_mass': 0.4549, 'sp_entropy': 1.3087, 'total': 6.5184}
[12:21:27 INFO samclip.train] epoch 49 step 100/129 loss 6.2791 {'img': 3.1411, 'sc_img': 5.3351, 'sc_x': 3.5214, 'cross': 3.5701, 'router': -1.5816, 'soft_plan': 0.9187, 'sp_diag_mass': 0.5218, 'sp_entropy': 1.1987, 'total': 6.0205}
[12:21:29 INFO samclip.train] epoch 49 [stage2] | lr 5.00e-05 | coarse 0.000 fine 1.000 | loss 6.2792 | test top1 29.00 top5 53.00 meanrank 10.5 | offset 0.640 spec_top 0.980 | smn_gate 0.000 | layer_w [0.155, 0.156, 0.175, 0.25, 0.265]
[12:21:29 INFO samclip.train] Stage A done. last-epoch top1 29.00 | best-seen (diagnostic only) 30.50
[stageA] result: {
  "last": {
    "top1": 28.999999999999996,
    "top5": 53.0,
    "mean_rank": 10.515,
    "n": 200,
    "offset_ratio": 0.6400567889213562,
    "spec_top_frac": 0.9795310497283936
  },
  "best_seen": 30.5,
  "out_dir": "/project/peilab/why/CLIP/outputs/stage1/v9/sub02_k20_seed2025"
}
