[stageA] config:
{
  "arch": "v4",
  "objective": "v4",
  "d_latent": 64,
  "d_align": 64,
  "d_embed": 64,
  "share_head_hidden": 0,
  "smn": {
    "enabled": true,
    "gate_scale": true,
    "init_gate": 0.0,
    "min_rows": 4
  },
  "n_channels": 63,
  "n_timepoints": 250,
  "n_subjects": 9,
  "d_model": 200,
  "n_heads": 4,
  "n_blocks": 2,
  "dim_ff": 512,
  "dropout": 0.5,
  "head_dropout": 0.1,
  "agg_width": 16,
  "agg_pool": 8,
  "img_head": "linear",
  "eeg_head": "mlp",
  "vicreg_cov_weight": 0.04,
  "target_fusion": "routed",
  "target_subject_dropout": 0.3,
  "router_temperature": 2.0,
  "router_layer_dropout": 0.1,
  "image": {
    "feature_set": "internvit_multilevel",
    "layers": [
      20,
      24,
      28,
      32,
      36
    ],
    "l2norm": true
  },
  "loss_weights": {
    "img": 1.0,
    "cross": 0.7,
    "mmd": 1.0,
    "spec": 0.0,
    "reg": 0.0,
    "dec": 0.0,
    "proto": 0.0,
    "rkd": 0.0,
    "adv": 0.0,
    "router": 0.05
  },
  "spec_r0": 16,
  "spec_mode": "rank",
  "keep_last_epochs": 2,
  "temp_img": 0.07,
  "temp_cross": 0.1,
  "recovery_aware": {
    "enabled": true,
    "block_per_subject": false,
    "csls_k": 20,
    "terms": [
      "img",
      "cross"
    ]
  },
  "temp_proto": 0.07,
  "softplus": true,
  "prototype_level": "concept",
  "mmd_kernel": "linear",
  "schedule": {
    "coarse_to_fine": true,
    "stage1_epochs": 20,
    "mmd_start": 0.9,
    "mmd_end": 0.5,
    "stage2_mmd": 0.0,
    "cross_start": 0.1,
    "cross_end": 0.5,
    "stage2_cross": 1.0,
    "stage2_lr": 5e-05,
    "freeze_encoder_stage2": false
  },
  "epochs": 50,
  "lr": 0.001,
  "weight_decay": 0.0001,
  "grad_clip": 1.0,
  "batch_stimuli": 128,
  "subjects_per_stimulus": 3,
  "images_per_pair": 1,
  "num_workers": 4,
  "eval_batch": 200,
  "log_every": 50,
  "seed": 2027,
  "debug_steps": null,
  "target_subject": 1,
  "source_subjects": [
    2,
    3,
    4,
    5,
    6,
    7,
    8,
    9,
    10
  ],
  "channel_set": "all63",
  "mvnn": "train",
  "calibration": {
    "center": true,
    "whiten": false,
    "csls": true,
    "recovery": false,
    "csls_k": 10,
    "rho": 0.1
  },
  "out_dir": "/project/peilab/why/CLIP/outputs/stage1/v9/sub01_k20_seed2027",
  "soft_plan": {
    "enabled": true,
    "tau": 0.1,
    "iters": 20,
    "csls_k": 20,
    "weight": 0.5,
    "block_per_subject": true,
    "alpha": 0.5,
    "fgw_outer": 10
  }
}
[loso ] sources [2, 3, 4, 5, 6, 7, 8, 9, 10] -> hold out sub-01; 9 subjects x 1654 concepts x 10 images = 148860 rows; test (200, 1, 63, 250)
[10:08:46 INFO samclip.train] Stage A | augmentation OFF (raw epochs)
[10:08:46 INFO samclip.train] Stage A | fold sub-01 held out | 1.13M params | 50 epochs | 129 batches/epoch
[10:08:46 INFO samclip.train] Stage A | schedule coarse-to-fine | stage1 20 epochs coarse 0.9->0.5, fine 0.1->0.5 @ lr 0.001 | stage2 coarse=0, fine=1 @ lr 5e-05
[10:08:46 INFO samclip.train] Stage A | arch=v4 objective=v4 | d_align=64 d_latent=64 | smn=on (gate_scale=True, init_gate=0.000, min_rows=4)
[10:08:46 INFO samclip.train] Stage A | target_fusion=routed (init weights [0.2, 0.2, 0.2, 0.2, 0.2]) | loss weights {'img': 1.0, 'cross': 0.7, 'dec': 0.0, 'mmd': 1.0, 'reg': 0.0, 'proto': 0.0, 'rkd': 0.0, 'adv': 0.0, 'spec': 0.0, 'router': 0.05}
[10:08:46 INFO samclip.train] Stage A | prototype_level=concept
[10:08:47 INFO samclip.train] epoch -1 (init) | test top1 2.50 top5 4.00 meanrank 99.8 | offset 0.992 spec_top 0.867
[10:08:48 INFO samclip.train] epoch 0 step 0/129 loss 3.2649 {'img': 5.9825, 'sc_img': 2.7269, 'sc_x': 2.3979, 'cross': 4.9234, 'mmd': 0.56, 'router': -1.6094, 'soft_plan': 3.797, 'sp_diag_mass': 0.023, 'sp_entropy': 3.7314, 'total': 3.2649}
[10:08:51 INFO samclip.train] epoch 0 step 50/129 loss 2.9002 {'img': 5.9799, 'sc_img': 2.679, 'sc_x': 2.3646, 'cross': 5.1619, 'mmd': 0.0699, 'router': -1.6094, 'soft_plan': 3.8233, 'sp_diag_mass': 0.0236, 'sp_entropy': 3.7059, 'total': 2.8534}
[10:08:54 INFO samclip.train] epoch 0 step 100/129 loss 2.8738 {'img': 6.0014, 'sc_img': 2.6308, 'sc_x': 2.3125, 'cross': 5.1483, 'mmd': 0.0371, 'router': -1.6094, 'soft_plan': 3.8489, 'sp_diag_mass': 0.0229, 'sp_entropy': 3.7217, 'total': 2.8379}
[10:08:55 INFO samclip.train] epoch 0 [stage1] | lr 1.00e-03 | coarse 0.900 fine 0.100 | loss 2.8642 | test top1 0.50 top5 3.50 meanrank 95.9 | offset 0.999 spec_top 0.984 | smn_gate 0.000 | layer_w [0.199, 0.197, 0.197, 0.203, 0.204]
[10:08:56 INFO samclip.train] epoch 1 step 0/129 loss 3.0198 {'img': 6.0095, 'sc_img': 2.6022, 'sc_x': 2.2869, 'cross': 5.2036, 'mmd': 0.0308, 'router': -1.6093, 'soft_plan': 3.8096, 'sp_diag_mass': 0.0236, 'sp_entropy': 3.707, 'total': 3.0198}
[10:08:59 INFO samclip.train] epoch 1 step 50/129 loss 3.0208 {'img': 5.9801, 'sc_img': 2.5534, 'sc_x': 2.2798, 'cross': 5.0437, 'mmd': 0.0309, 'router': -1.6093, 'soft_plan': 3.8237, 'sp_diag_mass': 0.0233, 'sp_entropy': 3.7014, 'total': 3.0099}
[10:09:03 INFO samclip.train] epoch 1 step 100/129 loss 3.0195 {'img': 5.9822, 'sc_img': 2.5067, 'sc_x': 2.2931, 'cross': 5.145, 'mmd': 0.0544, 'router': -1.6091, 'soft_plan': 3.7839, 'sp_diag_mass': 0.0236, 'sp_entropy': 3.7265, 'total': 3.0194}
[10:09:05 INFO samclip.train] epoch 1 [stage1] | lr 1.00e-03 | coarse 0.879 fine 0.121 | loss 3.0187 | test top1 1.00 top5 3.00 meanrank 92.8 | offset 1.000 spec_top 0.990 | smn_gate 0.000 | layer_w [0.197, 0.195, 0.195, 0.206, 0.207]
[10:09:05 INFO samclip.train] epoch 2 step 0/129 loss 3.2553 {'img': 5.9939, 'sc_img': 2.4821, 'sc_x': 2.3017, 'cross': 5.0926, 'mmd': 0.0247, 'router': -1.6091, 'soft_plan': 3.9124, 'sp_diag_mass': 0.022, 'sp_entropy': 3.6833, 'total': 3.2553}
[10:09:08 INFO samclip.train] epoch 2 step 50/129 loss 3.2065 {'img': 5.9771, 'sc_img': 2.4323, 'sc_x': 2.3282, 'cross': 5.0395, 'mmd': 0.0542, 'router': -1.609, 'soft_plan': 3.8051, 'sp_diag_mass': 0.0232, 'sp_entropy': 3.7605, 'total': 3.2192}
[10:09:11 INFO samclip.train] epoch 2 step 100/129 loss 3.2009 {'img': 5.9744, 'sc_img': 2.3819, 'sc_x': 2.3823, 'cross': 5.0163, 'mmd': 0.0283, 'router': -1.6089, 'soft_plan': 3.7898, 'sp_diag_mass': 0.0238, 'sp_entropy': 3.7286, 'total': 3.1867}
[10:09:13 INFO samclip.train] epoch 2 [stage1] | lr 1.00e-03 | coarse 0.858 fine 0.142 | loss 3.2004 | test top1 0.50 top5 4.00 meanrank 97.9 | offset 1.000 spec_top 0.994 | smn_gate 0.000 | layer_w [0.196, 0.194, 0.194, 0.207, 0.21]
[10:09:13 INFO samclip.train] epoch 3 step 0/129 loss 3.3941 {'img': 5.9609, 'sc_img': 2.3569, 'sc_x': 2.398, 'cross': 5.0107, 'mmd': 0.033, 'router': -1.6089, 'soft_plan': 3.8042, 'sp_diag_mass': 0.0234, 'sp_entropy': 3.7267, 'total': 3.3941}
[10:09:16 INFO samclip.train] epoch 3 step 50/129 loss 3.3849 {'img': 5.9721, 'sc_img': 2.3049, 'sc_x': 2.4415, 'cross': 4.9821, 'mmd': 0.025, 'router': -1.6088, 'soft_plan': 3.8277, 'sp_diag_mass': 0.0234, 'sp_entropy': 3.6968, 'total': 3.3978}
[10:09:20 INFO samclip.train] epoch 3 step 100/129 loss 3.3844 {'img': 5.9601, 'sc_img': 2.2559, 'sc_x': 2.4528, 'cross': 4.9427, 'mmd': 0.0263, 'router': -1.6087, 'soft_plan': 3.7682, 'sp_diag_mass': 0.0236, 'sp_entropy': 3.7375, 'total': 3.3627}
[10:09:22 INFO samclip.train] epoch 3 [stage1] | lr 1.00e-03 | coarse 0.837 fine 0.163 | loss 3.3848 | test top1 1.00 top5 3.50 meanrank 95.5 | offset 1.000 spec_top 0.982 | smn_gate 0.000 | layer_w [0.195, 0.193, 0.193, 0.208, 0.211]
[10:09:22 INFO samclip.train] epoch 4 step 0/129 loss 3.5705 {'img': 5.9552, 'sc_img': 2.2299, 'sc_x': 2.4479, 'cross': 4.9586, 'mmd': 0.035, 'router': -1.6087, 'soft_plan': 3.7719, 'sp_diag_mass': 0.0237, 'sp_entropy': 3.7399, 'total': 3.5705}
[10:09:25 INFO samclip.train] epoch 4 step 50/129 loss 3.5781 {'img': 5.9588, 'sc_img': 2.1831, 'sc_x': 2.46, 'cross': 4.9683, 'mmd': 0.0323, 'router': -1.6086, 'soft_plan': 3.7947, 'sp_diag_mass': 0.0234, 'sp_entropy': 3.7405, 'total': 3.5816}
[10:09:29 INFO samclip.train] epoch 4 step 100/129 loss 3.5753 {'img': 5.9551, 'sc_img': 2.1364, 'sc_x': 2.4786, 'cross': 4.949, 'mmd': 0.0267, 'router': -1.6086, 'soft_plan': 3.7798, 'sp_diag_mass': 0.0236, 'sp_entropy': 3.7616, 'total': 3.5664}
[10:09:31 INFO samclip.train] epoch 4 [stage1] | lr 1.00e-03 | coarse 0.816 fine 0.184 | loss 3.5740 | test top1 0.00 top5 3.00 meanrank 100.1 | offset 1.000 spec_top 0.981 | smn_gate 0.000 | layer_w [0.195, 0.193, 0.192, 0.208, 0.212]
[10:09:31 INFO samclip.train] epoch 5 step 0/129 loss 3.7749 {'img': 5.9657, 'sc_img': 2.1097, 'sc_x': 2.4834, 'cross': 4.908, 'mmd': 0.0332, 'router': -1.6085, 'soft_plan': 3.7984, 'sp_diag_mass': 0.0231, 'sp_entropy': 3.7286, 'total': 3.7749}
[10:09:34 INFO samclip.train] epoch 5 step 50/129 loss 3.7629 {'img': 5.9612, 'sc_img': 2.0657, 'sc_x': 2.4967, 'cross': 4.9023, 'mmd': 0.022, 'router': -1.6084, 'soft_plan': 3.7774, 'sp_diag_mass': 0.0234, 'sp_entropy': 3.7422, 'total': 3.7537}
[10:09:37 INFO samclip.train] epoch 5 step 100/129 loss 3.7627 {'img': 5.9685, 'sc_img': 2.0264, 'sc_x': 2.5079, 'cross': 4.9162, 'mmd': 0.0209, 'router': -1.6083, 'soft_plan': 3.797, 'sp_diag_mass': 0.0234, 'sp_entropy': 3.7359, 'total': 3.7662}
[10:09:39 INFO samclip.train] epoch 5 [stage1] | lr 1.00e-03 | coarse 0.795 fine 0.205 | loss 3.7620 | test top1 0.50 top5 3.00 meanrank 100.7 | offset 1.000 spec_top 0.986 | smn_gate 0.000 | layer_w [0.194, 0.192, 0.191, 0.209, 0.214]
[10:09:40 INFO samclip.train] epoch 6 step 0/129 loss 3.9707 {'img': 5.975, 'sc_img': 2.0006, 'sc_x': 2.5051, 'cross': 4.9139, 'mmd': 0.0281, 'router': -1.6083, 'soft_plan': 3.7973, 'sp_diag_mass': 0.0233, 'sp_entropy': 3.7435, 'total': 3.9707}
[10:09:43 INFO samclip.train] epoch 6 step 50/129 loss 3.9591 {'img': 5.9595, 'sc_img': 1.9554, 'sc_x': 2.5074, 'cross': 4.9047, 'mmd': 0.0324, 'router': -1.6082, 'soft_plan': 3.7717, 'sp_diag_mass': 0.0234, 'sp_entropy': 3.7539, 'total': 3.9563}
[10:09:46 INFO samclip.train] epoch 6 step 100/129 loss 3.9585 {'img': 5.9631, 'sc_img': 1.9101, 'sc_x': 2.5081, 'cross': 4.8854, 'mmd': 0.0217, 'router': -1.6081, 'soft_plan': 3.7849, 'sp_diag_mass': 0.0233, 'sp_entropy': 3.7504, 'total': 3.9523}
[10:09:47 INFO samclip.train] epoch 6 [stage1] | lr 1.00e-03 | coarse 0.774 fine 0.226 | loss 3.9583 | test top1 0.00 top5 0.50 meanrank 99.0 | offset 1.000 spec_top 0.983 | smn_gate 0.000 | layer_w [0.194, 0.191, 0.19, 0.21, 0.216]
[10:09:48 INFO samclip.train] epoch 7 step 0/129 loss 4.1540 {'img': 5.9565, 'sc_img': 1.8834, 'sc_x': 2.5144, 'cross': 4.8894, 'mmd': 0.0249, 'router': -1.608, 'soft_plan': 3.7911, 'sp_diag_mass': 0.0236, 'sp_entropy': 3.7302, 'total': 4.154}
[10:09:51 INFO samclip.train] epoch 7 step 50/129 loss 4.1532 {'img': 5.9603, 'sc_img': 1.8332, 'sc_x': 2.5155, 'cross': 4.9293, 'mmd': 0.027, 'router': -1.608, 'soft_plan': 3.7745, 'sp_diag_mass': 0.0236, 'sp_entropy': 3.7421, 'total': 4.1551}
[10:09:54 INFO samclip.train] epoch 7 step 100/129 loss 4.1514 {'img': 5.9489, 'sc_img': 1.7921, 'sc_x': 2.5211, 'cross': 4.8837, 'mmd': 0.0272, 'router': -1.608, 'soft_plan': 3.7698, 'sp_diag_mass': 0.0233, 'sp_entropy': 3.7454, 'total': 4.1422}
[10:09:56 INFO samclip.train] epoch 7 [stage1] | lr 1.00e-03 | coarse 0.753 fine 0.247 | loss 4.1507 | test top1 0.00 top5 4.00 meanrank 102.5 | offset 1.000 spec_top 0.983 | smn_gate 0.000 | layer_w [0.193, 0.19, 0.191, 0.21, 0.216]
[10:09:57 INFO samclip.train] epoch 8 step 0/129 loss 4.3573 {'img': 5.9637, 'sc_img': 1.7666, 'sc_x': 2.5223, 'cross': 4.9282, 'mmd': 0.0245, 'router': -1.608, 'soft_plan': 3.7859, 'sp_diag_mass': 0.0233, 'sp_entropy': 3.7375, 'total': 4.3573}
[10:10:00 INFO samclip.train] epoch 8 step 50/129 loss 4.3432 {'img': 5.9476, 'sc_img': 1.7267, 'sc_x': 2.5256, 'cross': 4.8811, 'mmd': 0.0306, 'router': -1.6079, 'soft_plan': 3.7669, 'sp_diag_mass': 0.0236, 'sp_entropy': 3.7522, 'total': 4.339}
[10:10:03 INFO samclip.train] epoch 8 step 100/129 loss 4.3433 {'img': 5.947, 'sc_img': 1.6845, 'sc_x': 2.5273, 'cross': 4.866, 'mmd': 0.0382, 'router': -1.6079, 'soft_plan': 3.7646, 'sp_diag_mass': 0.0235, 'sp_entropy': 3.7517, 'total': 4.3405}
[10:10:05 INFO samclip.train] epoch 8 [stage1] | lr 1.00e-03 | coarse 0.732 fine 0.268 | loss 4.3436 | test top1 0.00 top5 2.50 meanrank 92.1 | offset 1.000 spec_top 0.983 | smn_gate 0.000 | layer_w [0.193, 0.19, 0.19, 0.21, 0.217]
[10:10:05 INFO samclip.train] epoch 9 step 0/129 loss 4.5295 {'img': 5.9569, 'sc_img': 1.6611, 'sc_x': 2.529, 'cross': 4.856, 'mmd': 0.022, 'router': -1.6079, 'soft_plan': 3.7719, 'sp_diag_mass': 0.0235, 'sp_entropy': 3.7535, 'total': 4.5295}
[10:10:08 INFO samclip.train] epoch 9 step 50/129 loss 4.5348 {'img': 5.9626, 'sc_img': 1.6196, 'sc_x': 2.5368, 'cross': 4.89, 'mmd': 0.0327, 'router': -1.6078, 'soft_plan': 3.7681, 'sp_diag_mass': 0.0235, 'sp_entropy': 3.7516, 'total': 4.5438}
[10:10:12 INFO samclip.train] epoch 9 step 100/129 loss 4.4625 {'img': 5.7094, 'sc_img': 1.6604, 'sc_x': 2.5953, 'cross': 4.7004, 'mmd': 0.0217, 'router': -1.6078, 'soft_plan': 3.4833, 'sp_diag_mass': 0.0402, 'sp_entropy': 3.3625, 'total': 4.2819}
[10:10:13 INFO samclip.train] epoch 9 [stage1] | lr 1.00e-03 | coarse 0.711 fine 0.289 | loss 4.4432 | test top1 1.00 top5 5.00 meanrank 62.4 | offset 0.930 spec_top 1.000 | smn_gate 0.000 | layer_w [0.192, 0.189, 0.19, 0.21, 0.218]
[10:10:14 INFO samclip.train] epoch 10 step 0/129 loss 4.7208 {'img': 5.7845, 'sc_img': 1.7236, 'sc_x': 2.6357, 'cross': 4.8505, 'mmd': 0.081, 'router': -1.6077, 'soft_plan': 3.7895, 'sp_diag_mass': 0.037, 'sp_entropy': 3.399, 'total': 4.7208}
[10:10:17 INFO samclip.train] epoch 10 step 50/129 loss 4.6673 {'img': 5.93, 'sc_img': 1.8152, 'sc_x': 2.6356, 'cross': 4.9165, 'mmd': 0.1098, 'router': -1.6076, 'soft_plan': 3.7717, 'sp_diag_mass': 0.0236, 'sp_entropy': 3.7371, 'total': 4.7913}
[10:10:20 INFO samclip.train] epoch 10 step 100/129 loss 4.6844 {'img': 5.6914, 'sc_img': 1.8732, 'sc_x': 2.6121, 'cross': 4.7779, 'mmd': 0.0916, 'router': -1.6072, 'soft_plan': 3.4524, 'sp_diag_mass': 0.0381, 'sp_entropy': 3.5223, 'total': 4.5149}
[10:10:21 INFO samclip.train] epoch 10 [stage1] | lr 1.00e-03 | coarse 0.689 fine 0.311 | loss 4.7322 | test top1 1.00 top5 5.00 meanrank 60.8 | offset 0.843 spec_top 1.000 | smn_gate 0.000 | layer_w [0.19, 0.187, 0.188, 0.212, 0.223]
[10:10:22 INFO samclip.train] epoch 11 step 0/129 loss 4.7592 {'img': 5.7384, 'sc_img': 1.8814, 'sc_x': 2.612, 'cross': 4.7527, 'mmd': 0.108, 'router': -1.6068, 'soft_plan': 3.523, 'sp_diag_mass': 0.0398, 'sp_entropy': 3.4008, 'total': 4.7592}
[10:10:25 INFO samclip.train] epoch 11 step 50/129 loss 4.9410 {'img': 5.9623, 'sc_img': 1.9261, 'sc_x': 2.5968, 'cross': 4.8999, 'mmd': 0.0274, 'router': -1.6062, 'soft_plan': 3.8762, 'sp_diag_mass': 0.0238, 'sp_entropy': 3.6524, 'total': 4.9904}
[10:10:29 INFO samclip.train] epoch 11 step 100/129 loss 4.9251 {'img': 5.6679, 'sc_img': 1.9173, 'sc_x': 2.5297, 'cross': 4.7014, 'mmd': 0.0218, 'router': -1.606, 'soft_plan': 3.4391, 'sp_diag_mass': 0.0438, 'sp_entropy': 3.2482, 'total': 4.6244}
[10:10:31 INFO samclip.train] epoch 11 [stage1] | lr 1.00e-03 | coarse 0.668 fine 0.332 | loss 4.8745 | test top1 1.00 top5 4.50 meanrank 54.8 | offset 0.914 spec_top 1.000 | smn_gate 0.000 | layer_w [0.188, 0.186, 0.187, 0.213, 0.225]
[10:10:31 INFO samclip.train] epoch 12 step 0/129 loss 4.7894 {'img': 5.622, 'sc_img': 1.9586, 'sc_x': 2.5653, 'cross': 4.6516, 'mmd': 0.0444, 'router': -1.6062, 'soft_plan': 3.4204, 'sp_diag_mass': 0.0486, 'sp_entropy': 3.2971, 'total': 4.7894}
[10:10:34 INFO samclip.train] epoch 12 step 50/129 loss 5.0417 {'img': 5.579, 'sc_img': 2.0203, 'sc_x': 2.6121, 'cross': 4.6471, 'mmd': 0.0945, 'router': -1.606, 'soft_plan': 5.0268, 'sp_diag_mass': 0.0282, 'sp_entropy': 3.232, 'total': 5.6087}
[10:10:37 INFO samclip.train] epoch 12 step 100/129 loss 5.1037 {'img': 5.5468, 'sc_img': 2.0613, 'sc_x': 2.6339, 'cross': 4.9134, 'mmd': 0.0842, 'router': -1.605, 'soft_plan': 3.6657, 'sp_diag_mass': 0.0414, 'sp_entropy': 3.2021, 'total': 4.9759}
[10:10:39 INFO samclip.train] epoch 12 [stage1] | lr 1.00e-03 | coarse 0.647 fine 0.353 | loss 5.0666 | test top1 1.00 top5 5.00 meanrank 56.8 | offset 0.961 spec_top 1.000 | smn_gate 0.000 | layer_w [0.186, 0.184, 0.186, 0.215, 0.23]
[10:10:39 INFO samclip.train] epoch 13 step 0/129 loss 4.9492 {'img': 5.5964, 'sc_img': 2.0974, 'sc_x': 2.6395, 'cross': 4.7107, 'mmd': 0.0548, 'router': -1.605, 'soft_plan': 3.3432, 'sp_diag_mass': 0.0504, 'sp_entropy': 3.2718, 'total': 4.9492}
[10:10:43 INFO samclip.train] epoch 13 step 50/129 loss 5.1520 {'img': 5.5302, 'sc_img': 2.1637, 'sc_x': 2.6726, 'cross': 4.593, 'mmd': 0.0438, 'router': -1.6049, 'soft_plan': 3.2286, 'sp_diag_mass': 0.0545, 'sp_entropy': 3.2082, 'total': 4.8295}
[10:10:46 INFO samclip.train] epoch 13 step 100/129 loss 5.2433 {'img': 5.6305, 'sc_img': 2.2123, 'sc_x': 2.6844, 'cross': 4.6669, 'mmd': 0.102, 'router': -1.6045, 'soft_plan': 4.2875, 'sp_diag_mass': 0.033, 'sp_entropy': 3.3444, 'total': 5.4522}
[10:10:48 INFO samclip.train] epoch 13 [stage1] | lr 1.00e-03 | coarse 0.626 fine 0.374 | loss 5.1873 | test top1 1.00 top5 5.50 meanrank 55.4 | offset 0.776 spec_top 1.000 | smn_gate 0.000 | layer_w [0.184, 0.182, 0.186, 0.216, 0.232]
[10:10:48 INFO samclip.train] epoch 14 step 0/129 loss 6.0537 {'img': 5.4525, 'sc_img': 2.2434, 'sc_x': 2.6841, 'cross': 4.7903, 'mmd': 0.057, 'router': -1.6044, 'soft_plan': 5.247, 'sp_diag_mass': 0.0268, 'sp_entropy': 3.1023, 'total': 6.0537}
[10:10:52 INFO samclip.train] epoch 14 step 50/129 loss 5.3220 {'img': 5.5842, 'sc_img': 2.2971, 'sc_x': 2.6925, 'cross': 4.6052, 'mmd': 0.089, 'router': -1.6044, 'soft_plan': 5.1386, 'sp_diag_mass': 0.0164, 'sp_entropy': 3.3274, 'total': 6.0197}
[10:10:55 INFO samclip.train] epoch 14 step 100/129 loss 5.3163 {'img': 5.4987, 'sc_img': 2.3365, 'sc_x': 2.7088, 'cross': 4.7205, 'mmd': 0.0574, 'router': -1.6041, 'soft_plan': 3.2519, 'sp_diag_mass': 0.0528, 'sp_entropy': 3.1434, 'total': 5.0553}
[10:10:57 INFO samclip.train] epoch 14 [stage1] | lr 1.00e-03 | coarse 0.605 fine 0.395 | loss 5.2899 | test top1 1.00 top5 5.50 meanrank 55.0 | offset 0.824 spec_top 1.000 | smn_gate 0.000 | layer_w [0.183, 0.182, 0.186, 0.216, 0.233]
[10:10:57 INFO samclip.train] epoch 15 step 0/129 loss 5.1964 {'img': 5.4643, 'sc_img': 2.3721, 'sc_x': 2.7138, 'cross': 4.6393, 'mmd': 0.0705, 'router': -1.604, 'soft_plan': 3.2263, 'sp_diag_mass': 0.0522, 'sp_entropy': 3.2458, 'total': 5.1964}
[10:11:00 INFO samclip.train] epoch 15 step 50/129 loss 5.5185 {'img': 5.5887, 'sc_img': 2.4251, 'sc_x': 2.7054, 'cross': 4.6209, 'mmd': 0.1524, 'router': -1.6041, 'soft_plan': 3.8382, 'sp_diag_mass': 0.0409, 'sp_entropy': 3.3407, 'total': 5.5966}
[10:11:03 INFO samclip.train] epoch 15 step 100/129 loss 5.5382 {'img': 5.5849, 'sc_img': 2.4963, 'sc_x': 2.7042, 'cross': 4.6909, 'mmd': 0.1381, 'router': -1.6038, 'soft_plan': 3.8705, 'sp_diag_mass': 0.0375, 'sp_entropy': 3.4193, 'total': 5.6231}
[10:11:05 INFO samclip.train] epoch 15 [stage1] | lr 1.00e-03 | coarse 0.584 fine 0.416 | loss 5.5034 | test top1 1.00 top5 5.00 meanrank 54.9 | offset 0.889 spec_top 1.000 | smn_gate 0.000 | layer_w [0.182, 0.181, 0.185, 0.216, 0.235]
[10:11:06 INFO samclip.train] epoch 16 step 0/129 loss 5.4087 {'img': 5.5078, 'sc_img': 2.5296, 'sc_x': 2.7018, 'cross': 4.6479, 'mmd': 0.0308, 'router': -1.6036, 'soft_plan': 3.2884, 'sp_diag_mass': 0.0536, 'sp_entropy': 3.1434, 'total': 5.4087}
[10:11:09 INFO samclip.train] epoch 16 step 50/129 loss 5.6288 {'img': 5.4908, 'sc_img': 2.5832, 'sc_x': 2.7014, 'cross': 4.677, 'mmd': 0.095, 'router': -1.6037, 'soft_plan': 4.1773, 'sp_diag_mass': 0.0391, 'sp_entropy': 3.2664, 'total': 5.8908}
[10:11:12 INFO samclip.train] epoch 16 step 100/129 loss 5.6783 {'img': 5.4301, 'sc_img': 2.6369, 'sc_x': 2.6885, 'cross': 4.6859, 'mmd': 0.0734, 'router': -1.6032, 'soft_plan': 4.5285, 'sp_diag_mass': 0.0325, 'sp_entropy': 3.1496, 'total': 6.0304}
[10:11:14 INFO samclip.train] epoch 16 [stage1] | lr 1.00e-03 | coarse 0.563 fine 0.437 | loss 5.7214 | test top1 1.00 top5 5.50 meanrank 55.8 | offset 0.752 spec_top 1.000 | smn_gate 0.000 | layer_w [0.181, 0.18, 0.185, 0.217, 0.237]
[10:11:14 INFO samclip.train] epoch 17 step 0/129 loss 5.6975 {'img': 5.4554, 'sc_img': 2.6622, 'sc_x': 2.6962, 'cross': 4.7006, 'mmd': 0.1319, 'router': -1.603, 'soft_plan': 3.403, 'sp_diag_mass': 0.0505, 'sp_entropy': 3.323, 'total': 5.6975}
[10:11:17 INFO samclip.train] epoch 17 step 50/129 loss 5.9062 {'img': 5.4689, 'sc_img': 2.6966, 'sc_x': 2.692, 'cross': 4.6517, 'mmd': 0.0732, 'router': -1.6025, 'soft_plan': 3.1759, 'sp_diag_mass': 0.0558, 'sp_entropy': 3.2527, 'total': 5.5427}
[10:11:21 INFO samclip.train] epoch 17 step 100/129 loss 5.8307 {'img': 5.4795, 'sc_img': 2.7426, 'sc_x': 2.7059, 'cross': 4.6127, 'mmd': 0.0798, 'router': -1.6024, 'soft_plan': 3.261, 'sp_diag_mass': 0.0506, 'sp_entropy': 3.3915, 'total': 5.5812}
[10:11:22 INFO samclip.train] epoch 17 [stage1] | lr 1.00e-03 | coarse 0.542 fine 0.458 | loss 5.8469 | test top1 1.00 top5 5.00 meanrank 54.9 | offset 0.843 spec_top 1.000 | smn_gate 0.000 | layer_w [0.18, 0.179, 0.185, 0.218, 0.238]
[10:11:23 INFO samclip.train] epoch 18 step 0/129 loss 5.8752 {'img': 5.4603, 'sc_img': 2.7579, 'sc_x': 2.7024, 'cross': 4.6258, 'mmd': 0.0865, 'router': -1.6024, 'soft_plan': 3.4884, 'sp_diag_mass': 0.0475, 'sp_entropy': 3.2915, 'total': 5.8752}
[10:11:26 INFO samclip.train] epoch 18 step 50/129 loss 5.9470 {'img': 5.409, 'sc_img': 2.7949, 'sc_x': 2.7118, 'cross': 4.5889, 'mmd': 0.0722, 'router': -1.6022, 'soft_plan': 3.709, 'sp_diag_mass': 0.0474, 'sp_entropy': 3.2326, 'total': 5.9412}
[10:11:29 INFO samclip.train] epoch 18 step 100/129 loss 5.9608 {'img': 5.4609, 'sc_img': 2.8334, 'sc_x': 2.7245, 'cross': 4.5695, 'mmd': 0.0648, 'router': -1.6024, 'soft_plan': 4.1712, 'sp_diag_mass': 0.0425, 'sp_entropy': 3.1785, 'total': 6.1867}
[10:11:31 INFO samclip.train] epoch 18 [stage1] | lr 1.00e-03 | coarse 0.521 fine 0.479 | loss 5.9358 | test top1 1.00 top5 6.00 meanrank 53.0 | offset 0.751 spec_top 1.000 | smn_gate 0.000 | layer_w [0.179, 0.179, 0.186, 0.218, 0.238]
[10:11:31 INFO samclip.train] epoch 19 step 0/129 loss 5.8542 {'img': 5.4263, 'sc_img': 2.8601, 'sc_x': 2.7319, 'cross': 4.6136, 'mmd': 0.0765, 'router': -1.6024, 'soft_plan': 3.1365, 'sp_diag_mass': 0.0582, 'sp_entropy': 3.2177, 'total': 5.8542}
[10:11:34 INFO samclip.train] epoch 19 step 50/129 loss 6.1224 {'img': 5.4043, 'sc_img': 2.8929, 'sc_x': 2.7387, 'cross': 4.5329, 'mmd': 0.0787, 'router': -1.6023, 'soft_plan': 3.2771, 'sp_diag_mass': 0.0543, 'sp_entropy': 3.1895, 'total': 5.8864}
[10:11:37 INFO samclip.train] epoch 19 step 100/129 loss 6.0810 {'img': 5.5174, 'sc_img': 2.9331, 'sc_x': 2.7369, 'cross': 4.5933, 'mmd': 0.0643, 'router': -1.6022, 'soft_plan': 3.2355, 'sp_diag_mass': 0.0546, 'sp_entropy': 3.2992, 'total': 5.9362}
[10:11:39 INFO samclip.train] epoch 19 [stage1] | lr 1.00e-03 | coarse 0.500 fine 0.500 | loss 6.0607 | test top1 0.50 top5 5.50 meanrank 52.5 | offset 0.742 spec_top 1.000 | smn_gate 0.000 | layer_w [0.179, 0.179, 0.186, 0.218, 0.238]
[10:11:39 INFO samclip.train] epoch 20 step 0/129 loss 10.2011 {'img': 5.3704, 'sc_img': 2.9595, 'sc_x': 2.735, 'cross': 4.5458, 'router': -1.6023, 'soft_plan': 3.4576, 'sp_diag_mass': 0.0501, 'sp_entropy': 3.1616, 'total': 10.2011}
[10:11:43 INFO samclip.train] epoch 20 step 50/129 loss 10.3122 {'img': 5.3677, 'sc_img': 2.9632, 'sc_x': 2.7365, 'cross': 4.5216, 'router': -1.6023, 'soft_plan': 3.1201, 'sp_diag_mass': 0.0587, 'sp_entropy': 3.2806, 'total': 10.0128}
[10:11:46 INFO samclip.train] epoch 20 step 100/129 loss 10.2366 {'img': 5.3737, 'sc_img': 2.9675, 'sc_x': 2.7383, 'cross': 4.5449, 'router': -1.6024, 'soft_plan': 3.8286, 'sp_diag_mass': 0.0445, 'sp_entropy': 3.1912, 'total': 10.3893}
[10:11:47 INFO samclip.train] epoch 20 [stage2] | lr 5.00e-05 | coarse 0.000 fine 1.000 | loss 10.2270 | test top1 1.00 top5 5.50 meanrank 53.0 | offset 0.755 spec_top 1.000 | smn_gate 0.000 | layer_w [0.179, 0.179, 0.186, 0.218, 0.238]
[10:11:48 INFO samclip.train] epoch 21 step 0/129 loss 10.4022 {'img': 5.4162, 'sc_img': 2.9702, 'sc_x': 2.7393, 'cross': 4.5114, 'router': -1.6025, 'soft_plan': 3.8163, 'sp_diag_mass': 0.0473, 'sp_entropy': 3.1618, 'total': 10.4022}
[10:11:51 INFO samclip.train] epoch 21 step 50/129 loss 10.1734 {'img': 5.3965, 'sc_img': 2.9745, 'sc_x': 2.7417, 'cross': 4.5399, 'router': -1.6025, 'soft_plan': 3.1389, 'sp_diag_mass': 0.057, 'sp_entropy': 3.2028, 'total': 10.0637}
[10:11:54 INFO samclip.train] epoch 21 step 100/129 loss 10.1417 {'img': 5.3008, 'sc_img': 2.9784, 'sc_x': 2.7433, 'cross': 4.5473, 'router': -1.6026, 'soft_plan': 3.0475, 'sp_diag_mass': 0.0602, 'sp_entropy': 3.1107, 'total': 9.9275}
[10:11:55 INFO samclip.train] epoch 21 [stage2] | lr 5.00e-05 | coarse 0.000 fine 1.000 | loss 10.1486 | test top1 1.00 top5 5.50 meanrank 52.9 | offset 0.759 spec_top 1.000 | smn_gate 0.000 | layer_w [0.179, 0.179, 0.186, 0.218, 0.237]
[10:11:56 INFO samclip.train] epoch 22 step 0/129 loss 9.9874 {'img': 5.2897, 'sc_img': 2.9804, 'sc_x': 2.7442, 'cross': 4.5087, 'router': -1.6026, 'soft_plan': 3.2435, 'sp_diag_mass': 0.0542, 'sp_entropy': 3.138, 'total': 9.9874}
[10:11:59 INFO samclip.train] epoch 22 step 50/129 loss 10.1734 {'img': 5.3867, 'sc_img': 2.9835, 'sc_x': 2.7453, 'cross': 4.5268, 'router': -1.6027, 'soft_plan': 3.1775, 'sp_diag_mass': 0.0568, 'sp_entropy': 3.2222, 'total': 10.0641}
[10:12:02 INFO samclip.train] epoch 22 step 100/129 loss 10.1754 {'img': 5.3583, 'sc_img': 2.9865, 'sc_x': 2.7462, 'cross': 4.528, 'router': -1.6027, 'soft_plan': 3.1131, 'sp_diag_mass': 0.0576, 'sp_entropy': 3.1395, 'total': 10.0043}
[10:12:03 INFO samclip.train] epoch 22 [stage2] | lr 5.00e-05 | coarse 0.000 fine 1.000 | loss 10.1521 | test top1 1.00 top5 5.50 meanrank 52.5 | offset 0.753 spec_top 1.000 | smn_gate 0.000 | layer_w [0.179, 0.179, 0.187, 0.218, 0.237]
[10:12:04 INFO samclip.train] epoch 23 step 0/129 loss 10.3120 {'img': 5.3349, 'sc_img': 2.9884, 'sc_x': 2.7469, 'cross': 4.4965, 'router': -1.6027, 'soft_plan': 3.8193, 'sp_diag_mass': 0.0474, 'sp_entropy': 3.1395, 'total': 10.312}
[10:12:06 INFO samclip.train] epoch 23 step 50/129 loss 10.1562 {'img': 5.4098, 'sc_img': 2.9912, 'sc_x': 2.7486, 'cross': 4.5012, 'router': -1.6028, 'soft_plan': 3.1808, 'sp_diag_mass': 0.0548, 'sp_entropy': 3.2689, 'total': 10.0709}
[10:12:09 INFO samclip.train] epoch 23 step 100/129 loss 10.1805 {'img': 5.3827, 'sc_img': 2.9937, 'sc_x': 2.7497, 'cross': 4.525, 'router': -1.6028, 'soft_plan': 3.6574, 'sp_diag_mass': 0.0483, 'sp_entropy': 3.1508, 'total': 10.2988}
[10:12:11 INFO samclip.train] epoch 23 [stage2] | lr 5.00e-05 | coarse 0.000 fine 1.000 | loss 10.1635 | test top1 1.00 top5 5.50 meanrank 52.4 | offset 0.752 spec_top 1.000 | smn_gate 0.000 | layer_w [0.179, 0.179, 0.187, 0.218, 0.236]
[10:12:11 INFO samclip.train] epoch 24 step 0/129 loss 10.1747 {'img': 5.3797, 'sc_img': 2.9949, 'sc_x': 2.7503, 'cross': 4.5349, 'router': -1.6029, 'soft_plan': 3.4013, 'sp_diag_mass': 0.0512, 'sp_entropy': 3.1479, 'total': 10.1747}
[10:12:14 INFO samclip.train] epoch 24 step 50/129 loss 10.1259 {'img': 5.3451, 'sc_img': 2.9972, 'sc_x': 2.7513, 'cross': 4.4885, 'router': -1.6029, 'soft_plan': 3.0747, 'sp_diag_mass': 0.0604, 'sp_entropy': 3.1383, 'total': 9.9442}
[10:12:17 INFO samclip.train] epoch 24 step 100/129 loss 10.1084 {'img': 5.3325, 'sc_img': 3.0001, 'sc_x': 2.753, 'cross': 4.5151, 'router': -1.603, 'soft_plan': 4.3329, 'sp_diag_mass': 0.0384, 'sp_entropy': 3.1363, 'total': 10.5793}
[10:12:19 INFO samclip.train] epoch 24 [stage2] | lr 5.00e-05 | coarse 0.000 fine 1.000 | loss 10.1129 | test top1 1.00 top5 5.00 meanrank 51.7 | offset 0.760 spec_top 1.000 | smn_gate 0.000 | layer_w [0.179, 0.18, 0.187, 0.218, 0.236]
[10:12:19 INFO samclip.train] epoch 25 step 0/129 loss 10.2528 {'img': 5.369, 'sc_img': 3.0014, 'sc_x': 2.7537, 'cross': 4.5311, 'router': -1.603, 'soft_plan': 3.5843, 'sp_diag_mass': 0.0497, 'sp_entropy': 3.1771, 'total': 10.2528}
[10:12:23 INFO samclip.train] epoch 25 step 50/129 loss 10.2093 {'img': 5.3443, 'sc_img': 3.0038, 'sc_x': 2.755, 'cross': 4.5226, 'router': -1.6031, 'soft_plan': 4.2103, 'sp_diag_mass': 0.0434, 'sp_entropy': 3.1635, 'total': 10.535}
[10:12:26 INFO samclip.train] epoch 25 step 100/129 loss 10.2186 {'img': 5.4212, 'sc_img': 3.0057, 'sc_x': 2.7559, 'cross': 4.5124, 'router': -1.6031, 'soft_plan': 3.2655, 'sp_diag_mass': 0.0542, 'sp_entropy': 3.2493, 'total': 10.1326}
[10:12:27 INFO samclip.train] epoch 25 [stage2] | lr 5.00e-05 | coarse 0.000 fine 1.000 | loss 10.1873 | test top1 1.00 top5 5.50 meanrank 51.9 | offset 0.761 spec_top 1.000 | smn_gate 0.000 | layer_w [0.179, 0.18, 0.187, 0.218, 0.236]
[10:12:28 INFO samclip.train] epoch 26 step 0/129 loss 9.8946 {'img': 5.2858, 'sc_img': 3.0071, 'sc_x': 2.7567, 'cross': 4.5155, 'router': -1.6031, 'soft_plan': 3.0563, 'sp_diag_mass': 0.0591, 'sp_entropy': 3.1101, 'total': 9.8946}
[10:12:31 INFO samclip.train] epoch 26 step 50/129 loss 10.0953 {'img': 5.3435, 'sc_img': 3.0097, 'sc_x': 2.7579, 'cross': 4.5138, 'router': -1.6032, 'soft_plan': 3.282, 'sp_diag_mass': 0.0544, 'sp_entropy': 3.0982, 'total': 10.0641}
[10:12:34 INFO samclip.train] epoch 26 step 100/129 loss 10.1059 {'img': 5.311, 'sc_img': 3.0122, 'sc_x': 2.759, 'cross': 4.4833, 'router': -1.6032, 'soft_plan': 3.5973, 'sp_diag_mass': 0.0485, 'sp_entropy': 3.1322, 'total': 10.1678}
[10:12:35 INFO samclip.train] epoch 26 [stage2] | lr 5.00e-05 | coarse 0.000 fine 1.000 | loss 10.1134 | test top1 1.00 top5 5.50 meanrank 51.7 | offset 0.761 spec_top 1.000 | smn_gate 0.000 | layer_w [0.179, 0.18, 0.188, 0.218, 0.235]
[10:12:36 INFO samclip.train] epoch 27 step 0/129 loss 10.1602 {'img': 5.3703, 'sc_img': 3.0132, 'sc_x': 2.7597, 'cross': 4.5259, 'router': -1.6032, 'soft_plan': 3.404, 'sp_diag_mass': 0.0481, 'sp_entropy': 3.1955, 'total': 10.1602}
[10:12:39 INFO samclip.train] epoch 27 step 50/129 loss 10.1358 {'img': 5.3828, 'sc_img': 3.0157, 'sc_x': 2.7605, 'cross': 4.5674, 'router': -1.6033, 'soft_plan': 4.0099, 'sp_diag_mass': 0.043, 'sp_entropy': 3.1673, 'total': 10.5047}
[10:12:42 INFO samclip.train] epoch 27 step 100/129 loss 10.1150 {'img': 5.3175, 'sc_img': 3.018, 'sc_x': 2.7616, 'cross': 4.4735, 'router': -1.6033, 'soft_plan': 3.0981, 'sp_diag_mass': 0.0588, 'sp_entropy': 3.1528, 'total': 9.9178}
[10:12:44 INFO samclip.train] epoch 27 [stage2] | lr 5.00e-05 | coarse 0.000 fine 1.000 | loss 10.1280 | test top1 1.50 top5 5.50 meanrank 51.7 | offset 0.765 spec_top 1.000 | smn_gate 0.000 | layer_w [0.18, 0.18, 0.188, 0.218, 0.235]
[10:12:44 INFO samclip.train] epoch 28 step 0/129 loss 10.2286 {'img': 5.3709, 'sc_img': 3.0193, 'sc_x': 2.7625, 'cross': 4.5297, 'router': -1.6033, 'soft_plan': 3.5341, 'sp_diag_mass': 0.053, 'sp_entropy': 3.1636, 'total': 10.2286}
[10:12:47 INFO samclip.train] epoch 28 step 50/129 loss 10.1679 {'img': 5.3071, 'sc_img': 3.0212, 'sc_x': 2.7632, 'cross': 4.4969, 'router': -1.6034, 'soft_plan': 3.545, 'sp_diag_mass': 0.0551, 'sp_entropy': 3.1601, 'total': 10.1472}
[10:12:50 INFO samclip.train] epoch 28 step 100/129 loss 10.1437 {'img': 5.4111, 'sc_img': 3.0236, 'sc_x': 2.7642, 'cross': 4.5676, 'router': -1.6034, 'soft_plan': 3.1723, 'sp_diag_mass': 0.0554, 'sp_entropy': 3.1575, 'total': 10.1145}
[10:12:52 INFO samclip.train] epoch 28 [stage2] | lr 5.00e-05 | coarse 0.000 fine 1.000 | loss 10.1948 | test top1 1.00 top5 5.50 meanrank 51.2 | offset 0.764 spec_top 1.000 | smn_gate 0.000 | layer_w [0.18, 0.18, 0.188, 0.218, 0.235]
[10:12:52 INFO samclip.train] epoch 29 step 0/129 loss 10.0883 {'img': 5.3041, 'sc_img': 3.0245, 'sc_x': 2.7643, 'cross': 4.4754, 'router': -1.6034, 'soft_plan': 3.4631, 'sp_diag_mass': 0.0492, 'sp_entropy': 3.1957, 'total': 10.0883}
[10:12:55 INFO samclip.train] epoch 29 step 50/129 loss 10.1514 {'img': 5.445, 'sc_img': 3.0265, 'sc_x': 2.7653, 'cross': 4.5355, 'router': -1.6035, 'soft_plan': 4.1025, 'sp_diag_mass': 0.0382, 'sp_entropy': 3.2633, 'total': 10.591}
[10:12:58 INFO samclip.train] epoch 29 step 100/129 loss 10.1421 {'img': 5.3151, 'sc_img': 3.0286, 'sc_x': 2.7665, 'cross': 4.5028, 'router': -1.6035, 'soft_plan': 3.0466, 'sp_diag_mass': 0.0595, 'sp_entropy': 3.1764, 'total': 9.9101}
[10:13:00 INFO samclip.train] epoch 29 [stage2] | lr 5.00e-05 | coarse 0.000 fine 1.000 | loss 10.1633 | test top1 2.00 top5 5.50 meanrank 51.6 | offset 0.773 spec_top 1.000 | smn_gate 0.000 | layer_w [0.18, 0.18, 0.188, 0.217, 0.234]
[10:13:00 INFO samclip.train] epoch 30 step 0/129 loss 10.1155 {'img': 5.427, 'sc_img': 3.0298, 'sc_x': 2.767, 'cross': 4.5641, 'router': -1.6035, 'soft_plan': 3.1474, 'sp_diag_mass': 0.059, 'sp_entropy': 3.1556, 'total': 10.1155}
[10:13:04 INFO samclip.train] epoch 30 step 50/129 loss 10.0755 {'img': 5.4116, 'sc_img': 3.0321, 'sc_x': 2.7684, 'cross': 4.5506, 'router': -1.6036, 'soft_plan': 3.4734, 'sp_diag_mass': 0.0487, 'sp_entropy': 3.2806, 'total': 10.2536}
[10:13:07 INFO samclip.train] epoch 30 step 100/129 loss 10.1007 {'img': 5.3875, 'sc_img': 3.0345, 'sc_x': 2.7692, 'cross': 4.5295, 'router': -1.6036, 'soft_plan': 4.6399, 'sp_diag_mass': 0.0346, 'sp_entropy': 3.1602, 'total': 10.7979}
[10:13:08 INFO samclip.train] epoch 30 [stage2] | lr 5.00e-05 | coarse 0.000 fine 1.000 | loss 10.1131 | test top1 1.50 top5 5.50 meanrank 51.2 | offset 0.768 spec_top 1.000 | smn_gate 0.000 | layer_w [0.18, 0.181, 0.188, 0.217, 0.234]
[10:13:09 INFO samclip.train] epoch 31 step 0/129 loss 10.0576 {'img': 5.2997, 'sc_img': 3.0357, 'sc_x': 2.7698, 'cross': 4.4417, 'router': -1.6037, 'soft_plan': 3.4578, 'sp_diag_mass': 0.0525, 'sp_entropy': 3.1186, 'total': 10.0576}
[10:13:12 INFO samclip.train] epoch 31 step 50/129 loss 10.1332 {'img': 5.2696, 'sc_img': 3.0378, 'sc_x': 2.771, 'cross': 4.4509, 'router': -1.6037, 'soft_plan': 3.0294, 'sp_diag_mass': 0.0593, 'sp_entropy': 3.166, 'total': 9.8197}
[10:13:15 INFO samclip.train] epoch 31 step 100/129 loss 10.1333 {'img': 5.3149, 'sc_img': 3.04, 'sc_x': 2.7722, 'cross': 4.4869, 'router': -1.6037, 'soft_plan': 3.0649, 'sp_diag_mass': 0.0589, 'sp_entropy': 3.1763, 'total': 9.908}
[10:13:17 INFO samclip.train] epoch 31 [stage2] | lr 5.00e-05 | coarse 0.000 fine 1.000 | loss 10.1330 | test top1 2.00 top5 6.00 meanrank 51.0 | offset 0.768 spec_top 1.000 | smn_gate 0.000 | layer_w [0.18, 0.181, 0.189, 0.217, 0.233]
[10:13:18 INFO samclip.train] epoch 32 step 0/129 loss 9.7919 {'img': 5.2684, 'sc_img': 3.0411, 'sc_x': 2.773, 'cross': 4.3903, 'router': -1.6038, 'soft_plan': 3.0609, 'sp_diag_mass': 0.0591, 'sp_entropy': 3.1386, 'total': 9.7919}
[10:13:21 INFO samclip.train] epoch 32 step 50/129 loss 10.1164 {'img': 5.3024, 'sc_img': 3.0431, 'sc_x': 2.774, 'cross': 4.4572, 'router': -1.6038, 'soft_plan': 3.5132, 'sp_diag_mass': 0.0492, 'sp_entropy': 3.1873, 'total': 10.0988}
[10:13:24 INFO samclip.train] epoch 32 step 100/129 loss 10.0848 {'img': 5.3498, 'sc_img': 3.0452, 'sc_x': 2.7753, 'cross': 4.4677, 'router': -1.6038, 'soft_plan': 3.087, 'sp_diag_mass': 0.0582, 'sp_entropy': 3.1385, 'total': 9.9405}
[10:13:26 INFO samclip.train] epoch 32 [stage2] | lr 5.00e-05 | coarse 0.000 fine 1.000 | loss 10.1007 | test top1 1.50 top5 6.00 meanrank 50.8 | offset 0.780 spec_top 1.000 | smn_gate 0.000 | layer_w [0.18, 0.181, 0.189, 0.217, 0.233]
[10:13:27 INFO samclip.train] epoch 33 step 0/129 loss 10.0600 {'img': 5.3093, 'sc_img': 3.0463, 'sc_x': 2.7758, 'cross': 4.4508, 'router': -1.6039, 'soft_plan': 3.4308, 'sp_diag_mass': 0.0499, 'sp_entropy': 3.1767, 'total': 10.06}
[10:13:30 INFO samclip.train] epoch 33 step 50/129 loss 10.0790 {'img': 5.2735, 'sc_img': 3.0482, 'sc_x': 2.7765, 'cross': 4.498, 'router': -1.6039, 'soft_plan': 2.9999, 'sp_diag_mass': 0.0635, 'sp_entropy': 3.1673, 'total': 9.8419}
[10:13:33 INFO samclip.train] epoch 33 step 100/129 loss 10.0632 {'img': 5.3435, 'sc_img': 3.0503, 'sc_x': 2.7774, 'cross': 4.4748, 'router': -1.6039, 'soft_plan': 3.5925, 'sp_diag_mass': 0.0501, 'sp_entropy': 3.1573, 'total': 10.1919}
[10:13:35 INFO samclip.train] epoch 33 [stage2] | lr 5.00e-05 | coarse 0.000 fine 1.000 | loss 10.0548 | test top1 2.00 top5 6.00 meanrank 50.7 | offset 0.783 spec_top 1.000 | smn_gate 0.000 | layer_w [0.18, 0.181, 0.189, 0.217, 0.233]
[10:13:36 INFO samclip.train] epoch 34 step 0/129 loss 10.5907 {'img': 5.3211, 'sc_img': 3.0516, 'sc_x': 2.7782, 'cross': 4.4719, 'router': -1.604, 'soft_plan': 4.4389, 'sp_diag_mass': 0.038, 'sp_entropy': 3.1282, 'total': 10.5907}
[10:13:39 INFO samclip.train] epoch 34 step 50/129 loss 10.1265 {'img': 5.3952, 'sc_img': 3.0536, 'sc_x': 2.7793, 'cross': 4.5141, 'router': -1.604, 'soft_plan': 3.1696, 'sp_diag_mass': 0.0543, 'sp_entropy': 3.2207, 'total': 10.0596}
[10:13:42 INFO samclip.train] epoch 34 step 100/129 loss 10.1420 {'img': 5.3001, 'sc_img': 3.0553, 'sc_x': 2.78, 'cross': 4.4827, 'router': -1.6041, 'soft_plan': 3.1462, 'sp_diag_mass': 0.0548, 'sp_entropy': 3.1944, 'total': 9.9309}
[10:13:43 INFO samclip.train] epoch 34 [stage2] | lr 5.00e-05 | coarse 0.000 fine 1.000 | loss 10.1251 | test top1 2.00 top5 6.00 meanrank 50.3 | offset 0.798 spec_top 1.000 | smn_gate 0.000 | layer_w [0.18, 0.181, 0.189, 0.217, 0.232]
[10:13:44 INFO samclip.train] epoch 35 step 0/129 loss 10.2922 {'img': 5.3783, 'sc_img': 3.0564, 'sc_x': 2.7803, 'cross': 4.566, 'router': -1.6041, 'soft_plan': 3.5959, 'sp_diag_mass': 0.0492, 'sp_entropy': 3.1717, 'total': 10.2922}
[10:13:47 INFO samclip.train] epoch 35 step 50/129 loss 10.0979 {'img': 5.2372, 'sc_img': 3.0584, 'sc_x': 2.7816, 'cross': 4.4022, 'router': -1.6041, 'soft_plan': 2.9746, 'sp_diag_mass': 0.0646, 'sp_entropy': 3.1766, 'total': 9.7259}
[10:13:50 INFO samclip.train] epoch 35 step 100/129 loss 10.0853 {'img': 5.2974, 'sc_img': 3.0603, 'sc_x': 2.7827, 'cross': 4.544, 'router': -1.6042, 'soft_plan': 3.925, 'sp_diag_mass': 0.0446, 'sp_entropy': 3.1288, 'total': 10.3604}
[10:13:52 INFO samclip.train] epoch 35 [stage2] | lr 5.00e-05 | coarse 0.000 fine 1.000 | loss 10.0947 | test top1 2.00 top5 6.50 meanrank 49.9 | offset 0.810 spec_top 1.000 | smn_gate 0.000 | layer_w [0.18, 0.182, 0.189, 0.217, 0.232]
[10:13:52 INFO samclip.train] epoch 36 step 0/129 loss 10.0990 {'img': 5.3334, 'sc_img': 3.0616, 'sc_x': 2.7831, 'cross': 4.4948, 'router': -1.6042, 'soft_plan': 3.399, 'sp_diag_mass': 0.0526, 'sp_entropy': 3.1364, 'total': 10.099}
[10:13:55 INFO samclip.train] epoch 36 step 50/129 loss 10.0946 {'img': 5.3829, 'sc_img': 3.0633, 'sc_x': 2.7839, 'cross': 4.5569, 'router': -1.6042, 'soft_plan': 3.7367, 'sp_diag_mass': 0.0461, 'sp_entropy': 3.2115, 'total': 10.3608}
[10:13:58 INFO samclip.train] epoch 36 step 100/129 loss 10.0690 {'img': 5.3274, 'sc_img': 3.0654, 'sc_x': 2.7849, 'cross': 4.5337, 'router': -1.6043, 'soft_plan': 3.5293, 'sp_diag_mass': 0.0505, 'sp_entropy': 3.16, 'total': 10.1855}
[10:14:00 INFO samclip.train] epoch 36 [stage2] | lr 5.00e-05 | coarse 0.000 fine 1.000 | loss 10.0801 | test top1 1.50 top5 6.00 meanrank 49.8 | offset 0.815 spec_top 1.000 | smn_gate 0.000 | layer_w [0.18, 0.182, 0.19, 0.217, 0.232]
[10:14:00 INFO samclip.train] epoch 37 step 0/129 loss 9.9227 {'img': 5.3218, 'sc_img': 3.0664, 'sc_x': 2.7852, 'cross': 4.4736, 'router': -1.6043, 'soft_plan': 3.0991, 'sp_diag_mass': 0.0584, 'sp_entropy': 3.1397, 'total': 9.9227}
[10:14:03 INFO samclip.train] epoch 37 step 50/129 loss 10.1118 {'img': 5.3107, 'sc_img': 3.0683, 'sc_x': 2.786, 'cross': 4.5012, 'router': -1.6043, 'soft_plan': 3.6554, 'sp_diag_mass': 0.0524, 'sp_entropy': 3.088, 'total': 10.2091}
[10:14:06 INFO samclip.train] epoch 37 step 100/129 loss 10.1139 {'img': 5.4173, 'sc_img': 3.0704, 'sc_x': 2.7867, 'cross': 4.531, 'router': -1.6043, 'soft_plan': 3.6665, 'sp_diag_mass': 0.0451, 'sp_entropy': 3.2164, 'total': 10.3421}
[10:14:08 INFO samclip.train] epoch 37 [stage2] | lr 5.00e-05 | coarse 0.000 fine 1.000 | loss 10.1056 | test top1 2.50 top5 6.00 meanrank 48.7 | offset 0.826 spec_top 1.000 | smn_gate 0.000 | layer_w [0.181, 0.182, 0.19, 0.216, 0.231]
[10:14:08 INFO samclip.train] epoch 38 step 0/129 loss 10.1970 {'img': 5.3082, 'sc_img': 3.0714, 'sc_x': 2.787, 'cross': 4.4724, 'router': -1.6044, 'soft_plan': 3.6768, 'sp_diag_mass': 0.0469, 'sp_entropy': 3.189, 'total': 10.197}
[10:14:11 INFO samclip.train] epoch 38 step 50/129 loss 10.1121 {'img': 5.2853, 'sc_img': 3.0733, 'sc_x': 2.7875, 'cross': 4.4628, 'router': -1.6044, 'soft_plan': 3.0863, 'sp_diag_mass': 0.0576, 'sp_entropy': 3.2105, 'total': 9.8722}
[10:14:14 INFO samclip.train] epoch 38 step 100/129 loss 10.1114 {'img': 5.3107, 'sc_img': 3.0754, 'sc_x': 2.7882, 'cross': 4.4876, 'router': -1.6044, 'soft_plan': 3.8401, 'sp_diag_mass': 0.0469, 'sp_entropy': 3.1424, 'total': 10.2919}
[10:14:16 INFO samclip.train] epoch 38 [stage2] | lr 5.00e-05 | coarse 0.000 fine 1.000 | loss 10.0977 | test top1 2.50 top5 7.00 meanrank 48.0 | offset 0.827 spec_top 1.000 | smn_gate 0.000 | layer_w [0.181, 0.182, 0.19, 0.216, 0.231]
[10:14:17 INFO samclip.train] epoch 39 step 0/129 loss 9.9285 {'img': 5.3293, 'sc_img': 3.0766, 'sc_x': 2.789, 'cross': 4.463, 'router': -1.6044, 'soft_plan': 3.1107, 'sp_diag_mass': 0.058, 'sp_entropy': 3.2659, 'total': 9.9285}
[10:14:20 INFO samclip.train] epoch 39 step 50/129 loss 10.1126 {'img': 5.2701, 'sc_img': 3.0786, 'sc_x': 2.7907, 'cross': 4.4645, 'router': -1.6045, 'soft_plan': 3.3538, 'sp_diag_mass': 0.0476, 'sp_entropy': 3.2063, 'total': 9.9919}
[10:14:23 INFO samclip.train] epoch 39 step 100/129 loss 10.0928 {'img': 5.2608, 'sc_img': 3.0807, 'sc_x': 2.7915, 'cross': 4.5643, 'router': -1.6045, 'soft_plan': 3.058, 'sp_diag_mass': 0.059, 'sp_entropy': 3.1562, 'total': 9.9046}
[10:14:25 INFO samclip.train] epoch 39 [stage2] | lr 5.00e-05 | coarse 0.000 fine 1.000 | loss 10.1043 | test top1 2.50 top5 6.50 meanrank 47.4 | offset 0.831 spec_top 1.000 | smn_gate 0.000 | layer_w [0.181, 0.182, 0.19, 0.216, 0.231]
[10:14:25 INFO samclip.train] epoch 40 step 0/129 loss 10.3416 {'img': 5.2696, 'sc_img': 3.0821, 'sc_x': 2.7919, 'cross': 4.4549, 'router': -1.6045, 'soft_plan': 4.0676, 'sp_diag_mass': 0.0438, 'sp_entropy': 3.1315, 'total': 10.3416}
[10:14:28 INFO samclip.train] epoch 40 step 50/129 loss 10.1012 {'img': 5.3279, 'sc_img': 3.0839, 'sc_x': 2.7933, 'cross': 4.5056, 'router': -1.6046, 'soft_plan': 3.4619, 'sp_diag_mass': 0.0508, 'sp_entropy': 3.1969, 'total': 10.1326}
[10:14:31 INFO samclip.train] epoch 40 step 100/129 loss 10.0953 {'img': 5.2931, 'sc_img': 3.0861, 'sc_x': 2.7943, 'cross': 4.4899, 'router': -1.6046, 'soft_plan': 5.2456, 'sp_diag_mass': 0.0276, 'sp_entropy': 3.1194, 'total': 10.9787}
[10:14:33 INFO samclip.train] epoch 40 [stage2] | lr 5.00e-05 | coarse 0.000 fine 1.000 | loss 10.1039 | test top1 2.50 top5 7.00 meanrank 46.2 | offset 0.836 spec_top 1.000 | smn_gate 0.000 | layer_w [0.181, 0.182, 0.19, 0.216, 0.23]
[10:14:33 INFO samclip.train] epoch 41 step 0/129 loss 9.7915 {'img': 5.231, 'sc_img': 3.0871, 'sc_x': 2.7949, 'cross': 4.4039, 'router': -1.6046, 'soft_plan': 3.116, 'sp_diag_mass': 0.0562, 'sp_entropy': 3.197, 'total': 9.7915}
[10:14:37 INFO samclip.train] epoch 41 step 50/129 loss 10.0629 {'img': 5.2305, 'sc_img': 3.089, 'sc_x': 2.7961, 'cross': 4.4715, 'router': -1.6046, 'soft_plan': 3.2086, 'sp_diag_mass': 0.0527, 'sp_entropy': 3.1885, 'total': 9.8846}
[10:14:39 INFO samclip.train] epoch 41 step 100/129 loss 10.0583 {'img': 5.2106, 'sc_img': 3.0911, 'sc_x': 2.7978, 'cross': 4.4056, 'router': -1.6047, 'soft_plan': 3.1645, 'sp_diag_mass': 0.055, 'sp_entropy': 3.1534, 'total': 9.7965}
[10:14:41 INFO samclip.train] epoch 41 [stage2] | lr 5.00e-05 | coarse 0.000 fine 1.000 | loss 10.0610 | test top1 2.50 top5 8.00 meanrank 45.6 | offset 0.833 spec_top 1.000 | smn_gate 0.000 | layer_w [0.181, 0.182, 0.191, 0.216, 0.23]
[10:14:42 INFO samclip.train] epoch 42 step 0/129 loss 10.3478 {'img': 5.3508, 'sc_img': 3.0923, 'sc_x': 2.7987, 'cross': 4.4386, 'router': -1.6047, 'soft_plan': 3.9405, 'sp_diag_mass': 0.0409, 'sp_entropy': 3.2751, 'total': 10.3478}
[10:14:45 INFO samclip.train] epoch 42 step 50/129 loss 10.0008 {'img': 5.3365, 'sc_img': 3.0944, 'sc_x': 2.8002, 'cross': 4.4417, 'router': -1.6047, 'soft_plan': 3.1904, 'sp_diag_mass': 0.0561, 'sp_entropy': 3.2682, 'total': 9.9606}
[10:14:48 INFO samclip.train] epoch 42 step 100/129 loss 10.0424 {'img': 5.2298, 'sc_img': 3.0963, 'sc_x': 2.8018, 'cross': 4.4666, 'router': -1.6047, 'soft_plan': 3.0669, 'sp_diag_mass': 0.0579, 'sp_entropy': 3.1424, 'total': 9.8096}
[10:14:50 INFO samclip.train] epoch 42 [stage2] | lr 5.00e-05 | coarse 0.000 fine 1.000 | loss 10.0458 | test top1 2.50 top5 8.00 meanrank 44.4 | offset 0.827 spec_top 1.000 | smn_gate 0.000 | layer_w [0.181, 0.183, 0.191, 0.216, 0.23]
[10:14:50 INFO samclip.train] epoch 43 step 0/129 loss 9.9353 {'img': 5.2795, 'sc_img': 3.0976, 'sc_x': 2.8028, 'cross': 4.5261, 'router': -1.6048, 'soft_plan': 3.1355, 'sp_diag_mass': 0.0572, 'sp_entropy': 3.2113, 'total': 9.9353}
[10:14:53 INFO samclip.train] epoch 43 step 50/129 loss 9.9753 {'img': 5.2996, 'sc_img': 3.0998, 'sc_x': 2.8048, 'cross': 4.5099, 'router': -1.6048, 'soft_plan': 3.1047, 'sp_diag_mass': 0.0559, 'sp_entropy': 3.1983, 'total': 9.9286}
[10:14:56 INFO samclip.train] epoch 43 step 100/129 loss 10.0012 {'img': 5.1922, 'sc_img': 3.1019, 'sc_x': 2.8063, 'cross': 4.4442, 'router': -1.6048, 'soft_plan': 3.3112, 'sp_diag_mass': 0.0579, 'sp_entropy': 3.1173, 'total': 9.8784}
[10:14:58 INFO samclip.train] epoch 43 [stage2] | lr 5.00e-05 | coarse 0.000 fine 1.000 | loss 10.0213 | test top1 2.50 top5 8.50 meanrank 43.7 | offset 0.828 spec_top 1.000 | smn_gate 0.000 | layer_w [0.181, 0.183, 0.191, 0.216, 0.229]
[10:14:58 INFO samclip.train] epoch 44 step 0/129 loss 9.9017 {'img': 5.2933, 'sc_img': 3.103, 'sc_x': 2.8073, 'cross': 4.4703, 'router': -1.6049, 'soft_plan': 3.1189, 'sp_diag_mass': 0.059, 'sp_entropy': 3.1772, 'total': 9.9017}
[10:15:01 INFO samclip.train] epoch 44 step 50/129 loss 10.0556 {'img': 5.2117, 'sc_img': 3.1049, 'sc_x': 2.8086, 'cross': 4.3844, 'router': -1.6049, 'soft_plan': 3.2399, 'sp_diag_mass': 0.0546, 'sp_entropy': 3.1707, 'total': 9.8205}
[10:15:04 INFO samclip.train] epoch 44 step 100/129 loss 10.0102 {'img': 5.2078, 'sc_img': 3.1069, 'sc_x': 2.8102, 'cross': 4.409, 'router': -1.6049, 'soft_plan': 3.1606, 'sp_diag_mass': 0.0569, 'sp_entropy': 3.2012, 'total': 9.7942}
[10:15:06 INFO samclip.train] epoch 44 [stage2] | lr 5.00e-05 | coarse 0.000 fine 1.000 | loss 10.0013 | test top1 2.50 top5 9.00 meanrank 43.0 | offset 0.822 spec_top 1.000 | smn_gate 0.000 | layer_w [0.181, 0.183, 0.191, 0.216, 0.229]
[10:15:06 INFO samclip.train] epoch 45 step 0/129 loss 10.5593 {'img': 5.2732, 'sc_img': 3.108, 'sc_x': 2.8111, 'cross': 4.4496, 'router': -1.605, 'soft_plan': 4.5032, 'sp_diag_mass': 0.0355, 'sp_entropy': 3.1451, 'total': 10.5593}
[10:15:10 INFO samclip.train] epoch 45 step 50/129 loss 9.9791 {'img': 5.3179, 'sc_img': 3.1101, 'sc_x': 2.813, 'cross': 4.4947, 'router': -1.605, 'soft_plan': 4.3381, 'sp_diag_mass': 0.0409, 'sp_entropy': 3.18, 'total': 10.553}
[10:15:13 INFO samclip.train] epoch 45 step 100/129 loss 10.0129 {'img': 5.3156, 'sc_img': 3.1121, 'sc_x': 2.8142, 'cross': 4.4715, 'router': -1.605, 'soft_plan': 3.2033, 'sp_diag_mass': 0.0542, 'sp_entropy': 3.2114, 'total': 9.9671}
[10:15:15 INFO samclip.train] epoch 45 [stage2] | lr 5.00e-05 | coarse 0.000 fine 1.000 | loss 10.0045 | test top1 2.00 top5 9.00 meanrank 42.4 | offset 0.821 spec_top 1.000 | smn_gate 0.000 | layer_w [0.181, 0.183, 0.191, 0.216, 0.229]
[10:15:15 INFO samclip.train] epoch 46 step 0/129 loss 10.0938 {'img': 5.3865, 'sc_img': 3.1132, 'sc_x': 2.8151, 'cross': 4.5048, 'router': -1.6051, 'soft_plan': 3.2684, 'sp_diag_mass': 0.0548, 'sp_entropy': 3.1982, 'total': 10.0938}
[10:15:18 INFO samclip.train] epoch 46 step 50/129 loss 10.0688 {'img': 5.2674, 'sc_img': 3.1152, 'sc_x': 2.8166, 'cross': 4.4211, 'router': -1.6051, 'soft_plan': 5.4642, 'sp_diag_mass': 0.015, 'sp_entropy': 3.1333, 'total': 11.014}
[10:15:21 INFO samclip.train] epoch 46 step 100/129 loss 10.0291 {'img': 5.2729, 'sc_img': 3.1171, 'sc_x': 2.8181, 'cross': 4.3461, 'router': -1.6051, 'soft_plan': 3.536, 'sp_diag_mass': 0.051, 'sp_entropy': 3.1287, 'total': 10.0029}
[10:15:23 INFO samclip.train] epoch 46 [stage2] | lr 5.00e-05 | coarse 0.000 fine 1.000 | loss 10.0077 | test top1 3.00 top5 9.50 meanrank 41.8 | offset 0.827 spec_top 1.000 | smn_gate 0.000 | layer_w [0.181, 0.183, 0.192, 0.215, 0.228]
[10:15:24 INFO samclip.train] epoch 47 step 0/129 loss 10.2744 {'img': 5.3063, 'sc_img': 3.1183, 'sc_x': 2.8193, 'cross': 4.5188, 'router': -1.6051, 'soft_plan': 3.7704, 'sp_diag_mass': 0.0437, 'sp_entropy': 3.2295, 'total': 10.2744}
[10:15:27 INFO samclip.train] epoch 47 step 50/129 loss 9.9524 {'img': 5.2842, 'sc_img': 3.1204, 'sc_x': 2.8211, 'cross': 4.3822, 'router': -1.6052, 'soft_plan': 3.1631, 'sp_diag_mass': 0.054, 'sp_entropy': 3.2945, 'total': 9.853}
[10:15:30 INFO samclip.train] epoch 47 step 100/129 loss 9.9342 {'img': 5.1735, 'sc_img': 3.1224, 'sc_x': 2.8229, 'cross': 4.375, 'router': -1.6052, 'soft_plan': 3.1838, 'sp_diag_mass': 0.0586, 'sp_entropy': 3.1026, 'total': 9.7476}
[10:15:32 INFO samclip.train] epoch 47 [stage2] | lr 5.00e-05 | coarse 0.000 fine 1.000 | loss 9.9610 | test top1 3.00 top5 8.50 meanrank 41.4 | offset 0.818 spec_top 1.000 | smn_gate 0.000 | layer_w [0.181, 0.183, 0.192, 0.215, 0.228]
[10:15:32 INFO samclip.train] epoch 48 step 0/129 loss 10.0157 {'img': 5.3495, 'sc_img': 3.1235, 'sc_x': 2.8239, 'cross': 4.4714, 'router': -1.6052, 'soft_plan': 3.2329, 'sp_diag_mass': 0.054, 'sp_entropy': 3.2376, 'total': 10.0157}
[10:15:35 INFO samclip.train] epoch 48 step 50/129 loss 9.9585 {'img': 5.1954, 'sc_img': 3.1252, 'sc_x': 2.8255, 'cross': 4.4164, 'router': -1.6052, 'soft_plan': 3.0713, 'sp_diag_mass': 0.0592, 'sp_entropy': 3.1686, 'total': 9.7422}
[10:15:39 INFO samclip.train] epoch 48 step 100/129 loss 9.9496 {'img': 5.2341, 'sc_img': 3.1273, 'sc_x': 2.8275, 'cross': 4.4351, 'router': -1.6053, 'soft_plan': 4.502, 'sp_diag_mass': 0.0343, 'sp_entropy': 3.1307, 'total': 10.5095}
[10:15:40 INFO samclip.train] epoch 48 [stage2] | lr 5.00e-05 | coarse 0.000 fine 1.000 | loss 9.9494 | test top1 3.00 top5 9.00 meanrank 41.0 | offset 0.819 spec_top 1.000 | smn_gate 0.000 | layer_w [0.181, 0.184, 0.192, 0.215, 0.228]
[10:15:41 INFO samclip.train] epoch 49 step 0/129 loss 9.7079 {'img': 5.2055, 'sc_img': 3.1283, 'sc_x': 2.8284, 'cross': 4.3641, 'router': -1.6053, 'soft_plan': 3.0556, 'sp_diag_mass': 0.0615, 'sp_entropy': 3.1281, 'total': 9.7079}
[10:15:44 INFO samclip.train] epoch 49 step 50/129 loss 10.0171 {'img': 5.1761, 'sc_img': 3.1299, 'sc_x': 2.83, 'cross': 4.4527, 'router': -1.6053, 'soft_plan': 3.0988, 'sp_diag_mass': 0.0572, 'sp_entropy': 3.1578, 'total': 9.7621}
[10:15:47 INFO samclip.train] epoch 49 step 100/129 loss 9.9703 {'img': 5.2751, 'sc_img': 3.132, 'sc_x': 2.8312, 'cross': 4.5374, 'router': -1.6054, 'soft_plan': 3.1921, 'sp_diag_mass': 0.0538, 'sp_entropy': 3.2229, 'total': 9.967}
[10:15:49 INFO samclip.train] epoch 49 [stage2] | lr 5.00e-05 | coarse 0.000 fine 1.000 | loss 9.9499 | test top1 3.00 top5 9.00 meanrank 40.6 | offset 0.825 spec_top 1.000 | smn_gate 0.000 | layer_w [0.182, 0.184, 0.192, 0.215, 0.227]
[10:15:49 INFO samclip.train] Stage A done. last-epoch top1 3.00 | best-seen (diagnostic only) 3.00
[stageA] result: {
  "last": {
    "top1": 3.0,
    "top5": 9.0,
    "mean_rank": 40.625,
    "n": 200,
    "offset_ratio": 0.8245334625244141,
    "spec_top_frac": 0.9998416304588318
  },
  "best_seen": 3.0,
  "out_dir": "/project/peilab/why/CLIP/outputs/stage1/v9/sub01_k20_seed2027"
}
