[stageA] config:
{
  "arch": "v4",
  "objective": "v4",
  "d_latent": 64,
  "d_align": 64,
  "d_embed": 64,
  "share_head_hidden": 0,
  "smn": {
    "enabled": true,
    "gate_scale": true,
    "init_gate": 0.0,
    "min_rows": 4
  },
  "n_channels": 63,
  "n_timepoints": 250,
  "n_subjects": 9,
  "d_model": 200,
  "n_heads": 4,
  "n_blocks": 2,
  "dim_ff": 512,
  "dropout": 0.5,
  "head_dropout": 0.1,
  "agg_width": 16,
  "agg_pool": 8,
  "img_head": "linear",
  "eeg_head": "mlp",
  "vicreg_cov_weight": 0.04,
  "target_fusion": "routed",
  "target_subject_dropout": 0.3,
  "router_temperature": 2.0,
  "router_layer_dropout": 0.1,
  "image": {
    "feature_set": "internvit_multilevel",
    "layers": [
      20,
      24,
      28,
      32,
      36
    ],
    "l2norm": true
  },
  "loss_weights": {
    "img": 1.0,
    "cross": 0.7,
    "mmd": 1.0,
    "spec": 0.0,
    "reg": 0.0,
    "dec": 0.0,
    "proto": 0.0,
    "rkd": 0.0,
    "adv": 0.0,
    "router": 0.05
  },
  "spec_r0": 16,
  "spec_mode": "rank",
  "keep_last_epochs": 2,
  "temp_img": 0.07,
  "temp_cross": 0.1,
  "recovery_aware": {
    "enabled": true,
    "block_per_subject": false,
    "csls_k": 20,
    "terms": [
      "img",
      "cross"
    ]
  },
  "temp_proto": 0.07,
  "softplus": true,
  "prototype_level": "concept",
  "mmd_kernel": "linear",
  "schedule": {
    "coarse_to_fine": true,
    "stage1_epochs": 20,
    "mmd_start": 0.9,
    "mmd_end": 0.5,
    "stage2_mmd": 0.0,
    "cross_start": 0.1,
    "cross_end": 0.5,
    "stage2_cross": 1.0,
    "stage2_lr": 5e-05,
    "freeze_encoder_stage2": false
  },
  "epochs": 50,
  "lr": 0.001,
  "weight_decay": 0.0001,
  "grad_clip": 1.0,
  "batch_stimuli": 128,
  "subjects_per_stimulus": 3,
  "images_per_pair": 1,
  "num_workers": 4,
  "eval_batch": 200,
  "log_every": 50,
  "seed": 2025,
  "debug_steps": null,
  "target_subject": 3,
  "source_subjects": [
    1,
    2,
    4,
    5,
    6,
    7,
    8,
    9,
    10
  ],
  "channel_set": "all63",
  "mvnn": "train",
  "calibration": {
    "center": true,
    "whiten": false,
    "csls": true,
    "recovery": false,
    "csls_k": 10,
    "rho": 0.1
  },
  "out_dir": "/project/peilab/why/CLIP/outputs/stage1/v9/sub03_k20_seed2025",
  "soft_plan": {
    "enabled": true,
    "tau": 0.1,
    "iters": 20,
    "csls_k": 20,
    "weight": 0.5,
    "block_per_subject": true,
    "alpha": 0.5,
    "fgw_outer": 10
  }
}
[loso ] sources [1, 2, 4, 5, 6, 7, 8, 9, 10] -> hold out sub-03; 9 subjects x 1654 concepts x 10 images = 148860 rows; test (200, 1, 63, 250)
[10:38:53 INFO samclip.train] Stage A | augmentation OFF (raw epochs)
[10:38:53 INFO samclip.train] Stage A | fold sub-03 held out | 1.13M params | 50 epochs | 129 batches/epoch
[10:38:53 INFO samclip.train] Stage A | schedule coarse-to-fine | stage1 20 epochs coarse 0.9->0.5, fine 0.1->0.5 @ lr 0.001 | stage2 coarse=0, fine=1 @ lr 5e-05
[10:38:53 INFO samclip.train] Stage A | arch=v4 objective=v4 | d_align=64 d_latent=64 | smn=on (gate_scale=True, init_gate=0.000, min_rows=4)
[10:38:53 INFO samclip.train] Stage A | target_fusion=routed (init weights [0.2, 0.2, 0.2, 0.2, 0.2]) | loss weights {'img': 1.0, 'cross': 0.7, 'dec': 0.0, 'mmd': 1.0, 'reg': 0.0, 'proto': 0.0, 'rkd': 0.0, 'adv': 0.0, 'spec': 0.0, 'router': 0.05}
[10:38:53 INFO samclip.train] Stage A | prototype_level=concept
[10:38:54 INFO samclip.train] epoch -1 (init) | test top1 1.00 top5 4.00 meanrank 99.5 | offset 0.982 spec_top 0.834
[10:38:55 INFO samclip.train] epoch 0 step 0/129 loss 3.2996 {'img': 5.9735, 'sc_img': 2.7269, 'sc_x': 2.3979, 'cross': 4.888, 'mmd': 0.5777, 'router': -1.6094, 'soft_plan': 3.8412, 'sp_diag_mass': 0.0228, 'sp_entropy': 3.7157, 'total': 3.2996}
[10:38:58 INFO samclip.train] epoch 0 step 50/129 loss 2.8942 {'img': 6.0061, 'sc_img': 2.6797, 'sc_x': 2.3739, 'cross': 5.1319, 'mmd': 0.0701, 'router': -1.6094, 'soft_plan': 3.8293, 'sp_diag_mass': 0.0232, 'sp_entropy': 3.7141, 'total': 2.8571}
[10:39:01 INFO samclip.train] epoch 0 step 100/129 loss 2.8673 {'img': 5.9856, 'sc_img': 2.638, 'sc_x': 2.3273, 'cross': 5.1035, 'mmd': 0.0666, 'router': -1.6094, 'soft_plan': 3.8112, 'sp_diag_mass': 0.0233, 'sp_entropy': 3.7285, 'total': 2.8409}
[10:39:03 INFO samclip.train] epoch 0 [stage1] | lr 1.00e-03 | coarse 0.900 fine 0.100 | loss 2.8602 | test top1 1.00 top5 5.00 meanrank 85.3 | offset 0.997 spec_top 0.977 | smn_gate 0.124 | layer_w [0.199, 0.197, 0.197, 0.203, 0.204]
[10:39:03 INFO samclip.train] epoch 1 step 0/129 loss 3.0283 {'img': 5.9698, 'sc_img': 2.6157, 'sc_x': 2.3073, 'cross': 5.127, 'mmd': 0.0351, 'router': -1.6093, 'soft_plan': 3.8415, 'sp_diag_mass': 0.0234, 'sp_entropy': 3.6893, 'total': 3.0283}
[10:39:06 INFO samclip.train] epoch 1 step 50/129 loss 3.0181 {'img': 6.0085, 'sc_img': 2.5661, 'sc_x': 2.2983, 'cross': 5.086, 'mmd': 0.043, 'router': -1.6093, 'soft_plan': 3.7975, 'sp_diag_mass': 0.0234, 'sp_entropy': 3.7241, 'total': 3.0144}
[10:39:10 INFO samclip.train] epoch 1 step 100/129 loss 2.9717 {'img': 5.647, 'sc_img': 2.5419, 'sc_x': 2.3411, 'cross': 4.8694, 'mmd': 0.0426, 'router': -1.6092, 'soft_plan': 3.5123, 'sp_diag_mass': 0.0379, 'sp_entropy': 3.3879, 'total': 2.8093}
[10:39:12 INFO samclip.train] epoch 1 [stage1] | lr 1.00e-03 | coarse 0.879 fine 0.121 | loss 2.9525 | test top1 1.00 top5 5.50 meanrank 62.7 | offset 0.962 spec_top 0.995 | smn_gate 0.222 | layer_w [0.198, 0.195, 0.196, 0.204, 0.206]
[10:39:12 INFO samclip.train] epoch 2 step 0/129 loss 2.9441 {'img': 5.6221, 'sc_img': 2.5435, 'sc_x': 2.3721, 'cross': 4.8299, 'mmd': 0.021, 'router': -1.6092, 'soft_plan': 3.4544, 'sp_diag_mass': 0.0427, 'sp_entropy': 3.2466, 'total': 2.9441}
[10:39:15 INFO samclip.train] epoch 2 step 50/129 loss 3.0019 {'img': 5.5275, 'sc_img': 2.5608, 'sc_x': 2.4314, 'cross': 4.7302, 'mmd': 0.0366, 'router': -1.6091, 'soft_plan': 3.3621, 'sp_diag_mass': 0.0461, 'sp_entropy': 3.2516, 'total': 2.888}
[10:39:18 INFO samclip.train] epoch 2 step 100/129 loss 3.0774 {'img': 5.5345, 'sc_img': 2.5851, 'sc_x': 2.4825, 'cross': 4.7165, 'mmd': 0.0959, 'router': -1.609, 'soft_plan': 3.3908, 'sp_diag_mass': 0.045, 'sp_entropy': 3.3037, 'total': 2.9529}
[10:39:20 INFO samclip.train] epoch 2 [stage1] | lr 1.00e-03 | coarse 0.858 fine 0.142 | loss 3.1207 | test top1 1.00 top5 5.00 meanrank 64.2 | offset 0.990 spec_top 0.994 | smn_gate 0.323 | layer_w [0.196, 0.194, 0.195, 0.206, 0.21]
[10:39:20 INFO samclip.train] epoch 3 step 0/129 loss 3.1728 {'img': 5.5995, 'sc_img': 2.5855, 'sc_x': 2.5036, 'cross': 4.7756, 'mmd': 0.1481, 'router': -1.6089, 'soft_plan': 3.3406, 'sp_diag_mass': 0.0452, 'sp_entropy': 3.3911, 'total': 3.1728}
[10:39:23 INFO samclip.train] epoch 3 step 50/129 loss 3.4018 {'img': 5.6351, 'sc_img': 2.5616, 'sc_x': 2.5278, 'cross': 4.7695, 'mmd': 0.077, 'router': -1.6085, 'soft_plan': 3.5021, 'sp_diag_mass': 0.0413, 'sp_entropy': 3.4036, 'total': 3.1993}
[10:39:26 INFO samclip.train] epoch 3 step 100/129 loss 3.4204 {'img': 5.542, 'sc_img': 2.5562, 'sc_x': 2.5634, 'cross': 4.7035, 'mmd': 0.0733, 'router': -1.6078, 'soft_plan': 3.3171, 'sp_diag_mass': 0.0485, 'sp_entropy': 3.2697, 'total': 3.081}
[10:39:28 INFO samclip.train] epoch 3 [stage1] | lr 1.00e-03 | coarse 0.837 fine 0.163 | loss 3.4413 | test top1 1.00 top5 6.00 meanrank 60.2 | offset 0.995 spec_top 0.996 | smn_gate 0.416 | layer_w [0.191, 0.188, 0.19, 0.21, 0.22]
[10:39:28 INFO samclip.train] epoch 4 step 0/129 loss 3.3214 {'img': 5.6136, 'sc_img': 2.5674, 'sc_x': 2.5768, 'cross': 4.817, 'mmd': 0.0441, 'router': -1.6074, 'soft_plan': 3.4212, 'sp_diag_mass': 0.0466, 'sp_entropy': 3.2588, 'total': 3.3214}
[10:39:32 INFO samclip.train] epoch 4 step 50/129 loss 3.6744 {'img': 5.9549, 'sc_img': 2.5709, 'sc_x': 2.5899, 'cross': 4.874, 'mmd': 0.1144, 'router': -1.6068, 'soft_plan': 3.4493, 'sp_diag_mass': 0.0406, 'sp_entropy': 3.5067, 'total': 3.4631}
[10:39:35 INFO samclip.train] epoch 4 step 100/129 loss 3.5761 {'img': 5.4846, 'sc_img': 2.567, 'sc_x': 2.5958, 'cross': 4.6895, 'mmd': 0.0847, 'router': -1.6064, 'soft_plan': 3.2752, 'sp_diag_mass': 0.0475, 'sp_entropy': 3.3014, 'total': 3.2414}
[10:39:37 INFO samclip.train] epoch 4 [stage1] | lr 1.00e-03 | coarse 0.816 fine 0.184 | loss 3.5463 | test top1 1.00 top5 5.00 meanrank 63.3 | offset 0.946 spec_top 0.998 | smn_gate 0.503 | layer_w [0.188, 0.185, 0.188, 0.213, 0.226]
[10:39:37 INFO samclip.train] epoch 5 step 0/129 loss 3.3282 {'img': 5.4114, 'sc_img': 2.5794, 'sc_x': 2.6015, 'cross': 4.7126, 'mmd': 0.064, 'router': -1.6061, 'soft_plan': 3.1394, 'sp_diag_mass': 0.0572, 'sp_entropy': 3.1452, 'total': 3.3282}
[10:39:40 INFO samclip.train] epoch 5 step 50/129 loss 3.7906 {'img': 5.6555, 'sc_img': 2.5983, 'sc_x': 2.6054, 'cross': 4.7635, 'mmd': 0.0725, 'router': -1.6053, 'soft_plan': 3.383, 'sp_diag_mass': 0.0452, 'sp_entropy': 3.383, 'total': 3.5141}
[10:39:43 INFO samclip.train] epoch 5 step 100/129 loss 3.8183 {'img': 5.5536, 'sc_img': 2.6192, 'sc_x': 2.6236, 'cross': 4.8189, 'mmd': 0.087, 'router': -1.6049, 'soft_plan': 3.3372, 'sp_diag_mass': 0.0481, 'sp_entropy': 3.251, 'total': 3.4899}
[10:39:45 INFO samclip.train] epoch 5 [stage1] | lr 1.00e-03 | coarse 0.795 fine 0.205 | loss 3.7826 | test top1 1.50 top5 5.50 meanrank 61.8 | offset 0.932 spec_top 0.998 | smn_gate 0.566 | layer_w [0.185, 0.183, 0.186, 0.216, 0.231]
[10:39:46 INFO samclip.train] epoch 6 step 0/129 loss 4.5724 {'img': 5.5212, 'sc_img': 2.6399, 'sc_x': 2.6406, 'cross': 4.6148, 'mmd': 0.0675, 'router': -1.6047, 'soft_plan': 5.2397, 'sp_diag_mass': 0.023, 'sp_entropy': 3.2204, 'total': 4.5724}
[10:39:49 INFO samclip.train] epoch 6 step 50/129 loss 3.8847 {'img': 5.5028, 'sc_img': 2.6626, 'sc_x': 2.6668, 'cross': 4.6038, 'mmd': 0.0516, 'router': -1.6045, 'soft_plan': 6.3665, 'sp_diag_mass': 0.0131, 'sp_entropy': 3.1531, 'total': 5.1177}
[10:39:52 INFO samclip.train] epoch 6 step 100/129 loss 3.9107 {'img': 5.4161, 'sc_img': 2.6841, 'sc_x': 2.6679, 'cross': 4.6854, 'mmd': 0.0579, 'router': -1.604, 'soft_plan': 3.1454, 'sp_diag_mass': 0.0569, 'sp_entropy': 3.1628, 'total': 3.5053}
[10:39:54 INFO samclip.train] epoch 6 [stage1] | lr 1.00e-03 | coarse 0.774 fine 0.226 | loss 3.8768 | test top1 1.00 top5 5.50 meanrank 59.2 | offset 0.971 spec_top 0.998 | smn_gate 0.625 | layer_w [0.183, 0.181, 0.185, 0.216, 0.234]
[10:39:54 INFO samclip.train] epoch 7 step 0/129 loss 3.7085 {'img': 5.455, 'sc_img': 2.7109, 'sc_x': 2.6731, 'cross': 4.6448, 'mmd': 0.0594, 'router': -1.6039, 'soft_plan': 3.1805, 'sp_diag_mass': 0.0551, 'sp_entropy': 3.2073, 'total': 3.7085}
[10:39:58 INFO samclip.train] epoch 7 step 50/129 loss 3.9923 {'img': 5.5175, 'sc_img': 2.7674, 'sc_x': 2.6919, 'cross': 4.6556, 'mmd': 0.1137, 'router': -1.6039, 'soft_plan': 3.275, 'sp_diag_mass': 0.0499, 'sp_entropy': 3.4059, 'total': 3.8138}
[10:40:01 INFO samclip.train] epoch 7 step 100/129 loss 4.0317 {'img': 5.3741, 'sc_img': 2.8018, 'sc_x': 2.6862, 'cross': 4.6326, 'mmd': 0.0421, 'router': -1.6032, 'soft_plan': 5.3072, 'sp_diag_mass': 0.0267, 'sp_entropy': 3.1251, 'total': 4.7367}
[10:40:03 INFO samclip.train] epoch 7 [stage1] | lr 1.00e-03 | coarse 0.753 fine 0.247 | loss 4.0935 | test top1 1.00 top5 5.50 meanrank 54.8 | offset 0.893 spec_top 0.999 | smn_gate 0.661 | layer_w [0.182, 0.179, 0.184, 0.218, 0.238]
[10:40:03 INFO samclip.train] epoch 8 step 0/129 loss 4.0454 {'img': 5.5357, 'sc_img': 2.8086, 'sc_x': 2.6791, 'cross': 4.7226, 'mmd': 0.1351, 'router': -1.6026, 'soft_plan': 3.307, 'sp_diag_mass': 0.0482, 'sp_entropy': 3.4148, 'total': 4.0454}
[10:40:07 INFO samclip.train] epoch 8 step 50/129 loss 4.4085 {'img': 5.4429, 'sc_img': 2.8659, 'sc_x': 2.6829, 'cross': 4.6892, 'mmd': 0.1031, 'router': -1.6017, 'soft_plan': 3.4066, 'sp_diag_mass': 0.0522, 'sp_entropy': 3.189, 'total': 4.0407}
[10:40:10 INFO samclip.train] epoch 8 step 100/129 loss 4.2854 {'img': 5.3619, 'sc_img': 2.9198, 'sc_x': 2.6931, 'cross': 4.6183, 'mmd': 0.1038, 'router': -1.6009, 'soft_plan': 3.1311, 'sp_diag_mass': 0.0561, 'sp_entropy': 3.2582, 'total': 3.8684}
[10:40:12 INFO samclip.train] epoch 8 [stage1] | lr 1.00e-03 | coarse 0.732 fine 0.268 | loss 4.2810 | test top1 2.50 top5 8.00 meanrank 51.8 | offset 0.899 spec_top 0.999 | smn_gate 0.704 | layer_w [0.178, 0.176, 0.182, 0.22, 0.243]
[10:40:12 INFO samclip.train] epoch 9 step 0/129 loss 4.3716 {'img': 5.4478, 'sc_img': 2.9496, 'sc_x': 2.6968, 'cross': 4.6827, 'mmd': 0.1131, 'router': -1.6007, 'soft_plan': 3.6908, 'sp_diag_mass': 0.047, 'sp_entropy': 3.2486, 'total': 4.3716}
[10:40:16 INFO samclip.train] epoch 9 step 50/129 loss 4.2331 {'img': 5.3412, 'sc_img': 3.0144, 'sc_x': 2.7106, 'cross': 4.581, 'mmd': 0.0497, 'router': -1.6007, 'soft_plan': 3.4638, 'sp_diag_mass': 0.055, 'sp_entropy': 3.0995, 'total': 4.1616}
[10:40:19 INFO samclip.train] epoch 9 step 100/129 loss 4.2860 {'img': 5.2791, 'sc_img': 3.0649, 'sc_x': 2.7367, 'cross': 4.5292, 'mmd': 0.0561, 'router': -1.6008, 'soft_plan': 3.623, 'sp_diag_mass': 0.0463, 'sp_entropy': 3.1646, 'total': 4.2172}
[10:40:21 INFO samclip.train] epoch 9 [stage1] | lr 1.00e-03 | coarse 0.711 fine 0.289 | loss 4.3263 | test top1 3.50 top5 11.00 meanrank 44.9 | offset 0.885 spec_top 0.999 | smn_gate 0.725 | layer_w [0.178, 0.177, 0.183, 0.219, 0.242]
[10:40:21 INFO samclip.train] epoch 10 step 0/129 loss 4.3742 {'img': 5.5356, 'sc_img': 3.0828, 'sc_x': 2.7519, 'cross': 4.6389, 'mmd': 0.097, 'router': -1.6011, 'soft_plan': 3.3201, 'sp_diag_mass': 0.0457, 'sp_entropy': 3.4372, 'total': 4.3742}
[10:40:24 INFO samclip.train] epoch 10 step 50/129 loss 4.3950 {'img': 5.3474, 'sc_img': 3.1279, 'sc_x': 2.7527, 'cross': 4.5996, 'mmd': 0.0958, 'router': -1.6002, 'soft_plan': 3.3892, 'sp_diag_mass': 0.0498, 'sp_entropy': 3.2744, 'total': 4.341}
[10:40:27 INFO samclip.train] epoch 10 step 100/129 loss 4.4784 {'img': 5.4184, 'sc_img': 3.1473, 'sc_x': 2.7455, 'cross': 4.6359, 'mmd': 0.0648, 'router': -1.5997, 'soft_plan': 3.3969, 'sp_diag_mass': 0.0495, 'sp_entropy': 3.2656, 'total': 4.3534}
[10:40:29 INFO samclip.train] epoch 10 [stage1] | lr 1.00e-03 | coarse 0.689 fine 0.311 | loss 4.5314 | test top1 4.00 top5 8.50 meanrank 43.5 | offset 0.942 spec_top 0.999 | smn_gate 0.766 | layer_w [0.176, 0.175, 0.182, 0.221, 0.246]
[10:40:29 INFO samclip.train] epoch 11 step 0/129 loss 4.4461 {'img': 5.356, 'sc_img': 3.1502, 'sc_x': 2.7457, 'cross': 4.6006, 'mmd': 0.1232, 'router': -1.5992, 'soft_plan': 3.1999, 'sp_diag_mass': 0.0542, 'sp_entropy': 3.2933, 'total': 4.4461}
[10:40:32 INFO samclip.train] epoch 11 step 50/129 loss 4.5406 {'img': 5.2157, 'sc_img': 3.1991, 'sc_x': 2.7718, 'cross': 4.5589, 'mmd': 0.044, 'router': -1.599, 'soft_plan': 3.0492, 'sp_diag_mass': 0.0607, 'sp_entropy': 3.1115, 'total': 4.2616}
[10:40:36 INFO samclip.train] epoch 11 step 100/129 loss 4.5462 {'img': 5.2146, 'sc_img': 3.2299, 'sc_x': 2.7875, 'cross': 4.5603, 'mmd': 0.0425, 'router': -1.5987, 'soft_plan': 3.0484, 'sp_diag_mass': 0.0603, 'sp_entropy': 3.1341, 'total': 4.2602}
[10:40:38 INFO samclip.train] epoch 11 [stage1] | lr 1.00e-03 | coarse 0.668 fine 0.332 | loss 4.5600 | test top1 3.50 top5 12.00 meanrank 42.4 | offset 0.862 spec_top 0.998 | smn_gate 0.805 | layer_w [0.175, 0.174, 0.181, 0.222, 0.248]
[10:40:38 INFO samclip.train] epoch 12 step 0/129 loss 5.5519 {'img': 5.13, 'sc_img': 3.2459, 'sc_x': 2.8045, 'cross': 4.4917, 'mmd': 0.0461, 'router': -1.5986, 'soft_plan': 5.3686, 'sp_diag_mass': 0.0288, 'sp_entropy': 3.0816, 'total': 5.5519}
[10:40:41 INFO samclip.train] epoch 12 step 50/129 loss 4.8289 {'img': 5.0911, 'sc_img': 3.2719, 'sc_x': 2.8201, 'cross': 4.3745, 'mmd': 0.0573, 'router': -1.5978, 'soft_plan': 3.2987, 'sp_diag_mass': 0.0564, 'sp_entropy': 3.1344, 'total': 4.4817}
[10:40:44 INFO samclip.train] epoch 12 step 100/129 loss 4.8370 {'img': 5.3302, 'sc_img': 3.3038, 'sc_x': 2.8418, 'cross': 4.4525, 'mmd': 0.0657, 'router': -1.5974, 'soft_plan': 5.5164, 'sp_diag_mass': 0.0194, 'sp_entropy': 3.2103, 'total': 5.6995}
[10:40:46 INFO samclip.train] epoch 12 [stage1] | lr 1.00e-03 | coarse 0.647 fine 0.353 | loss 4.8129 | test top1 3.00 top5 13.00 meanrank 43.8 | offset 0.852 spec_top 0.999 | smn_gate 0.841 | layer_w [0.172, 0.172, 0.18, 0.224, 0.251]
[10:40:47 INFO samclip.train] epoch 13 step 0/129 loss 5.2908 {'img': 5.137, 'sc_img': 3.305, 'sc_x': 2.8528, 'cross': 4.4146, 'mmd': 0.0452, 'router': -1.5969, 'soft_plan': 4.5358, 'sp_diag_mass': 0.0407, 'sp_entropy': 3.036, 'total': 5.2908}
[10:40:50 INFO samclip.train] epoch 13 step 50/129 loss 5.0421 {'img': 5.2432, 'sc_img': 3.3235, 'sc_x': 2.8581, 'cross': 4.5346, 'mmd': 0.0383, 'router': -1.5963, 'soft_plan': 4.7465, 'sp_diag_mass': 0.0365, 'sp_entropy': 3.0929, 'total': 5.4629}
[10:40:53 INFO samclip.train] epoch 13 step 100/129 loss 4.9782 {'img': 5.2271, 'sc_img': 3.3561, 'sc_x': 2.8664, 'cross': 4.4574, 'mmd': 0.0473, 'router': -1.5959, 'soft_plan': 3.1798, 'sp_diag_mass': 0.0556, 'sp_entropy': 3.2333, 'total': 4.659}
[10:40:55 INFO samclip.train] epoch 13 [stage1] | lr 1.00e-03 | coarse 0.626 fine 0.374 | loss 4.9769 | test top1 3.00 top5 11.00 meanrank 38.4 | offset 0.776 spec_top 0.999 | smn_gate 0.895 | layer_w [0.171, 0.17, 0.18, 0.225, 0.254]
[10:40:56 INFO samclip.train] epoch 14 step 0/129 loss 5.1051 {'img': 5.4397, 'sc_img': 3.3784, 'sc_x': 2.8882, 'cross': 4.4957, 'mmd': 0.1023, 'router': -1.5957, 'soft_plan': 3.467, 'sp_diag_mass': 0.0444, 'sp_entropy': 3.4118, 'total': 5.1051}
[10:40:59 INFO samclip.train] epoch 14 step 50/129 loss 4.9926 {'img': 5.1077, 'sc_img': 3.4156, 'sc_x': 2.907, 'cross': 4.3678, 'mmd': 0.0316, 'router': -1.5953, 'soft_plan': 3.3418, 'sp_diag_mass': 0.0556, 'sp_entropy': 3.0823, 'total': 4.8333}
[10:41:02 INFO samclip.train] epoch 14 step 100/129 loss 5.0301 {'img': 5.1448, 'sc_img': 3.4519, 'sc_x': 2.9356, 'cross': 4.3615, 'mmd': 0.0494, 'router': -1.5954, 'soft_plan': 3.875, 'sp_diag_mass': 0.047, 'sp_entropy': 3.1332, 'total': 5.1236}
[10:41:04 INFO samclip.train] epoch 14 [stage1] | lr 1.00e-03 | coarse 0.605 fine 0.395 | loss 5.0344 | test top1 2.50 top5 13.00 meanrank 38.1 | offset 0.813 spec_top 0.999 | smn_gate 0.915 | layer_w [0.17, 0.17, 0.18, 0.226, 0.254]
[10:41:05 INFO samclip.train] epoch 15 step 0/129 loss 4.8872 {'img': 5.1289, 'sc_img': 3.4651, 'sc_x': 2.9415, 'cross': 4.3783, 'mmd': 0.048, 'router': -1.5954, 'soft_plan': 3.0641, 'sp_diag_mass': 0.0609, 'sp_entropy': 3.1522, 'total': 4.8872}
[10:41:08 INFO samclip.train] epoch 15 step 50/129 loss 5.1934 {'img': 5.0968, 'sc_img': 3.4973, 'sc_x': 2.9591, 'cross': 4.4557, 'mmd': 0.0426, 'router': -1.595, 'soft_plan': 3.1661, 'sp_diag_mass': 0.0575, 'sp_entropy': 3.1967, 'total': 4.9443}
[10:41:11 INFO samclip.train] epoch 15 step 100/129 loss 5.1713 {'img': 5.0246, 'sc_img': 3.5331, 'sc_x': 2.948, 'cross': 4.4134, 'mmd': 0.0345, 'router': -1.5946, 'soft_plan': 3.2765, 'sp_diag_mass': 0.0541, 'sp_entropy': 3.1303, 'total': 4.9524}
[10:41:13 INFO samclip.train] epoch 15 [stage1] | lr 1.00e-03 | coarse 0.584 fine 0.416 | loss 5.1598 | test top1 4.50 top5 17.00 meanrank 34.1 | offset 0.767 spec_top 0.998 | smn_gate 0.944 | layer_w [0.169, 0.169, 0.179, 0.226, 0.256]
[10:41:13 INFO samclip.train] epoch 16 step 0/129 loss 4.9578 {'img': 4.9254, 'sc_img': 3.5452, 'sc_x': 2.9507, 'cross': 4.3271, 'mmd': 0.0402, 'router': -1.5946, 'soft_plan': 3.0802, 'sp_diag_mass': 0.0603, 'sp_entropy': 3.1577, 'total': 4.9578}
[10:41:16 INFO samclip.train] epoch 16 step 50/129 loss 5.3480 {'img': 5.3246, 'sc_img': 3.5744, 'sc_x': 2.9676, 'cross': 4.4474, 'mmd': 0.102, 'router': -1.5942, 'soft_plan': 3.5067, 'sp_diag_mass': 0.0392, 'sp_entropy': 3.4334, 'total': 5.4171}
[10:41:19 INFO samclip.train] epoch 16 step 100/129 loss 5.3255 {'img': 5.0876, 'sc_img': 3.5963, 'sc_x': 2.9632, 'cross': 4.333, 'mmd': 0.0524, 'router': -1.5936, 'soft_plan': 3.1087, 'sp_diag_mass': 0.0569, 'sp_entropy': 3.2459, 'total': 5.0517}
[10:41:21 INFO samclip.train] epoch 16 [stage1] | lr 1.00e-03 | coarse 0.563 fine 0.437 | loss 5.3271 | test top1 3.00 top5 13.50 meanrank 36.8 | offset 0.823 spec_top 0.998 | smn_gate 0.947 | layer_w [0.168, 0.168, 0.179, 0.227, 0.258]
[10:41:22 INFO samclip.train] epoch 17 step 0/129 loss 5.4021 {'img': 5.1635, 'sc_img': 3.6183, 'sc_x': 2.9613, 'cross': 4.5353, 'mmd': 0.0563, 'router': -1.5935, 'soft_plan': 3.2665, 'sp_diag_mass': 0.0536, 'sp_entropy': 3.3217, 'total': 5.4021}
[10:41:25 INFO samclip.train] epoch 17 step 50/129 loss 5.4253 {'img': 5.1583, 'sc_img': 3.6473, 'sc_x': 2.9752, 'cross': 4.43, 'mmd': 0.0427, 'router': -1.593, 'soft_plan': 3.7594, 'sp_diag_mass': 0.0487, 'sp_entropy': 3.1232, 'total': 5.6051}
[10:41:28 INFO samclip.train] epoch 17 step 100/129 loss 5.4481 {'img': 5.0506, 'sc_img': 3.6822, 'sc_x': 2.9895, 'cross': 4.3462, 'mmd': 0.0434, 'router': -1.5929, 'soft_plan': 3.1135, 'sp_diag_mass': 0.0582, 'sp_entropy': 3.1586, 'total': 5.2063}
[10:41:30 INFO samclip.train] epoch 17 [stage1] | lr 1.00e-03 | coarse 0.542 fine 0.458 | loss 5.4299 | test top1 5.00 top5 21.00 meanrank 33.0 | offset 0.862 spec_top 0.998 | smn_gate 0.983 | layer_w [0.167, 0.168, 0.179, 0.228, 0.259]
[10:41:30 INFO samclip.train] epoch 18 step 0/129 loss 5.3054 {'img': 4.9617, 'sc_img': 3.6989, 'sc_x': 2.9968, 'cross': 4.3389, 'mmd': 0.0399, 'router': -1.593, 'soft_plan': 3.0664, 'sp_diag_mass': 0.06, 'sp_entropy': 3.1632, 'total': 5.3054}
[10:41:34 INFO samclip.train] epoch 18 step 50/129 loss 5.5844 {'img': 5.0481, 'sc_img': 3.7314, 'sc_x': 3.0154, 'cross': 4.4003, 'mmd': 0.0419, 'router': -1.5926, 'soft_plan': 3.0977, 'sp_diag_mass': 0.058, 'sp_entropy': 3.1665, 'total': 5.3841}
[10:41:37 INFO samclip.train] epoch 18 step 100/129 loss 5.6045 {'img': 4.8789, 'sc_img': 3.7594, 'sc_x': 3.0198, 'cross': 4.298, 'mmd': 0.041, 'router': -1.592, 'soft_plan': 3.0779, 'sp_diag_mass': 0.0594, 'sp_entropy': 3.1328, 'total': 5.2584}
[10:41:39 INFO samclip.train] epoch 18 [stage1] | lr 1.00e-03 | coarse 0.521 fine 0.479 | loss 5.5904 | test top1 6.00 top5 23.00 meanrank 31.8 | offset 0.863 spec_top 0.998 | smn_gate 0.990 | layer_w [0.166, 0.167, 0.179, 0.229, 0.26]
[10:41:39 INFO samclip.train] epoch 19 step 0/129 loss 6.1140 {'img': 4.8435, 'sc_img': 3.7878, 'sc_x': 3.0358, 'cross': 4.2847, 'mmd': 0.0272, 'router': -1.5921, 'soft_plan': 4.5172, 'sp_diag_mass': 0.0336, 'sp_entropy': 3.1275, 'total': 6.114}
[10:41:42 INFO samclip.train] epoch 19 step 50/129 loss 5.7400 {'img': 4.9137, 'sc_img': 3.8175, 'sc_x': 3.0383, 'cross': 4.3657, 'mmd': 0.0378, 'router': -1.5916, 'soft_plan': 4.4591, 'sp_diag_mass': 0.0338, 'sp_entropy': 3.2035, 'total': 6.1537}
[10:41:45 INFO samclip.train] epoch 19 step 100/129 loss 5.7265 {'img': 5.0371, 'sc_img': 3.8547, 'sc_x': 3.0488, 'cross': 4.3617, 'mmd': 0.0642, 'router': -1.5917, 'soft_plan': 3.3239, 'sp_diag_mass': 0.0495, 'sp_entropy': 3.3279, 'total': 5.6596}
[10:41:47 INFO samclip.train] epoch 19 [stage1] | lr 1.00e-03 | coarse 0.500 fine 0.500 | loss 5.7552 | test top1 4.50 top5 20.00 meanrank 30.2 | offset 0.838 spec_top 0.999 | smn_gate 1.000 | layer_w [0.165, 0.166, 0.178, 0.23, 0.261]
[10:41:48 INFO samclip.train] epoch 20 step 0/129 loss 9.3803 {'img': 4.8749, 'sc_img': 3.8707, 'sc_x': 3.0508, 'cross': 4.3148, 'router': -1.5911, 'soft_plan': 3.1292, 'sp_diag_mass': 0.0576, 'sp_entropy': 3.1689, 'total': 9.3803}
[10:41:51 INFO samclip.train] epoch 20 step 50/129 loss 9.6090 {'img': 4.8255, 'sc_img': 3.8742, 'sc_x': 3.0525, 'cross': 4.2701, 'router': -1.5911, 'soft_plan': 3.011, 'sp_diag_mass': 0.0626, 'sp_entropy': 3.21, 'total': 9.2405}
[10:41:54 INFO samclip.train] epoch 20 step 100/129 loss 9.5071 {'img': 4.7497, 'sc_img': 3.8794, 'sc_x': 3.0556, 'cross': 4.2277, 'router': -1.5911, 'soft_plan': 2.9502, 'sp_diag_mass': 0.0626, 'sp_entropy': 3.1586, 'total': 9.1047}
[10:41:56 INFO samclip.train] epoch 20 [stage2] | lr 5.00e-05 | coarse 0.000 fine 1.000 | loss 9.4928 | test top1 3.00 top5 22.00 meanrank 28.3 | offset 0.884 spec_top 0.999 | smn_gate 1.000 | layer_w [0.165, 0.166, 0.178, 0.23, 0.261]
[10:41:56 INFO samclip.train] epoch 21 step 0/129 loss 9.0995 {'img': 4.7524, 'sc_img': 3.8817, 'sc_x': 3.0563, 'cross': 4.1829, 'router': -1.5911, 'soft_plan': 2.9972, 'sp_diag_mass': 0.0631, 'sp_entropy': 3.1897, 'total': 9.0995}
[10:41:59 INFO samclip.train] epoch 21 step 50/129 loss 9.3579 {'img': 4.9507, 'sc_img': 3.886, 'sc_x': 3.0588, 'cross': 4.3011, 'router': -1.5911, 'soft_plan': 3.4312, 'sp_diag_mass': 0.0502, 'sp_entropy': 3.2093, 'total': 9.5975}
[10:42:02 INFO samclip.train] epoch 21 step 100/129 loss 9.3501 {'img': 4.825, 'sc_img': 3.8899, 'sc_x': 3.0622, 'cross': 4.2846, 'router': -1.5911, 'soft_plan': 3.0796, 'sp_diag_mass': 0.0607, 'sp_entropy': 3.256, 'total': 9.2845}
[10:42:04 INFO samclip.train] epoch 21 [stage2] | lr 5.00e-05 | coarse 0.000 fine 1.000 | loss 9.3577 | test top1 2.50 top5 22.00 meanrank 27.9 | offset 0.877 spec_top 0.998 | smn_gate 1.000 | layer_w [0.165, 0.166, 0.178, 0.23, 0.261]
[10:42:04 INFO samclip.train] epoch 22 step 0/129 loss 9.3002 {'img': 4.7476, 'sc_img': 3.8917, 'sc_x': 3.0636, 'cross': 4.2661, 'router': -1.5911, 'soft_plan': 3.2919, 'sp_diag_mass': 0.056, 'sp_entropy': 3.1493, 'total': 9.3002}
[10:42:07 INFO samclip.train] epoch 22 step 50/129 loss 9.4066 {'img': 4.7705, 'sc_img': 3.8944, 'sc_x': 3.0652, 'cross': 4.2327, 'router': -1.5911, 'soft_plan': 3.0158, 'sp_diag_mass': 0.0638, 'sp_entropy': 3.1461, 'total': 9.1617}
[10:42:10 INFO samclip.train] epoch 22 step 100/129 loss 9.3473 {'img': 4.7493, 'sc_img': 3.8974, 'sc_x': 3.0671, 'cross': 4.2149, 'router': -1.5911, 'soft_plan': 3.0005, 'sp_diag_mass': 0.0618, 'sp_entropy': 3.2356, 'total': 9.1205}
[10:42:11 INFO samclip.train] epoch 22 [stage2] | lr 5.00e-05 | coarse 0.000 fine 1.000 | loss 9.3574 | test top1 2.50 top5 22.50 meanrank 27.7 | offset 0.867 spec_top 0.998 | smn_gate 1.000 | layer_w [0.165, 0.166, 0.178, 0.23, 0.261]
[10:42:12 INFO samclip.train] epoch 23 step 0/129 loss 9.3335 {'img': 4.8766, 'sc_img': 3.8992, 'sc_x': 3.0681, 'cross': 4.2441, 'router': -1.5911, 'soft_plan': 3.1312, 'sp_diag_mass': 0.0577, 'sp_entropy': 3.1807, 'total': 9.3335}
[10:42:15 INFO samclip.train] epoch 23 step 50/129 loss 9.3624 {'img': 4.9115, 'sc_img': 3.9018, 'sc_x': 3.0703, 'cross': 4.2379, 'router': -1.5911, 'soft_plan': 3.0065, 'sp_diag_mass': 0.0638, 'sp_entropy': 3.1686, 'total': 9.3017}
[10:42:18 INFO samclip.train] epoch 23 step 100/129 loss 9.3694 {'img': 4.7847, 'sc_img': 3.9045, 'sc_x': 3.0723, 'cross': 4.2357, 'router': -1.5911, 'soft_plan': 2.9707, 'sp_diag_mass': 0.0644, 'sp_entropy': 3.1469, 'total': 9.1554}
[10:42:20 INFO samclip.train] epoch 23 [stage2] | lr 5.00e-05 | coarse 0.000 fine 1.000 | loss 9.3649 | test top1 3.00 top5 24.00 meanrank 27.5 | offset 0.868 spec_top 0.998 | smn_gate 1.000 | layer_w [0.165, 0.166, 0.178, 0.23, 0.261]
[10:42:20 INFO samclip.train] epoch 24 step 0/129 loss 9.6461 {'img': 4.8192, 'sc_img': 3.9062, 'sc_x': 3.0736, 'cross': 4.2273, 'router': -1.5911, 'soft_plan': 3.8947, 'sp_diag_mass': 0.0454, 'sp_entropy': 3.1608, 'total': 9.6461}
[10:42:23 INFO samclip.train] epoch 24 step 50/129 loss 9.3922 {'img': 4.6863, 'sc_img': 3.9084, 'sc_x': 3.0751, 'cross': 4.2333, 'router': -1.5912, 'soft_plan': 3.0266, 'sp_diag_mass': 0.0616, 'sp_entropy': 3.1789, 'total': 9.0834}
[10:42:26 INFO samclip.train] epoch 24 step 100/129 loss 9.3468 {'img': 4.7661, 'sc_img': 3.9115, 'sc_x': 3.0775, 'cross': 4.2039, 'router': -1.5912, 'soft_plan': 3.0482, 'sp_diag_mass': 0.0581, 'sp_entropy': 3.2067, 'total': 9.1534}
[10:42:28 INFO samclip.train] epoch 24 [stage2] | lr 5.00e-05 | coarse 0.000 fine 1.000 | loss 9.3363 | test top1 3.00 top5 23.50 meanrank 27.4 | offset 0.861 spec_top 0.998 | smn_gate 1.000 | layer_w [0.165, 0.166, 0.178, 0.23, 0.261]
[10:42:28 INFO samclip.train] epoch 25 step 0/129 loss 9.5400 {'img': 4.781, 'sc_img': 3.9128, 'sc_x': 3.0785, 'cross': 4.2445, 'router': -1.5912, 'soft_plan': 3.7346, 'sp_diag_mass': 0.0476, 'sp_entropy': 3.1693, 'total': 9.54}
[10:42:31 INFO samclip.train] epoch 25 step 50/129 loss 9.3518 {'img': 4.7293, 'sc_img': 3.9151, 'sc_x': 3.0805, 'cross': 4.19, 'router': -1.5912, 'soft_plan': 2.9391, 'sp_diag_mass': 0.0646, 'sp_entropy': 3.1239, 'total': 9.0523}
[10:42:34 INFO samclip.train] epoch 25 step 100/129 loss 9.3345 {'img': 4.7665, 'sc_img': 3.9174, 'sc_x': 3.0823, 'cross': 4.1804, 'router': -1.5912, 'soft_plan': 3.6067, 'sp_diag_mass': 0.0509, 'sp_entropy': 3.1529, 'total': 9.4165}
[10:42:36 INFO samclip.train] epoch 25 [stage2] | lr 5.00e-05 | coarse 0.000 fine 1.000 | loss 9.3472 | test top1 4.00 top5 25.00 meanrank 27.4 | offset 0.866 spec_top 0.998 | smn_gate 1.000 | layer_w [0.165, 0.166, 0.178, 0.231, 0.261]
[10:42:36 INFO samclip.train] epoch 26 step 0/129 loss 9.4060 {'img': 4.8547, 'sc_img': 3.9184, 'sc_x': 3.0825, 'cross': 4.2493, 'router': -1.5912, 'soft_plan': 3.3127, 'sp_diag_mass': 0.0536, 'sp_entropy': 3.2379, 'total': 9.406}
[10:42:39 INFO samclip.train] epoch 26 step 50/129 loss 9.2443 {'img': 4.6901, 'sc_img': 3.921, 'sc_x': 3.0841, 'cross': 4.0785, 'router': -1.5912, 'soft_plan': 3.0554, 'sp_diag_mass': 0.0635, 'sp_entropy': 3.1696, 'total': 8.9932}
[10:42:42 INFO samclip.train] epoch 26 step 100/129 loss 9.2601 {'img': 4.672, 'sc_img': 3.9235, 'sc_x': 3.0859, 'cross': 4.1172, 'router': -1.5912, 'soft_plan': 3.0596, 'sp_diag_mass': 0.0608, 'sp_entropy': 3.139, 'total': 9.0042}
[10:42:44 INFO samclip.train] epoch 26 [stage2] | lr 5.00e-05 | coarse 0.000 fine 1.000 | loss 9.2838 | test top1 3.50 top5 26.00 meanrank 27.2 | offset 0.858 spec_top 0.998 | smn_gate 1.000 | layer_w [0.165, 0.166, 0.178, 0.231, 0.26]
[10:42:44 INFO samclip.train] epoch 27 step 0/129 loss 10.1326 {'img': 4.8327, 'sc_img': 3.9247, 'sc_x': 3.0865, 'cross': 4.2751, 'router': -1.5913, 'soft_plan': 4.7739, 'sp_diag_mass': 0.0323, 'sp_entropy': 3.1577, 'total': 10.1326}
[10:42:47 INFO samclip.train] epoch 27 step 50/129 loss 9.3286 {'img': 4.7709, 'sc_img': 3.9268, 'sc_x': 3.0878, 'cross': 4.1954, 'router': -1.5913, 'soft_plan': 3.4107, 'sp_diag_mass': 0.0525, 'sp_entropy': 3.124, 'total': 9.3335}
[10:42:50 INFO samclip.train] epoch 27 step 100/129 loss 9.3025 {'img': 4.8445, 'sc_img': 3.9291, 'sc_x': 3.0894, 'cross': 4.2254, 'router': -1.5913, 'soft_plan': 3.9555, 'sp_diag_mass': 0.044, 'sp_entropy': 3.1507, 'total': 9.7004}
[10:42:52 INFO samclip.train] epoch 27 [stage2] | lr 5.00e-05 | coarse 0.000 fine 1.000 | loss 9.3401 | test top1 4.50 top5 25.00 meanrank 27.2 | offset 0.851 spec_top 0.998 | smn_gate 1.000 | layer_w [0.165, 0.166, 0.179, 0.231, 0.26]
[10:42:52 INFO samclip.train] epoch 28 step 0/129 loss 9.2722 {'img': 4.8611, 'sc_img': 3.93, 'sc_x': 3.0901, 'cross': 4.2036, 'router': -1.5913, 'soft_plan': 3.0964, 'sp_diag_mass': 0.0598, 'sp_entropy': 3.215, 'total': 9.2722}
[10:42:55 INFO samclip.train] epoch 28 step 50/129 loss 9.2675 {'img': 4.6974, 'sc_img': 3.9323, 'sc_x': 3.0915, 'cross': 4.1243, 'router': -1.5913, 'soft_plan': 2.9522, 'sp_diag_mass': 0.0666, 'sp_entropy': 3.1832, 'total': 8.9809}
[10:42:59 INFO samclip.train] epoch 28 step 100/129 loss 9.2715 {'img': 4.7586, 'sc_img': 3.9345, 'sc_x': 3.0931, 'cross': 4.1864, 'router': -1.5914, 'soft_plan': 3.0892, 'sp_diag_mass': 0.059, 'sp_entropy': 3.188, 'total': 9.1541}
[10:43:00 INFO samclip.train] epoch 28 [stage2] | lr 5.00e-05 | coarse 0.000 fine 1.000 | loss 9.2933 | test top1 4.50 top5 24.00 meanrank 26.9 | offset 0.856 spec_top 0.998 | smn_gate 1.000 | layer_w [0.165, 0.166, 0.179, 0.231, 0.26]
[10:43:01 INFO samclip.train] epoch 29 step 0/129 loss 9.2141 {'img': 4.8169, 'sc_img': 3.9356, 'sc_x': 3.094, 'cross': 4.208, 'router': -1.5914, 'soft_plan': 3.0623, 'sp_diag_mass': 0.0597, 'sp_entropy': 3.2438, 'total': 9.2141}
[10:43:04 INFO samclip.train] epoch 29 step 50/129 loss 9.2710 {'img': 4.7609, 'sc_img': 3.9378, 'sc_x': 3.0955, 'cross': 4.3072, 'router': -1.5914, 'soft_plan': 3.4914, 'sp_diag_mass': 0.0513, 'sp_entropy': 3.2073, 'total': 9.4421}
[10:43:07 INFO samclip.train] epoch 29 step 100/129 loss 9.2575 {'img': 4.776, 'sc_img': 3.9398, 'sc_x': 3.0967, 'cross': 4.1904, 'router': -1.5914, 'soft_plan': 3.0328, 'sp_diag_mass': 0.0601, 'sp_entropy': 3.1766, 'total': 9.1461}
[10:43:09 INFO samclip.train] epoch 29 [stage2] | lr 5.00e-05 | coarse 0.000 fine 1.000 | loss 9.2765 | test top1 4.00 top5 24.00 meanrank 26.7 | offset 0.857 spec_top 0.998 | smn_gate 1.000 | layer_w [0.165, 0.166, 0.179, 0.231, 0.26]
[10:43:09 INFO samclip.train] epoch 30 step 0/129 loss 9.1759 {'img': 4.7293, 'sc_img': 3.941, 'sc_x': 3.0974, 'cross': 4.1602, 'router': -1.5914, 'soft_plan': 3.2279, 'sp_diag_mass': 0.0553, 'sp_entropy': 3.1828, 'total': 9.1759}
[10:43:12 INFO samclip.train] epoch 30 step 50/129 loss 9.2614 {'img': 4.6891, 'sc_img': 3.9428, 'sc_x': 3.0989, 'cross': 4.2208, 'router': -1.5914, 'soft_plan': 2.9873, 'sp_diag_mass': 0.0644, 'sp_entropy': 3.1678, 'total': 9.0577}
[10:43:15 INFO samclip.train] epoch 30 step 100/129 loss 9.2694 {'img': 4.6823, 'sc_img': 3.945, 'sc_x': 3.1002, 'cross': 4.2149, 'router': -1.5915, 'soft_plan': 3.2518, 'sp_diag_mass': 0.0565, 'sp_entropy': 3.1773, 'total': 9.1791}
[10:43:17 INFO samclip.train] epoch 30 [stage2] | lr 5.00e-05 | coarse 0.000 fine 1.000 | loss 9.2860 | test top1 4.00 top5 23.50 meanrank 26.5 | offset 0.844 spec_top 0.998 | smn_gate 1.000 | layer_w [0.165, 0.166, 0.179, 0.231, 0.26]
[10:43:17 INFO samclip.train] epoch 31 step 0/129 loss 9.2807 {'img': 4.7234, 'sc_img': 3.9459, 'sc_x': 3.1007, 'cross': 4.1853, 'router': -1.5915, 'soft_plan': 3.4144, 'sp_diag_mass': 0.0562, 'sp_entropy': 3.174, 'total': 9.2807}
[10:43:20 INFO samclip.train] epoch 31 step 50/129 loss 9.3467 {'img': 4.7047, 'sc_img': 3.9478, 'sc_x': 3.1017, 'cross': 4.2165, 'router': -1.5915, 'soft_plan': 2.9839, 'sp_diag_mass': 0.0631, 'sp_entropy': 3.1901, 'total': 9.0687}
[10:43:23 INFO samclip.train] epoch 31 step 100/129 loss 9.3105 {'img': 4.6192, 'sc_img': 3.9494, 'sc_x': 3.1026, 'cross': 4.1491, 'router': -1.5915, 'soft_plan': 2.9539, 'sp_diag_mass': 0.0638, 'sp_entropy': 3.1895, 'total': 8.921}
[10:43:24 INFO samclip.train] epoch 31 [stage2] | lr 5.00e-05 | coarse 0.000 fine 1.000 | loss 9.3016 | test top1 3.50 top5 23.50 meanrank 26.7 | offset 0.851 spec_top 0.998 | smn_gate 1.000 | layer_w [0.165, 0.166, 0.179, 0.231, 0.26]
[10:43:25 INFO samclip.train] epoch 32 step 0/129 loss 9.7053 {'img': 4.7245, 'sc_img': 3.9508, 'sc_x': 3.1036, 'cross': 4.2101, 'router': -1.5915, 'soft_plan': 4.2267, 'sp_diag_mass': 0.0347, 'sp_entropy': 3.1673, 'total': 9.7053}
[10:43:28 INFO samclip.train] epoch 32 step 50/129 loss 9.2807 {'img': 4.7081, 'sc_img': 3.9525, 'sc_x': 3.105, 'cross': 4.2037, 'router': -1.5915, 'soft_plan': 3.1648, 'sp_diag_mass': 0.0544, 'sp_entropy': 3.2629, 'total': 9.1536}
[10:43:31 INFO samclip.train] epoch 32 step 100/129 loss 9.2691 {'img': 4.6962, 'sc_img': 3.9546, 'sc_x': 3.1064, 'cross': 4.1948, 'router': -1.5916, 'soft_plan': 5.5129, 'sp_diag_mass': 0.0175, 'sp_entropy': 3.1461, 'total': 10.3094}
[10:43:33 INFO samclip.train] epoch 32 [stage2] | lr 5.00e-05 | coarse 0.000 fine 1.000 | loss 9.2866 | test top1 3.50 top5 23.00 meanrank 26.4 | offset 0.846 spec_top 0.998 | smn_gate 1.000 | layer_w [0.165, 0.166, 0.179, 0.231, 0.26]
[10:43:33 INFO samclip.train] epoch 33 step 0/129 loss 9.3535 {'img': 4.8806, 'sc_img': 3.9556, 'sc_x': 3.1072, 'cross': 4.2421, 'router': -1.5916, 'soft_plan': 3.1661, 'sp_diag_mass': 0.0563, 'sp_entropy': 3.2875, 'total': 9.3535}
[10:43:36 INFO samclip.train] epoch 33 step 50/129 loss 9.2418 {'img': 4.6527, 'sc_img': 3.9577, 'sc_x': 3.1086, 'cross': 4.1335, 'router': -1.5916, 'soft_plan': 3.0289, 'sp_diag_mass': 0.0591, 'sp_entropy': 3.2415, 'total': 8.981}
[10:43:39 INFO samclip.train] epoch 33 step 100/129 loss 9.2605 {'img': 4.7478, 'sc_img': 3.9598, 'sc_x': 3.1096, 'cross': 4.2379, 'router': -1.5917, 'soft_plan': 4.2522, 'sp_diag_mass': 0.0414, 'sp_entropy': 3.1724, 'total': 9.7609}
[10:43:41 INFO samclip.train] epoch 33 [stage2] | lr 5.00e-05 | coarse 0.000 fine 1.000 | loss 9.2659 | test top1 4.50 top5 24.00 meanrank 26.4 | offset 0.843 spec_top 0.998 | smn_gate 1.000 | layer_w [0.165, 0.166, 0.179, 0.231, 0.259]
[10:43:41 INFO samclip.train] epoch 34 step 0/129 loss 9.1769 {'img': 4.7618, 'sc_img': 3.9608, 'sc_x': 3.1101, 'cross': 4.1965, 'router': -1.5917, 'soft_plan': 3.1143, 'sp_diag_mass': 0.0582, 'sp_entropy': 3.2482, 'total': 9.1769}
[10:43:44 INFO samclip.train] epoch 34 step 50/129 loss 9.2553 {'img': 4.651, 'sc_img': 3.9624, 'sc_x': 3.1112, 'cross': 4.0757, 'router': -1.5917, 'soft_plan': 3.9173, 'sp_diag_mass': 0.0504, 'sp_entropy': 3.1223, 'total': 9.3831}
[10:43:47 INFO samclip.train] epoch 34 step 100/129 loss 9.2550 {'img': 4.6671, 'sc_img': 3.9642, 'sc_x': 3.1123, 'cross': 4.1651, 'router': -1.5917, 'soft_plan': 3.0649, 'sp_diag_mass': 0.0587, 'sp_entropy': 3.1513, 'total': 9.0355}
[10:43:49 INFO samclip.train] epoch 34 [stage2] | lr 5.00e-05 | coarse 0.000 fine 1.000 | loss 9.2566 | test top1 4.50 top5 24.00 meanrank 26.3 | offset 0.840 spec_top 0.998 | smn_gate 1.000 | layer_w [0.165, 0.166, 0.179, 0.231, 0.259]
[10:43:49 INFO samclip.train] epoch 35 step 0/129 loss 9.0918 {'img': 4.7413, 'sc_img': 3.9654, 'sc_x': 3.1131, 'cross': 4.207, 'router': -1.5917, 'soft_plan': 2.9704, 'sp_diag_mass': 0.064, 'sp_entropy': 3.136, 'total': 9.0918}
[10:43:52 INFO samclip.train] epoch 35 step 50/129 loss 9.2357 {'img': 4.7582, 'sc_img': 3.9673, 'sc_x': 3.1143, 'cross': 4.1586, 'router': -1.5917, 'soft_plan': 3.3617, 'sp_diag_mass': 0.0496, 'sp_entropy': 3.2675, 'total': 9.2705}
[10:43:55 INFO samclip.train] epoch 35 step 100/129 loss 9.2446 {'img': 4.7645, 'sc_img': 3.9693, 'sc_x': 3.1155, 'cross': 4.1873, 'router': -1.5918, 'soft_plan': 4.846, 'sp_diag_mass': 0.0243, 'sp_entropy': 3.1966, 'total': 10.039}
[10:43:57 INFO samclip.train] epoch 35 [stage2] | lr 5.00e-05 | coarse 0.000 fine 1.000 | loss 9.2401 | test top1 4.50 top5 24.50 meanrank 26.3 | offset 0.849 spec_top 0.998 | smn_gate 1.000 | layer_w [0.165, 0.166, 0.179, 0.231, 0.259]
[10:43:57 INFO samclip.train] epoch 36 step 0/129 loss 9.2044 {'img': 4.7924, 'sc_img': 3.9706, 'sc_x': 3.1161, 'cross': 4.2249, 'router': -1.5918, 'soft_plan': 3.0684, 'sp_diag_mass': 0.0568, 'sp_entropy': 3.2186, 'total': 9.2044}
[10:44:00 INFO samclip.train] epoch 36 step 50/129 loss 9.2210 {'img': 4.7001, 'sc_img': 3.9726, 'sc_x': 3.1173, 'cross': 4.1976, 'router': -1.5918, 'soft_plan': 3.93, 'sp_diag_mass': 0.0451, 'sp_entropy': 3.1441, 'total': 9.5238}
[10:44:03 INFO samclip.train] epoch 36 step 100/129 loss 9.2377 {'img': 4.6442, 'sc_img': 3.9746, 'sc_x': 3.1188, 'cross': 4.1904, 'router': -1.5918, 'soft_plan': 3.2562, 'sp_diag_mass': 0.0556, 'sp_entropy': 3.2525, 'total': 9.1261}
[10:44:05 INFO samclip.train] epoch 36 [stage2] | lr 5.00e-05 | coarse 0.000 fine 1.000 | loss 9.2367 | test top1 4.50 top5 24.50 meanrank 26.1 | offset 0.843 spec_top 0.998 | smn_gate 1.000 | layer_w [0.166, 0.166, 0.179, 0.231, 0.259]
[10:44:05 INFO samclip.train] epoch 37 step 0/129 loss 9.0734 {'img': 4.7303, 'sc_img': 3.9756, 'sc_x': 3.1193, 'cross': 4.1312, 'router': -1.5919, 'soft_plan': 3.0616, 'sp_diag_mass': 0.061, 'sp_entropy': 3.2453, 'total': 9.0734}
[10:44:08 INFO samclip.train] epoch 37 step 50/129 loss 9.1988 {'img': 4.7323, 'sc_img': 3.9774, 'sc_x': 3.1203, 'cross': 4.2148, 'router': -1.5918, 'soft_plan': 3.6492, 'sp_diag_mass': 0.0502, 'sp_entropy': 3.2025, 'total': 9.4277}
[10:44:11 INFO samclip.train] epoch 37 step 100/129 loss 9.2725 {'img': 4.8307, 'sc_img': 3.9788, 'sc_x': 3.1213, 'cross': 4.2712, 'router': -1.5919, 'soft_plan': 3.1006, 'sp_diag_mass': 0.0569, 'sp_entropy': 3.2961, 'total': 9.2913}
[10:44:13 INFO samclip.train] epoch 37 [stage2] | lr 5.00e-05 | coarse 0.000 fine 1.000 | loss 9.2463 | test top1 5.00 top5 24.50 meanrank 26.6 | offset 0.846 spec_top 0.998 | smn_gate 1.000 | layer_w [0.166, 0.166, 0.179, 0.231, 0.259]
[10:44:13 INFO samclip.train] epoch 38 step 0/129 loss 8.8581 {'img': 4.5419, 'sc_img': 3.9799, 'sc_x': 3.1221, 'cross': 4.0877, 'router': -1.5919, 'soft_plan': 3.0689, 'sp_diag_mass': 0.0605, 'sp_entropy': 3.3062, 'total': 8.8581}
[10:44:16 INFO samclip.train] epoch 38 step 50/129 loss 9.1200 {'img': 4.645, 'sc_img': 3.982, 'sc_x': 3.1234, 'cross': 4.1244, 'router': -1.5919, 'soft_plan': 3.3677, 'sp_diag_mass': 0.0561, 'sp_entropy': 3.1726, 'total': 9.1363}
[10:44:19 INFO samclip.train] epoch 38 step 100/129 loss 9.1970 {'img': 4.7106, 'sc_img': 3.9838, 'sc_x': 3.1246, 'cross': 4.1674, 'router': -1.5919, 'soft_plan': 4.3819, 'sp_diag_mass': 0.032, 'sp_entropy': 3.2372, 'total': 9.7391}
[10:44:21 INFO samclip.train] epoch 38 [stage2] | lr 5.00e-05 | coarse 0.000 fine 1.000 | loss 9.1924 | test top1 5.00 top5 24.50 meanrank 26.6 | offset 0.850 spec_top 0.998 | smn_gate 1.000 | layer_w [0.166, 0.166, 0.179, 0.231, 0.259]
[10:44:21 INFO samclip.train] epoch 39 step 0/129 loss 8.9361 {'img': 4.6548, 'sc_img': 3.9848, 'sc_x': 3.125, 'cross': 4.0852, 'router': -1.5919, 'soft_plan': 3.0024, 'sp_diag_mass': 0.0624, 'sp_entropy': 3.2013, 'total': 8.9361}
[10:44:24 INFO samclip.train] epoch 39 step 50/129 loss 9.2100 {'img': 4.6748, 'sc_img': 3.9865, 'sc_x': 3.1263, 'cross': 4.069, 'router': -1.592, 'soft_plan': 3.893, 'sp_diag_mass': 0.0485, 'sp_entropy': 3.1738, 'total': 9.39}
[10:44:27 INFO samclip.train] epoch 39 step 100/129 loss 9.2000 {'img': 4.6373, 'sc_img': 3.9882, 'sc_x': 3.1276, 'cross': 4.1108, 'router': -1.592, 'soft_plan': 2.994, 'sp_diag_mass': 0.0598, 'sp_entropy': 3.2514, 'total': 8.9323}
[10:44:29 INFO samclip.train] epoch 39 [stage2] | lr 5.00e-05 | coarse 0.000 fine 1.000 | loss 9.2208 | test top1 5.50 top5 25.00 meanrank 26.5 | offset 0.846 spec_top 0.998 | smn_gate 1.000 | layer_w [0.166, 0.166, 0.179, 0.231, 0.259]
[10:44:30 INFO samclip.train] epoch 40 step 0/129 loss 9.0658 {'img': 4.7108, 'sc_img': 3.9893, 'sc_x': 3.1282, 'cross': 4.1345, 'router': -1.592, 'soft_plan': 3.081, 'sp_diag_mass': 0.0583, 'sp_entropy': 3.2514, 'total': 9.0658}
[10:44:33 INFO samclip.train] epoch 40 step 50/129 loss 9.1930 {'img': 4.8215, 'sc_img': 3.9913, 'sc_x': 3.1292, 'cross': 4.224, 'router': -1.592, 'soft_plan': 3.1726, 'sp_diag_mass': 0.057, 'sp_entropy': 3.2413, 'total': 9.285}
[10:44:36 INFO samclip.train] epoch 40 step 100/129 loss 9.1905 {'img': 4.7073, 'sc_img': 3.9932, 'sc_x': 3.1305, 'cross': 4.1748, 'router': -1.592, 'soft_plan': 3.0173, 'sp_diag_mass': 0.0602, 'sp_entropy': 3.2194, 'total': 9.0587}
[10:44:37 INFO samclip.train] epoch 40 [stage2] | lr 5.00e-05 | coarse 0.000 fine 1.000 | loss 9.1993 | test top1 5.00 top5 24.50 meanrank 26.3 | offset 0.849 spec_top 0.998 | smn_gate 1.000 | layer_w [0.166, 0.166, 0.179, 0.231, 0.259]
[10:44:38 INFO samclip.train] epoch 41 step 0/129 loss 9.1972 {'img': 4.7327, 'sc_img': 3.9943, 'sc_x': 3.1316, 'cross': 4.1852, 'router': -1.592, 'soft_plan': 3.2289, 'sp_diag_mass': 0.0536, 'sp_entropy': 3.2573, 'total': 9.1972}
[10:44:41 INFO samclip.train] epoch 41 step 50/129 loss 9.1761 {'img': 4.8218, 'sc_img': 3.9963, 'sc_x': 3.133, 'cross': 4.2345, 'router': -1.5921, 'soft_plan': 3.1418, 'sp_diag_mass': 0.0602, 'sp_entropy': 3.2498, 'total': 9.2773}
[10:44:44 INFO samclip.train] epoch 41 step 100/129 loss 9.1881 {'img': 4.6397, 'sc_img': 3.9978, 'sc_x': 3.1339, 'cross': 4.1021, 'router': -1.5921, 'soft_plan': 2.9645, 'sp_diag_mass': 0.062, 'sp_entropy': 3.1856, 'total': 8.9139}
[10:44:45 INFO samclip.train] epoch 41 [stage2] | lr 5.00e-05 | coarse 0.000 fine 1.000 | loss 9.1814 | test top1 5.00 top5 25.50 meanrank 26.2 | offset 0.842 spec_top 0.998 | smn_gate 1.000 | layer_w [0.166, 0.166, 0.179, 0.231, 0.258]
[10:44:46 INFO samclip.train] epoch 42 step 0/129 loss 9.7491 {'img': 4.6636, 'sc_img': 3.9988, 'sc_x': 3.1346, 'cross': 4.0968, 'router': -1.5921, 'soft_plan': 4.5947, 'sp_diag_mass': 0.0325, 'sp_entropy': 3.1604, 'total': 9.7491}
[10:44:49 INFO samclip.train] epoch 42 step 50/129 loss 9.1871 {'img': 4.7129, 'sc_img': 4.0008, 'sc_x': 3.1355, 'cross': 4.1199, 'router': -1.5921, 'soft_plan': 3.4335, 'sp_diag_mass': 0.0551, 'sp_entropy': 3.1284, 'total': 9.234}
[10:44:52 INFO samclip.train] epoch 42 step 100/129 loss 9.1850 {'img': 4.6781, 'sc_img': 4.0028, 'sc_x': 3.1363, 'cross': 4.164, 'router': -1.5922, 'soft_plan': 3.0282, 'sp_diag_mass': 0.0603, 'sp_entropy': 3.2212, 'total': 9.0274}
[10:44:54 INFO samclip.train] epoch 42 [stage2] | lr 5.00e-05 | coarse 0.000 fine 1.000 | loss 9.1822 | test top1 5.00 top5 26.00 meanrank 26.1 | offset 0.842 spec_top 0.998 | smn_gate 1.000 | layer_w [0.166, 0.166, 0.179, 0.231, 0.258]
[10:44:54 INFO samclip.train] epoch 43 step 0/129 loss 8.8040 {'img': 4.5692, 'sc_img': 4.0038, 'sc_x': 3.1366, 'cross': 4.0598, 'router': -1.5922, 'soft_plan': 2.9453, 'sp_diag_mass': 0.0651, 'sp_entropy': 3.1719, 'total': 8.804}
[10:44:57 INFO samclip.train] epoch 43 step 50/129 loss 9.2652 {'img': 4.6837, 'sc_img': 4.0055, 'sc_x': 3.1379, 'cross': 4.1146, 'router': -1.5922, 'soft_plan': 3.2479, 'sp_diag_mass': 0.0529, 'sp_entropy': 3.3693, 'total': 9.1083}
[10:45:00 INFO samclip.train] epoch 43 step 100/129 loss 9.2330 {'img': 4.6539, 'sc_img': 4.0073, 'sc_x': 3.1386, 'cross': 4.1324, 'router': -1.5922, 'soft_plan': 3.35, 'sp_diag_mass': 0.0544, 'sp_entropy': 3.1903, 'total': 9.1419}
[10:45:02 INFO samclip.train] epoch 43 [stage2] | lr 5.00e-05 | coarse 0.000 fine 1.000 | loss 9.2147 | test top1 5.50 top5 25.00 meanrank 25.8 | offset 0.844 spec_top 0.998 | smn_gate 1.000 | layer_w [0.166, 0.166, 0.179, 0.231, 0.258]
[10:45:02 INFO samclip.train] epoch 44 step 0/129 loss 9.2577 {'img': 4.67, 'sc_img': 4.0083, 'sc_x': 3.1389, 'cross': 4.1522, 'router': -1.5922, 'soft_plan': 3.5215, 'sp_diag_mass': 0.0549, 'sp_entropy': 3.1424, 'total': 9.2577}
[10:45:05 INFO samclip.train] epoch 44 step 50/129 loss 9.1328 {'img': 4.6373, 'sc_img': 4.01, 'sc_x': 3.1396, 'cross': 4.1313, 'router': -1.5922, 'soft_plan': 2.9621, 'sp_diag_mass': 0.0635, 'sp_entropy': 3.1996, 'total': 8.9306}
[10:45:08 INFO samclip.train] epoch 44 step 100/129 loss 9.2409 {'img': 4.8745, 'sc_img': 4.0117, 'sc_x': 3.1408, 'cross': 4.2039, 'router': -1.5923, 'soft_plan': 3.8777, 'sp_diag_mass': 0.0414, 'sp_entropy': 3.3026, 'total': 9.6765}
[10:45:10 INFO samclip.train] epoch 44 [stage2] | lr 5.00e-05 | coarse 0.000 fine 1.000 | loss 9.2271 | test top1 5.00 top5 24.50 meanrank 26.0 | offset 0.847 spec_top 0.998 | smn_gate 1.000 | layer_w [0.166, 0.166, 0.179, 0.231, 0.258]
[10:45:10 INFO samclip.train] epoch 45 step 0/129 loss 9.0163 {'img': 4.6978, 'sc_img': 4.0126, 'sc_x': 3.1413, 'cross': 4.127, 'router': -1.5923, 'soft_plan': 3.0185, 'sp_diag_mass': 0.0629, 'sp_entropy': 3.2326, 'total': 9.0163}
[10:45:13 INFO samclip.train] epoch 45 step 50/129 loss 9.1389 {'img': 4.5929, 'sc_img': 4.0144, 'sc_x': 3.1423, 'cross': 4.1096, 'router': -1.5923, 'soft_plan': 3.0299, 'sp_diag_mass': 0.0611, 'sp_entropy': 3.2183, 'total': 8.905}
[10:45:16 INFO samclip.train] epoch 45 step 100/129 loss 9.1263 {'img': 4.7084, 'sc_img': 4.0165, 'sc_x': 3.1439, 'cross': 4.1447, 'router': -1.5923, 'soft_plan': 3.1615, 'sp_diag_mass': 0.0542, 'sp_entropy': 3.2461, 'total': 9.1108}
[10:45:18 INFO samclip.train] epoch 45 [stage2] | lr 5.00e-05 | coarse 0.000 fine 1.000 | loss 9.1384 | test top1 6.50 top5 27.00 meanrank 25.6 | offset 0.845 spec_top 0.998 | smn_gate 1.000 | layer_w [0.166, 0.166, 0.179, 0.231, 0.258]
[10:45:18 INFO samclip.train] epoch 46 step 0/129 loss 9.1994 {'img': 4.6422, 'sc_img': 4.0178, 'sc_x': 3.1448, 'cross': 4.1608, 'router': -1.5924, 'soft_plan': 3.4487, 'sp_diag_mass': 0.0524, 'sp_entropy': 3.2114, 'total': 9.1994}
[10:45:21 INFO samclip.train] epoch 46 step 50/129 loss 9.1553 {'img': 4.7606, 'sc_img': 4.0196, 'sc_x': 3.1458, 'cross': 4.1793, 'router': -1.5924, 'soft_plan': 3.6474, 'sp_diag_mass': 0.0477, 'sp_entropy': 3.206, 'total': 9.4302}
[10:45:24 INFO samclip.train] epoch 46 step 100/129 loss 9.1512 {'img': 4.5438, 'sc_img': 4.0214, 'sc_x': 3.1466, 'cross': 4.0532, 'router': -1.5924, 'soft_plan': 3.3154, 'sp_diag_mass': 0.0554, 'sp_entropy': 3.2442, 'total': 8.9591}
[10:45:26 INFO samclip.train] epoch 46 [stage2] | lr 5.00e-05 | coarse 0.000 fine 1.000 | loss 9.1364 | test top1 5.00 top5 26.00 meanrank 25.4 | offset 0.838 spec_top 0.998 | smn_gate 1.000 | layer_w [0.166, 0.166, 0.179, 0.231, 0.258]
[10:45:26 INFO samclip.train] epoch 47 step 0/129 loss 8.9583 {'img': 4.6793, 'sc_img': 4.0226, 'sc_x': 3.1474, 'cross': 4.1344, 'router': -1.5924, 'soft_plan': 2.929, 'sp_diag_mass': 0.0661, 'sp_entropy': 3.1329, 'total': 8.9583}
[10:45:29 INFO samclip.train] epoch 47 step 50/129 loss 9.1314 {'img': 4.6806, 'sc_img': 4.0246, 'sc_x': 3.1489, 'cross': 4.1142, 'router': -1.5925, 'soft_plan': 3.7817, 'sp_diag_mass': 0.0534, 'sp_entropy': 3.1561, 'total': 9.3717}
[10:45:32 INFO samclip.train] epoch 47 step 100/129 loss 9.1663 {'img': 4.7176, 'sc_img': 4.0264, 'sc_x': 3.1495, 'cross': 4.1356, 'router': -1.5925, 'soft_plan': 3.1455, 'sp_diag_mass': 0.0549, 'sp_entropy': 3.308, 'total': 9.1057}
[10:45:34 INFO samclip.train] epoch 47 [stage2] | lr 5.00e-05 | coarse 0.000 fine 1.000 | loss 9.1752 | test top1 5.00 top5 25.50 meanrank 25.2 | offset 0.837 spec_top 0.998 | smn_gate 1.000 | layer_w [0.166, 0.166, 0.179, 0.231, 0.257]
[10:45:34 INFO samclip.train] epoch 48 step 0/129 loss 9.0301 {'img': 4.7075, 'sc_img': 4.0274, 'sc_x': 3.1499, 'cross': 4.1077, 'router': -1.5925, 'soft_plan': 3.0537, 'sp_diag_mass': 0.0596, 'sp_entropy': 3.1999, 'total': 9.0301}
[10:45:38 INFO samclip.train] epoch 48 step 50/129 loss 9.1243 {'img': 4.594, 'sc_img': 4.0291, 'sc_x': 3.1506, 'cross': 4.0938, 'router': -1.5925, 'soft_plan': 2.8908, 'sp_diag_mass': 0.0667, 'sp_entropy': 3.1129, 'total': 8.8254}
[10:45:41 INFO samclip.train] epoch 48 step 100/129 loss 9.1726 {'img': 4.7522, 'sc_img': 4.0309, 'sc_x': 3.1516, 'cross': 4.1316, 'router': -1.5925, 'soft_plan': 3.0305, 'sp_diag_mass': 0.0593, 'sp_entropy': 3.1994, 'total': 9.0799}
[10:45:43 INFO samclip.train] epoch 48 [stage2] | lr 5.00e-05 | coarse 0.000 fine 1.000 | loss 9.1677 | test top1 5.00 top5 26.50 meanrank 25.3 | offset 0.834 spec_top 0.997 | smn_gate 1.000 | layer_w [0.167, 0.166, 0.179, 0.231, 0.257]
[10:45:43 INFO samclip.train] epoch 49 step 0/129 loss 9.3739 {'img': 4.7607, 'sc_img': 4.0319, 'sc_x': 3.1522, 'cross': 4.1738, 'router': -1.5925, 'soft_plan': 3.5424, 'sp_diag_mass': 0.0477, 'sp_entropy': 3.2883, 'total': 9.3739}
[10:45:46 INFO samclip.train] epoch 49 step 50/129 loss 9.0734 {'img': 4.7259, 'sc_img': 4.0338, 'sc_x': 3.1533, 'cross': 4.1729, 'router': -1.5926, 'soft_plan': 3.0153, 'sp_diag_mass': 0.0584, 'sp_entropy': 3.1942, 'total': 9.0749}
[10:45:49 INFO samclip.train] epoch 49 step 100/129 loss 9.1476 {'img': 4.586, 'sc_img': 4.0357, 'sc_x': 3.155, 'cross': 4.0876, 'router': -1.5926, 'soft_plan': 3.3876, 'sp_diag_mass': 0.0565, 'sp_entropy': 3.198, 'total': 9.0615}
[10:45:50 INFO samclip.train] epoch 49 [stage2] | lr 5.00e-05 | coarse 0.000 fine 1.000 | loss 9.1485 | test top1 5.00 top5 26.00 meanrank 25.2 | offset 0.841 spec_top 0.997 | smn_gate 1.000 | layer_w [0.167, 0.166, 0.179, 0.231, 0.257]
[10:45:50 INFO samclip.train] Stage A done. last-epoch top1 5.00 | best-seen (diagnostic only) 6.50
[stageA] result: {
  "last": {
    "top1": 5.0,
    "top5": 26.0,
    "mean_rank": 25.175,
    "n": 200,
    "offset_ratio": 0.8413229584693909,
    "spec_top_frac": 0.9974336624145508
  },
  "best_seen": 6.5,
  "out_dir": "/project/peilab/why/CLIP/outputs/stage1/v9/sub03_k20_seed2025"
}
