/project/peilab/why/CLIP/src/samclip/evaluate.py:184: UserWarning: The given NumPy array is not writable, and PyTorch does not support non-writable tensors. This means writing to this tensor will result in undefined behavior. You may want to copy the array to protect its data or make it writable before converting it to a tensor. This type of warning will be suppressed for the rest of this program. (Triggered internally at ../torch/csrc/utils/tensor_numpy.cpp:206.)
  x = torch.as_tensor(flat[i:i + batch], dtype=torch.float32, device=device)
[eval] recovery operator: fgw_recovery(tau=0.05,alpha=0.25)
[eval] device=cpu target=sub-08
[eval] g3/sub08_k20_seed2025: outputs/stage1/g3/sub08_k20_seed2025/last.pt

============================================================================================
LOSO retrieval | target sub-08 | 200-way | reference: 22.00/50.00  (SAMGA official code run on our data, THIS fold, final epoch (best epoch 25.00/51.00). NOT the 26.22/57.98 that SCORE re-measured on a SAMGA encoder, and NOT the 34.4 10-fold average -- see the comment above REF_TOP1.)
============================================================================================

[g3/sub08_k20_seed2025]  outputs/stage1/g3/sub08_k20_seed2025/last.pt  (epoch 49)
  arch=v4  objective=v4  d_align=64  smn_gate=0.4982  offset_ratio=0.520
  fusion=routed  layer weights=[0.174, 0.181, 0.197, 0.232, 0.216]
  row                             Top-1    Top-5  mean rank  ΔTop-1 vs ref
  raw cosine                      25.50    60.00        9.1          +3.50
  + CSLS                          34.50    66.00        7.9         +12.50
  + centre                        25.50    61.50        9.4          +3.50
  + centre + CSLS                 32.50    65.00        8.1         +10.50
  + SAW whiten                    28.50    61.50       10.2          +6.50
  + whiten + CSLS                 30.00    61.50       10.0          +8.00
  + whiten + CSLS + recovery      33.50    69.50        7.4         +11.50
  + CSLS + recovery               35.00    74.50        5.4         +13.00
  + T2 reps                       40.00    74.50        4.9         +18.00
  + T1(whiten + CSLS + recovery) + T2 reps    40.50    77.00        5.3         +18.50
  + T1(CSLS + recovery) + T2 reps    44.00    78.00        4.3         +22.00

============================================================================================
[eval] wrote outputs/eval/v9check/sub08_a025.json
/project/peilab/why/CLIP/src/samclip/evaluate.py:184: UserWarning: The given NumPy array is not writable, and PyTorch does not support non-writable tensors. This means writing to this tensor will result in undefined behavior. You may want to copy the array to protect its data or make it writable before converting it to a tensor. This type of warning will be suppressed for the rest of this program. (Triggered internally at ../torch/csrc/utils/tensor_numpy.cpp:206.)
  x = torch.as_tensor(flat[i:i + batch], dtype=torch.float32, device=device)
[eval] recovery operator: fgw_recovery(tau=0.05,alpha=0.5)
[eval] device=cpu target=sub-08
[eval] g3/sub08_k20_seed2025: outputs/stage1/g3/sub08_k20_seed2025/last.pt

============================================================================================
LOSO retrieval | target sub-08 | 200-way | reference: 22.00/50.00  (SAMGA official code run on our data, THIS fold, final epoch (best epoch 25.00/51.00). NOT the 26.22/57.98 that SCORE re-measured on a SAMGA encoder, and NOT the 34.4 10-fold average -- see the comment above REF_TOP1.)
============================================================================================

[g3/sub08_k20_seed2025]  outputs/stage1/g3/sub08_k20_seed2025/last.pt  (epoch 49)
  arch=v4  objective=v4  d_align=64  smn_gate=0.4982  offset_ratio=0.520
  fusion=routed  layer weights=[0.174, 0.181, 0.197, 0.232, 0.216]
  row                             Top-1    Top-5  mean rank  ΔTop-1 vs ref
  raw cosine                      25.50    60.00        9.1          +3.50
  + CSLS                          34.50    66.00        7.9         +12.50
  + centre                        25.50    61.50        9.4          +3.50
  + centre + CSLS                 32.50    65.00        8.1         +10.50
  + SAW whiten                    28.50    61.50       10.2          +6.50
  + whiten + CSLS                 30.00    61.50       10.0          +8.00
  + whiten + CSLS + recovery      35.50    71.00        7.5         +13.50
  + CSLS + recovery               35.50    74.50        5.2         +13.50
  + T2 reps                       42.00    75.00        4.9         +20.00
  + T1(whiten + CSLS + recovery) + T2 reps    40.00    78.50        5.3         +18.00
  + T1(CSLS + recovery) + T2 reps    43.50    77.00        4.3         +21.50

============================================================================================
[eval] wrote outputs/eval/v9check/sub08_a050.json
/project/peilab/why/CLIP/src/samclip/evaluate.py:184: UserWarning: The given NumPy array is not writable, and PyTorch does not support non-writable tensors. This means writing to this tensor will result in undefined behavior. You may want to copy the array to protect its data or make it writable before converting it to a tensor. This type of warning will be suppressed for the rest of this program. (Triggered internally at ../torch/csrc/utils/tensor_numpy.cpp:206.)
  x = torch.as_tensor(flat[i:i + batch], dtype=torch.float32, device=device)
[eval] recovery operator: sinkhorn_recovery(tau=0.05,alpha=0)
[eval] device=cpu target=sub-08
[eval] g3/sub08_k20_seed2025: outputs/stage1/g3/sub08_k20_seed2025/last.pt

============================================================================================
LOSO retrieval | target sub-08 | 200-way | reference: 22.00/50.00  (SAMGA official code run on our data, THIS fold, final epoch (best epoch 25.00/51.00). NOT the 26.22/57.98 that SCORE re-measured on a SAMGA encoder, and NOT the 34.4 10-fold average -- see the comment above REF_TOP1.)
============================================================================================

[g3/sub08_k20_seed2025]  outputs/stage1/g3/sub08_k20_seed2025/last.pt  (epoch 49)
  arch=v4  objective=v4  d_align=64  smn_gate=0.4982  offset_ratio=0.520
  fusion=routed  layer weights=[0.174, 0.181, 0.197, 0.232, 0.216]
  row                             Top-1    Top-5  mean rank  ΔTop-1 vs ref
  raw cosine                      25.50    60.00        9.1          +3.50
  + CSLS                          34.50    66.00        7.9         +12.50
  + centre                        25.50    61.50        9.4          +3.50
  + centre + CSLS                 32.50    65.00        8.1         +10.50
  + SAW whiten                    28.50    61.50       10.2          +6.50
  + whiten + CSLS                 30.00    61.50       10.0          +8.00
  + whiten + CSLS + recovery      33.50    69.00        7.5         +11.50
  + CSLS + recovery               36.00    73.00        5.5         +14.00
  + T2 reps                       39.50    71.50        5.2         +17.50
  + T1(whiten + CSLS + recovery) + T2 reps    40.00    75.50        5.5         +18.00
  + T1(CSLS + recovery) + T2 reps    41.50    78.50        4.5         +19.50

============================================================================================
[eval] wrote outputs/eval/v9check/sub08_sink.json
ALLDONE
