/project/peilab/why/CLIP/src/samclip/evaluate.py:184: UserWarning: The given NumPy array is not writable, and PyTorch does not support non-writable tensors. This means writing to this tensor will result in undefined behavior. You may want to copy the array to protect its data or make it writable before converting it to a tensor. This type of warning will be suppressed for the rest of this program. (Triggered internally at ../torch/csrc/utils/tensor_numpy.cpp:206.)
  x = torch.as_tensor(flat[i:i + batch], dtype=torch.float32, device=device)
[c2] device=cpu ckpt=outputs/stage1/v5-a1-k20/last.pt

row                                      Top-1   Top-5  n_valid  n_mutual
--------------------------------------------------------------------------
T1 raw cosine                            27.00   60.00        -         -
T1 + CSLS                                34.00   67.50        -         -
T1 + whiten + CSLS                       31.50   63.50        -         -
T1 + whiten + CSLS + recovery            35.50   66.00        -         -
T2 rep-whiten + CSLS (no gate)           29.50   62.50        -         -
T2 C2(gate=0)                            29.50   62.50      104       104
T2 C2(gate=0.05)                         29.50   64.00       76       104
T2 C2(gate=0.1)                          25.50   56.00       42       104
T2 C2(gate=0.15)                         24.00   49.50       15       104
T2 C2(gate=0.2)                          29.00   57.50        8       104
T2 C2(gate=0.3)                          29.00   65.50        0       104
T2 C2(gate=0.4)                          29.00   65.50        0       104
T2 C2(gate=0.5)                          29.00   65.50        0       104
T2 rep-mean-scores + CSLS                25.00   62.00        -         -
T2 rep-mean-scores + recovery            33.50   73.00        -         -
--------------------------------------------------------------------------
agreement profile: {"n_mutual": 106, "agree_p50_p75_p90_p95_p99_max": [0.075, 0.1469, 0.25, 0.3563, 0.5588, 0.6375], "n_agree_ge_0.1": 46, "n_agree_ge_0.2": 13, "n_agree_ge_0.3": 10, "n_agree_ge_0.5": 2}
reps per concept: 80
[c2] wrote outputs/probe/c2_levers_v5a1k20.json
